yum -c /home/fuel/fuel-main/build/mirror/centos/etc/yum.conf clean all
Loading "priorities" plugin
Config time: 0.122
Yum Version: 3.2.25
Cleaning up Everything
# sudo is required because we use 'sudo yum' in several places
sudo yum -c /home/fuel/fuel-main/build/mirror/centos/etc/yum.conf clean all
Loading "priorities" plugin
Config time: 0.014
Yum Version: 3.2.25
Cleaning up Everything
rm -rf /var/tmp/yum-$USER-*/
yumdownloader --resolve --archlist=x86_64 \
		-c /home/fuel/fuel-main/build/mirror/centos/etc/yum.conf \
		--destdir=/home/fuel/fuel-main/local_mirror/centos/os/x86_64/Packages \
		@Base @Core Django-1.3.4-1.el6 Django14 docker-io GeoIP-1.4.8-1.el6 MySQL-client-5.5.28-7 MySQL-client-wsrep MySQL-python MySQL-server-5.5.28-7 MySQL-server-wsrep MySQL-shared-5.5.28-7 MySQL-shared-wsrep mongodb mongodb-server PyYAML-3.10-3.el6 apr-1.3.9-5.el6 apr-util-1.3.9-3.el6.1 apr-util-ldap-1.3.9-3.el6.1 at-3.1.10-43.el6_2.1 atop authconfig-6.1.12-13.el6 autoconf-2.63-5.1.el6 automake-1.11.1-4.el6 avahi-0.6.25-12.el6 bc-1.06.95-1.el6 bfa-firmware ql2100-firmware ql2200-firmware ql23xx-firmware bind-utils boost-program-options boost-system boost-thread byacc-1.9.20070509-7.el6 c-ares19-1.9.1-4.el6.3 centos-release ceph ceph-deploy ceph-radosgw ceph-test cirros-testvm cirros-testvm-mellanox cirros-testvmware cloud-init cloud-utils cluster-glue-libs-1.0.11-59.1 cman cobbler cobbler-web corosync cpufreq-init crmsh cronie cronie-anacron cronie-noanacron crontabs-1.10-33.el6 curl daemonize db4-4.7.25-18.el6_4 db4-cxx-4.7.25-18.el6_4 db4-utils-4.7.25-18.el6_4 dbus-python-0.83.0-6.1.el6 debootstrap deltaiso-3.5-0.5.20090913git.el6 deltarpm-3.5-0.5.20090913git.el6 dhclient dhcp disktype dmidecode-2.11-2.el6 dnsmasq dnsmasq-utils dpkg dpkg-devel dstat ed-1.1-3.3.el6 erlang-R14B-04.8.el6 erlang-appmon-R14B-04.8.el6 erlang-asn1-R14B-04.8.el6 erlang-common_test-R14B-04.8.el6 erlang-compiler-R14B-04.8.el6 erlang-cosEvent-R14B-04.8.el6 erlang-cosEventDomain-R14B-04.8.el6 erlang-cosFileTransfer-R14B-04.8.el6 erlang-cosNotification-R14B-04.8.el6 erlang-cosProperty-R14B-04.8.el6 erlang-cosTime-R14B-04.8.el6 erlang-cosTransactions-R14B-04.8.el6 erlang-crypto-R14B-04.8.el6 erlang-debugger-R14B-04.8.el6 erlang-dialyzer-R14B-04.8.el6 erlang-diameter-R14B-04.8.el6 erlang-doc-R14B-04.8.el6 erlang-docbuilder-R14B-04.8.el6 erlang-edoc-R14B-04.8.el6 erlang-erl_docgen-R14B-04.8.el6 erlang-erl_interface-R14B-04.8.el6 erlang-erts-R14B-04.8.el6 erlang-et-R14B-04.8.el6 erlang-eunit-R14B-04.8.el6 erlang-examples-R14B-04.8.el6 erlang-gs-R14B-04.8.el6 erlang-hipe-R14B-04.8.el6 erlang-ic-R14B-04.8.el6 erlang-inets-R14B-04.8.el6 erlang-inviso-R14B-04.8.el6 erlang-jinterface-R14B-04.8.el6 erlang-kernel-R14B-04.8.el6 erlang-megaco-R14B-04.8.el6 erlang-mnesia-R14B-04.8.el6 erlang-observer-R14B-04.8.el6 erlang-odbc-R14B-04.8.el6 erlang-orber-R14B-04.8.el6 erlang-os_mon-R14B-04.8.el6 erlang-otp_mibs-R14B-04.8.el6 erlang-parsetools-R14B-04.8.el6 erlang-percept-R14B-04.8.el6 erlang-pman-R14B-04.8.el6 erlang-public_key-R14B-04.8.el6 erlang-reltool-R14B-04.8.el6 erlang-runtime_tools-R14B-04.8.el6 erlang-sasl-R14B-04.8.el6 erlang-snmp-R14B-04.8.el6 erlang-ssh-R14B-04.8.el6 erlang-ssl-R14B-04.8.el6 erlang-stdlib-R14B-04.8.el6 erlang-syntax_tools-R14B-04.8.el6 erlang-test_server-R14B-04.8.el6 erlang-toolbar-R14B-04.8.el6 erlang-tools-R14B-04.8.el6 erlang-tv-R14B-04.8.el6 erlang-typer-R14B-04.8.el6 erlang-webtool-R14B-04.8.el6 erlang-wx-R14B-04.8.el6 erlang-xmerl-R14B-04.8.el6 eswitchd euca2ools fcgiwrap-1.0.3-2 fdupes fence-agents fencing-agent flex-2.5.35-8.el6 fuel-utils fuse-libs-2.8.3-4.el6 galera gcc gcc-c++ gcc-gfortran gdisk-0.8.4-1.el6 git gperftools-libs-2.0-11.el6.3 gpxe-bootimgs haproxy hdparm hiera hivex htop http-parser-2.0-4.20121128gitcd01361.el6 httpd-2.2.15-15.el6.1 httpd-tools-2.2.15-15.el6.1 iproute-2.6.32-130.el6.netns.2.mira1 json-c keepalived-1.2.4-1.el6 kernel-0:2.6.32-431.20.3.el6.x86_64 kernel-devel-0:2.6.32-431.20.3.el6.x86_64 kernel-firmware-0:2.6.32-431.20.3.el6.x86_64 kernel-headers-0:2.6.32-431.20.3.el6.x86_64 kernel-lt kernel-lt-devel kernel-lt-headers leveldb-1.7.0-2.el6 libaio-0.3.107-10.el6 libcephfs1 libevent-devel-1.4.13-4.el6 libfcgi-2.4.0-alt5.2 libicu-4.2.1-9.1.el6_2 libmemcached libmlx4 libmongodb libqb librados2 librbd1 librelp-0.1.1-4.1.el6 libudev libunwind-1.1-2.el6 libuser-0.56.13-5.el6 libuv-0.10.4-1.el6 libuv-devel-0.10.4-1.el6 libxml2 libyaml-0.1.3-1.el6 linux-firmware lrzip lzop-1.02-0.9.rc1.el6 lxc mailcap-2.1.31-2.el6 mailx make-3.81-20.el6 man-1.6f-32.el6 mcollective mcollective-client mcollective-common mc memcached-1.4.4-3.el6 mlocate-0.22.2-4.el6 mlnxvif mlnx-ofed-light mod_fastcgi mod_ssl-2.2.15-15.el6.1 mod_wsgi-3.2-1.el6 mtools-4.0.17-3.el6 murano-api murano-dashboard murano-apps nagios-3.5.0-1.el6 nagios-common-3.5.0-1.el6 nagios-plugins-1.4.16-5.el6 nagios-plugins-apt-1.4.16-5.el6 nagios-plugins-breeze-1.4.16-5.el6 nagios-plugins-by_ssh-1.4.16-5.el6 nagios-plugins-cluster-1.4.16-5.el6 nagios-plugins-dhcp-1.4.16-5.el6 nagios-plugins-dig-1.4.16-5.el6 nagios-plugins-disk-1.4.16-5.el6 nagios-plugins-disk_smb-1.4.16-5.el6 nagios-plugins-dns-1.4.16-5.el6 nagios-plugins-dummy-1.4.16-5.el6 nagios-plugins-file_age-1.4.16-5.el6 nagios-plugins-flexlm-1.4.16-5.el6 nagios-plugins-hpjd-1.4.16-5.el6 nagios-plugins-http-1.4.16-5.el6 nagios-plugins-icmp-1.4.16-5.el6 nagios-plugins-ide_smart-1.4.16-5.el6 nagios-plugins-ircd-1.4.16-5.el6 nagios-plugins-ldap-1.4.16-5.el6 nagios-plugins-linux_raid-1.4.16-5.el6 nagios-plugins-load-1.4.16-5.el6 nagios-plugins-log-1.4.16-5.el6 nagios-plugins-mailq-1.4.16-5.el6 nagios-plugins-mrtg-1.4.16-5.el6 nagios-plugins-mrtgtraf-1.4.16-5.el6 nagios-plugins-mysql-1.4.16-5.el6 nagios-plugins-nagios-1.4.16-5.el6 nagios-plugins-nrpe-2.14-3.el6 nagios-plugins-nt-1.4.16-5.el6 nagios-plugins-ntp-1.4.16-5.el6 nagios-plugins-ntp-perl-1.4.16-5.el6 nagios-plugins-nwstat-1.4.16-5.el6 nagios-plugins-oracle-1.4.16-5.el6 nagios-plugins-os-libvirt-1.0.0-2.el6 nagios-plugins-os-rabbitmq-1.0.0-2.el6 nagios-plugins-os-swift-1.0.0-1.el6 nagios-plugins-overcr-1.4.16-5.el6 nagios-plugins-perl-1.4.16-5.el6 nagios-plugins-pgsql-1.4.16-5.el6 nagios-plugins-ping-1.4.16-5.el6 nagios-plugins-procs-1.4.16-5.el6 nagios-plugins-real-1.4.16-5.el6 nagios-plugins-rpc-1.4.16-5.el6 nagios-plugins-sensors-1.4.16-5.el6 nagios-plugins-smtp-1.4.16-5.el6 nagios-plugins-snmp-1.4.16-5.el6 nagios-plugins-ssh-1.4.16-5.el6 nagios-plugins-swap-1.4.16-5.el6 nagios-plugins-tcp-1.4.16-5.el6 nagios-plugins-time-1.4.16-5.el6 nagios-plugins-ups-1.4.16-5.el6 nagios-plugins-users-1.4.16-5.el6 nagios-plugins-wave-1.4.16-5.el6 nfs-utils nginx-1.0.15-4.el6 nodejs-0.10.4-1.el6 nodejs-less-1.3.3-3.el6 novnc-0.4 nrpe-2.14-3.el6 ntp numpy-1.4.1-9.el6 openssh-clients openssh-server openssl-devel openstack-ceilometer-api openstack-ceilometer-alarm openstack-ceilometer-central openstack-ceilometer-collector openstack-ceilometer-common openstack-ceilometer-compute openstack-ceilometer-notification openstack-cinder openstack-dashboard openstack-glance openstack-heat-api openstack-heat-api-cfn openstack-heat-api-cloudwatch openstack-heat-common openstack-heat-engine openstack-keystone openstack-neutron openstack-neutron-bigswitch openstack-neutron-brocade openstack-neutron-cisco openstack-neutron-hyperv openstack-neutron-ibm openstack-neutron-linuxbridge openstack-neutron-mellanox openstack-neutron-metering-agent openstack-neutron-midonet openstack-neutron-ml2 openstack-neutron-nec openstack-neutron-nuage openstack-neutron-ofagent openstack-neutron-oneconvergence-nvsd openstack-neutron-openvswitch openstack-neutron-plumgrid openstack-neutron-ryu openstack-neutron-vmware openstack-neutron-vpn-agent openstack-nova openstack-nova-api openstack-nova-cells openstack-nova-cert openstack-nova-common openstack-nova-compute openstack-nova-conductor openstack-nova-console openstack-nova-network openstack-nova-novncproxy openstack-nova-objectstore openstack-nova-scheduler openstack-swift openstack-swift-account openstack-swift-container openstack-swift-object openstack-swift-plugin-swift3 openstack-swift-proxy openstack-utils openvswitch openpgm kmod-openvswitch pacemaker parted passwd-0.77-4.el6_2.2 patch-2.6-6.el6 pax-3.4-10.1.el6 pcapy-0.10.8-2.el6 percona-toolkit perl-DBD-MySQL-4.022-1.el6 perl-LockFile-Simple-0.207-2.el6 perl-devel policycoreutils postgresql postgresql-devel postgresql-libs postgresql-server pssh-2.3.1-15.2 pcs puppet puppet-server puppetdb-1.2.0-1.el6 puppetdb-terminus-1.2.0-1.el6 puppetlabs-release-6-6 pushy pygobject2-2.20.0-5.el6 pyparsing pyparsing-doc pysendfile-2.0.0-3.el6 python-actdiag-0.4.3-1 python-alembic python-amqp python-amqplib-1.0.2-1.el6 python-anyjson-0.3.3-2.el6 python-argparse-1.2.1-2.el6 python-babel python-blockdiag-1.2.4-1 python-ceilometer python-ceilometerclient python-ceph python-cheetah-2.4.1-1.el6 python-cinder python-cinderclient python-cliff python-cliff-tablib python-cloudfiles-1.7.9.3-1.el6 python-cmd2 python-crypto python-d2to1-0.2.10-1.el6 python-daemon-1.5.2-1.el6 python-daemonize python-deltarpm-3.5-0.5.20090913git.el6 python-devel python-django-appconf-0.5-3.el6 python-django-compressor python-django-horizon python-django-horizon-doc python-django-openstack-auth python-dmidecode-3.10.13-3.el6_4 python-ethtool python-eventlet python-funcparserlib-0.3.5-1 python-gflags-1.4-3.el6 python-glance python-glanceclient python-greenlet python-greenlet-devel python-heatclient python-httplib2 python-imgcreate python-importlib-1.0.2-1.el6 python-ipaddr-2.1.9-1.el6 python-iso8601 python-jsonschema python-keyring python-keystone python-keystoneclient python-keystoneclient-doc python-kombu python-lockfile-0.8-3.el6 python-markdown-2.0.1-3.1.el6 python-meld3-0.6.7-1.el6 python-migrate python-muranoclient python-netaddr-0.7.5-4.el6 python-netifaces python-neutron python-neutronclient python-nose-cover3 python-nova python-novaclient python-novaclient-doc python-nwdiag-0.9.4-1 python-ordereddict-1.1-2.el6 python-oslo-config python-oslo-config-doc python-osnagios-1.1-5.el6 python-paramiko python-passlib-1.5.3-1.el6 python-paste-1.7.5.1-4.20111221hg1498.el6 python-paste-deploy1.5-1.5.0-5.el6 python-pbr python-pip python-prettytable python-py-1.4.15-1.el6 python-pylibmc python-pygments-1.1.1-1.el6 python-pyudev-0.15-1.el6 python-qpid-qmf-0.14-14.el6_3 python-rabbit python-requests python-rhsm python-routes python-routes1.12-1.12.3-4.el6 python-saharaclient python-seqdiag-0.8.2-1 python-setuptools python-simplejson python-six python-sphinx10-1.0.8-1.el6 python-sphinx10-doc-1.0.8-1.el6 python-sqlalchemy python-stevedore python-swiftclient python-swiftclient-doc python-tablib-0.9.11.20120702git752443f-5.el6 python-unittest2-0.5.1-3.el6 python-urwid python-versiontools-1.9.1-3.el6 python-virtualenv-1.7.2-1.el6 python-warlock python-webcolors-1.4-1 python-webob python-websockify python-werkzeug python-wsgilog-0.3-1 python-wsgiref-0.1.2-6.el6 python-zmq pyxattr-0.5.0-1.el6 qemu qpid-cpp-server-ssl-0.14-22.el6_3 qpid-qmf-0.14-14.el6_3 qpid-tests-0.14-1.el6_2 qpid-tools-0.14-6.el6_3 rabbitmq-server rbd-fuse resource-agents-3.9.5-56.1 redhat-lsb-core rpm-build rst2pdf-0.16-1.el6 rsync rsyslog rsyslog-relp ruby-1.8.7.352-13.el6 ruby-irb-1.8.7.352-13.el6 ruby-augeas ruby-devel ruby-extlib-0.9.13-5.el6 ruby-libs ruby-mysql-2.8.2-1.el6 ruby-rdoc ruby-ri ruby-shadow-1.4.1-13.el6 rubygem-abstract-1.0.0-1.el6 rubygem-activesupport-3.0.10-1.el6 rubygem-arel-2.0.10-1.el6 rubygem-builder-2.1.2-1.el6 rubygem-bundler-1.3.4-1.el6 rubygem-bunny-0.8.0-1.el6 rubygem-cstruct-1.0.1-1.el6 rubygem-daemons-1.0.10-2.el6 rubygem-erubis-2.6.6-1.el6 rubygem-eventmachine-0.12.10-4.el6 rubygem-eventmachine-doc-0.12.10-4.el6 rubygem-extlib-0.9.13-5.el6 rubygem-extlib-doc-0.9.13-5.el6 rubygem-fastthread-1.0.7-2.el6 rubygem-gem_plugin-0.2.3-3.el6 rubygem-highline-1.6.13-1.el6 rubygem-httpclient-2.3.2-5.el6 rubygem-httpclient-doc-2.3.2-5.el6 rubygem-i18n-0.6.4-1.el6 rubygem-ipaddress-0.8.0-3.el6 rubygem-ipaddress-doc-0.8.0-3.el6 rubygem-json rubygem-json-doc rubygem-json_pure rubygem-json_pure-doc rubygem-mail-2.2.19-1.el6 rubygem-mime-types rubygem-mime-types-doc-1.16-mira.5 rubygem-mixlib-authentication-1.1.4-1.el6 rubygem-mixlib-cli-1.2.2-3.el6 rubygem-mixlib-cli-doc-1.2.2-3.el6 rubygem-mixlib-config-1.1.2-1.el6 rubygem-mixlib-log-1.4.1-1.el6 rubygem-mixlib-shellout-1.0.0-1.el6 rubygem-moneta-0.6.0-1.el6 rubygem-mongrel-1.1.5-3.el6 rubygem-net-ssh rubygem-net-ssh-gateway rubygem-net-ssh-multi-1.1-1.el6 rubygem-netaddr-1.5.0-2.el6 rubygem-openstack rubygem-polyglot-0.3.3-1.el6 rubygem-rack-1.1.0-2.el6 rubygem-rack-mount-0.6.14-1.el6 rubygem-rack-test-0.5.7-1.el6 rubygem-raemon-0.3.0-1.el6 rubygem-rake rubygem-rdoc-3.12.2-1.el6 rubygem-rest-client-1.6.1-2.el6 rubygem-stomp rubygem-stomp-doc rubygem-symboltable-1.0.2-1 rubygem-systemu-2.5.2-1.el6 rubygem-thin-1.2.8-4.el6 rubygem-thin-doc-1.2.8-4.el6 rubygem-thor-0.14.6-1.el6 rubygem-treetop-1.4.10-1.el6 rubygem-tzinfo-0.3.37-1.el6 rubygem-uuidtools-2.1.2-1.el6 rubygem-yajl-ruby rubygems augeas-libs-1.0.0-5.mira1 libyaml-0.1.3-1.el6 ruby-2.1.1 ruby21-nailgun-mcagents ruby21-rubygem-json ruby21-puppet ruby21-rubygem-eventmachine ruby21-rubygem-amqp ruby21-rubygem-rest-client ruby21-rubygem-symboltable ruby21-rubygem-open4 ruby21-rubygem-json_pure ruby21-facter ruby21-hiera ruby21-rubygem-rgen ruby21-rubygem-stomp ruby21-rubygem-raemon ruby21-rubygem-mcollective-client ruby21-rubygem-astute ruby21-rubygem-openstack ruby21-mcollective ruby21-rubygem-amq-protocol ruby21-rubygem-mime-types ruby21-rubygem-i18n ruby21-rubygem-activesupport ruby21-mcollective-common libselinux-ruby-2.0.94 ruby21-augeas ruby21-rubygem-shadow sahara sahara-dashboard scapy-2.0.0.10-5.el6 screen-4.0.3-16.el6 selinux-policy selinux-policy-targeted send2syslog-0.1-1.el6 snappy-1.0.5-1.el6 socat-1.7.2.2-1.el6 sphinxcontrib-actdiag-0.5.1-3 sphinxcontrib-blockdiag-1.2.0-3 sphinxcontrib-nwdiag-0.6.1-3 sphinxcontrib-seqdiag-0.5.1-3 subscription-manager supervisor syslinux-4.02-8.el6 system-config-firewall-base-1.2.27-5.el6 sheepdog tcpdump-4.0.0-3.20090921gitdf3cb4.2.el6 tftp-server-0.49-7.el6 time-1.7-37.1.el6 tinyproxy tmux unzip-6.0-1.el6 usermode-1.102-3.el6 uwsgi uwsgi-plugin-common uwsgi-plugin-python v8-3.14.5.7-3.el6 vim-enhanced-7.2.411-1.8.el6 virt-what-1.11-1.2.el6 wget whatmask-1.2-7.el6 wireshark wxBase-2.8.12-2.el6 wxGTK-2.8.12-2.el6 wxGTK-gl-2.8.12-2.el6 xfsprogs xinetd percona-xtrabackup yum-3.2.29-40.el6.centos yum-utils-1.1.30-14.el6 zeromq zeromq3 zlib-devel-1.2.3-29.el6 python-pypcap nailgun fuel-ostf shotgun fuelmenu nailgun-agent nailgun-mcagents nailgun-net-check python-fuelclient zabbix zabbix-agent zabbix-sender zabbix-server zabbix-server-mysql zabbix-server-pgsql zabbix-web zabbix-web-mysql zabbix-web-pgsql rubygem-rethtool rubygem-ohai 2>&1 | grep -v '^looking for' | tee /home/fuel/fuel-main/build/mirror/centos/yumdownloader.log
Loading "priorities" plugin
Config time: 0.014
repo time: 0.000
Setting up Package Sacks
pkgsack time: 4.626
rpmdb time: 0.018
group time: 0.512
No Match for argument murano-api
No Match for argument python-prettytable
No Match for argument sahara-dashboard
--> Running transaction check
---> Package Django.noarch 0:1.3.4-1.el6 set to be updated
Checking deps for Django.noarch 0-1.3.4-1.el6 - u
Django-1.3.4-1.el6.noarch requires: python(abi) = 2.6
--> Processing Dependency: python(abi) = 2.6 for package: Django-1.3.4-1.el6.noarch
Searching pkgSack for dep: python(abi)
Potential match for python(abi) from python-2.6.6-52.el6.x86_64
Matched python-2.6.6-52.el6.x86_64 to require for python(abi)
Building updates object
up:Obs Init time: 0.009
up:simple updates time: 0.006
up:obs time: 0.000
up:condense time: 0.000
updates time: 0.018
TSINFO: Marking python-2.6.6-52.el6.x86_64 as install for Django-1.3.4-1.el6.noarch
Django-1.3.4-1.el6.noarch requires: /usr/bin/python
--> Processing Dependency: /usr/bin/python for package: Django-1.3.4-1.el6.noarch
Searching pkgSack for dep: /usr/bin/python
Potential match for /usr/bin/python from python-2.6.6-52.el6.x86_64
python-2.6.6-52.el6.x86_64 already in ts, skipping this one
---> Package Django14.noarch 0:1.4.8-1.el6 set to be updated
Checking deps for Django14.noarch 0-1.4.8-1.el6 - u
---> Package GeoIP.x86_64 0:1.4.8-1.el6 set to be updated
Checking deps for GeoIP.x86_64 0-1.4.8-1.el6 - u
GeoIP-1.4.8-1.el6.x86_64 requires: libz.so.1()(64bit)
--> Processing Dependency: libz.so.1()(64bit) for package: GeoIP-1.4.8-1.el6.x86_64
Searching pkgSack for dep: libz.so.1()(64bit)
Potential match for libz.so.1()(64bit) from zlib-1.2.3-29.el6.x86_64
Matched zlib-1.2.3-29.el6.x86_64 to require for libz.so.1()(64bit)
TSINFO: Marking zlib-1.2.3-29.el6.x86_64 as install for GeoIP-1.4.8-1.el6.x86_64
---> Package MySQL-client.x86_64 0:5.5.28-7 set to be updated
Checking deps for MySQL-client.x86_64 0-5.5.28-7 - u
MySQL-client-5.5.28-7.x86_64 requires: /usr/bin/perl
--> Processing Dependency: /usr/bin/perl for package: MySQL-client-5.5.28-7.x86_64
Searching pkgSack for dep: /usr/bin/perl
Potential match for /usr/bin/perl from 4:perl-5.10.1-136.el6.x86_64
TSINFO: Marking 4:perl-5.10.1-136.el6.x86_64 as install for MySQL-client-5.5.28-7.x86_64
MySQL-client-5.5.28-7.x86_64 requires: libtinfo.so.5()(64bit)
--> Processing Dependency: libtinfo.so.5()(64bit) for package: MySQL-client-5.5.28-7.x86_64
Searching pkgSack for dep: libtinfo.so.5()(64bit)
Potential match for libtinfo.so.5()(64bit) from ncurses-libs-5.7-3.20090208.el6.x86_64
Matched ncurses-libs-5.7-3.20090208.el6.x86_64 to require for libtinfo.so.5()(64bit)
TSINFO: Marking ncurses-libs-5.7-3.20090208.el6.x86_64 as install for MySQL-client-5.5.28-7.x86_64
MySQL-client-5.5.28-7.x86_64 requires: libncurses.so.5()(64bit)
--> Processing Dependency: libncurses.so.5()(64bit) for package: MySQL-client-5.5.28-7.x86_64
Quick matched ncurses-libs-5.7-3.20090208.el6.x86_64 to require for libncurses.so.5()(64bit)
---> Package MySQL-client-wsrep.x86_64 0:5.6.16_wsrep_25.5.mira1-1.mira3 set to be updated
Checking deps for MySQL-client-wsrep.x86_64 0-5.6.16_wsrep_25.5.mira1-1.mira3 - u
MySQL-client-wsrep-5.6.16_wsrep_25.5.mira1-1.mira3.x86_64 requires: libstdc++.so.6(CXXABI_1.3)(64bit)
--> Processing Dependency: libstdc++.so.6(CXXABI_1.3)(64bit) for package: MySQL-client-wsrep-5.6.16_wsrep_25.5.mira1-1.mira3.x86_64
Searching pkgSack for dep: libstdc++.so.6(CXXABI_1.3)(64bit)
Potential match for libstdc++.so.6(CXXABI_1.3)(64bit) from libstdc++-4.4.7-4.el6.x86_64
Matched libstdc++-4.4.7-4.el6.x86_64 to require for libstdc++.so.6(CXXABI_1.3)(64bit)
TSINFO: Marking libstdc++-4.4.7-4.el6.x86_64 as install for MySQL-client-wsrep-5.6.16_wsrep_25.5.mira1-1.mira3.x86_64
MySQL-client-wsrep-5.6.16_wsrep_25.5.mira1-1.mira3.x86_64 requires: libstdc++.so.6(GLIBCXX_3.4)(64bit)
--> Processing Dependency: libstdc++.so.6(GLIBCXX_3.4)(64bit) for package: MySQL-client-wsrep-5.6.16_wsrep_25.5.mira1-1.mira3.x86_64
Quick matched libstdc++-4.4.7-4.el6.x86_64 to require for libstdc++.so.6(GLIBCXX_3.4)(64bit)
MySQL-client-wsrep-5.6.16_wsrep_25.5.mira1-1.mira3.x86_64 requires: libgcc_s.so.1()(64bit)
--> Processing Dependency: libgcc_s.so.1()(64bit) for package: MySQL-client-wsrep-5.6.16_wsrep_25.5.mira1-1.mira3.x86_64
Searching pkgSack for dep: libgcc_s.so.1()(64bit)
Potential match for libgcc_s.so.1()(64bit) from libgcc-4.4.7-4.el6.x86_64
Matched libgcc-4.4.7-4.el6.x86_64 to require for libgcc_s.so.1()(64bit)
TSINFO: Marking libgcc-4.4.7-4.el6.x86_64 as install for MySQL-client-wsrep-5.6.16_wsrep_25.5.mira1-1.mira3.x86_64
MySQL-client-wsrep-5.6.16_wsrep_25.5.mira1-1.mira3.x86_64 requires: libstdc++.so.6()(64bit)
--> Processing Dependency: libstdc++.so.6()(64bit) for package: MySQL-client-wsrep-5.6.16_wsrep_25.5.mira1-1.mira3.x86_64
Searching pkgSack for dep: libstdc++.so.6()(64bit)
Potential match for libstdc++.so.6()(64bit) from libstdc++-4.4.7-4.el6.x86_64
Matched libstdc++-4.4.7-4.el6.x86_64 to require for libstdc++.so.6()(64bit)
libstdc++-4.4.7-4.el6.x86_64 already in ts, skipping this one
---> Package MySQL-python.x86_64 0:1.2.5-1.el6 set to be updated
Checking deps for MySQL-python.x86_64 0-1.2.5-1.el6 - u
MySQL-python-1.2.5-1.el6.x86_64 requires: libpython2.6.so.1.0()(64bit)
--> Processing Dependency: libpython2.6.so.1.0()(64bit) for package: MySQL-python-1.2.5-1.el6.x86_64
Searching pkgSack for dep: libpython2.6.so.1.0()(64bit)
Potential match for libpython2.6.so.1.0()(64bit) from python-libs-2.6.6-52.el6.x86_64
Matched python-libs-2.6.6-52.el6.x86_64 to require for libpython2.6.so.1.0()(64bit)
TSINFO: Marking python-libs-2.6.6-52.el6.x86_64 as install for MySQL-python-1.2.5-1.el6.x86_64
---> Package MySQL-server.x86_64 0:5.5.28-7 set to be updated
Checking deps for MySQL-server.x86_64 0-5.5.28-7 - u
MySQL-server-5.5.28-7.x86_64 requires: /sbin/chkconfig
--> Processing Dependency: /sbin/chkconfig for package: MySQL-server-5.5.28-7.x86_64
Searching pkgSack for dep: /sbin/chkconfig
Potential match for /sbin/chkconfig from chkconfig-1.3.49.3-2.el6_4.1.x86_64
TSINFO: Marking chkconfig-1.3.49.3-2.el6_4.1.x86_64 as install for MySQL-server-5.5.28-7.x86_64
MySQL-server-5.5.28-7.x86_64 requires: grep
--> Processing Dependency: grep for package: MySQL-server-5.5.28-7.x86_64
Searching pkgSack for dep: grep
Potential match for grep from grep-2.6.3-4.el6_5.1.x86_64
Matched grep-2.6.3-4.el6_5.1.x86_64 to require for grep
TSINFO: Marking grep-2.6.3-4.el6_5.1.x86_64 as install for MySQL-server-5.5.28-7.x86_64
---> Package MySQL-server-wsrep.x86_64 0:5.6.16_wsrep_25.5.mira1-1.mira3 set to be updated
Checking deps for MySQL-server-wsrep.x86_64 0-5.6.16_wsrep_25.5.mira1-1.mira3 - u
---> Package MySQL-shared.x86_64 0:5.5.28-7 set to be updated
Checking deps for MySQL-shared.x86_64 0-5.5.28-7 - u
---> Package MySQL-shared-wsrep.x86_64 0:5.6.16_wsrep_25.5.mira1-1.mira3 set to be updated
Checking deps for MySQL-shared-wsrep.x86_64 0-5.6.16_wsrep_25.5.mira1-1.mira3 - u
---> Package PyYAML.x86_64 0:3.10-3.el6 set to be updated
Checking deps for PyYAML.x86_64 0-3.10-3.el6 - u
---> Package abrt-addon-ccpp.x86_64 0:2.0.8-21.el6.centos set to be updated
Checking deps for abrt-addon-ccpp.x86_64 0-2.0.8-21.el6.centos - u
abrt-addon-ccpp-2.0.8-21.el6.centos.x86_64 requires: abrt-libs = 2.0.8-21.el6.centos
--> Processing Dependency: abrt-libs = 2.0.8-21.el6.centos for package: abrt-addon-ccpp-2.0.8-21.el6.centos.x86_64
Searching pkgSack for dep: abrt-libs
Potential match for abrt-libs from abrt-libs-2.0.8-21.el6.centos.x86_64
Matched abrt-libs-2.0.8-21.el6.centos.x86_64 to require for abrt-libs
TSINFO: Marking abrt-libs-2.0.8-21.el6.centos.x86_64 as install for abrt-addon-ccpp-2.0.8-21.el6.centos.x86_64
abrt-addon-ccpp-2.0.8-21.el6.centos.x86_64 requires: abrt = 2.0.8-21.el6.centos
--> Processing Dependency: abrt = 2.0.8-21.el6.centos for package: abrt-addon-ccpp-2.0.8-21.el6.centos.x86_64
Searching pkgSack for dep: abrt
Potential match for abrt from abrt-2.0.8-21.el6.centos.x86_64
Matched abrt-2.0.8-21.el6.centos.x86_64 to require for abrt
TSINFO: Marking abrt-2.0.8-21.el6.centos.x86_64 as install for abrt-addon-ccpp-2.0.8-21.el6.centos.x86_64
abrt-addon-ccpp-2.0.8-21.el6.centos.x86_64 requires: elfutils-libelf
--> Processing Dependency: elfutils-libelf for package: abrt-addon-ccpp-2.0.8-21.el6.centos.x86_64
Searching pkgSack for dep: elfutils-libelf
Potential match for elfutils-libelf from elfutils-libelf-0.152-1.el6.x86_64
Matched elfutils-libelf-0.152-1.el6.x86_64 to require for elfutils-libelf
TSINFO: Marking elfutils-libelf-0.152-1.el6.x86_64 as install for abrt-addon-ccpp-2.0.8-21.el6.centos.x86_64
abrt-addon-ccpp-2.0.8-21.el6.centos.x86_64 requires: libnss3.so(NSS_3.9.2)(64bit)
--> Processing Dependency: libnss3.so(NSS_3.9.2)(64bit) for package: abrt-addon-ccpp-2.0.8-21.el6.centos.x86_64
Searching pkgSack for dep: libnss3.so(NSS_3.9.2)(64bit)
Potential match for libnss3.so(NSS_3.9.2)(64bit) from nss-3.15.3-6.el6_5.x86_64
Matched nss-3.15.3-6.el6_5.x86_64 to require for libnss3.so(NSS_3.9.2)(64bit)
TSINFO: Marking nss-3.15.3-6.el6_5.x86_64 as install for abrt-addon-ccpp-2.0.8-21.el6.centos.x86_64
abrt-addon-ccpp-2.0.8-21.el6.centos.x86_64 requires: libnss3.so(NSS_3.4)(64bit)
--> Processing Dependency: libnss3.so(NSS_3.4)(64bit) for package: abrt-addon-ccpp-2.0.8-21.el6.centos.x86_64
Quick matched nss-3.15.3-6.el6_5.x86_64 to require for libnss3.so(NSS_3.4)(64bit)
abrt-addon-ccpp-2.0.8-21.el6.centos.x86_64 requires: libnss3.so(NSS_3.3)(64bit)
--> Processing Dependency: libnss3.so(NSS_3.3)(64bit) for package: abrt-addon-ccpp-2.0.8-21.el6.centos.x86_64
Quick matched nss-3.15.3-6.el6_5.x86_64 to require for libnss3.so(NSS_3.3)(64bit)
abrt-addon-ccpp-2.0.8-21.el6.centos.x86_64 requires: elfutils-libs
--> Processing Dependency: elfutils-libs for package: abrt-addon-ccpp-2.0.8-21.el6.centos.x86_64
Searching pkgSack for dep: elfutils-libs
Potential match for elfutils-libs from elfutils-libs-0.152-1.el6.x86_64
Matched elfutils-libs-0.152-1.el6.x86_64 to require for elfutils-libs
TSINFO: Marking elfutils-libs-0.152-1.el6.x86_64 as install for abrt-addon-ccpp-2.0.8-21.el6.centos.x86_64
abrt-addon-ccpp-2.0.8-21.el6.centos.x86_64 requires: libssl3.so(NSS_3.2)(64bit)
--> Processing Dependency: libssl3.so(NSS_3.2)(64bit) for package: abrt-addon-ccpp-2.0.8-21.el6.centos.x86_64
Searching pkgSack for dep: libssl3.so(NSS_3.2)(64bit)
Potential match for libssl3.so(NSS_3.2)(64bit) from nss-3.15.3-6.el6_5.x86_64
Matched nss-3.15.3-6.el6_5.x86_64 to require for libssl3.so(NSS_3.2)(64bit)
nss-3.15.3-6.el6_5.x86_64 already in ts, skipping this one
abrt-addon-ccpp-2.0.8-21.el6.centos.x86_64 requires: elfutils
--> Processing Dependency: elfutils for package: abrt-addon-ccpp-2.0.8-21.el6.centos.x86_64
Searching pkgSack for dep: elfutils
Potential match for elfutils from elfutils-0.152-1.el6.x86_64
Matched elfutils-0.152-1.el6.x86_64 to require for elfutils
TSINFO: Marking elfutils-0.152-1.el6.x86_64 as install for abrt-addon-ccpp-2.0.8-21.el6.centos.x86_64
abrt-addon-ccpp-2.0.8-21.el6.centos.x86_64 requires: libnss3.so(NSS_3.2)(64bit)
--> Processing Dependency: libnss3.so(NSS_3.2)(64bit) for package: abrt-addon-ccpp-2.0.8-21.el6.centos.x86_64
Searching pkgSack for dep: libnss3.so(NSS_3.2)(64bit)
Potential match for libnss3.so(NSS_3.2)(64bit) from nss-3.15.3-6.el6_5.x86_64
Matched nss-3.15.3-6.el6_5.x86_64 to require for libnss3.so(NSS_3.2)(64bit)
nss-3.15.3-6.el6_5.x86_64 already in ts, skipping this one
abrt-addon-ccpp-2.0.8-21.el6.centos.x86_64 requires: libnss3.so(NSS_3.12)(64bit)
--> Processing Dependency: libnss3.so(NSS_3.12)(64bit) for package: abrt-addon-ccpp-2.0.8-21.el6.centos.x86_64
Quick matched nss-3.15.3-6.el6_5.x86_64 to require for libnss3.so(NSS_3.12)(64bit)
abrt-addon-ccpp-2.0.8-21.el6.centos.x86_64 requires: libglib-2.0.so.0()(64bit)
--> Processing Dependency: libglib-2.0.so.0()(64bit) for package: abrt-addon-ccpp-2.0.8-21.el6.centos.x86_64
Searching pkgSack for dep: libglib-2.0.so.0()(64bit)
Potential match for libglib-2.0.so.0()(64bit) from glib2-2.26.1-7.el6_5.x86_64
Matched glib2-2.26.1-7.el6_5.x86_64 to require for libglib-2.0.so.0()(64bit)
TSINFO: Marking glib2-2.26.1-7.el6_5.x86_64 as install for abrt-addon-ccpp-2.0.8-21.el6.centos.x86_64
abrt-addon-ccpp-2.0.8-21.el6.centos.x86_64 requires: libplds4.so()(64bit)
--> Processing Dependency: libplds4.so()(64bit) for package: abrt-addon-ccpp-2.0.8-21.el6.centos.x86_64
Searching pkgSack for dep: libplds4.so()(64bit)
Potential match for libplds4.so()(64bit) from nspr-4.10.2-1.el6_5.x86_64
Matched nspr-4.10.2-1.el6_5.x86_64 to require for libplds4.so()(64bit)
TSINFO: Marking nspr-4.10.2-1.el6_5.x86_64 as install for abrt-addon-ccpp-2.0.8-21.el6.centos.x86_64
abrt-addon-ccpp-2.0.8-21.el6.centos.x86_64 requires: libabrt.so.0()(64bit)
--> Processing Dependency: libabrt.so.0()(64bit) for package: abrt-addon-ccpp-2.0.8-21.el6.centos.x86_64
Searching pkgSack for dep: libabrt.so.0()(64bit)
Potential match for libabrt.so.0()(64bit) from abrt-libs-2.0.8-21.el6.centos.x86_64
Matched abrt-libs-2.0.8-21.el6.centos.x86_64 to require for libabrt.so.0()(64bit)
abrt-libs-2.0.8-21.el6.centos.x86_64 already in ts, skipping this one
abrt-addon-ccpp-2.0.8-21.el6.centos.x86_64 requires: libnssutil3.so()(64bit)
--> Processing Dependency: libnssutil3.so()(64bit) for package: abrt-addon-ccpp-2.0.8-21.el6.centos.x86_64
Searching pkgSack for dep: libnssutil3.so()(64bit)
Potential match for libnssutil3.so()(64bit) from nss-util-3.15.3-1.el6_5.x86_64
Matched nss-util-3.15.3-1.el6_5.x86_64 to require for libnssutil3.so()(64bit)
TSINFO: Marking nss-util-3.15.3-1.el6_5.x86_64 as install for abrt-addon-ccpp-2.0.8-21.el6.centos.x86_64
abrt-addon-ccpp-2.0.8-21.el6.centos.x86_64 requires: libbtparser.so.2()(64bit)
--> Processing Dependency: libbtparser.so.2()(64bit) for package: abrt-addon-ccpp-2.0.8-21.el6.centos.x86_64
Searching pkgSack for dep: libbtparser.so.2()(64bit)
Potential match for libbtparser.so.2()(64bit) from btparser-0.17-2.el6.x86_64
Matched btparser-0.17-2.el6.x86_64 to require for libbtparser.so.2()(64bit)
TSINFO: Marking btparser-0.17-2.el6.x86_64 as install for abrt-addon-ccpp-2.0.8-21.el6.centos.x86_64
abrt-addon-ccpp-2.0.8-21.el6.centos.x86_64 requires: libreport.so.0()(64bit)
--> Processing Dependency: libreport.so.0()(64bit) for package: abrt-addon-ccpp-2.0.8-21.el6.centos.x86_64
Searching pkgSack for dep: libreport.so.0()(64bit)
Potential match for libreport.so.0()(64bit) from libreport-2.0.9-19.el6.centos.x86_64
Matched libreport-2.0.9-19.el6.centos.x86_64 to require for libreport.so.0()(64bit)
TSINFO: Marking libreport-2.0.9-19.el6.centos.x86_64 as install for abrt-addon-ccpp-2.0.8-21.el6.centos.x86_64
abrt-addon-ccpp-2.0.8-21.el6.centos.x86_64 requires: libnspr4.so()(64bit)
--> Processing Dependency: libnspr4.so()(64bit) for package: abrt-addon-ccpp-2.0.8-21.el6.centos.x86_64
Searching pkgSack for dep: libnspr4.so()(64bit)
Potential match for libnspr4.so()(64bit) from nspr-4.10.2-1.el6_5.x86_64
Matched nspr-4.10.2-1.el6_5.x86_64 to require for libnspr4.so()(64bit)
nspr-4.10.2-1.el6_5.x86_64 already in ts, skipping this one
abrt-addon-ccpp-2.0.8-21.el6.centos.x86_64 requires: libplc4.so()(64bit)
--> Processing Dependency: libplc4.so()(64bit) for package: abrt-addon-ccpp-2.0.8-21.el6.centos.x86_64
Quick matched nspr-4.10.2-1.el6_5.x86_64 to require for libplc4.so()(64bit)
abrt-addon-ccpp-2.0.8-21.el6.centos.x86_64 requires: libssl3.so()(64bit)
--> Processing Dependency: libssl3.so()(64bit) for package: abrt-addon-ccpp-2.0.8-21.el6.centos.x86_64
Searching pkgSack for dep: libssl3.so()(64bit)
Potential match for libssl3.so()(64bit) from nss-3.15.3-6.el6_5.x86_64
Matched nss-3.15.3-6.el6_5.x86_64 to require for libssl3.so()(64bit)
nss-3.15.3-6.el6_5.x86_64 already in ts, skipping this one
abrt-addon-ccpp-2.0.8-21.el6.centos.x86_64 requires: libsmime3.so()(64bit)
--> Processing Dependency: libsmime3.so()(64bit) for package: abrt-addon-ccpp-2.0.8-21.el6.centos.x86_64
Quick matched nss-3.15.3-6.el6_5.x86_64 to require for libsmime3.so()(64bit)
abrt-addon-ccpp-2.0.8-21.el6.centos.x86_64 requires: libnss3.so()(64bit)
--> Processing Dependency: libnss3.so()(64bit) for package: abrt-addon-ccpp-2.0.8-21.el6.centos.x86_64
Quick matched nss-3.15.3-6.el6_5.x86_64 to require for libnss3.so()(64bit)
---> Package abrt-addon-kerneloops.x86_64 0:2.0.8-21.el6.centos set to be updated
Checking deps for abrt-addon-kerneloops.x86_64 0-2.0.8-21.el6.centos - u
abrt-addon-kerneloops-2.0.8-21.el6.centos.x86_64 requires: libreport-plugin-kerneloops
--> Processing Dependency: libreport-plugin-kerneloops for package: abrt-addon-kerneloops-2.0.8-21.el6.centos.x86_64
Searching pkgSack for dep: libreport-plugin-kerneloops
Potential match for libreport-plugin-kerneloops from libreport-plugin-kerneloops-2.0.9-19.el6.centos.x86_64
Matched libreport-plugin-kerneloops-2.0.9-19.el6.centos.x86_64 to require for libreport-plugin-kerneloops
TSINFO: Marking libreport-plugin-kerneloops-2.0.9-19.el6.centos.x86_64 as install for abrt-addon-kerneloops-2.0.8-21.el6.centos.x86_64
---> Package abrt-addon-python.x86_64 0:2.0.8-21.el6.centos set to be updated
Checking deps for abrt-addon-python.x86_64 0-2.0.8-21.el6.centos - u
---> Package abrt-cli.x86_64 0:2.0.8-21.el6.centos set to be updated
Checking deps for abrt-cli.x86_64 0-2.0.8-21.el6.centos - u
abrt-cli-2.0.8-21.el6.centos.x86_64 requires: libreport-plugin-rhtsupport
--> Processing Dependency: libreport-plugin-rhtsupport for package: abrt-cli-2.0.8-21.el6.centos.x86_64
Searching pkgSack for dep: libreport-plugin-rhtsupport
Potential match for libreport-plugin-rhtsupport from libreport-plugin-rhtsupport-2.0.9-19.el6.centos.x86_64
Matched libreport-plugin-rhtsupport-2.0.9-19.el6.centos.x86_64 to require for libreport-plugin-rhtsupport
TSINFO: Marking libreport-plugin-rhtsupport-2.0.9-19.el6.centos.x86_64 as install for abrt-cli-2.0.8-21.el6.centos.x86_64
abrt-cli-2.0.8-21.el6.centos.x86_64 requires: libreport-cli
--> Processing Dependency: libreport-cli for package: abrt-cli-2.0.8-21.el6.centos.x86_64
Searching pkgSack for dep: libreport-cli
Potential match for libreport-cli from libreport-cli-2.0.9-19.el6.centos.x86_64
Matched libreport-cli-2.0.9-19.el6.centos.x86_64 to require for libreport-cli
TSINFO: Marking libreport-cli-2.0.9-19.el6.centos.x86_64 as install for abrt-cli-2.0.8-21.el6.centos.x86_64
abrt-cli-2.0.8-21.el6.centos.x86_64 requires: abrt-tui
--> Processing Dependency: abrt-tui for package: abrt-cli-2.0.8-21.el6.centos.x86_64
Searching pkgSack for dep: abrt-tui
Potential match for abrt-tui from abrt-tui-2.0.8-21.el6.centos.x86_64
Matched abrt-tui-2.0.8-21.el6.centos.x86_64 to require for abrt-tui
TSINFO: Marking abrt-tui-2.0.8-21.el6.centos.x86_64 as install for abrt-cli-2.0.8-21.el6.centos.x86_64
abrt-cli-2.0.8-21.el6.centos.x86_64 requires: libreport-plugin-logger
--> Processing Dependency: libreport-plugin-logger for package: abrt-cli-2.0.8-21.el6.centos.x86_64
Searching pkgSack for dep: libreport-plugin-logger
Potential match for libreport-plugin-logger from libreport-plugin-logger-2.0.9-19.el6.centos.x86_64
Matched libreport-plugin-logger-2.0.9-19.el6.centos.x86_64 to require for libreport-plugin-logger
TSINFO: Marking libreport-plugin-logger-2.0.9-19.el6.centos.x86_64 as install for abrt-cli-2.0.8-21.el6.centos.x86_64
abrt-cli-2.0.8-21.el6.centos.x86_64 requires: libreport-plugin-mailx
--> Processing Dependency: libreport-plugin-mailx for package: abrt-cli-2.0.8-21.el6.centos.x86_64
Searching pkgSack for dep: libreport-plugin-mailx
Potential match for libreport-plugin-mailx from libreport-plugin-mailx-2.0.9-19.el6.centos.x86_64
Matched libreport-plugin-mailx-2.0.9-19.el6.centos.x86_64 to require for libreport-plugin-mailx
TSINFO: Marking libreport-plugin-mailx-2.0.9-19.el6.centos.x86_64 as install for abrt-cli-2.0.8-21.el6.centos.x86_64
---> Package acl.x86_64 0:2.2.49-6.el6 set to be updated
Checking deps for acl.x86_64 0-2.2.49-6.el6 - u
acl-2.2.49-6.el6.x86_64 requires: libacl = 2.2.49-6.el6
--> Processing Dependency: libacl = 2.2.49-6.el6 for package: acl-2.2.49-6.el6.x86_64
Searching pkgSack for dep: libacl
Potential match for libacl from libacl-2.2.49-6.el6.x86_64
Matched libacl-2.2.49-6.el6.x86_64 to require for libacl
TSINFO: Marking libacl-2.2.49-6.el6.x86_64 as install for acl-2.2.49-6.el6.x86_64
acl-2.2.49-6.el6.x86_64 requires: libacl.so.1(ACL_1.0)(64bit)
--> Processing Dependency: libacl.so.1(ACL_1.0)(64bit) for package: acl-2.2.49-6.el6.x86_64
Quick matched libacl-2.2.49-6.el6.x86_64 to require for libacl.so.1(ACL_1.0)(64bit)
acl-2.2.49-6.el6.x86_64 requires: libacl.so.1()(64bit)
--> Processing Dependency: libacl.so.1()(64bit) for package: acl-2.2.49-6.el6.x86_64
Quick matched libacl-2.2.49-6.el6.x86_64 to require for libacl.so.1()(64bit)
acl-2.2.49-6.el6.x86_64 requires: libattr.so.1()(64bit)
--> Processing Dependency: libattr.so.1()(64bit) for package: acl-2.2.49-6.el6.x86_64
Searching pkgSack for dep: libattr.so.1()(64bit)
Potential match for libattr.so.1()(64bit) from libattr-2.4.44-7.el6.x86_64
Matched libattr-2.4.44-7.el6.x86_64 to require for libattr.so.1()(64bit)
TSINFO: Marking libattr-2.4.44-7.el6.x86_64 as install for acl-2.2.49-6.el6.x86_64
---> Package acpid.x86_64 0:1.0.10-2.1.el6 set to be updated
Checking deps for acpid.x86_64 0-1.0.10-2.1.el6 - u
---> Package aic94xx-firmware.noarch 0:30-2.el6 set to be updated
Checking deps for aic94xx-firmware.noarch 0-30-2.el6 - u
aic94xx-firmware-30-2.el6.noarch requires: udev
--> Processing Dependency: udev for package: aic94xx-firmware-30-2.el6.noarch
Searching pkgSack for dep: udev
Potential match for udev from udev-147-2.51.el6.x86_64
Matched udev-147-2.51.el6.x86_64 to require for udev
TSINFO: Marking udev-147-2.51.el6.x86_64 as install for aic94xx-firmware-30-2.el6.noarch
---> Package alsa-utils.x86_64 0:1.0.22-5.el6 set to be updated
Checking deps for alsa-utils.x86_64 0-1.0.22-5.el6 - u
alsa-utils-1.0.22-5.el6.x86_64 requires: libasound.so.2(ALSA_0.9.0rc8)(64bit)
--> Processing Dependency: libasound.so.2(ALSA_0.9.0rc8)(64bit) for package: alsa-utils-1.0.22-5.el6.x86_64
Searching pkgSack for dep: libasound.so.2(ALSA_0.9.0rc8)(64bit)
Potential match for libasound.so.2(ALSA_0.9.0rc8)(64bit) from alsa-lib-1.0.22-3.el6.x86_64
Matched alsa-lib-1.0.22-3.el6.x86_64 to require for libasound.so.2(ALSA_0.9.0rc8)(64bit)
TSINFO: Marking alsa-lib-1.0.22-3.el6.x86_64 as install for alsa-utils-1.0.22-5.el6.x86_64
alsa-utils-1.0.22-5.el6.x86_64 requires: libasound.so.2(ALSA_0.9.0rc4)(64bit)
--> Processing Dependency: libasound.so.2(ALSA_0.9.0rc4)(64bit) for package: alsa-utils-1.0.22-5.el6.x86_64
Quick matched alsa-lib-1.0.22-3.el6.x86_64 to require for libasound.so.2(ALSA_0.9.0rc4)(64bit)
alsa-utils-1.0.22-5.el6.x86_64 requires: libasound.so.2(ALSA_0.9)(64bit)
--> Processing Dependency: libasound.so.2(ALSA_0.9)(64bit) for package: alsa-utils-1.0.22-5.el6.x86_64
Quick matched alsa-lib-1.0.22-3.el6.x86_64 to require for libasound.so.2(ALSA_0.9)(64bit)
alsa-utils-1.0.22-5.el6.x86_64 requires: libasound.so.2()(64bit)
--> Processing Dependency: libasound.so.2()(64bit) for package: alsa-utils-1.0.22-5.el6.x86_64
Quick matched alsa-lib-1.0.22-3.el6.x86_64 to require for libasound.so.2()(64bit)
---> Package apr.x86_64 0:1.3.9-5.el6 set to be updated
Checking deps for apr.x86_64 0-1.3.9-5.el6 - u
apr-1.3.9-5.el6.x86_64 requires: libuuid.so.1(UUID_1.0)(64bit)
--> Processing Dependency: libuuid.so.1(UUID_1.0)(64bit) for package: apr-1.3.9-5.el6.x86_64
Searching pkgSack for dep: libuuid.so.1(UUID_1.0)(64bit)
Potential match for libuuid.so.1(UUID_1.0)(64bit) from libuuid-2.17.2-12.14.el6_5.x86_64
Matched libuuid-2.17.2-12.14.el6_5.x86_64 to require for libuuid.so.1(UUID_1.0)(64bit)
TSINFO: Marking libuuid-2.17.2-12.14.el6_5.x86_64 as install for apr-1.3.9-5.el6.x86_64
apr-1.3.9-5.el6.x86_64 requires: libuuid.so.1()(64bit)
--> Processing Dependency: libuuid.so.1()(64bit) for package: apr-1.3.9-5.el6.x86_64
Quick matched libuuid-2.17.2-12.14.el6_5.x86_64 to require for libuuid.so.1()(64bit)
---> Package apr-util.x86_64 0:1.3.9-3.el6.1 set to be updated
Checking deps for apr-util.x86_64 0-1.3.9-3.el6.1 - u
apr-util-1.3.9-3.el6.1.x86_64 requires: libexpat.so.1()(64bit)
--> Processing Dependency: libexpat.so.1()(64bit) for package: apr-util-1.3.9-3.el6.1.x86_64
Searching pkgSack for dep: libexpat.so.1()(64bit)
Potential match for libexpat.so.1()(64bit) from expat-2.0.1-11.el6_2.x86_64
Matched expat-2.0.1-11.el6_2.x86_64 to require for libexpat.so.1()(64bit)
TSINFO: Marking expat-2.0.1-11.el6_2.x86_64 as install for apr-util-1.3.9-3.el6.1.x86_64
---> Package apr-util-ldap.x86_64 0:1.3.9-3.el6.1 set to be updated
Checking deps for apr-util-ldap.x86_64 0-1.3.9-3.el6.1 - u
apr-util-ldap-1.3.9-3.el6.1.x86_64 requires: libldap-2.4.so.2()(64bit)
--> Processing Dependency: libldap-2.4.so.2()(64bit) for package: apr-util-ldap-1.3.9-3.el6.1.x86_64
Searching pkgSack for dep: libldap-2.4.so.2()(64bit)
Potential match for libldap-2.4.so.2()(64bit) from openldap-2.4.23-34.el6_5.1.x86_64
Matched openldap-2.4.23-34.el6_5.1.x86_64 to require for libldap-2.4.so.2()(64bit)
TSINFO: Marking openldap-2.4.23-34.el6_5.1.x86_64 as install for apr-util-ldap-1.3.9-3.el6.1.x86_64
apr-util-ldap-1.3.9-3.el6.1.x86_64 requires: liblber-2.4.so.2()(64bit)
--> Processing Dependency: liblber-2.4.so.2()(64bit) for package: apr-util-ldap-1.3.9-3.el6.1.x86_64
Quick matched openldap-2.4.23-34.el6_5.1.x86_64 to require for liblber-2.4.so.2()(64bit)
---> Package at.x86_64 0:3.1.10-43.el6_2.1 set to be updated
Checking deps for at.x86_64 0-3.1.10-43.el6_2.1 - u
at-3.1.10-43.el6_2.1.x86_64 requires: libpam.so.0(LIBPAM_1.0)(64bit)
--> Processing Dependency: libpam.so.0(LIBPAM_1.0)(64bit) for package: at-3.1.10-43.el6_2.1.x86_64
Searching pkgSack for dep: libpam.so.0(LIBPAM_1.0)(64bit)
Potential match for libpam.so.0(LIBPAM_1.0)(64bit) from pam-1.1.1-17.el6.x86_64
Matched pam-1.1.1-17.el6.x86_64 to require for libpam.so.0(LIBPAM_1.0)(64bit)
TSINFO: Marking pam-1.1.1-17.el6.x86_64 as install for at-3.1.10-43.el6_2.1.x86_64
at-3.1.10-43.el6_2.1.x86_64 requires: libselinux.so.1()(64bit)
--> Processing Dependency: libselinux.so.1()(64bit) for package: at-3.1.10-43.el6_2.1.x86_64
Searching pkgSack for dep: libselinux.so.1()(64bit)
Potential match for libselinux.so.1()(64bit) from libselinux-2.0.94-5.3.el6_4.1.x86_64
Matched libselinux-2.0.94-5.3.el6_4.1.x86_64 to require for libselinux.so.1()(64bit)
TSINFO: Marking libselinux-2.0.94-5.3.el6_4.1.x86_64 as install for at-3.1.10-43.el6_2.1.x86_64
at-3.1.10-43.el6_2.1.x86_64 requires: libpam.so.0()(64bit)
--> Processing Dependency: libpam.so.0()(64bit) for package: at-3.1.10-43.el6_2.1.x86_64
Searching pkgSack for dep: libpam.so.0()(64bit)
Potential match for libpam.so.0()(64bit) from pam-1.1.1-17.el6.x86_64
Matched pam-1.1.1-17.el6.x86_64 to require for libpam.so.0()(64bit)
pam-1.1.1-17.el6.x86_64 already in ts, skipping this one
at-3.1.10-43.el6_2.1.x86_64 requires: libpam_misc.so.0()(64bit)
--> Processing Dependency: libpam_misc.so.0()(64bit) for package: at-3.1.10-43.el6_2.1.x86_64
Quick matched pam-1.1.1-17.el6.x86_64 to require for libpam_misc.so.0()(64bit)
---> Package atmel-firmware.noarch 0:1.3-7.el6 set to be updated
Checking deps for atmel-firmware.noarch 0-1.3-7.el6 - u
---> Package atop.x86_64 0:1.27-1.el6 set to be updated
Checking deps for atop.x86_64 0-1.27-1.el6 - u
---> Package attr.x86_64 0:2.4.44-7.el6 set to be updated
Checking deps for attr.x86_64 0-2.4.44-7.el6 - u
---> Package audit.x86_64 0:2.2-4.el6_5 set to be updated
Checking deps for audit.x86_64 0-2.2-4.el6_5 - u
audit-2.2-4.el6_5.x86_64 requires: audit-libs = 2.2-4.el6_5
--> Processing Dependency: audit-libs = 2.2-4.el6_5 for package: audit-2.2-4.el6_5.x86_64
Searching pkgSack for dep: audit-libs
Potential match for audit-libs from audit-libs-2.2-4.el6_5.x86_64
Matched audit-libs-2.2-4.el6_5.x86_64 to require for audit-libs
TSINFO: Marking audit-libs-2.2-4.el6_5.x86_64 as install for audit-2.2-4.el6_5.x86_64
audit-2.2-4.el6_5.x86_64 requires: libauparse.so.0()(64bit)
--> Processing Dependency: libauparse.so.0()(64bit) for package: audit-2.2-4.el6_5.x86_64
Quick matched audit-libs-2.2-4.el6_5.x86_64 to require for libauparse.so.0()(64bit)
audit-2.2-4.el6_5.x86_64 requires: libwrap.so.0()(64bit)
--> Processing Dependency: libwrap.so.0()(64bit) for package: audit-2.2-4.el6_5.x86_64
Searching pkgSack for dep: libwrap.so.0()(64bit)
Potential match for libwrap.so.0()(64bit) from tcp_wrappers-libs-7.6-57.el6.x86_64
Matched tcp_wrappers-libs-7.6-57.el6.x86_64 to require for libwrap.so.0()(64bit)
TSINFO: Marking tcp_wrappers-libs-7.6-57.el6.x86_64 as install for audit-2.2-4.el6_5.x86_64
audit-2.2-4.el6_5.x86_64 requires: libaudit.so.1()(64bit)
--> Processing Dependency: libaudit.so.1()(64bit) for package: audit-2.2-4.el6_5.x86_64
Searching pkgSack for dep: libaudit.so.1()(64bit)
Potential match for libaudit.so.1()(64bit) from audit-libs-2.2-4.el6_5.x86_64
Matched audit-libs-2.2-4.el6_5.x86_64 to require for libaudit.so.1()(64bit)
audit-libs-2.2-4.el6_5.x86_64 already in ts, skipping this one
---> Package augeas-libs.x86_64 0:1.0.0-5.mira1 set to be updated
Checking deps for augeas-libs.x86_64 0-1.0.0-5.mira1 - u
---> Package authconfig.x86_64 0:6.1.12-13.el6 set to be updated
Checking deps for authconfig.x86_64 0-6.1.12-13.el6 - u
authconfig-6.1.12-13.el6.x86_64 requires: newt-python
--> Processing Dependency: newt-python for package: authconfig-6.1.12-13.el6.x86_64
Searching pkgSack for dep: newt-python
Potential match for newt-python from newt-python-0.52.11-3.el6.x86_64
Matched newt-python-0.52.11-3.el6.x86_64 to require for newt-python
TSINFO: Marking newt-python-0.52.11-3.el6.x86_64 as install for authconfig-6.1.12-13.el6.x86_64
---> Package autoconf.noarch 0:2.63-5.1.el6 set to be updated
Checking deps for autoconf.noarch 0-2.63-5.1.el6 - u
autoconf-2.63-5.1.el6.noarch requires: m4 >= 1.4.7
--> Processing Dependency: m4 >= 1.4.7 for package: autoconf-2.63-5.1.el6.noarch
Searching pkgSack for dep: m4
Potential match for m4 from m4-1.4.13-5.el6.x86_64
Matched m4-1.4.13-5.el6.x86_64 to require for m4
TSINFO: Marking m4-1.4.13-5.el6.x86_64 as install for autoconf-2.63-5.1.el6.noarch
autoconf-2.63-5.1.el6.noarch requires: /sbin/install-info
--> Processing Dependency: /sbin/install-info for package: autoconf-2.63-5.1.el6.noarch
Searching pkgSack for dep: /sbin/install-info
Potential match for /sbin/install-info from info-4.13a-8.el6.x86_64
TSINFO: Marking info-4.13a-8.el6.x86_64 as install for autoconf-2.63-5.1.el6.noarch
autoconf-2.63-5.1.el6.noarch requires: /sbin/install-info
--> Processing Dependency: /sbin/install-info for package: autoconf-2.63-5.1.el6.noarch
Searching pkgSack for dep: /sbin/install-info
Potential match for /sbin/install-info from info-4.13a-8.el6.x86_64
info-4.13a-8.el6.x86_64 already in ts, skipping this one
---> Package automake.noarch 0:1.11.1-4.el6 set to be updated
Checking deps for automake.noarch 0-1.11.1-4.el6 - u
---> Package avahi.x86_64 0:0.6.25-12.el6 set to be updated
Checking deps for avahi.x86_64 0-0.6.25-12.el6 - u
avahi-0.6.25-12.el6.x86_64 requires: avahi-libs = 0.6.25-12.el6
--> Processing Dependency: avahi-libs = 0.6.25-12.el6 for package: avahi-0.6.25-12.el6.x86_64
Searching pkgSack for dep: avahi-libs
Potential match for avahi-libs from avahi-libs-0.6.25-12.el6.x86_64
Matched avahi-libs-0.6.25-12.el6.x86_64 to require for avahi-libs
TSINFO: Marking avahi-libs-0.6.25-12.el6.x86_64 as install for avahi-0.6.25-12.el6.x86_64
avahi-0.6.25-12.el6.x86_64 requires: libdaemon >= 0.11
--> Processing Dependency: libdaemon >= 0.11 for package: avahi-0.6.25-12.el6.x86_64
Searching pkgSack for dep: libdaemon
Potential match for libdaemon from libdaemon-0.14-1.el6.x86_64
Matched libdaemon-0.14-1.el6.x86_64 to require for libdaemon
TSINFO: Marking libdaemon-0.14-1.el6.x86_64 as install for avahi-0.6.25-12.el6.x86_64
avahi-0.6.25-12.el6.x86_64 requires: libavahi-common.so.3()(64bit)
--> Processing Dependency: libavahi-common.so.3()(64bit) for package: avahi-0.6.25-12.el6.x86_64
Searching pkgSack for dep: libavahi-common.so.3()(64bit)
Potential match for libavahi-common.so.3()(64bit) from avahi-libs-0.6.25-12.el6.x86_64
Matched avahi-libs-0.6.25-12.el6.x86_64 to require for libavahi-common.so.3()(64bit)
avahi-libs-0.6.25-12.el6.x86_64 already in ts, skipping this one
avahi-0.6.25-12.el6.x86_64 requires: libdaemon.so.0()(64bit)
--> Processing Dependency: libdaemon.so.0()(64bit) for package: avahi-0.6.25-12.el6.x86_64
Searching pkgSack for dep: libdaemon.so.0()(64bit)
Potential match for libdaemon.so.0()(64bit) from libdaemon-0.14-1.el6.x86_64
Matched libdaemon-0.14-1.el6.x86_64 to require for libdaemon.so.0()(64bit)
libdaemon-0.14-1.el6.x86_64 already in ts, skipping this one
avahi-0.6.25-12.el6.x86_64 requires: libcap.so.2()(64bit)
--> Processing Dependency: libcap.so.2()(64bit) for package: avahi-0.6.25-12.el6.x86_64
Searching pkgSack for dep: libcap.so.2()(64bit)
Potential match for libcap.so.2()(64bit) from libcap-2.16-5.5.el6.x86_64
Matched libcap-2.16-5.5.el6.x86_64 to require for libcap.so.2()(64bit)
TSINFO: Marking libcap-2.16-5.5.el6.x86_64 as install for avahi-0.6.25-12.el6.x86_64
avahi-0.6.25-12.el6.x86_64 requires: libdbus-1.so.3()(64bit)
--> Processing Dependency: libdbus-1.so.3()(64bit) for package: avahi-0.6.25-12.el6.x86_64
Searching pkgSack for dep: libdbus-1.so.3()(64bit)
Potential match for libdbus-1.so.3()(64bit) from 1:dbus-libs-1.2.24-7.el6_3.x86_64
Matched 1:dbus-libs-1.2.24-7.el6_3.x86_64 to require for libdbus-1.so.3()(64bit)
TSINFO: Marking 1:dbus-libs-1.2.24-7.el6_3.x86_64 as install for avahi-0.6.25-12.el6.x86_64
---> Package b43-fwcutter.x86_64 0:012-2.2.el6 set to be updated
Checking deps for b43-fwcutter.x86_64 0-012-2.2.el6 - u
---> Package b43-openfwwf.noarch 0:5.2-4.el6 set to be updated
Checking deps for b43-openfwwf.noarch 0-5.2-4.el6 - u
b43-openfwwf-5.2-4.el6.noarch requires: module-init-tools
--> Processing Dependency: module-init-tools for package: b43-openfwwf-5.2-4.el6.noarch
Searching pkgSack for dep: module-init-tools
Potential match for module-init-tools from module-init-tools-3.9-21.el6_4.x86_64
Matched module-init-tools-3.9-21.el6_4.x86_64 to require for module-init-tools
TSINFO: Marking module-init-tools-3.9-21.el6_4.x86_64 as install for b43-openfwwf-5.2-4.el6.noarch
---> Package basesystem.noarch 0:10.0-4.el6 set to be updated
Checking deps for basesystem.noarch 0-10.0-4.el6 - u
---> Package bash.x86_64 0:4.1.2-15.el6_4 set to be updated
Checking deps for bash.x86_64 0-4.1.2-15.el6_4 - u
---> Package bc.x86_64 0:1.06.95-1.el6 set to be updated
Checking deps for bc.x86_64 0-1.06.95-1.el6 - u
bc-1.06.95-1.el6.x86_64 requires: libreadline.so.6()(64bit)
--> Processing Dependency: libreadline.so.6()(64bit) for package: bc-1.06.95-1.el6.x86_64
Searching pkgSack for dep: libreadline.so.6()(64bit)
Potential match for libreadline.so.6()(64bit) from readline-6.0-4.el6.x86_64
Matched readline-6.0-4.el6.x86_64 to require for libreadline.so.6()(64bit)
TSINFO: Marking readline-6.0-4.el6.x86_64 as install for bc-1.06.95-1.el6.x86_64
---> Package bfa-firmware.noarch 0:3.2.21.1-2.el6 set to be updated
Checking deps for bfa-firmware.noarch 0-3.2.21.1-2.el6 - u
---> Package bind-utils.x86_64 32:9.8.2-0.23.rc1.el6_5.1 set to be updated
Checking deps for bind-utils.x86_64 32-9.8.2-0.23.rc1.el6_5.1 - u
32:bind-utils-9.8.2-0.23.rc1.el6_5.1.x86_64 requires: bind-libs = 32:9.8.2-0.23.rc1.el6_5.1
--> Processing Dependency: bind-libs = 32:9.8.2-0.23.rc1.el6_5.1 for package: 32:bind-utils-9.8.2-0.23.rc1.el6_5.1.x86_64
Searching pkgSack for dep: bind-libs
Potential match for bind-libs from 32:bind-libs-9.8.2-0.23.rc1.el6_5.1.x86_64
Matched 32:bind-libs-9.8.2-0.23.rc1.el6_5.1.x86_64 to require for bind-libs
TSINFO: Marking 32:bind-libs-9.8.2-0.23.rc1.el6_5.1.x86_64 as install for 32:bind-utils-9.8.2-0.23.rc1.el6_5.1.x86_64
32:bind-utils-9.8.2-0.23.rc1.el6_5.1.x86_64 requires: libkrb5.so.3(krb5_3_MIT)(64bit)
--> Processing Dependency: libkrb5.so.3(krb5_3_MIT)(64bit) for package: 32:bind-utils-9.8.2-0.23.rc1.el6_5.1.x86_64
Searching pkgSack for dep: libkrb5.so.3(krb5_3_MIT)(64bit)
Potential match for libkrb5.so.3(krb5_3_MIT)(64bit) from krb5-libs-1.10.3-15.el6_5.1.x86_64
Matched krb5-libs-1.10.3-15.el6_5.1.x86_64 to require for libkrb5.so.3(krb5_3_MIT)(64bit)
TSINFO: Marking krb5-libs-1.10.3-15.el6_5.1.x86_64 as install for 32:bind-utils-9.8.2-0.23.rc1.el6_5.1.x86_64
32:bind-utils-9.8.2-0.23.rc1.el6_5.1.x86_64 requires: libidn.so.11(LIBIDN_1.0)(64bit)
--> Processing Dependency: libidn.so.11(LIBIDN_1.0)(64bit) for package: 32:bind-utils-9.8.2-0.23.rc1.el6_5.1.x86_64
Searching pkgSack for dep: libidn.so.11(LIBIDN_1.0)(64bit)
Potential match for libidn.so.11(LIBIDN_1.0)(64bit) from libidn-1.18-2.el6.x86_64
Matched libidn-1.18-2.el6.x86_64 to require for libidn.so.11(LIBIDN_1.0)(64bit)
TSINFO: Marking libidn-1.18-2.el6.x86_64 as install for 32:bind-utils-9.8.2-0.23.rc1.el6_5.1.x86_64
32:bind-utils-9.8.2-0.23.rc1.el6_5.1.x86_64 requires: liblwres.so.80()(64bit)
--> Processing Dependency: liblwres.so.80()(64bit) for package: 32:bind-utils-9.8.2-0.23.rc1.el6_5.1.x86_64
Searching pkgSack for dep: liblwres.so.80()(64bit)
Potential match for liblwres.so.80()(64bit) from 32:bind-libs-9.8.2-0.23.rc1.el6_5.1.x86_64
Matched 32:bind-libs-9.8.2-0.23.rc1.el6_5.1.x86_64 to require for liblwres.so.80()(64bit)
32:bind-libs-9.8.2-0.23.rc1.el6_5.1.x86_64 already in ts, skipping this one
32:bind-utils-9.8.2-0.23.rc1.el6_5.1.x86_64 requires: libidn.so.11()(64bit)
--> Processing Dependency: libidn.so.11()(64bit) for package: 32:bind-utils-9.8.2-0.23.rc1.el6_5.1.x86_64
Searching pkgSack for dep: libidn.so.11()(64bit)
Potential match for libidn.so.11()(64bit) from libidn-1.18-2.el6.x86_64
Matched libidn-1.18-2.el6.x86_64 to require for libidn.so.11()(64bit)
libidn-1.18-2.el6.x86_64 already in ts, skipping this one
32:bind-utils-9.8.2-0.23.rc1.el6_5.1.x86_64 requires: libgssapi_krb5.so.2()(64bit)
--> Processing Dependency: libgssapi_krb5.so.2()(64bit) for package: 32:bind-utils-9.8.2-0.23.rc1.el6_5.1.x86_64
Searching pkgSack for dep: libgssapi_krb5.so.2()(64bit)
Potential match for libgssapi_krb5.so.2()(64bit) from krb5-libs-1.10.3-15.el6_5.1.x86_64
Matched krb5-libs-1.10.3-15.el6_5.1.x86_64 to require for libgssapi_krb5.so.2()(64bit)
krb5-libs-1.10.3-15.el6_5.1.x86_64 already in ts, skipping this one
32:bind-utils-9.8.2-0.23.rc1.el6_5.1.x86_64 requires: libisccc.so.80()(64bit)
--> Processing Dependency: libisccc.so.80()(64bit) for package: 32:bind-utils-9.8.2-0.23.rc1.el6_5.1.x86_64
Searching pkgSack for dep: libisccc.so.80()(64bit)
Potential match for libisccc.so.80()(64bit) from 32:bind-libs-9.8.2-0.23.rc1.el6_5.1.x86_64
Matched 32:bind-libs-9.8.2-0.23.rc1.el6_5.1.x86_64 to require for libisccc.so.80()(64bit)
32:bind-libs-9.8.2-0.23.rc1.el6_5.1.x86_64 already in ts, skipping this one
32:bind-utils-9.8.2-0.23.rc1.el6_5.1.x86_64 requires: libisccfg.so.82()(64bit)
--> Processing Dependency: libisccfg.so.82()(64bit) for package: 32:bind-utils-9.8.2-0.23.rc1.el6_5.1.x86_64
Quick matched 32:bind-libs-9.8.2-0.23.rc1.el6_5.1.x86_64 to require for libisccfg.so.82()(64bit)
32:bind-utils-9.8.2-0.23.rc1.el6_5.1.x86_64 requires: libisc.so.83()(64bit)
--> Processing Dependency: libisc.so.83()(64bit) for package: 32:bind-utils-9.8.2-0.23.rc1.el6_5.1.x86_64
Quick matched 32:bind-libs-9.8.2-0.23.rc1.el6_5.1.x86_64 to require for libisc.so.83()(64bit)
32:bind-utils-9.8.2-0.23.rc1.el6_5.1.x86_64 requires: libcrypto.so.10()(64bit)
--> Processing Dependency: libcrypto.so.10()(64bit) for package: 32:bind-utils-9.8.2-0.23.rc1.el6_5.1.x86_64
Searching pkgSack for dep: libcrypto.so.10()(64bit)
Potential match for libcrypto.so.10()(64bit) from openssl-1.0.1e-16.el6_5.14.x86_64
Matched openssl-1.0.1e-16.el6_5.14.x86_64 to require for libcrypto.so.10()(64bit)
TSINFO: Marking openssl-1.0.1e-16.el6_5.14.x86_64 as install for 32:bind-utils-9.8.2-0.23.rc1.el6_5.1.x86_64
32:bind-utils-9.8.2-0.23.rc1.el6_5.1.x86_64 requires: libkrb5.so.3()(64bit)
--> Processing Dependency: libkrb5.so.3()(64bit) for package: 32:bind-utils-9.8.2-0.23.rc1.el6_5.1.x86_64
Searching pkgSack for dep: libkrb5.so.3()(64bit)
Potential match for libkrb5.so.3()(64bit) from krb5-libs-1.10.3-15.el6_5.1.x86_64
Matched krb5-libs-1.10.3-15.el6_5.1.x86_64 to require for libkrb5.so.3()(64bit)
krb5-libs-1.10.3-15.el6_5.1.x86_64 already in ts, skipping this one
32:bind-utils-9.8.2-0.23.rc1.el6_5.1.x86_64 requires: libdns.so.81()(64bit)
--> Processing Dependency: libdns.so.81()(64bit) for package: 32:bind-utils-9.8.2-0.23.rc1.el6_5.1.x86_64
Searching pkgSack for dep: libdns.so.81()(64bit)
Potential match for libdns.so.81()(64bit) from 32:bind-libs-9.8.2-0.23.rc1.el6_5.1.x86_64
Matched 32:bind-libs-9.8.2-0.23.rc1.el6_5.1.x86_64 to require for libdns.so.81()(64bit)
32:bind-libs-9.8.2-0.23.rc1.el6_5.1.x86_64 already in ts, skipping this one
32:bind-utils-9.8.2-0.23.rc1.el6_5.1.x86_64 requires: libbind9.so.80()(64bit)
--> Processing Dependency: libbind9.so.80()(64bit) for package: 32:bind-utils-9.8.2-0.23.rc1.el6_5.1.x86_64
Quick matched 32:bind-libs-9.8.2-0.23.rc1.el6_5.1.x86_64 to require for libbind9.so.80()(64bit)
---> Package biosdevname.x86_64 0:0.5.0-2.el6 set to be updated
Checking deps for biosdevname.x86_64 0-0.5.0-2.el6 - u
biosdevname-0.5.0-2.el6.x86_64 requires: libpci.so.3(LIBPCI_3.0)(64bit)
--> Processing Dependency: libpci.so.3(LIBPCI_3.0)(64bit) for package: biosdevname-0.5.0-2.el6.x86_64
Searching pkgSack for dep: libpci.so.3(LIBPCI_3.0)(64bit)
Potential match for libpci.so.3(LIBPCI_3.0)(64bit) from pciutils-libs-3.1.10-2.el6.x86_64
Matched pciutils-libs-3.1.10-2.el6.x86_64 to require for libpci.so.3(LIBPCI_3.0)(64bit)
TSINFO: Marking pciutils-libs-3.1.10-2.el6.x86_64 as install for biosdevname-0.5.0-2.el6.x86_64
biosdevname-0.5.0-2.el6.x86_64 requires: libpci.so.3()(64bit)
--> Processing Dependency: libpci.so.3()(64bit) for package: biosdevname-0.5.0-2.el6.x86_64
Quick matched pciutils-libs-3.1.10-2.el6.x86_64 to require for libpci.so.3()(64bit)
---> Package blktrace.x86_64 0:1.0.1-6.el6 set to be updated
Checking deps for blktrace.x86_64 0-1.0.1-6.el6 - u
---> Package boost-program-options.x86_64 0:1.41.0-18.el6 set to be updated
Checking deps for boost-program-options.x86_64 0-1.41.0-18.el6 - u
---> Package boost-system.x86_64 0:1.41.0-18.el6 set to be updated
Checking deps for boost-system.x86_64 0-1.41.0-18.el6 - u
---> Package boost-thread.x86_64 0:1.41.0-18.el6 set to be updated
Checking deps for boost-thread.x86_64 0-1.41.0-18.el6 - u
---> Package bridge-utils.x86_64 0:1.2-10.el6 set to be updated
Checking deps for bridge-utils.x86_64 0-1.2-10.el6 - u
---> Package byacc.x86_64 0:1.9.20070509-7.el6 set to be updated
Checking deps for byacc.x86_64 0-1.9.20070509-7.el6 - u
---> Package bzip2.x86_64 0:1.0.5-7.el6_0 set to be updated
Checking deps for bzip2.x86_64 0-1.0.5-7.el6_0 - u
bzip2-1.0.5-7.el6_0.x86_64 requires: libbz2.so.1()(64bit)
--> Processing Dependency: libbz2.so.1()(64bit) for package: bzip2-1.0.5-7.el6_0.x86_64
Searching pkgSack for dep: libbz2.so.1()(64bit)
Potential match for libbz2.so.1()(64bit) from bzip2-libs-1.0.5-7.el6_0.x86_64
Matched bzip2-libs-1.0.5-7.el6_0.x86_64 to require for libbz2.so.1()(64bit)
TSINFO: Marking bzip2-libs-1.0.5-7.el6_0.x86_64 as install for bzip2-1.0.5-7.el6_0.x86_64
---> Package c-ares19.x86_64 0:1.9.1-4.el6.3 set to be updated
Checking deps for c-ares19.x86_64 0-1.9.1-4.el6.3 - u
---> Package centos-indexhtml.noarch 0:6-1.el6.centos set to be updated
Checking deps for centos-indexhtml.noarch 0-6-1.el6.centos - u
---> Package centos-release.x86_64 0:6-5.el6.centos.11.2 set to be updated
Checking deps for centos-release.x86_64 0-6-5.el6.centos.11.2 - u
---> Package ceph.x86_64 0:0.80.4-0.mira1 set to be updated
Checking deps for ceph.x86_64 0-0.80.4-0.mira1 - u
ceph-0.80.4-0.mira1.x86_64 requires: ceph-common = 0.80.4-0.mira1
--> Processing Dependency: ceph-common = 0.80.4-0.mira1 for package: ceph-0.80.4-0.mira1.x86_64
Searching pkgSack for dep: ceph-common
Potential match for ceph-common from ceph-common-0.80.4-0.mira1.x86_64
Matched ceph-common-0.80.4-0.mira1.x86_64 to require for ceph-common
TSINFO: Marking ceph-common-0.80.4-0.mira1.x86_64 as install for ceph-0.80.4-0.mira1.x86_64
ceph-0.80.4-0.mira1.x86_64 requires: libkeyutils.so.1(KEYUTILS_0.3)(64bit)
--> Processing Dependency: libkeyutils.so.1(KEYUTILS_0.3)(64bit) for package: ceph-0.80.4-0.mira1.x86_64
Searching pkgSack for dep: libkeyutils.so.1(KEYUTILS_0.3)(64bit)
Potential match for libkeyutils.so.1(KEYUTILS_0.3)(64bit) from keyutils-libs-1.4-4.el6.x86_64
Matched keyutils-libs-1.4-4.el6.x86_64 to require for libkeyutils.so.1(KEYUTILS_0.3)(64bit)
TSINFO: Marking keyutils-libs-1.4-4.el6.x86_64 as install for ceph-0.80.4-0.mira1.x86_64
ceph-0.80.4-0.mira1.x86_64 requires: binutils
--> Processing Dependency: binutils for package: ceph-0.80.4-0.mira1.x86_64
Searching pkgSack for dep: binutils
Potential match for binutils from binutils-2.20.51.0.2-5.36.el6.x86_64
Matched binutils-2.20.51.0.2-5.36.el6.x86_64 to require for binutils
TSINFO: Marking binutils-2.20.51.0.2-5.36.el6.x86_64 as install for ceph-0.80.4-0.mira1.x86_64
ceph-0.80.4-0.mira1.x86_64 requires: libkeyutils.so.1()(64bit)
--> Processing Dependency: libkeyutils.so.1()(64bit) for package: ceph-0.80.4-0.mira1.x86_64
Searching pkgSack for dep: libkeyutils.so.1()(64bit)
Potential match for libkeyutils.so.1()(64bit) from keyutils-libs-1.4-4.el6.x86_64
Matched keyutils-libs-1.4-4.el6.x86_64 to require for libkeyutils.so.1()(64bit)
keyutils-libs-1.4-4.el6.x86_64 already in ts, skipping this one
---> Package ceph-deploy.noarch 0:1.5.9-0.mira1 set to be updated
Checking deps for ceph-deploy.noarch 0-1.5.9-0.mira1 - u
ceph-deploy-1.5.9-0.mira1.noarch requires: python-distribute
--> Processing Dependency: python-distribute for package: ceph-deploy-1.5.9-0.mira1.noarch
Searching pkgSack for dep: python-distribute
Potential match for python-distribute from python-distribute-0.7.3-1.noarch
Matched python-distribute-0.7.3-1.noarch to require for python-distribute
TSINFO: Marking python-distribute-0.7.3-1.noarch as install for ceph-deploy-1.5.9-0.mira1.noarch
---> Package ceph-radosgw.x86_64 0:0.80.4-0.mira1 set to be updated
Checking deps for ceph-radosgw.x86_64 0-0.80.4-0.mira1 - u
ceph-radosgw-0.80.4-0.mira1.x86_64 requires: libcurl.so.4()(64bit)
--> Processing Dependency: libcurl.so.4()(64bit) for package: ceph-radosgw-0.80.4-0.mira1.x86_64
Searching pkgSack for dep: libcurl.so.4()(64bit)
Potential match for libcurl.so.4()(64bit) from libcurl-7.19.7-37.el6_5.3.x86_64
Matched libcurl-7.19.7-37.el6_5.3.x86_64 to require for libcurl.so.4()(64bit)
TSINFO: Marking libcurl-7.19.7-37.el6_5.3.x86_64 as install for ceph-radosgw-0.80.4-0.mira1.x86_64
---> Package ceph-test.x86_64 0:0.80.4-0.mira1 set to be updated
Checking deps for ceph-test.x86_64 0-0.80.4-0.mira1 - u
---> Package cirros-testvm.x86_64 0:0.3.2-3.mira1 set to be updated
Checking deps for cirros-testvm.x86_64 0-0.3.2-3.mira1 - u
---> Package cirros-testvm-mellanox.x86_64 0:0.3.2-1.mira3 set to be updated
Checking deps for cirros-testvm-mellanox.x86_64 0-0.3.2-1.mira3 - u
---> Package cirros-testvmware.x86_64 0:0.3.1-3.mira3 set to be updated
Checking deps for cirros-testvmware.x86_64 0-0.3.1-3.mira3 - u
---> Package cloud-init.noarch 0:0.7.4-2.mira1 set to be updated
Checking deps for cloud-init.noarch 0-0.7.4-2.mira1 - u
cloud-init-0.7.4-2.mira1.noarch requires: python-boto >= 2.6.0
--> Processing Dependency: python-boto >= 2.6.0 for package: cloud-init-0.7.4-2.mira1.noarch
Searching pkgSack for dep: python-boto
Potential match for python-boto from python-boto-2.32.1-1.mira1.noarch
Matched python-boto-2.32.1-1.mira1.noarch to require for python-boto
TSINFO: Marking python-boto-2.32.1-1.mira1.noarch as install for cloud-init-0.7.4-2.mira1.noarch
cloud-init-0.7.4-2.mira1.noarch requires: python-prettytable
--> Processing Dependency: python-prettytable for package: cloud-init-0.7.4-2.mira1.noarch
Searching pkgSack for dep: python-prettytable
Potential match for python-prettytable from python-PrettyTable-0.7.2-5.1.noarch
Matched python-PrettyTable-0.7.2-5.1.noarch to require for python-prettytable
TSINFO: Marking python-PrettyTable-0.7.2-5.1.noarch as install for cloud-init-0.7.4-2.mira1.noarch
cloud-init-0.7.4-2.mira1.noarch requires: libselinux-python
--> Processing Dependency: libselinux-python for package: cloud-init-0.7.4-2.mira1.noarch
Searching pkgSack for dep: libselinux-python
Potential match for libselinux-python from libselinux-python-2.0.94-5.3.el6_4.1.x86_64
Matched libselinux-python-2.0.94-5.3.el6_4.1.x86_64 to require for libselinux-python
TSINFO: Marking libselinux-python-2.0.94-5.3.el6_4.1.x86_64 as install for cloud-init-0.7.4-2.mira1.noarch
cloud-init-0.7.4-2.mira1.noarch requires: python-configobj
--> Processing Dependency: python-configobj for package: cloud-init-0.7.4-2.mira1.noarch
Searching pkgSack for dep: python-configobj
Potential match for python-configobj from python-configobj-4.6.0-3.el6.noarch
Matched python-configobj-4.6.0-3.el6.noarch to require for python-configobj
TSINFO: Marking python-configobj-4.6.0-3.el6.noarch as install for cloud-init-0.7.4-2.mira1.noarch
cloud-init-0.7.4-2.mira1.noarch requires: net-tools
--> Processing Dependency: net-tools for package: cloud-init-0.7.4-2.mira1.noarch
Searching pkgSack for dep: net-tools
Potential match for net-tools from net-tools-1.60-110.el6_2.x86_64
Matched net-tools-1.60-110.el6_2.x86_64 to require for net-tools
TSINFO: Marking net-tools-1.60-110.el6_2.x86_64 as install for cloud-init-0.7.4-2.mira1.noarch
cloud-init-0.7.4-2.mira1.noarch requires: policycoreutils-python
--> Processing Dependency: policycoreutils-python for package: cloud-init-0.7.4-2.mira1.noarch
Searching pkgSack for dep: policycoreutils-python
Potential match for policycoreutils-python from policycoreutils-python-2.0.83-19.39.el6.x86_64
Matched policycoreutils-python-2.0.83-19.39.el6.x86_64 to require for policycoreutils-python
TSINFO: Marking policycoreutils-python-2.0.83-19.39.el6.x86_64 as install for cloud-init-0.7.4-2.mira1.noarch
cloud-init-0.7.4-2.mira1.noarch requires: python-jsonpatch
--> Processing Dependency: python-jsonpatch for package: cloud-init-0.7.4-2.mira1.noarch
Searching pkgSack for dep: python-jsonpatch
Potential match for python-jsonpatch from python-jsonpatch-1.2-2.el6.noarch
Matched python-jsonpatch-1.2-2.el6.noarch to require for python-jsonpatch
TSINFO: Marking python-jsonpatch-1.2-2.el6.noarch as install for cloud-init-0.7.4-2.mira1.noarch
---> Package cloud-utils.x86_64 0:0.27-9.mira2 set to be updated
Checking deps for cloud-utils.x86_64 0-0.27-9.mira2 - u
cloud-utils-0.27-9.mira2.x86_64 requires: gawk
--> Processing Dependency: gawk for package: cloud-utils-0.27-9.mira2.x86_64
Searching pkgSack for dep: gawk
Potential match for gawk from gawk-3.1.7-10.el6.x86_64
Matched gawk-3.1.7-10.el6.x86_64 to require for gawk
TSINFO: Marking gawk-3.1.7-10.el6.x86_64 as install for cloud-utils-0.27-9.mira2.x86_64
cloud-utils-0.27-9.mira2.x86_64 requires: cloud-utils-growpart
--> Processing Dependency: cloud-utils-growpart for package: cloud-utils-0.27-9.mira2.x86_64
Searching pkgSack for dep: cloud-utils-growpart
Potential match for cloud-utils-growpart from cloud-utils-growpart-0.27-9.mira2.x86_64
Matched cloud-utils-growpart-0.27-9.mira2.x86_64 to require for cloud-utils-growpart
TSINFO: Marking cloud-utils-growpart-0.27-9.mira2.x86_64 as install for cloud-utils-0.27-9.mira2.x86_64
cloud-utils-0.27-9.mira2.x86_64 requires: qemu-img
--> Processing Dependency: qemu-img for package: cloud-utils-0.27-9.mira2.x86_64
Searching pkgSack for dep: qemu-img
Potential match for qemu-img from 2:qemu-img-2.0.0-4.mira2.x86_64
Matched 2:qemu-img-2.0.0-4.mira2.x86_64 to require for qemu-img
TSINFO: Marking 2:qemu-img-2.0.0-4.mira2.x86_64 as install for cloud-utils-0.27-9.mira2.x86_64
---> Package cluster-glue-libs.x86_64 0:1.0.11-59.1 set to be updated
Checking deps for cluster-glue-libs.x86_64 0-1.0.11-59.1 - u
cluster-glue-libs-1.0.11-59.1.x86_64 requires: libltdl.so.7()(64bit)
--> Processing Dependency: libltdl.so.7()(64bit) for package: cluster-glue-libs-1.0.11-59.1.x86_64
Searching pkgSack for dep: libltdl.so.7()(64bit)
Potential match for libltdl.so.7()(64bit) from libtool-ltdl-2.2.6-15.5.el6.x86_64
Matched libtool-ltdl-2.2.6-15.5.el6.x86_64 to require for libltdl.so.7()(64bit)
TSINFO: Marking libtool-ltdl-2.2.6-15.5.el6.x86_64 as install for cluster-glue-libs-1.0.11-59.1.x86_64
---> Package cman.x86_64 0:3.0.12.1-59.el6_5.2 set to be updated
Checking deps for cman.x86_64 0-3.0.12.1-59.el6_5.2 - u
cman-3.0.12.1-59.el6_5.2.x86_64 requires: clusterlib = 3.0.12.1-59.el6_5.2
--> Processing Dependency: clusterlib = 3.0.12.1-59.el6_5.2 for package: cman-3.0.12.1-59.el6_5.2.x86_64
Searching pkgSack for dep: clusterlib
Potential match for clusterlib from clusterlib-3.0.12.1-59.el6_5.2.x86_64
Matched clusterlib-3.0.12.1-59.el6_5.2.x86_64 to require for clusterlib
TSINFO: Marking clusterlib-3.0.12.1-59.el6_5.2.x86_64 as install for cman-3.0.12.1-59.el6_5.2.x86_64
cman-3.0.12.1-59.el6_5.2.x86_64 requires: fence-virt >= 0.2.3-1
--> Processing Dependency: fence-virt >= 0.2.3-1 for package: cman-3.0.12.1-59.el6_5.2.x86_64
Searching pkgSack for dep: fence-virt
Potential match for fence-virt from fence-virt-0.2.3-15.el6.x86_64
Matched fence-virt-0.2.3-15.el6.x86_64 to require for fence-virt
TSINFO: Marking fence-virt-0.2.3-15.el6.x86_64 as install for cman-3.0.12.1-59.el6_5.2.x86_64
cman-3.0.12.1-59.el6_5.2.x86_64 requires: openais >= 1.1.1-1
--> Processing Dependency: openais >= 1.1.1-1 for package: cman-3.0.12.1-59.el6_5.2.x86_64
Searching pkgSack for dep: openais
Potential match for openais from openais-1.1.4-47.3.x86_64
Matched openais-1.1.4-47.3.x86_64 to require for openais
TSINFO: Marking openais-1.1.4-47.3.x86_64 as install for cman-3.0.12.1-59.el6_5.2.x86_64
cman-3.0.12.1-59.el6_5.2.x86_64 requires: ricci >= 0.15.0-4
--> Processing Dependency: ricci >= 0.15.0-4 for package: cman-3.0.12.1-59.el6_5.2.x86_64
Searching pkgSack for dep: ricci
Potential match for ricci from ricci-0.16.2-69.el6_5.1.x86_64
Matched ricci-0.16.2-69.el6_5.1.x86_64 to require for ricci
TSINFO: Marking ricci-0.16.2-69.el6_5.1.x86_64 as install for cman-3.0.12.1-59.el6_5.2.x86_64
cman-3.0.12.1-59.el6_5.2.x86_64 requires: modcluster >= 0.15.0-3
--> Processing Dependency: modcluster >= 0.15.0-3 for package: cman-3.0.12.1-59.el6_5.2.x86_64
Searching pkgSack for dep: modcluster
Potential match for modcluster from modcluster-0.16.2-28.el6.x86_64
Matched modcluster-0.16.2-28.el6.x86_64 to require for modcluster
TSINFO: Marking modcluster-0.16.2-28.el6.x86_64 as install for cman-3.0.12.1-59.el6_5.2.x86_64
cman-3.0.12.1-59.el6_5.2.x86_64 requires: libSaCkpt.so.3(OPENAIS_CKPT_B.01.01)(64bit)
--> Processing Dependency: libSaCkpt.so.3(OPENAIS_CKPT_B.01.01)(64bit) for package: cman-3.0.12.1-59.el6_5.2.x86_64
Searching pkgSack for dep: libSaCkpt.so.3(OPENAIS_CKPT_B.01.01)(64bit)
Potential match for libSaCkpt.so.3(OPENAIS_CKPT_B.01.01)(64bit) from openaislib-1.1.4-47.3.x86_64
Matched openaislib-1.1.4-47.3.x86_64 to require for libSaCkpt.so.3(OPENAIS_CKPT_B.01.01)(64bit)
TSINFO: Marking openaislib-1.1.4-47.3.x86_64 as install for cman-3.0.12.1-59.el6_5.2.x86_64
cman-3.0.12.1-59.el6_5.2.x86_64 requires: /usr/bin/xsltproc
--> Processing Dependency: /usr/bin/xsltproc for package: cman-3.0.12.1-59.el6_5.2.x86_64
Searching pkgSack for dep: /usr/bin/xsltproc
Potential match for /usr/bin/xsltproc from libxslt-1.1.26-2.el6_3.1.x86_64
TSINFO: Marking libxslt-1.1.26-2.el6_3.1.x86_64 as install for cman-3.0.12.1-59.el6_5.2.x86_64
cman-3.0.12.1-59.el6_5.2.x86_64 requires: libconfdb.so.4(COROSYNC_CONFDB_1.0)(64bit)
--> Processing Dependency: libconfdb.so.4(COROSYNC_CONFDB_1.0)(64bit) for package: cman-3.0.12.1-59.el6_5.2.x86_64
Searching pkgSack for dep: libconfdb.so.4(COROSYNC_CONFDB_1.0)(64bit)
Potential match for libconfdb.so.4(COROSYNC_CONFDB_1.0)(64bit) from corosynclib-1.4.6-26.2.mira1.x86_64
Matched corosynclib-1.4.6-26.2.mira1.x86_64 to require for libconfdb.so.4(COROSYNC_CONFDB_1.0)(64bit)
TSINFO: Marking corosynclib-1.4.6-26.2.mira1.x86_64 as install for cman-3.0.12.1-59.el6_5.2.x86_64
cman-3.0.12.1-59.el6_5.2.x86_64 requires: libcpg.so.4(COROSYNC_CPG_1.0)(64bit)
--> Processing Dependency: libcpg.so.4(COROSYNC_CPG_1.0)(64bit) for package: cman-3.0.12.1-59.el6_5.2.x86_64
Quick matched corosynclib-1.4.6-26.2.mira1.x86_64 to require for libcpg.so.4(COROSYNC_CPG_1.0)(64bit)
cman-3.0.12.1-59.el6_5.2.x86_64 requires: libdlm.so.3()(64bit)
--> Processing Dependency: libdlm.so.3()(64bit) for package: cman-3.0.12.1-59.el6_5.2.x86_64
Searching pkgSack for dep: libdlm.so.3()(64bit)
Potential match for libdlm.so.3()(64bit) from clusterlib-3.0.12.1-59.el6_5.2.x86_64
Matched clusterlib-3.0.12.1-59.el6_5.2.x86_64 to require for libdlm.so.3()(64bit)
clusterlib-3.0.12.1-59.el6_5.2.x86_64 already in ts, skipping this one
cman-3.0.12.1-59.el6_5.2.x86_64 requires: libcman.so.3()(64bit)
--> Processing Dependency: libcman.so.3()(64bit) for package: cman-3.0.12.1-59.el6_5.2.x86_64
Quick matched clusterlib-3.0.12.1-59.el6_5.2.x86_64 to require for libcman.so.3()(64bit)
cman-3.0.12.1-59.el6_5.2.x86_64 requires: libSaCkpt.so.3()(64bit)
--> Processing Dependency: libSaCkpt.so.3()(64bit) for package: cman-3.0.12.1-59.el6_5.2.x86_64
Searching pkgSack for dep: libSaCkpt.so.3()(64bit)
Potential match for libSaCkpt.so.3()(64bit) from openaislib-1.1.4-47.3.x86_64
Matched openaislib-1.1.4-47.3.x86_64 to require for libSaCkpt.so.3()(64bit)
openaislib-1.1.4-47.3.x86_64 already in ts, skipping this one
cman-3.0.12.1-59.el6_5.2.x86_64 requires: liblogthread.so.3()(64bit)
--> Processing Dependency: liblogthread.so.3()(64bit) for package: cman-3.0.12.1-59.el6_5.2.x86_64
Searching pkgSack for dep: liblogthread.so.3()(64bit)
Potential match for liblogthread.so.3()(64bit) from clusterlib-3.0.12.1-59.el6_5.2.x86_64
Matched clusterlib-3.0.12.1-59.el6_5.2.x86_64 to require for liblogthread.so.3()(64bit)
clusterlib-3.0.12.1-59.el6_5.2.x86_64 already in ts, skipping this one
cman-3.0.12.1-59.el6_5.2.x86_64 requires: libconfdb.so.4()(64bit)
--> Processing Dependency: libconfdb.so.4()(64bit) for package: cman-3.0.12.1-59.el6_5.2.x86_64
Searching pkgSack for dep: libconfdb.so.4()(64bit)
Potential match for libconfdb.so.4()(64bit) from corosynclib-1.4.6-26.2.mira1.x86_64
Matched corosynclib-1.4.6-26.2.mira1.x86_64 to require for libconfdb.so.4()(64bit)
corosynclib-1.4.6-26.2.mira1.x86_64 already in ts, skipping this one
cman-3.0.12.1-59.el6_5.2.x86_64 requires: libfence.so.4()(64bit)
--> Processing Dependency: libfence.so.4()(64bit) for package: cman-3.0.12.1-59.el6_5.2.x86_64
Searching pkgSack for dep: libfence.so.4()(64bit)
Potential match for libfence.so.4()(64bit) from clusterlib-3.0.12.1-59.el6_5.2.x86_64
Matched clusterlib-3.0.12.1-59.el6_5.2.x86_64 to require for libfence.so.4()(64bit)
clusterlib-3.0.12.1-59.el6_5.2.x86_64 already in ts, skipping this one
cman-3.0.12.1-59.el6_5.2.x86_64 requires: libccs.so.3()(64bit)
--> Processing Dependency: libccs.so.3()(64bit) for package: cman-3.0.12.1-59.el6_5.2.x86_64
Quick matched clusterlib-3.0.12.1-59.el6_5.2.x86_64 to require for libccs.so.3()(64bit)
cman-3.0.12.1-59.el6_5.2.x86_64 requires: libcpg.so.4()(64bit)
--> Processing Dependency: libcpg.so.4()(64bit) for package: cman-3.0.12.1-59.el6_5.2.x86_64
Searching pkgSack for dep: libcpg.so.4()(64bit)
Potential match for libcpg.so.4()(64bit) from corosynclib-1.4.6-26.2.mira1.x86_64
Matched corosynclib-1.4.6-26.2.mira1.x86_64 to require for libcpg.so.4()(64bit)
corosynclib-1.4.6-26.2.mira1.x86_64 already in ts, skipping this one
cman-3.0.12.1-59.el6_5.2.x86_64 requires: libfenced.so.3()(64bit)
--> Processing Dependency: libfenced.so.3()(64bit) for package: cman-3.0.12.1-59.el6_5.2.x86_64
Searching pkgSack for dep: libfenced.so.3()(64bit)
Potential match for libfenced.so.3()(64bit) from clusterlib-3.0.12.1-59.el6_5.2.x86_64
Matched clusterlib-3.0.12.1-59.el6_5.2.x86_64 to require for libfenced.so.3()(64bit)
clusterlib-3.0.12.1-59.el6_5.2.x86_64 already in ts, skipping this one
cman-3.0.12.1-59.el6_5.2.x86_64 requires: libdlmcontrol.so.3()(64bit)
--> Processing Dependency: libdlmcontrol.so.3()(64bit) for package: cman-3.0.12.1-59.el6_5.2.x86_64
Quick matched clusterlib-3.0.12.1-59.el6_5.2.x86_64 to require for libdlmcontrol.so.3()(64bit)
---> Package cobbler.noarch 0:2.4.4-1.mira1 set to be updated
Checking deps for cobbler.noarch 0-2.4.4-1.mira1 - u
cobbler-2.4.4-1.mira1.noarch requires: genisoimage
--> Processing Dependency: genisoimage for package: cobbler-2.4.4-1.mira1.noarch
Searching pkgSack for dep: genisoimage
Potential match for genisoimage from genisoimage-1.1.10-1.el6.x86_64
Matched genisoimage-1.1.10-1.el6.x86_64 to require for genisoimage
TSINFO: Marking genisoimage-1.1.10-1.el6.x86_64 as install for cobbler-2.4.4-1.mira1.noarch
cobbler-2.4.4-1.mira1.noarch requires: python-urlgrabber
--> Processing Dependency: python-urlgrabber for package: cobbler-2.4.4-1.mira1.noarch
Searching pkgSack for dep: python-urlgrabber
Potential match for python-urlgrabber from python-urlgrabber-3.9.1-9.el6.noarch
Matched python-urlgrabber-3.9.1-9.el6.noarch to require for python-urlgrabber
TSINFO: Marking python-urlgrabber-3.9.1-9.el6.noarch as install for cobbler-2.4.4-1.mira1.noarch
cobbler-2.4.4-1.mira1.noarch requires: createrepo
--> Processing Dependency: createrepo for package: cobbler-2.4.4-1.mira1.noarch
Searching pkgSack for dep: createrepo
Potential match for createrepo from createrepo-0.9.9-18.el6.noarch
Matched createrepo-0.9.9-18.el6.noarch to require for createrepo
TSINFO: Marking createrepo-0.9.9-18.el6.noarch as install for cobbler-2.4.4-1.mira1.noarch
---> Package cobbler-web.noarch 0:2.4.4-1.mira1 set to be updated
Checking deps for cobbler-web.noarch 0-2.4.4-1.mira1 - u
---> Package coreutils.x86_64 0:8.4-31.el6_5.2 set to be updated
Checking deps for coreutils.x86_64 0-8.4-31.el6_5.2 - u
coreutils-8.4-31.el6_5.2.x86_64 requires: coreutils-libs = 8.4-31.el6_5.2
--> Processing Dependency: coreutils-libs = 8.4-31.el6_5.2 for package: coreutils-8.4-31.el6_5.2.x86_64
Searching pkgSack for dep: coreutils-libs
Potential match for coreutils-libs from coreutils-libs-8.4-31.el6_5.2.x86_64
Matched coreutils-libs-8.4-31.el6_5.2.x86_64 to require for coreutils-libs
TSINFO: Marking coreutils-libs-8.4-31.el6_5.2.x86_64 as install for coreutils-8.4-31.el6_5.2.x86_64
coreutils-8.4-31.el6_5.2.x86_64 requires: gmp
--> Processing Dependency: gmp for package: coreutils-8.4-31.el6_5.2.x86_64
Searching pkgSack for dep: gmp
Potential match for gmp from gmp-4.3.1-7.el6_2.2.x86_64
Matched gmp-4.3.1-7.el6_2.2.x86_64 to require for gmp
TSINFO: Marking gmp-4.3.1-7.el6_2.2.x86_64 as install for coreutils-8.4-31.el6_5.2.x86_64
coreutils-8.4-31.el6_5.2.x86_64 requires: libgmp.so.3()(64bit)
--> Processing Dependency: libgmp.so.3()(64bit) for package: coreutils-8.4-31.el6_5.2.x86_64
Quick matched gmp-4.3.1-7.el6_2.2.x86_64 to require for libgmp.so.3()(64bit)
---> Package corosync.x86_64 0:1.4.6-26.2.mira1 set to be updated
Checking deps for corosync.x86_64 0-1.4.6-26.2.mira1 - u
---> Package cpio.x86_64 0:2.10-11.el6_3 set to be updated
Checking deps for cpio.x86_64 0-2.10-11.el6_3 - u
---> Package cpufreq-init.noarch 0:1.0.0-0.el6 set to be updated
Checking deps for cpufreq-init.noarch 0-1.0.0-0.el6 - u
---> Package cpuspeed.x86_64 1:1.5-20.el6_4 set to be updated
Checking deps for cpuspeed.x86_64 1-1.5-20.el6_4 - u
---> Package crmsh.x86_64 0:1.2.6-1.mira1 set to be updated
Checking deps for crmsh.x86_64 0-1.2.6-1.mira1 - u
crmsh-1.2.6-1.mira1.x86_64 requires: python-dateutil
--> Processing Dependency: python-dateutil for package: crmsh-1.2.6-1.mira1.x86_64
Searching pkgSack for dep: python-dateutil
Potential match for python-dateutil from python-dateutil-1.4.1-6.el6.noarch
Matched python-dateutil-1.4.1-6.el6.noarch to require for python-dateutil
TSINFO: Marking python-dateutil-1.4.1-6.el6.noarch as install for crmsh-1.2.6-1.mira1.x86_64
crmsh-1.2.6-1.mira1.x86_64 requires: python-lxml
--> Processing Dependency: python-lxml for package: crmsh-1.2.6-1.mira1.x86_64
Searching pkgSack for dep: python-lxml
Potential match for python-lxml from python-lxml-3.2.3-1.el6.x86_64
Matched python-lxml-3.2.3-1.el6.x86_64 to require for python-lxml
TSINFO: Marking python-lxml-3.2.3-1.el6.x86_64 as install for crmsh-1.2.6-1.mira1.x86_64
---> Package cronie.x86_64 0:1.4.4-12.el6 set to be updated
Checking deps for cronie.x86_64 0-1.4.4-12.el6 - u
cronie-1.4.4-12.el6.x86_64 requires: sed
--> Processing Dependency: sed for package: cronie-1.4.4-12.el6.x86_64
Searching pkgSack for dep: sed
Potential match for sed from sed-4.2.1-10.el6.x86_64
Matched sed-4.2.1-10.el6.x86_64 to require for sed
TSINFO: Marking sed-4.2.1-10.el6.x86_64 as install for cronie-1.4.4-12.el6.x86_64
---> Package cronie-anacron.x86_64 0:1.4.4-12.el6 set to be updated
Checking deps for cronie-anacron.x86_64 0-1.4.4-12.el6 - u
---> Package cronie-noanacron.x86_64 0:1.4.4-12.el6 set to be updated
Checking deps for cronie-noanacron.x86_64 0-1.4.4-12.el6 - u
---> Package crontabs.noarch 0:1.10-33.el6 set to be updated
Checking deps for crontabs.noarch 0-1.10-33.el6 - u
---> Package cryptsetup-luks.x86_64 0:1.2.0-7.el6 set to be updated
Checking deps for cryptsetup-luks.x86_64 0-1.2.0-7.el6 - u
cryptsetup-luks-1.2.0-7.el6.x86_64 requires: cryptsetup-luks-libs = 1.2.0-7.el6
--> Processing Dependency: cryptsetup-luks-libs = 1.2.0-7.el6 for package: cryptsetup-luks-1.2.0-7.el6.x86_64
Searching pkgSack for dep: cryptsetup-luks-libs
Potential match for cryptsetup-luks-libs from cryptsetup-luks-libs-1.2.0-7.el6.x86_64
Matched cryptsetup-luks-libs-1.2.0-7.el6.x86_64 to require for cryptsetup-luks-libs
TSINFO: Marking cryptsetup-luks-libs-1.2.0-7.el6.x86_64 as install for cryptsetup-luks-1.2.0-7.el6.x86_64
cryptsetup-luks-1.2.0-7.el6.x86_64 requires: libcryptsetup.so.1(CRYPTSETUP_1.0)(64bit)
--> Processing Dependency: libcryptsetup.so.1(CRYPTSETUP_1.0)(64bit) for package: cryptsetup-luks-1.2.0-7.el6.x86_64
Quick matched cryptsetup-luks-libs-1.2.0-7.el6.x86_64 to require for libcryptsetup.so.1(CRYPTSETUP_1.0)(64bit)
cryptsetup-luks-1.2.0-7.el6.x86_64 requires: libpopt.so.0(LIBPOPT_0)(64bit)
--> Processing Dependency: libpopt.so.0(LIBPOPT_0)(64bit) for package: cryptsetup-luks-1.2.0-7.el6.x86_64
Searching pkgSack for dep: libpopt.so.0(LIBPOPT_0)(64bit)
Potential match for libpopt.so.0(LIBPOPT_0)(64bit) from popt-1.13-7.el6.x86_64
Matched popt-1.13-7.el6.x86_64 to require for libpopt.so.0(LIBPOPT_0)(64bit)
TSINFO: Marking popt-1.13-7.el6.x86_64 as install for cryptsetup-luks-1.2.0-7.el6.x86_64
cryptsetup-luks-1.2.0-7.el6.x86_64 requires: libcryptsetup.so.1()(64bit)
--> Processing Dependency: libcryptsetup.so.1()(64bit) for package: cryptsetup-luks-1.2.0-7.el6.x86_64
Searching pkgSack for dep: libcryptsetup.so.1()(64bit)
Potential match for libcryptsetup.so.1()(64bit) from cryptsetup-luks-libs-1.2.0-7.el6.x86_64
Matched cryptsetup-luks-libs-1.2.0-7.el6.x86_64 to require for libcryptsetup.so.1()(64bit)
cryptsetup-luks-libs-1.2.0-7.el6.x86_64 already in ts, skipping this one
cryptsetup-luks-1.2.0-7.el6.x86_64 requires: libpopt.so.0()(64bit)
--> Processing Dependency: libpopt.so.0()(64bit) for package: cryptsetup-luks-1.2.0-7.el6.x86_64
Searching pkgSack for dep: libpopt.so.0()(64bit)
Potential match for libpopt.so.0()(64bit) from popt-1.13-7.el6.x86_64
Matched popt-1.13-7.el6.x86_64 to require for libpopt.so.0()(64bit)
popt-1.13-7.el6.x86_64 already in ts, skipping this one
cryptsetup-luks-1.2.0-7.el6.x86_64 requires: libfipscheck.so.1()(64bit)
--> Processing Dependency: libfipscheck.so.1()(64bit) for package: cryptsetup-luks-1.2.0-7.el6.x86_64
Searching pkgSack for dep: libfipscheck.so.1()(64bit)
Potential match for libfipscheck.so.1()(64bit) from fipscheck-lib-1.2.0-7.el6.x86_64
Matched fipscheck-lib-1.2.0-7.el6.x86_64 to require for libfipscheck.so.1()(64bit)
TSINFO: Marking fipscheck-lib-1.2.0-7.el6.x86_64 as install for cryptsetup-luks-1.2.0-7.el6.x86_64
---> Package curl.x86_64 0:7.19.7-37.el6_5.3 set to be updated
Checking deps for curl.x86_64 0-7.19.7-37.el6_5.3 - u
curl-7.19.7-37.el6_5.3.x86_64 requires: libssh2.so.1()(64bit)
--> Processing Dependency: libssh2.so.1()(64bit) for package: curl-7.19.7-37.el6_5.3.x86_64
Searching pkgSack for dep: libssh2.so.1()(64bit)
Potential match for libssh2.so.1()(64bit) from libssh2-1.4.2-1.el6.x86_64
Matched libssh2-1.4.2-1.el6.x86_64 to require for libssh2.so.1()(64bit)
TSINFO: Marking libssh2-1.4.2-1.el6.x86_64 as install for curl-7.19.7-37.el6_5.3.x86_64
curl-7.19.7-37.el6_5.3.x86_64 requires: libcom_err.so.2()(64bit)
--> Processing Dependency: libcom_err.so.2()(64bit) for package: curl-7.19.7-37.el6_5.3.x86_64
Searching pkgSack for dep: libcom_err.so.2()(64bit)
Potential match for libcom_err.so.2()(64bit) from libcom_err-1.41.12-18.el6.x86_64
Matched libcom_err-1.41.12-18.el6.x86_64 to require for libcom_err.so.2()(64bit)
TSINFO: Marking libcom_err-1.41.12-18.el6.x86_64 as install for curl-7.19.7-37.el6_5.3.x86_64
---> Package cyrus-sasl-plain.x86_64 0:2.1.23-13.el6_3.1 set to be updated
Checking deps for cyrus-sasl-plain.x86_64 0-2.1.23-13.el6_3.1 - u
cyrus-sasl-plain-2.1.23-13.el6_3.1.x86_64 requires: cyrus-sasl-lib = 2.1.23-13.el6_3.1
--> Processing Dependency: cyrus-sasl-lib = 2.1.23-13.el6_3.1 for package: cyrus-sasl-plain-2.1.23-13.el6_3.1.x86_64
Searching pkgSack for dep: cyrus-sasl-lib
Potential match for cyrus-sasl-lib from cyrus-sasl-lib-2.1.23-13.el6_3.1.x86_64
Matched cyrus-sasl-lib-2.1.23-13.el6_3.1.x86_64 to require for cyrus-sasl-lib
TSINFO: Marking cyrus-sasl-lib-2.1.23-13.el6_3.1.x86_64 as install for cyrus-sasl-plain-2.1.23-13.el6_3.1.x86_64
---> Package daemonize.x86_64 0:1.7.3-1.el6 set to be updated
Checking deps for daemonize.x86_64 0-1.7.3-1.el6 - u
---> Package db4.x86_64 0:4.7.25-18.el6_4 set to be updated
Checking deps for db4.x86_64 0-4.7.25-18.el6_4 - u
---> Package db4-cxx.x86_64 0:4.7.25-18.el6_4 set to be updated
Checking deps for db4-cxx.x86_64 0-4.7.25-18.el6_4 - u
---> Package db4-utils.x86_64 0:4.7.25-18.el6_4 set to be updated
Checking deps for db4-utils.x86_64 0-4.7.25-18.el6_4 - u
---> Package dbus.x86_64 1:1.2.24-7.el6_3 set to be updated
Checking deps for dbus.x86_64 1-1.2.24-7.el6_3 - u
1:dbus-1.2.24-7.el6_3.x86_64 requires: libcap-ng.so.0()(64bit)
--> Processing Dependency: libcap-ng.so.0()(64bit) for package: 1:dbus-1.2.24-7.el6_3.x86_64
Searching pkgSack for dep: libcap-ng.so.0()(64bit)
Potential match for libcap-ng.so.0()(64bit) from libcap-ng-0.6.4-3.el6_0.1.x86_64
Matched libcap-ng-0.6.4-3.el6_0.1.x86_64 to require for libcap-ng.so.0()(64bit)
TSINFO: Marking libcap-ng-0.6.4-3.el6_0.1.x86_64 as install for 1:dbus-1.2.24-7.el6_3.x86_64
---> Package dbus-python.x86_64 0:0.83.0-6.1.el6 set to be updated
Checking deps for dbus-python.x86_64 0-0.83.0-6.1.el6 - u
dbus-python-0.83.0-6.1.el6.x86_64 requires: libdbus-glib-1.so.2()(64bit)
--> Processing Dependency: libdbus-glib-1.so.2()(64bit) for package: dbus-python-0.83.0-6.1.el6.x86_64
Searching pkgSack for dep: libdbus-glib-1.so.2()(64bit)
Potential match for libdbus-glib-1.so.2()(64bit) from dbus-glib-0.86-6.el6.x86_64
Matched dbus-glib-0.86-6.el6.x86_64 to require for libdbus-glib-1.so.2()(64bit)
TSINFO: Marking dbus-glib-0.86-6.el6.x86_64 as install for dbus-python-0.83.0-6.1.el6.x86_64
---> Package debootstrap.noarch 0:1.0.19-2.el6 set to be updated
Checking deps for debootstrap.noarch 0-1.0.19-2.el6 - u
debootstrap-1.0.19-2.el6.noarch requires: gettext
--> Processing Dependency: gettext for package: debootstrap-1.0.19-2.el6.noarch
Searching pkgSack for dep: gettext
Potential match for gettext from gettext-0.17-16.el6.x86_64
Matched gettext-0.17-16.el6.x86_64 to require for gettext
TSINFO: Marking gettext-0.17-16.el6.x86_64 as install for debootstrap-1.0.19-2.el6.noarch
debootstrap-1.0.19-2.el6.noarch requires: tar
--> Processing Dependency: tar for package: debootstrap-1.0.19-2.el6.noarch
Searching pkgSack for dep: tar
Potential match for tar from 2:tar-1.23-11.el6.x86_64
Matched 2:tar-1.23-11.el6.x86_64 to require for tar
TSINFO: Marking 2:tar-1.23-11.el6.x86_64 as install for debootstrap-1.0.19-2.el6.noarch
debootstrap-1.0.19-2.el6.noarch requires: gzip
--> Processing Dependency: gzip for package: debootstrap-1.0.19-2.el6.noarch
Searching pkgSack for dep: gzip
Potential match for gzip from gzip-1.3.12-19.el6_4.x86_64
Matched gzip-1.3.12-19.el6_4.x86_64 to require for gzip
TSINFO: Marking gzip-1.3.12-19.el6_4.x86_64 as install for debootstrap-1.0.19-2.el6.noarch
---> Package deltaiso.x86_64 0:3.5-0.5.20090913git.el6 set to be updated
Checking deps for deltaiso.x86_64 0-3.5-0.5.20090913git.el6 - u
deltaiso-3.5-0.5.20090913git.el6.x86_64 requires: liblzma.so.0()(64bit)
--> Processing Dependency: liblzma.so.0()(64bit) for package: deltaiso-3.5-0.5.20090913git.el6.x86_64
Searching pkgSack for dep: liblzma.so.0()(64bit)
Potential match for liblzma.so.0()(64bit) from xz-libs-4.999.9-0.3.beta.20091007git.el6.x86_64
Matched xz-libs-4.999.9-0.3.beta.20091007git.el6.x86_64 to require for liblzma.so.0()(64bit)
TSINFO: Marking xz-libs-4.999.9-0.3.beta.20091007git.el6.x86_64 as install for deltaiso-3.5-0.5.20090913git.el6.x86_64
---> Package deltarpm.x86_64 0:3.5-0.5.20090913git.el6 set to be updated
Checking deps for deltarpm.x86_64 0-3.5-0.5.20090913git.el6 - u
deltarpm-3.5-0.5.20090913git.el6.x86_64 requires: librpmio.so.1()(64bit)
--> Processing Dependency: librpmio.so.1()(64bit) for package: deltarpm-3.5-0.5.20090913git.el6.x86_64
Searching pkgSack for dep: librpmio.so.1()(64bit)
Potential match for librpmio.so.1()(64bit) from rpm-libs-4.8.0-37.el6.x86_64
Matched rpm-libs-4.8.0-37.el6.x86_64 to require for librpmio.so.1()(64bit)
TSINFO: Marking rpm-libs-4.8.0-37.el6.x86_64 as install for deltarpm-3.5-0.5.20090913git.el6.x86_64
deltarpm-3.5-0.5.20090913git.el6.x86_64 requires: librpm.so.1()(64bit)
--> Processing Dependency: librpm.so.1()(64bit) for package: deltarpm-3.5-0.5.20090913git.el6.x86_64
Quick matched rpm-libs-4.8.0-37.el6.x86_64 to require for librpm.so.1()(64bit)
---> Package dhclient.x86_64 12:4.1.1-38.P1.el6.centos set to be updated
Checking deps for dhclient.x86_64 12-4.1.1-38.P1.el6.centos - u
12:dhclient-4.1.1-38.P1.el6.centos.x86_64 requires: dhcp-common = 12:4.1.1-38.P1.el6.centos
--> Processing Dependency: dhcp-common = 12:4.1.1-38.P1.el6.centos for package: 12:dhclient-4.1.1-38.P1.el6.centos.x86_64
Searching pkgSack for dep: dhcp-common
Potential match for dhcp-common from 12:dhcp-common-4.1.1-38.P1.el6.centos.x86_64
Matched 12:dhcp-common-4.1.1-38.P1.el6.centos.x86_64 to require for dhcp-common
TSINFO: Marking 12:dhcp-common-4.1.1-38.P1.el6.centos.x86_64 as install for 12:dhclient-4.1.1-38.P1.el6.centos.x86_64
---> Package dhcp.x86_64 12:4.1.1-38.P1.el6.centos set to be updated
Checking deps for dhcp.x86_64 12-4.1.1-38.P1.el6.centos - u
12:dhcp-4.1.1-38.P1.el6.centos.x86_64 requires: portreserve
--> Processing Dependency: portreserve for package: 12:dhcp-4.1.1-38.P1.el6.centos.x86_64
Searching pkgSack for dep: portreserve
Potential match for portreserve from portreserve-0.0.4-9.el6.x86_64
Matched portreserve-0.0.4-9.el6.x86_64 to require for portreserve
TSINFO: Marking portreserve-0.0.4-9.el6.x86_64 as install for 12:dhcp-4.1.1-38.P1.el6.centos.x86_64
---> Package disktype.x86_64 0:9-5.el6 set to be updated
Checking deps for disktype.x86_64 0-9-5.el6 - u
disktype-9-5.el6.x86_64 requires: libewf.so.1()(64bit)
--> Processing Dependency: libewf.so.1()(64bit) for package: disktype-9-5.el6.x86_64
Searching pkgSack for dep: libewf.so.1()(64bit)
Potential match for libewf.so.1()(64bit) from libewf-20100226-1.el6.x86_64
Matched libewf-20100226-1.el6.x86_64 to require for libewf.so.1()(64bit)
TSINFO: Marking libewf-20100226-1.el6.x86_64 as install for disktype-9-5.el6.x86_64
---> Package dmidecode.x86_64 1:2.11-2.el6 set to be updated
Checking deps for dmidecode.x86_64 1-2.11-2.el6 - u
---> Package dmraid.x86_64 0:1.0.0.rc16-11.el6 set to be updated
Checking deps for dmraid.x86_64 0-1.0.0.rc16-11.el6 - u
dmraid-1.0.0.rc16-11.el6.x86_64 requires: device-mapper >= 1.02.02-2
--> Processing Dependency: device-mapper >= 1.02.02-2 for package: dmraid-1.0.0.rc16-11.el6.x86_64
Searching pkgSack for dep: device-mapper
Potential match for device-mapper from device-mapper-1.02.79-8.el6.x86_64
Matched device-mapper-1.02.79-8.el6.x86_64 to require for device-mapper
TSINFO: Marking device-mapper-1.02.79-8.el6.x86_64 as install for dmraid-1.0.0.rc16-11.el6.x86_64
dmraid-1.0.0.rc16-11.el6.x86_64 requires: libdevmapper-event.so.1.02(Base)(64bit)
--> Processing Dependency: libdevmapper-event.so.1.02(Base)(64bit) for package: dmraid-1.0.0.rc16-11.el6.x86_64
Searching pkgSack for dep: libdevmapper-event.so.1.02(Base)(64bit)
Potential match for libdevmapper-event.so.1.02(Base)(64bit) from device-mapper-event-libs-1.02.79-8.el6.x86_64
Matched device-mapper-event-libs-1.02.79-8.el6.x86_64 to require for libdevmapper-event.so.1.02(Base)(64bit)
TSINFO: Marking device-mapper-event-libs-1.02.79-8.el6.x86_64 as install for dmraid-1.0.0.rc16-11.el6.x86_64
dmraid-1.0.0.rc16-11.el6.x86_64 requires: dmraid-events
--> Processing Dependency: dmraid-events for package: dmraid-1.0.0.rc16-11.el6.x86_64
Searching pkgSack for dep: dmraid-events
Potential match for dmraid-events from dmraid-events-1.0.0.rc16-11.el6.x86_64
Matched dmraid-events-1.0.0.rc16-11.el6.x86_64 to require for dmraid-events
TSINFO: Marking dmraid-events-1.0.0.rc16-11.el6.x86_64 as install for dmraid-1.0.0.rc16-11.el6.x86_64
dmraid-1.0.0.rc16-11.el6.x86_64 requires: libdevmapper.so.1.02(Base)(64bit)
--> Processing Dependency: libdevmapper.so.1.02(Base)(64bit) for package: dmraid-1.0.0.rc16-11.el6.x86_64
Searching pkgSack for dep: libdevmapper.so.1.02(Base)(64bit)
Potential match for libdevmapper.so.1.02(Base)(64bit) from device-mapper-libs-1.02.79-8.el6.x86_64
Matched device-mapper-libs-1.02.79-8.el6.x86_64 to require for libdevmapper.so.1.02(Base)(64bit)
TSINFO: Marking device-mapper-libs-1.02.79-8.el6.x86_64 as install for dmraid-1.0.0.rc16-11.el6.x86_64
dmraid-1.0.0.rc16-11.el6.x86_64 requires: kpartx
--> Processing Dependency: kpartx for package: dmraid-1.0.0.rc16-11.el6.x86_64
Searching pkgSack for dep: kpartx
Potential match for kpartx from kpartx-0.4.9-72.el6_5.3.x86_64
Matched kpartx-0.4.9-72.el6_5.3.x86_64 to require for kpartx
TSINFO: Marking kpartx-0.4.9-72.el6_5.3.x86_64 as install for dmraid-1.0.0.rc16-11.el6.x86_64
dmraid-1.0.0.rc16-11.el6.x86_64 requires: libdevmapper.so.1.02()(64bit)
--> Processing Dependency: libdevmapper.so.1.02()(64bit) for package: dmraid-1.0.0.rc16-11.el6.x86_64
Searching pkgSack for dep: libdevmapper.so.1.02()(64bit)
Potential match for libdevmapper.so.1.02()(64bit) from device-mapper-libs-1.02.79-8.el6.x86_64
Matched device-mapper-libs-1.02.79-8.el6.x86_64 to require for libdevmapper.so.1.02()(64bit)
device-mapper-libs-1.02.79-8.el6.x86_64 already in ts, skipping this one
dmraid-1.0.0.rc16-11.el6.x86_64 requires: libsepol.so.1()(64bit)
--> Processing Dependency: libsepol.so.1()(64bit) for package: dmraid-1.0.0.rc16-11.el6.x86_64
Searching pkgSack for dep: libsepol.so.1()(64bit)
Potential match for libsepol.so.1()(64bit) from libsepol-2.0.41-4.el6.x86_64
Matched libsepol-2.0.41-4.el6.x86_64 to require for libsepol.so.1()(64bit)
TSINFO: Marking libsepol-2.0.41-4.el6.x86_64 as install for dmraid-1.0.0.rc16-11.el6.x86_64
dmraid-1.0.0.rc16-11.el6.x86_64 requires: libdevmapper-event.so.1.02()(64bit)
--> Processing Dependency: libdevmapper-event.so.1.02()(64bit) for package: dmraid-1.0.0.rc16-11.el6.x86_64
Searching pkgSack for dep: libdevmapper-event.so.1.02()(64bit)
Potential match for libdevmapper-event.so.1.02()(64bit) from device-mapper-event-libs-1.02.79-8.el6.x86_64
Matched device-mapper-event-libs-1.02.79-8.el6.x86_64 to require for libdevmapper-event.so.1.02()(64bit)
device-mapper-event-libs-1.02.79-8.el6.x86_64 already in ts, skipping this one
---> Package dnsmasq.x86_64 0:2.68-5.mira1 set to be updated
Checking deps for dnsmasq.x86_64 0-2.68-5.mira1 - u
---> Package dnsmasq-utils.x86_64 0:2.68-5.mira1 set to be updated
Checking deps for dnsmasq-utils.x86_64 0-2.68-5.mira1 - u
---> Package docker-io.x86_64 0:0.10.0-2.mira2 set to be updated
Checking deps for docker-io.x86_64 0-0.10.0-2.mira2 - u
docker-io-0.10.0-2.mira2.x86_64 requires: libcgroup
--> Processing Dependency: libcgroup for package: docker-io-0.10.0-2.mira2.x86_64
Searching pkgSack for dep: libcgroup
Potential match for libcgroup from libcgroup-0.40.rc1-5.el6_5.1.x86_64
Matched libcgroup-0.40.rc1-5.el6_5.1.x86_64 to require for libcgroup
TSINFO: Marking libcgroup-0.40.rc1-5.el6_5.1.x86_64 as install for docker-io-0.10.0-2.mira2.x86_64
docker-io-0.10.0-2.mira2.x86_64 requires: libsqlite3.so.0()(64bit)
--> Processing Dependency: libsqlite3.so.0()(64bit) for package: docker-io-0.10.0-2.mira2.x86_64
Searching pkgSack for dep: libsqlite3.so.0()(64bit)
Potential match for libsqlite3.so.0()(64bit) from sqlite-3.6.20-1.el6.x86_64
Matched sqlite-3.6.20-1.el6.x86_64 to require for libsqlite3.so.0()(64bit)
TSINFO: Marking sqlite-3.6.20-1.el6.x86_64 as install for docker-io-0.10.0-2.mira2.x86_64
---> Package dosfstools.x86_64 0:3.0.9-4.el6 set to be updated
Checking deps for dosfstools.x86_64 0-3.0.9-4.el6 - u
---> Package dpkg.x86_64 0:1.15.5.6-6.mira1 set to be updated
Checking deps for dpkg.x86_64 0-1.15.5.6-6.mira1 - u
---> Package dpkg-devel.noarch 0:1.15.5.6-6.mira1 set to be updated
Checking deps for dpkg-devel.noarch 0-1.15.5.6-6.mira1 - u
dpkg-devel-1.15.5.6-6.mira1.noarch requires: perl(Date::Parse)
--> Processing Dependency: perl(Date::Parse) for package: dpkg-devel-1.15.5.6-6.mira1.noarch
Searching pkgSack for dep: perl(Date::Parse)
Potential match for perl(Date::Parse) from 1:perl-TimeDate-1.16-11.1.el6.noarch
Matched 1:perl-TimeDate-1.16-11.1.el6.noarch to require for perl(Date::Parse)
TSINFO: Marking 1:perl-TimeDate-1.16-11.1.el6.noarch as install for dpkg-devel-1.15.5.6-6.mira1.noarch
dpkg-devel-1.15.5.6-6.mira1.noarch requires: lzma
--> Processing Dependency: lzma for package: dpkg-devel-1.15.5.6-6.mira1.noarch
Searching pkgSack for dep: lzma
Potential match for lzma from xz-lzma-compat-4.999.9-0.3.beta.20091007git.el6.x86_64
Matched xz-lzma-compat-4.999.9-0.3.beta.20091007git.el6.x86_64 to require for lzma
TSINFO: Marking xz-lzma-compat-4.999.9-0.3.beta.20091007git.el6.x86_64 as install for dpkg-devel-1.15.5.6-6.mira1.noarch
---> Package dstat.noarch 0:0.7.0-1.el6 set to be updated
Checking deps for dstat.noarch 0-0.7.0-1.el6 - u
---> Package e2fsprogs.x86_64 0:1.41.12-18.el6 set to be updated
Checking deps for e2fsprogs.x86_64 0-1.41.12-18.el6 - u
e2fsprogs-1.41.12-18.el6.x86_64 requires: libss = 1.41.12-18.el6
--> Processing Dependency: libss = 1.41.12-18.el6 for package: e2fsprogs-1.41.12-18.el6.x86_64
Searching pkgSack for dep: libss
Potential match for libss from libss-1.41.12-18.el6.x86_64
Matched libss-1.41.12-18.el6.x86_64 to require for libss
TSINFO: Marking libss-1.41.12-18.el6.x86_64 as install for e2fsprogs-1.41.12-18.el6.x86_64
e2fsprogs-1.41.12-18.el6.x86_64 requires: e2fsprogs-libs = 1.41.12-18.el6
--> Processing Dependency: e2fsprogs-libs = 1.41.12-18.el6 for package: e2fsprogs-1.41.12-18.el6.x86_64
Searching pkgSack for dep: e2fsprogs-libs
Potential match for e2fsprogs-libs from e2fsprogs-libs-1.41.12-18.el6.x86_64
Matched e2fsprogs-libs-1.41.12-18.el6.x86_64 to require for e2fsprogs-libs
TSINFO: Marking e2fsprogs-libs-1.41.12-18.el6.x86_64 as install for e2fsprogs-1.41.12-18.el6.x86_64
e2fsprogs-1.41.12-18.el6.x86_64 requires: libblkid.so.1(BLKID_1.0)(64bit)
--> Processing Dependency: libblkid.so.1(BLKID_1.0)(64bit) for package: e2fsprogs-1.41.12-18.el6.x86_64
Searching pkgSack for dep: libblkid.so.1(BLKID_1.0)(64bit)
Potential match for libblkid.so.1(BLKID_1.0)(64bit) from libblkid-2.17.2-12.14.el6_5.x86_64
Matched libblkid-2.17.2-12.14.el6_5.x86_64 to require for libblkid.so.1(BLKID_1.0)(64bit)
TSINFO: Marking libblkid-2.17.2-12.14.el6_5.x86_64 as install for e2fsprogs-1.41.12-18.el6.x86_64
e2fsprogs-1.41.12-18.el6.x86_64 requires: libblkid.so.1(BLKID_2.15)(64bit)
--> Processing Dependency: libblkid.so.1(BLKID_2.15)(64bit) for package: e2fsprogs-1.41.12-18.el6.x86_64
Quick matched libblkid-2.17.2-12.14.el6_5.x86_64 to require for libblkid.so.1(BLKID_2.15)(64bit)
e2fsprogs-1.41.12-18.el6.x86_64 requires: libblkid.so.1(BLKID_2.17)(64bit)
--> Processing Dependency: libblkid.so.1(BLKID_2.17)(64bit) for package: e2fsprogs-1.41.12-18.el6.x86_64
Quick matched libblkid-2.17.2-12.14.el6_5.x86_64 to require for libblkid.so.1(BLKID_2.17)(64bit)
e2fsprogs-1.41.12-18.el6.x86_64 requires: libext2fs.so.2()(64bit)
--> Processing Dependency: libext2fs.so.2()(64bit) for package: e2fsprogs-1.41.12-18.el6.x86_64
Searching pkgSack for dep: libext2fs.so.2()(64bit)
Potential match for libext2fs.so.2()(64bit) from e2fsprogs-libs-1.41.12-18.el6.x86_64
Matched e2fsprogs-libs-1.41.12-18.el6.x86_64 to require for libext2fs.so.2()(64bit)
e2fsprogs-libs-1.41.12-18.el6.x86_64 already in ts, skipping this one
e2fsprogs-1.41.12-18.el6.x86_64 requires: libss.so.2()(64bit)
--> Processing Dependency: libss.so.2()(64bit) for package: e2fsprogs-1.41.12-18.el6.x86_64
Searching pkgSack for dep: libss.so.2()(64bit)
Potential match for libss.so.2()(64bit) from libss-1.41.12-18.el6.x86_64
Matched libss-1.41.12-18.el6.x86_64 to require for libss.so.2()(64bit)
libss-1.41.12-18.el6.x86_64 already in ts, skipping this one
e2fsprogs-1.41.12-18.el6.x86_64 requires: libblkid.so.1()(64bit)
--> Processing Dependency: libblkid.so.1()(64bit) for package: e2fsprogs-1.41.12-18.el6.x86_64
Searching pkgSack for dep: libblkid.so.1()(64bit)
Potential match for libblkid.so.1()(64bit) from libblkid-2.17.2-12.14.el6_5.x86_64
Matched libblkid-2.17.2-12.14.el6_5.x86_64 to require for libblkid.so.1()(64bit)
libblkid-2.17.2-12.14.el6_5.x86_64 already in ts, skipping this one
e2fsprogs-1.41.12-18.el6.x86_64 requires: libe2p.so.2()(64bit)
--> Processing Dependency: libe2p.so.2()(64bit) for package: e2fsprogs-1.41.12-18.el6.x86_64
Searching pkgSack for dep: libe2p.so.2()(64bit)
Potential match for libe2p.so.2()(64bit) from e2fsprogs-libs-1.41.12-18.el6.x86_64
Matched e2fsprogs-libs-1.41.12-18.el6.x86_64 to require for libe2p.so.2()(64bit)
e2fsprogs-libs-1.41.12-18.el6.x86_64 already in ts, skipping this one
---> Package ed.x86_64 0:1.1-3.3.el6 set to be updated
Checking deps for ed.x86_64 0-1.1-3.3.el6 - u
---> Package efibootmgr.x86_64 0:0.5.4-11.el6 set to be updated
Checking deps for efibootmgr.x86_64 0-0.5.4-11.el6 - u
---> Package eject.x86_64 0:2.1.5-17.el6 set to be updated
Checking deps for eject.x86_64 0-2.1.5-17.el6 - u
---> Package erlang.x86_64 0:R14B-04.8.el6 set to be updated
Checking deps for erlang.x86_64 0-R14B-04.8.el6 - u
---> Package erlang-appmon.x86_64 0:R14B-04.8.el6 set to be updated
Checking deps for erlang-appmon.x86_64 0-R14B-04.8.el6 - u
---> Package erlang-asn1.x86_64 0:R14B-04.8.el6 set to be updated
Checking deps for erlang-asn1.x86_64 0-R14B-04.8.el6 - u
---> Package erlang-common_test.x86_64 0:R14B-04.8.el6 set to be updated
Checking deps for erlang-common_test.x86_64 0-R14B-04.8.el6 - u
---> Package erlang-compiler.x86_64 0:R14B-04.8.el6 set to be updated
Checking deps for erlang-compiler.x86_64 0-R14B-04.8.el6 - u
---> Package erlang-cosEvent.x86_64 0:R14B-04.8.el6 set to be updated
Checking deps for erlang-cosEvent.x86_64 0-R14B-04.8.el6 - u
---> Package erlang-cosEventDomain.x86_64 0:R14B-04.8.el6 set to be updated
Checking deps for erlang-cosEventDomain.x86_64 0-R14B-04.8.el6 - u
---> Package erlang-cosFileTransfer.x86_64 0:R14B-04.8.el6 set to be updated
Checking deps for erlang-cosFileTransfer.x86_64 0-R14B-04.8.el6 - u
---> Package erlang-cosNotification.x86_64 0:R14B-04.8.el6 set to be updated
Checking deps for erlang-cosNotification.x86_64 0-R14B-04.8.el6 - u
---> Package erlang-cosProperty.x86_64 0:R14B-04.8.el6 set to be updated
Checking deps for erlang-cosProperty.x86_64 0-R14B-04.8.el6 - u
---> Package erlang-cosTime.x86_64 0:R14B-04.8.el6 set to be updated
Checking deps for erlang-cosTime.x86_64 0-R14B-04.8.el6 - u
---> Package erlang-cosTransactions.x86_64 0:R14B-04.8.el6 set to be updated
Checking deps for erlang-cosTransactions.x86_64 0-R14B-04.8.el6 - u
---> Package erlang-crypto.x86_64 0:R14B-04.8.el6 set to be updated
Checking deps for erlang-crypto.x86_64 0-R14B-04.8.el6 - u
---> Package erlang-debugger.x86_64 0:R14B-04.8.el6 set to be updated
Checking deps for erlang-debugger.x86_64 0-R14B-04.8.el6 - u
---> Package erlang-dialyzer.x86_64 0:R14B-04.8.el6 set to be updated
Checking deps for erlang-dialyzer.x86_64 0-R14B-04.8.el6 - u
---> Package erlang-diameter.x86_64 0:R14B-04.8.el6 set to be updated
Checking deps for erlang-diameter.x86_64 0-R14B-04.8.el6 - u
---> Package erlang-doc.noarch 0:R14B-04.8.el6 set to be updated
Checking deps for erlang-doc.noarch 0-R14B-04.8.el6 - u
---> Package erlang-docbuilder.x86_64 0:R14B-04.8.el6 set to be updated
Checking deps for erlang-docbuilder.x86_64 0-R14B-04.8.el6 - u
---> Package erlang-edoc.x86_64 0:R14B-04.8.el6 set to be updated
Checking deps for erlang-edoc.x86_64 0-R14B-04.8.el6 - u
---> Package erlang-erl_docgen.x86_64 0:R14B-04.8.el6 set to be updated
Checking deps for erlang-erl_docgen.x86_64 0-R14B-04.8.el6 - u
---> Package erlang-erl_interface.x86_64 0:R14B-04.8.el6 set to be updated
Checking deps for erlang-erl_interface.x86_64 0-R14B-04.8.el6 - u
---> Package erlang-erts.x86_64 0:R14B-04.8.el6 set to be updated
Checking deps for erlang-erts.x86_64 0-R14B-04.8.el6 - u
---> Package erlang-et.x86_64 0:R14B-04.8.el6 set to be updated
Checking deps for erlang-et.x86_64 0-R14B-04.8.el6 - u
---> Package erlang-eunit.x86_64 0:R14B-04.8.el6 set to be updated
Checking deps for erlang-eunit.x86_64 0-R14B-04.8.el6 - u
---> Package erlang-examples.x86_64 0:R14B-04.8.el6 set to be updated
Checking deps for erlang-examples.x86_64 0-R14B-04.8.el6 - u
---> Package erlang-gs.x86_64 0:R14B-04.8.el6 set to be updated
Checking deps for erlang-gs.x86_64 0-R14B-04.8.el6 - u
erlang-gs-R14B-04.8.el6.x86_64 requires: tk
--> Processing Dependency: tk for package: erlang-gs-R14B-04.8.el6.x86_64
Searching pkgSack for dep: tk
Potential match for tk from 1:tk-8.5.7-5.el6.x86_64
Matched 1:tk-8.5.7-5.el6.x86_64 to require for tk
TSINFO: Marking 1:tk-8.5.7-5.el6.x86_64 as install for erlang-gs-R14B-04.8.el6.x86_64
---> Package erlang-hipe.x86_64 0:R14B-04.8.el6 set to be updated
Checking deps for erlang-hipe.x86_64 0-R14B-04.8.el6 - u
---> Package erlang-ic.x86_64 0:R14B-04.8.el6 set to be updated
Checking deps for erlang-ic.x86_64 0-R14B-04.8.el6 - u
---> Package erlang-inets.x86_64 0:R14B-04.8.el6 set to be updated
Checking deps for erlang-inets.x86_64 0-R14B-04.8.el6 - u
---> Package erlang-inviso.x86_64 0:R14B-04.8.el6 set to be updated
Checking deps for erlang-inviso.x86_64 0-R14B-04.8.el6 - u
---> Package erlang-jinterface.x86_64 0:R14B-04.8.el6 set to be updated
Checking deps for erlang-jinterface.x86_64 0-R14B-04.8.el6 - u
---> Package erlang-kernel.x86_64 0:R14B-04.8.el6 set to be updated
Checking deps for erlang-kernel.x86_64 0-R14B-04.8.el6 - u
---> Package erlang-megaco.x86_64 0:R14B-04.8.el6 set to be updated
Checking deps for erlang-megaco.x86_64 0-R14B-04.8.el6 - u
---> Package erlang-mnesia.x86_64 0:R14B-04.8.el6 set to be updated
Checking deps for erlang-mnesia.x86_64 0-R14B-04.8.el6 - u
---> Package erlang-observer.x86_64 0:R14B-04.8.el6 set to be updated
Checking deps for erlang-observer.x86_64 0-R14B-04.8.el6 - u
---> Package erlang-odbc.x86_64 0:R14B-04.8.el6 set to be updated
Checking deps for erlang-odbc.x86_64 0-R14B-04.8.el6 - u
erlang-odbc-R14B-04.8.el6.x86_64 requires: libodbc.so.2()(64bit)
--> Processing Dependency: libodbc.so.2()(64bit) for package: erlang-odbc-R14B-04.8.el6.x86_64
Searching pkgSack for dep: libodbc.so.2()(64bit)
Potential match for libodbc.so.2()(64bit) from unixODBC-2.2.14-12.el6_3.x86_64
Matched unixODBC-2.2.14-12.el6_3.x86_64 to require for libodbc.so.2()(64bit)
TSINFO: Marking unixODBC-2.2.14-12.el6_3.x86_64 as install for erlang-odbc-R14B-04.8.el6.x86_64
---> Package erlang-orber.x86_64 0:R14B-04.8.el6 set to be updated
Checking deps for erlang-orber.x86_64 0-R14B-04.8.el6 - u
---> Package erlang-os_mon.x86_64 0:R14B-04.8.el6 set to be updated
Checking deps for erlang-os_mon.x86_64 0-R14B-04.8.el6 - u
---> Package erlang-otp_mibs.x86_64 0:R14B-04.8.el6 set to be updated
Checking deps for erlang-otp_mibs.x86_64 0-R14B-04.8.el6 - u
---> Package erlang-parsetools.x86_64 0:R14B-04.8.el6 set to be updated
Checking deps for erlang-parsetools.x86_64 0-R14B-04.8.el6 - u
---> Package erlang-percept.x86_64 0:R14B-04.8.el6 set to be updated
Checking deps for erlang-percept.x86_64 0-R14B-04.8.el6 - u
---> Package erlang-pman.x86_64 0:R14B-04.8.el6 set to be updated
Checking deps for erlang-pman.x86_64 0-R14B-04.8.el6 - u
---> Package erlang-public_key.x86_64 0:R14B-04.8.el6 set to be updated
Checking deps for erlang-public_key.x86_64 0-R14B-04.8.el6 - u
---> Package erlang-reltool.x86_64 0:R14B-04.8.el6 set to be updated
Checking deps for erlang-reltool.x86_64 0-R14B-04.8.el6 - u
---> Package erlang-runtime_tools.x86_64 0:R14B-04.8.el6 set to be updated
Checking deps for erlang-runtime_tools.x86_64 0-R14B-04.8.el6 - u
---> Package erlang-sasl.x86_64 0:R14B-04.8.el6 set to be updated
Checking deps for erlang-sasl.x86_64 0-R14B-04.8.el6 - u
---> Package erlang-snmp.x86_64 0:R14B-04.8.el6 set to be updated
Checking deps for erlang-snmp.x86_64 0-R14B-04.8.el6 - u
---> Package erlang-ssh.x86_64 0:R14B-04.8.el6 set to be updated
Checking deps for erlang-ssh.x86_64 0-R14B-04.8.el6 - u
---> Package erlang-ssl.x86_64 0:R14B-04.8.el6 set to be updated
Checking deps for erlang-ssl.x86_64 0-R14B-04.8.el6 - u
---> Package erlang-stdlib.x86_64 0:R14B-04.8.el6 set to be updated
Checking deps for erlang-stdlib.x86_64 0-R14B-04.8.el6 - u
---> Package erlang-syntax_tools.x86_64 0:R14B-04.8.el6 set to be updated
Checking deps for erlang-syntax_tools.x86_64 0-R14B-04.8.el6 - u
---> Package erlang-test_server.x86_64 0:R14B-04.8.el6 set to be updated
Checking deps for erlang-test_server.x86_64 0-R14B-04.8.el6 - u
---> Package erlang-toolbar.x86_64 0:R14B-04.8.el6 set to be updated
Checking deps for erlang-toolbar.x86_64 0-R14B-04.8.el6 - u
---> Package erlang-tools.x86_64 0:R14B-04.8.el6 set to be updated
Checking deps for erlang-tools.x86_64 0-R14B-04.8.el6 - u
---> Package erlang-tv.x86_64 0:R14B-04.8.el6 set to be updated
Checking deps for erlang-tv.x86_64 0-R14B-04.8.el6 - u
---> Package erlang-typer.x86_64 0:R14B-04.8.el6 set to be updated
Checking deps for erlang-typer.x86_64 0-R14B-04.8.el6 - u
---> Package erlang-webtool.x86_64 0:R14B-04.8.el6 set to be updated
Checking deps for erlang-webtool.x86_64 0-R14B-04.8.el6 - u
---> Package erlang-wx.x86_64 0:R14B-04.8.el6 set to be updated
Checking deps for erlang-wx.x86_64 0-R14B-04.8.el6 - u
erlang-wx-R14B-04.8.el6.x86_64 requires: mesa-libGL
--> Processing Dependency: mesa-libGL for package: erlang-wx-R14B-04.8.el6.x86_64
Searching pkgSack for dep: mesa-libGL
Potential match for mesa-libGL from mesa-libGL-9.2-0.5.el6_5.2.x86_64
Matched mesa-libGL-9.2-0.5.el6_5.2.x86_64 to require for mesa-libGL
TSINFO: Marking mesa-libGL-9.2-0.5.el6_5.2.x86_64 as install for erlang-wx-R14B-04.8.el6.x86_64
erlang-wx-R14B-04.8.el6.x86_64 requires: mesa-libGLU
--> Processing Dependency: mesa-libGLU for package: erlang-wx-R14B-04.8.el6.x86_64
Searching pkgSack for dep: mesa-libGLU
Potential match for mesa-libGLU from mesa-libGLU-9.2-0.5.el6_5.2.x86_64
Matched mesa-libGLU-9.2-0.5.el6_5.2.x86_64 to require for mesa-libGLU
TSINFO: Marking mesa-libGLU-9.2-0.5.el6_5.2.x86_64 as install for erlang-wx-R14B-04.8.el6.x86_64
erlang-wx-R14B-04.8.el6.x86_64 requires: libGL.so.1()(64bit)
--> Processing Dependency: libGL.so.1()(64bit) for package: erlang-wx-R14B-04.8.el6.x86_64
Searching pkgSack for dep: libGL.so.1()(64bit)
Potential match for libGL.so.1()(64bit) from mesa-libGL-9.2-0.5.el6_5.2.x86_64
Matched mesa-libGL-9.2-0.5.el6_5.2.x86_64 to require for libGL.so.1()(64bit)
mesa-libGL-9.2-0.5.el6_5.2.x86_64 already in ts, skipping this one
erlang-wx-R14B-04.8.el6.x86_64 requires: libGLU.so.1()(64bit)
--> Processing Dependency: libGLU.so.1()(64bit) for package: erlang-wx-R14B-04.8.el6.x86_64
Searching pkgSack for dep: libGLU.so.1()(64bit)
Potential match for libGLU.so.1()(64bit) from mesa-libGLU-9.2-0.5.el6_5.2.x86_64
Matched mesa-libGLU-9.2-0.5.el6_5.2.x86_64 to require for libGLU.so.1()(64bit)
mesa-libGLU-9.2-0.5.el6_5.2.x86_64 already in ts, skipping this one
---> Package erlang-xmerl.x86_64 0:R14B-04.8.el6 set to be updated
Checking deps for erlang-xmerl.x86_64 0-R14B-04.8.el6 - u
---> Package eswitchd.x86_64 0:0.10-2.el6.mira2 set to be updated
Checking deps for eswitchd.x86_64 0-0.10-2.el6.mira2 - u
eswitchd-0.10-2.el6.mira2.x86_64 requires: glibc-common
--> Processing Dependency: glibc-common for package: eswitchd-0.10-2.el6.mira2.x86_64
Searching pkgSack for dep: glibc-common
Potential match for glibc-common from glibc-common-2.12-1.132.el6_5.2.x86_64
Matched glibc-common-2.12-1.132.el6_5.2.x86_64 to require for glibc-common
TSINFO: Marking glibc-common-2.12-1.132.el6_5.2.x86_64 as install for eswitchd-0.10-2.el6.mira2.x86_64
eswitchd-0.10-2.el6.mira2.x86_64 requires: libvirt
--> Processing Dependency: libvirt for package: eswitchd-0.10-2.el6.mira2.x86_64
Searching pkgSack for dep: libvirt
Potential match for libvirt from libvirt-1.2.5-1.mira1.x86_64
Matched libvirt-1.2.5-1.mira1.x86_64 to require for libvirt
TSINFO: Marking libvirt-1.2.5-1.mira1.x86_64 as install for eswitchd-0.10-2.el6.mira2.x86_64
---> Package ethtool.x86_64 2:3.5-1.4.el6_5 set to be updated
Checking deps for ethtool.x86_64 2-3.5-1.4.el6_5 - u
---> Package euca2ools.noarch 0:2.1.3-1.el6 set to be updated
Checking deps for euca2ools.noarch 0-2.1.3-1.el6 - u
euca2ools-2.1.3-1.el6.noarch requires: m2crypto
--> Processing Dependency: m2crypto for package: euca2ools-2.1.3-1.el6.noarch
Searching pkgSack for dep: m2crypto
Potential match for m2crypto from m2crypto-0.20.2-9.el6.x86_64
Matched m2crypto-0.20.2-9.el6.x86_64 to require for m2crypto
TSINFO: Marking m2crypto-0.20.2-9.el6.x86_64 as install for euca2ools-2.1.3-1.el6.noarch
---> Package fcgiwrap.x86_64 0:1.0.3-2 set to be updated
Checking deps for fcgiwrap.x86_64 0-1.0.3-2 - u
---> Package fdupes.x86_64 0:1.50-8.mira1 set to be updated
Checking deps for fdupes.x86_64 0-1.50-8.mira1 - u
---> Package fence-agents.x86_64 0:3.1.5-35.el6_5.4 set to be updated
Checking deps for fence-agents.x86_64 0-3.1.5-35.el6_5.4 - u
fence-agents-3.1.5-35.el6_5.4.x86_64 requires: python-suds
--> Processing Dependency: python-suds for package: fence-agents-3.1.5-35.el6_5.4.x86_64
Searching pkgSack for dep: python-suds
Potential match for python-suds from python-suds-0.4.1-3.mira1.noarch
Matched python-suds-0.4.1-3.mira1.noarch to require for python-suds
TSINFO: Marking python-suds-0.4.1-3.mira1.noarch as install for fence-agents-3.1.5-35.el6_5.4.x86_64
fence-agents-3.1.5-35.el6_5.4.x86_64 requires: pexpect
--> Processing Dependency: pexpect for package: fence-agents-3.1.5-35.el6_5.4.x86_64
Searching pkgSack for dep: pexpect
Potential match for pexpect from pexpect-2.3-6.el6.noarch
Matched pexpect-2.3-6.el6.noarch to require for pexpect
TSINFO: Marking pexpect-2.3-6.el6.noarch as install for fence-agents-3.1.5-35.el6_5.4.x86_64
fence-agents-3.1.5-35.el6_5.4.x86_64 requires: perl(Net::Telnet)
--> Processing Dependency: perl(Net::Telnet) for package: fence-agents-3.1.5-35.el6_5.4.x86_64
Searching pkgSack for dep: perl(Net::Telnet)
Potential match for perl(Net::Telnet) from perl-Net-Telnet-3.03-11.el6.noarch
Matched perl-Net-Telnet-3.03-11.el6.noarch to require for perl(Net::Telnet)
TSINFO: Marking perl-Net-Telnet-3.03-11.el6.noarch as install for fence-agents-3.1.5-35.el6_5.4.x86_64
fence-agents-3.1.5-35.el6_5.4.x86_64 requires: python-pycurl
--> Processing Dependency: python-pycurl for package: fence-agents-3.1.5-35.el6_5.4.x86_64
Searching pkgSack for dep: python-pycurl
Potential match for python-pycurl from python-pycurl-7.19.0-8.el6.x86_64
Matched python-pycurl-7.19.0-8.el6.x86_64 to require for python-pycurl
TSINFO: Marking python-pycurl-7.19.0-8.el6.x86_64 as install for fence-agents-3.1.5-35.el6_5.4.x86_64
fence-agents-3.1.5-35.el6_5.4.x86_64 requires: sg3_utils
--> Processing Dependency: sg3_utils for package: fence-agents-3.1.5-35.el6_5.4.x86_64
Searching pkgSack for dep: sg3_utils
Potential match for sg3_utils from sg3_utils-1.28-5.el6.x86_64
Matched sg3_utils-1.28-5.el6.x86_64 to require for sg3_utils
TSINFO: Marking sg3_utils-1.28-5.el6.x86_64 as install for fence-agents-3.1.5-35.el6_5.4.x86_64
fence-agents-3.1.5-35.el6_5.4.x86_64 requires: pyOpenSSL
--> Processing Dependency: pyOpenSSL for package: fence-agents-3.1.5-35.el6_5.4.x86_64
Searching pkgSack for dep: pyOpenSSL
Potential match for pyOpenSSL from pyOpenSSL-0.13.1-1.el6.x86_64
Matched pyOpenSSL-0.13.1-1.el6.x86_64 to require for pyOpenSSL
TSINFO: Marking pyOpenSSL-0.13.1-1.el6.x86_64 as install for fence-agents-3.1.5-35.el6_5.4.x86_64
fence-agents-3.1.5-35.el6_5.4.x86_64 requires: /usr/bin/ipmitool
--> Processing Dependency: /usr/bin/ipmitool for package: fence-agents-3.1.5-35.el6_5.4.x86_64
Searching pkgSack for dep: /usr/bin/ipmitool
Potential match for /usr/bin/ipmitool from ipmitool-1.8.11-16.el6.x86_64
TSINFO: Marking ipmitool-1.8.11-16.el6.x86_64 as install for fence-agents-3.1.5-35.el6_5.4.x86_64
fence-agents-3.1.5-35.el6_5.4.x86_64 requires: perl-Net-Telnet
--> Processing Dependency: perl-Net-Telnet for package: fence-agents-3.1.5-35.el6_5.4.x86_64
Searching pkgSack for dep: perl-Net-Telnet
Potential match for perl-Net-Telnet from perl-Net-Telnet-3.03-11.el6.noarch
Matched perl-Net-Telnet-3.03-11.el6.noarch to require for perl-Net-Telnet
perl-Net-Telnet-3.03-11.el6.noarch already in ts, skipping this one
fence-agents-3.1.5-35.el6_5.4.x86_64 requires: net-snmp-utils
--> Processing Dependency: net-snmp-utils for package: fence-agents-3.1.5-35.el6_5.4.x86_64
Searching pkgSack for dep: net-snmp-utils
Potential match for net-snmp-utils from 1:net-snmp-utils-5.5-49.el6_5.1.x86_64
Matched 1:net-snmp-utils-5.5-49.el6_5.1.x86_64 to require for net-snmp-utils
TSINFO: Marking 1:net-snmp-utils-5.5-49.el6_5.1.x86_64 as install for fence-agents-3.1.5-35.el6_5.4.x86_64
fence-agents-3.1.5-35.el6_5.4.x86_64 requires: telnet
--> Processing Dependency: telnet for package: fence-agents-3.1.5-35.el6_5.4.x86_64
Searching pkgSack for dep: telnet
Potential match for telnet from 1:telnet-0.17-47.el6_3.1.x86_64
Matched 1:telnet-0.17-47.el6_3.1.x86_64 to require for telnet
TSINFO: Marking 1:telnet-0.17-47.el6_3.1.x86_64 as install for fence-agents-3.1.5-35.el6_5.4.x86_64
fence-agents-3.1.5-35.el6_5.4.x86_64 requires: /usr/bin/virsh
--> Processing Dependency: /usr/bin/virsh for package: fence-agents-3.1.5-35.el6_5.4.x86_64
Searching pkgSack for dep: /usr/bin/virsh
Potential match for /usr/bin/virsh from libvirt-client-1.2.5-1.mira1.x86_64
TSINFO: Marking libvirt-client-1.2.5-1.mira1.x86_64 as install for fence-agents-3.1.5-35.el6_5.4.x86_64
---> Package fencing-agent.x86_64 0:0.1.0-3 set to be updated
Checking deps for fencing-agent.x86_64 0-0.1.0-3 - u
---> Package file.x86_64 0:5.04-15.el6 set to be updated
Checking deps for file.x86_64 0-5.04-15.el6 - u
file-5.04-15.el6.x86_64 requires: file-libs = 5.04-15.el6
--> Processing Dependency: file-libs = 5.04-15.el6 for package: file-5.04-15.el6.x86_64
Searching pkgSack for dep: file-libs
Potential match for file-libs from file-libs-5.04-15.el6.x86_64
Matched file-libs-5.04-15.el6.x86_64 to require for file-libs
TSINFO: Marking file-libs-5.04-15.el6.x86_64 as install for file-5.04-15.el6.x86_64
file-5.04-15.el6.x86_64 requires: libmagic.so.1()(64bit)
--> Processing Dependency: libmagic.so.1()(64bit) for package: file-5.04-15.el6.x86_64
Quick matched file-libs-5.04-15.el6.x86_64 to require for libmagic.so.1()(64bit)
---> Package filesystem.x86_64 0:2.4.30-3.el6 set to be updated
Checking deps for filesystem.x86_64 0-2.4.30-3.el6 - u
---> Package flex.x86_64 0:2.5.35-8.el6 set to be updated
Checking deps for flex.x86_64 0-2.5.35-8.el6 - u
---> Package fprintd-pam.x86_64 0:0.1-21.git04fd09cfa.el6 set to be updated
Checking deps for fprintd-pam.x86_64 0-0.1-21.git04fd09cfa.el6 - u
fprintd-pam-0.1-21.git04fd09cfa.el6.x86_64 requires: fprintd = 0.1-21.git04fd09cfa.el6
--> Processing Dependency: fprintd = 0.1-21.git04fd09cfa.el6 for package: fprintd-pam-0.1-21.git04fd09cfa.el6.x86_64
Searching pkgSack for dep: fprintd
Potential match for fprintd from fprintd-0.1-21.git04fd09cfa.el6.x86_64
Matched fprintd-0.1-21.git04fd09cfa.el6.x86_64 to require for fprintd
TSINFO: Marking fprintd-0.1-21.git04fd09cfa.el6.x86_64 as install for fprintd-pam-0.1-21.git04fd09cfa.el6.x86_64
---> Package fuel-ostf.noarch 0:0.1-1 set to be updated
Checking deps for fuel-ostf.noarch 0-0.1-1 - u
fuel-ostf-0.1-1.noarch requires: python-extras >= 0.0.3
--> Processing Dependency: python-extras >= 0.0.3 for package: fuel-ostf-0.1-1.noarch
Searching pkgSack for dep: python-extras
Potential match for python-extras from python-extras-0.0.3-2.el6.noarch
Matched python-extras-0.0.3-2.el6.noarch to require for python-extras
TSINFO: Marking python-extras-0.0.3-2.el6.noarch as install for fuel-ostf-0.1-1.noarch
fuel-ostf-0.1-1.noarch requires: python-pecan >= 0.3.0
--> Processing Dependency: python-pecan >= 0.3.0 for package: fuel-ostf-0.1-1.noarch
Searching pkgSack for dep: python-pecan
Potential match for python-pecan from python-pecan-0.5.0-3.mira1.noarch
Matched python-pecan-0.5.0-3.mira1.noarch to require for python-pecan
TSINFO: Marking python-pecan-0.5.0-3.mira1.noarch as install for fuel-ostf-0.1-1.noarch
fuel-ostf-0.1-1.noarch requires: python-pyopenssl >= 0.13
--> Processing Dependency: python-pyopenssl >= 0.13 for package: fuel-ostf-0.1-1.noarch
Searching pkgSack for dep: python-pyopenssl
fuel-ostf-0.1-1.noarch requires: python-simplegeneric >= 0.8.1
--> Processing Dependency: python-simplegeneric >= 0.8.1 for package: fuel-ostf-0.1-1.noarch
Searching pkgSack for dep: python-simplegeneric
Potential match for python-simplegeneric from python-simplegeneric-0.8.1-1.el6.noarch
Matched python-simplegeneric-0.8.1-1.el6.noarch to require for python-simplegeneric
TSINFO: Marking python-simplegeneric-0.8.1-1.el6.noarch as install for fuel-ostf-0.1-1.noarch
fuel-ostf-0.1-1.noarch requires: python-netaddr >= 0.7.10
--> Processing Dependency: python-netaddr >= 0.7.10 for package: fuel-ostf-0.1-1.noarch
Searching pkgSack for dep: python-netaddr
Potential match for python-netaddr from python-netaddr-0.7.12-6.2.mira1.x86_64
Matched python-netaddr-0.7.12-6.2.mira1.x86_64 to require for python-netaddr
Potential match for python-netaddr from python-netaddr-0.7.5-4.el6.noarch
TSINFO: Marking python-netaddr-0.7.12-6.2.mira1.x86_64 as install for fuel-ostf-0.1-1.noarch
fuel-ostf-0.1-1.noarch requires: python-psycogreen >= 1.0
--> Processing Dependency: python-psycogreen >= 1.0 for package: fuel-ostf-0.1-1.noarch
Searching pkgSack for dep: python-psycogreen
fuel-ostf-0.1-1.noarch requires: python-mako >= 0.8.1
--> Processing Dependency: python-mako >= 0.8.1 for package: fuel-ostf-0.1-1.noarch
Searching pkgSack for dep: python-mako
Potential match for python-mako from python-mako-0.9.1-5.el6.noarch
Matched python-mako-0.9.1-5.el6.noarch to require for python-mako
TSINFO: Marking python-mako-0.9.1-5.el6.noarch as install for fuel-ostf-0.1-1.noarch
fuel-ostf-0.1-1.noarch requires: python-markupsafe >= 0.18
--> Processing Dependency: python-markupsafe >= 0.18 for package: fuel-ostf-0.1-1.noarch
Searching pkgSack for dep: python-markupsafe
Potential match for python-markupsafe from python-MarkupSafe-0.18-24.2.x86_64
Matched python-MarkupSafe-0.18-24.2.x86_64 to require for python-markupsafe
TSINFO: Marking python-MarkupSafe-0.18-24.2.x86_64 as install for fuel-ostf-0.1-1.noarch
fuel-ostf-0.1-1.noarch requires: python-testtools >= 0.9.32
--> Processing Dependency: python-testtools >= 0.9.32 for package: fuel-ostf-0.1-1.noarch
Searching pkgSack for dep: python-testtools
Potential match for python-testtools from python-testtools-0.9.35-1.el6.noarch
Matched python-testtools-0.9.35-1.el6.noarch to require for python-testtools
TSINFO: Marking python-testtools-0.9.35-1.el6.noarch as install for fuel-ostf-0.1-1.noarch
fuel-ostf-0.1-1.noarch requires: python-testresources >= 0.2.7
--> Processing Dependency: python-testresources >= 0.2.7 for package: fuel-ostf-0.1-1.noarch
Searching pkgSack for dep: python-testresources
Potential match for python-testresources from python-testresources-0.2.7-4.el6.noarch
Matched python-testresources-0.2.7-4.el6.noarch to require for python-testresources
TSINFO: Marking python-testresources-0.2.7-4.el6.noarch as install for fuel-ostf-0.1-1.noarch
fuel-ostf-0.1-1.noarch requires: python-webtest >= 2.0.6
--> Processing Dependency: python-webtest >= 2.0.6 for package: fuel-ostf-0.1-1.noarch
Searching pkgSack for dep: python-webtest
Potential match for python-webtest from python-webtest-2.0.9-1.el6.noarch
Matched python-webtest-2.0.9-1.el6.noarch to require for python-webtest
TSINFO: Marking python-webtest-2.0.9-1.el6.noarch as install for fuel-ostf-0.1-1.noarch
fuel-ostf-0.1-1.noarch requires: python-psycopg2 >= 2.5.1
--> Processing Dependency: python-psycopg2 >= 2.5.1 for package: fuel-ostf-0.1-1.noarch
Searching pkgSack for dep: python-psycopg2
Potential match for python-psycopg2 from python-psycopg2-2.5.1-0.x86_64
Matched python-psycopg2-2.5.1-0.x86_64 to require for python-psycopg2
TSINFO: Marking python-psycopg2-2.5.1-0.x86_64 as install for fuel-ostf-0.1-1.noarch
fuel-ostf-0.1-1.noarch requires: python-waitress >= 0.8.5
--> Processing Dependency: python-waitress >= 0.8.5 for package: fuel-ostf-0.1-1.noarch
Searching pkgSack for dep: python-waitress
Potential match for python-waitress from python-waitress-0.8.5-1.el6.noarch
Matched python-waitress-0.8.5-1.el6.noarch to require for python-waitress
TSINFO: Marking python-waitress-0.8.5-1.el6.noarch as install for fuel-ostf-0.1-1.noarch
fuel-ostf-0.1-1.noarch requires: python-nose >= 1.1.2
--> Processing Dependency: python-nose >= 1.1.2 for package: fuel-ostf-0.1-1.noarch
Searching pkgSack for dep: python-nose
Potential match for python-nose from python-nose-1.3.0-2.el6.noarch
Matched python-nose-1.3.0-2.el6.noarch to require for python-nose
TSINFO: Marking python-nose-1.3.0-2.el6.noarch as install for fuel-ostf-0.1-1.noarch
fuel-ostf-0.1-1.noarch requires: python-mimeparse >= 0.1.4
--> Processing Dependency: python-mimeparse >= 0.1.4 for package: fuel-ostf-0.1-1.noarch
Searching pkgSack for dep: python-mimeparse
Potential match for python-mimeparse from python-mimeparse-0.1.4-1.el6.noarch
Matched python-mimeparse-0.1.4-1.el6.noarch to require for python-mimeparse
TSINFO: Marking python-mimeparse-0.1.4-1.el6.noarch as install for fuel-ostf-0.1-1.noarch
fuel-ostf-0.1-1.noarch requires: python-gevent >= 0.13.8
--> Processing Dependency: python-gevent >= 0.13.8 for package: fuel-ostf-0.1-1.noarch
Searching pkgSack for dep: python-gevent
Potential match for python-gevent from python-gevent-0.13.8-3.el6.x86_64
Matched python-gevent-0.13.8-3.el6.x86_64 to require for python-gevent
TSINFO: Marking python-gevent-0.13.8-3.el6.x86_64 as install for fuel-ostf-0.1-1.noarch
fuel-ostf-0.1-1.noarch requires: python-beautifulsoup4 >= 4.2.1
--> Processing Dependency: python-beautifulsoup4 >= 4.2.1 for package: fuel-ostf-0.1-1.noarch
Searching pkgSack for dep: python-beautifulsoup4
Potential match for python-beautifulsoup4 from python-beautifulsoup4-4.2.1-1.el6.noarch
Matched python-beautifulsoup4-4.2.1-1.el6.noarch to require for python-beautifulsoup4
TSINFO: Marking python-beautifulsoup4-4.2.1-1.el6.noarch as install for fuel-ostf-0.1-1.noarch
fuel-ostf-0.1-1.noarch requires: python-logutils >= 0.3.3
--> Processing Dependency: python-logutils >= 0.3.3 for package: fuel-ostf-0.1-1.noarch
Searching pkgSack for dep: python-logutils
Potential match for python-logutils from python-logutils-0.3.3-3.el6.noarch
Matched python-logutils-0.3.3-3.el6.noarch to require for python-logutils
TSINFO: Marking python-logutils-0.3.3-3.el6.noarch as install for fuel-ostf-0.1-1.noarch
fuel-ostf-0.1-1.noarch requires: python-jsonpointer >= 1.0
--> Processing Dependency: python-jsonpointer >= 1.0 for package: fuel-ostf-0.1-1.noarch
Searching pkgSack for dep: python-jsonpointer
Potential match for python-jsonpointer from python-jsonpointer-1.0-2.el6.noarch
Matched python-jsonpointer-1.0-2.el6.noarch to require for python-jsonpointer
TSINFO: Marking python-jsonpointer-1.0-2.el6.noarch as install for fuel-ostf-0.1-1.noarch
fuel-ostf-0.1-1.noarch requires: python-setuptools-git >= 1.0
--> Processing Dependency: python-setuptools-git >= 1.0 for package: fuel-ostf-0.1-1.noarch
Searching pkgSack for dep: python-setuptools-git
---> Package fuel-utils.noarch 0:20131119-2.el6 set to be updated
Checking deps for fuel-utils.noarch 0-20131119-2.el6 - u
---> Package fuelmenu.noarch 0:0.1-453 set to be updated
Checking deps for fuelmenu.noarch 0-0.1-453 - u
---> Package fuse-libs.x86_64 0:2.8.3-4.el6 set to be updated
Checking deps for fuse-libs.x86_64 0-2.8.3-4.el6 - u
---> Package galera.x86_64 0:25.3.5-1.mira1 set to be updated
Checking deps for galera.x86_64 0-25.3.5-1.mira1 - u
---> Package gcc.x86_64 0:4.4.7-4.el6 set to be updated
Checking deps for gcc.x86_64 0-4.4.7-4.el6 - u
gcc-4.4.7-4.el6.x86_64 requires: libgomp = 4.4.7-4.el6
--> Processing Dependency: libgomp = 4.4.7-4.el6 for package: gcc-4.4.7-4.el6.x86_64
Searching pkgSack for dep: libgomp
Potential match for libgomp from libgomp-4.4.7-4.el6.x86_64
Matched libgomp-4.4.7-4.el6.x86_64 to require for libgomp
TSINFO: Marking libgomp-4.4.7-4.el6.x86_64 as install for gcc-4.4.7-4.el6.x86_64
gcc-4.4.7-4.el6.x86_64 requires: cpp = 4.4.7-4.el6
--> Processing Dependency: cpp = 4.4.7-4.el6 for package: gcc-4.4.7-4.el6.x86_64
Searching pkgSack for dep: cpp
Potential match for cpp from cpp-4.4.7-4.el6.x86_64
Matched cpp-4.4.7-4.el6.x86_64 to require for cpp
TSINFO: Marking cpp-4.4.7-4.el6.x86_64 as install for gcc-4.4.7-4.el6.x86_64
gcc-4.4.7-4.el6.x86_64 requires: cloog-ppl >= 0.15
--> Processing Dependency: cloog-ppl >= 0.15 for package: gcc-4.4.7-4.el6.x86_64
Searching pkgSack for dep: cloog-ppl
Potential match for cloog-ppl from cloog-ppl-0.15.7-1.2.el6.x86_64
Matched cloog-ppl-0.15.7-1.2.el6.x86_64 to require for cloog-ppl
TSINFO: Marking cloog-ppl-0.15.7-1.2.el6.x86_64 as install for gcc-4.4.7-4.el6.x86_64
gcc-4.4.7-4.el6.x86_64 requires: glibc-devel >= 2.2.90-12
--> Processing Dependency: glibc-devel >= 2.2.90-12 for package: gcc-4.4.7-4.el6.x86_64
Searching pkgSack for dep: glibc-devel
Potential match for glibc-devel from glibc-devel-2.12-1.132.el6_5.2.x86_64
Matched glibc-devel-2.12-1.132.el6_5.2.x86_64 to require for glibc-devel
TSINFO: Marking glibc-devel-2.12-1.132.el6_5.2.x86_64 as install for gcc-4.4.7-4.el6.x86_64
gcc-4.4.7-4.el6.x86_64 requires: libgomp.so.1()(64bit)
--> Processing Dependency: libgomp.so.1()(64bit) for package: gcc-4.4.7-4.el6.x86_64
Searching pkgSack for dep: libgomp.so.1()(64bit)
Potential match for libgomp.so.1()(64bit) from libgomp-4.4.7-4.el6.x86_64
Matched libgomp-4.4.7-4.el6.x86_64 to require for libgomp.so.1()(64bit)
libgomp-4.4.7-4.el6.x86_64 already in ts, skipping this one
---> Package gcc-c++.x86_64 0:4.4.7-4.el6 set to be updated
Checking deps for gcc-c++.x86_64 0-4.4.7-4.el6 - u
gcc-c++-4.4.7-4.el6.x86_64 requires: libstdc++-devel = 4.4.7-4.el6
--> Processing Dependency: libstdc++-devel = 4.4.7-4.el6 for package: gcc-c++-4.4.7-4.el6.x86_64
Searching pkgSack for dep: libstdc++-devel
Potential match for libstdc++-devel from libstdc++-devel-4.4.7-4.el6.x86_64
Matched libstdc++-devel-4.4.7-4.el6.x86_64 to require for libstdc++-devel
TSINFO: Marking libstdc++-devel-4.4.7-4.el6.x86_64 as install for gcc-c++-4.4.7-4.el6.x86_64
gcc-c++-4.4.7-4.el6.x86_64 requires: libmpfr.so.1()(64bit)
--> Processing Dependency: libmpfr.so.1()(64bit) for package: gcc-c++-4.4.7-4.el6.x86_64
Searching pkgSack for dep: libmpfr.so.1()(64bit)
Potential match for libmpfr.so.1()(64bit) from mpfr-2.4.1-6.el6.x86_64
Matched mpfr-2.4.1-6.el6.x86_64 to require for libmpfr.so.1()(64bit)
TSINFO: Marking mpfr-2.4.1-6.el6.x86_64 as install for gcc-c++-4.4.7-4.el6.x86_64
---> Package gcc-gfortran.x86_64 0:4.4.7-4.el6 set to be updated
Checking deps for gcc-gfortran.x86_64 0-4.4.7-4.el6 - u
gcc-gfortran-4.4.7-4.el6.x86_64 requires: libgfortran = 4.4.7-4.el6
--> Processing Dependency: libgfortran = 4.4.7-4.el6 for package: gcc-gfortran-4.4.7-4.el6.x86_64
Searching pkgSack for dep: libgfortran
Potential match for libgfortran from libgfortran-4.4.7-4.el6.x86_64
Matched libgfortran-4.4.7-4.el6.x86_64 to require for libgfortran
TSINFO: Marking libgfortran-4.4.7-4.el6.x86_64 as install for gcc-gfortran-4.4.7-4.el6.x86_64
gcc-gfortran-4.4.7-4.el6.x86_64 requires: libgfortran.so.3()(64bit)
--> Processing Dependency: libgfortran.so.3()(64bit) for package: gcc-gfortran-4.4.7-4.el6.x86_64
Quick matched libgfortran-4.4.7-4.el6.x86_64 to require for libgfortran.so.3()(64bit)
---> Package gdisk.x86_64 0:0.8.4-1.el6 set to be updated
Checking deps for gdisk.x86_64 0-0.8.4-1.el6 - u
---> Package git.x86_64 0:1.7.1-3.el6_4.1 set to be updated
Checking deps for git.x86_64 0-1.7.1-3.el6_4.1 - u
git-1.7.1-3.el6_4.1.x86_64 requires: perl-Git = 1.7.1-3.el6_4.1
--> Processing Dependency: perl-Git = 1.7.1-3.el6_4.1 for package: git-1.7.1-3.el6_4.1.x86_64
Searching pkgSack for dep: perl-Git
Potential match for perl-Git from perl-Git-1.7.1-3.el6_4.1.noarch
Matched perl-Git-1.7.1-3.el6_4.1.noarch to require for perl-Git
TSINFO: Marking perl-Git-1.7.1-3.el6_4.1.noarch as install for git-1.7.1-3.el6_4.1.x86_64
git-1.7.1-3.el6_4.1.x86_64 requires: perl(Git)
--> Processing Dependency: perl(Git) for package: git-1.7.1-3.el6_4.1.x86_64
Quick matched perl-Git-1.7.1-3.el6_4.1.noarch to require for perl(Git)
git-1.7.1-3.el6_4.1.x86_64 requires: less
--> Processing Dependency: less for package: git-1.7.1-3.el6_4.1.x86_64
Searching pkgSack for dep: less
Potential match for less from less-436-10.el6.x86_64
Matched less-436-10.el6.x86_64 to require for less
TSINFO: Marking less-436-10.el6.x86_64 as install for git-1.7.1-3.el6_4.1.x86_64
git-1.7.1-3.el6_4.1.x86_64 requires: perl(Error)
--> Processing Dependency: perl(Error) for package: git-1.7.1-3.el6_4.1.x86_64
Searching pkgSack for dep: perl(Error)
Potential match for perl(Error) from 1:perl-Error-0.17015-4.el6.noarch
Matched 1:perl-Error-0.17015-4.el6.noarch to require for perl(Error)
TSINFO: Marking 1:perl-Error-0.17015-4.el6.noarch as install for git-1.7.1-3.el6_4.1.x86_64
---> Package glibc.x86_64 0:2.12-1.132.el6_5.2 set to be updated
Checking deps for glibc.x86_64 0-2.12-1.132.el6_5.2 - u
glibc-2.12-1.132.el6_5.2.x86_64 requires: libfreebl3.so(NSSRAWHASH_3.12.3)(64bit)
--> Processing Dependency: libfreebl3.so(NSSRAWHASH_3.12.3)(64bit) for package: glibc-2.12-1.132.el6_5.2.x86_64
Searching pkgSack for dep: libfreebl3.so(NSSRAWHASH_3.12.3)(64bit)
Potential match for libfreebl3.so(NSSRAWHASH_3.12.3)(64bit) from nss-softokn-freebl-3.14.3-10.el6_5.x86_64
Matched nss-softokn-freebl-3.14.3-10.el6_5.x86_64 to require for libfreebl3.so(NSSRAWHASH_3.12.3)(64bit)
TSINFO: Marking nss-softokn-freebl-3.14.3-10.el6_5.x86_64 as install for glibc-2.12-1.132.el6_5.2.x86_64
glibc-2.12-1.132.el6_5.2.x86_64 requires: libfreebl3.so()(64bit)
--> Processing Dependency: libfreebl3.so()(64bit) for package: glibc-2.12-1.132.el6_5.2.x86_64
Quick matched nss-softokn-freebl-3.14.3-10.el6_5.x86_64 to require for libfreebl3.so()(64bit)
---> Package gnupg2.x86_64 0:2.0.14-6.el6_4 set to be updated
Checking deps for gnupg2.x86_64 0-2.0.14-6.el6_4 - u
gnupg2-2.0.14-6.el6_4.x86_64 requires: pinentry
--> Processing Dependency: pinentry for package: gnupg2-2.0.14-6.el6_4.x86_64
Searching pkgSack for dep: pinentry
Potential match for pinentry from pinentry-0.7.6-6.el6.x86_64
Matched pinentry-0.7.6-6.el6.x86_64 to require for pinentry
TSINFO: Marking pinentry-0.7.6-6.el6.x86_64 as install for gnupg2-2.0.14-6.el6_4.x86_64
gnupg2-2.0.14-6.el6_4.x86_64 requires: libgcrypt.so.11(GCRYPT_1.2)(64bit)
--> Processing Dependency: libgcrypt.so.11(GCRYPT_1.2)(64bit) for package: gnupg2-2.0.14-6.el6_4.x86_64
Searching pkgSack for dep: libgcrypt.so.11(GCRYPT_1.2)(64bit)
Potential match for libgcrypt.so.11(GCRYPT_1.2)(64bit) from libgcrypt-1.4.5-11.el6_4.x86_64
Matched libgcrypt-1.4.5-11.el6_4.x86_64 to require for libgcrypt.so.11(GCRYPT_1.2)(64bit)
TSINFO: Marking libgcrypt-1.4.5-11.el6_4.x86_64 as install for gnupg2-2.0.14-6.el6_4.x86_64
gnupg2-2.0.14-6.el6_4.x86_64 requires: libpth.so.20()(64bit)
--> Processing Dependency: libpth.so.20()(64bit) for package: gnupg2-2.0.14-6.el6_4.x86_64
Searching pkgSack for dep: libpth.so.20()(64bit)
Potential match for libpth.so.20()(64bit) from pth-2.0.7-9.3.el6.x86_64
Matched pth-2.0.7-9.3.el6.x86_64 to require for libpth.so.20()(64bit)
TSINFO: Marking pth-2.0.7-9.3.el6.x86_64 as install for gnupg2-2.0.14-6.el6_4.x86_64
gnupg2-2.0.14-6.el6_4.x86_64 requires: libgcrypt.so.11()(64bit)
--> Processing Dependency: libgcrypt.so.11()(64bit) for package: gnupg2-2.0.14-6.el6_4.x86_64
Searching pkgSack for dep: libgcrypt.so.11()(64bit)
Potential match for libgcrypt.so.11()(64bit) from libgcrypt-1.4.5-11.el6_4.x86_64
Matched libgcrypt-1.4.5-11.el6_4.x86_64 to require for libgcrypt.so.11()(64bit)
libgcrypt-1.4.5-11.el6_4.x86_64 already in ts, skipping this one
gnupg2-2.0.14-6.el6_4.x86_64 requires: libgpg-error.so.0()(64bit)
--> Processing Dependency: libgpg-error.so.0()(64bit) for package: gnupg2-2.0.14-6.el6_4.x86_64
Searching pkgSack for dep: libgpg-error.so.0()(64bit)
Potential match for libgpg-error.so.0()(64bit) from libgpg-error-1.7-4.el6.x86_64
Matched libgpg-error-1.7-4.el6.x86_64 to require for libgpg-error.so.0()(64bit)
TSINFO: Marking libgpg-error-1.7-4.el6.x86_64 as install for gnupg2-2.0.14-6.el6_4.x86_64
---> Package gperftools-libs.x86_64 0:2.0-11.el6.3 set to be updated
Checking deps for gperftools-libs.x86_64 0-2.0-11.el6.3 - u
---> Package gpxe-bootimgs.noarch 0:0.9.7-6.10.el6 set to be updated
Checking deps for gpxe-bootimgs.noarch 0-0.9.7-6.10.el6 - u
---> Package grub.x86_64 1:0.97-83.el6 set to be updated
Checking deps for grub.x86_64 1-0.97-83.el6 - u
1:grub-0.97-83.el6.x86_64 requires: system-logos
--> Processing Dependency: system-logos for package: 1:grub-0.97-83.el6.x86_64
Searching pkgSack for dep: system-logos
Potential match for system-logos from redhat-logos-60.0.14-12.el6.centos.noarch
Matched redhat-logos-60.0.14-12.el6.centos.noarch to require for system-logos
TSINFO: Marking redhat-logos-60.0.14-12.el6.centos.noarch as install for 1:grub-0.97-83.el6.x86_64
---> Package haproxy.x86_64 0:1.5.3-3.mira3 set to be updated
Checking deps for haproxy.x86_64 0-1.5.3-3.mira3 - u
haproxy-1.5.3-3.mira3.x86_64 requires: libpcreposix.so.0()(64bit)
--> Processing Dependency: libpcreposix.so.0()(64bit) for package: haproxy-1.5.3-3.mira3.x86_64
Searching pkgSack for dep: libpcreposix.so.0()(64bit)
Potential match for libpcreposix.so.0()(64bit) from pcre-7.8-6.el6.x86_64
Matched pcre-7.8-6.el6.x86_64 to require for libpcreposix.so.0()(64bit)
TSINFO: Marking pcre-7.8-6.el6.x86_64 as install for haproxy-1.5.3-3.mira3.x86_64
haproxy-1.5.3-3.mira3.x86_64 requires: libpcre.so.0()(64bit)
--> Processing Dependency: libpcre.so.0()(64bit) for package: haproxy-1.5.3-3.mira3.x86_64
Quick matched pcre-7.8-6.el6.x86_64 to require for libpcre.so.0()(64bit)
---> Package hdparm.x86_64 0:9.43-4.el6 set to be updated
Checking deps for hdparm.x86_64 0-9.43-4.el6 - u
---> Package hiera.noarch 0:1.3.1-1.mira2 set to be updated
Checking deps for hiera.noarch 0-1.3.1-1.mira2 - u
---> Package hivex.x86_64 0:1.3.3-4.2.mira1 set to be updated
Checking deps for hivex.x86_64 0-1.3.3-4.2.mira1 - u
hivex-1.3.3-4.2.mira1.x86_64 requires: perl(Win::Hivex)
--> Processing Dependency: perl(Win::Hivex) for package: hivex-1.3.3-4.2.mira1.x86_64
Searching pkgSack for dep: perl(Win::Hivex)
Potential match for perl(Win::Hivex) from perl-hivex-1.3.3-4.2.mira1.x86_64
Matched perl-hivex-1.3.3-4.2.mira1.x86_64 to require for perl(Win::Hivex)
TSINFO: Marking perl-hivex-1.3.3-4.2.mira1.x86_64 as install for hivex-1.3.3-4.2.mira1.x86_64
hivex-1.3.3-4.2.mira1.x86_64 requires: perl(Win::Hivex::Regedit)
--> Processing Dependency: perl(Win::Hivex::Regedit) for package: hivex-1.3.3-4.2.mira1.x86_64
Quick matched perl-hivex-1.3.3-4.2.mira1.x86_64 to require for perl(Win::Hivex::Regedit)
---> Package htop.x86_64 0:1.0.1-2.el6 set to be updated
Checking deps for htop.x86_64 0-1.0.1-2.el6 - u
---> Package http-parser.x86_64 0:2.0-4.20121128gitcd01361.el6 set to be updated
Checking deps for http-parser.x86_64 0-2.0-4.20121128gitcd01361.el6 - u
---> Package httpd.x86_64 0:2.2.15-15.el6.1 set to be updated
Checking deps for httpd.x86_64 0-2.2.15-15.el6.1 - u
---> Package httpd-tools.x86_64 0:2.2.15-15.el6.1 set to be updated
Checking deps for httpd-tools.x86_64 0-2.2.15-15.el6.1 - u
---> Package hunspell.x86_64 0:1.2.8-16.el6 set to be updated
Checking deps for hunspell.x86_64 0-1.2.8-16.el6 - u
---> Package hunspell-en.noarch 0:0.20090216-7.1.el6 set to be updated
Checking deps for hunspell-en.noarch 0-0.20090216-7.1.el6 - u
---> Package initscripts.x86_64 0:9.03.40-2.el6.centos.1 set to be updated
Checking deps for initscripts.x86_64 0-9.03.40-2.el6.centos.1 - u
initscripts-9.03.40-2.el6.centos.1.x86_64 requires: upstart >= 0.6.0
--> Processing Dependency: upstart >= 0.6.0 for package: initscripts-9.03.40-2.el6.centos.1.x86_64
Searching pkgSack for dep: upstart
Potential match for upstart from upstart-0.6.5-13.el6_5.3.x86_64
Matched upstart-0.6.5-13.el6_5.3.x86_64 to require for upstart
TSINFO: Marking upstart-0.6.5-13.el6_5.3.x86_64 as install for initscripts-9.03.40-2.el6.centos.1.x86_64
initscripts-9.03.40-2.el6.centos.1.x86_64 requires: sysvinit-tools >= 2.87
--> Processing Dependency: sysvinit-tools >= 2.87 for package: initscripts-9.03.40-2.el6.centos.1.x86_64
Searching pkgSack for dep: sysvinit-tools
Potential match for sysvinit-tools from sysvinit-tools-2.87-5.dsf.el6.x86_64
Matched sysvinit-tools-2.87-5.dsf.el6.x86_64 to require for sysvinit-tools
TSINFO: Marking sysvinit-tools-2.87-5.dsf.el6.x86_64 as install for initscripts-9.03.40-2.el6.centos.1.x86_64
initscripts-9.03.40-2.el6.centos.1.x86_64 requires: mingetty
--> Processing Dependency: mingetty for package: initscripts-9.03.40-2.el6.centos.1.x86_64
Searching pkgSack for dep: mingetty
Potential match for mingetty from mingetty-1.08-5.el6.x86_64
Matched mingetty-1.08-5.el6.x86_64 to require for mingetty
TSINFO: Marking mingetty-1.08-5.el6.x86_64 as install for initscripts-9.03.40-2.el6.centos.1.x86_64
initscripts-9.03.40-2.el6.centos.1.x86_64 requires: /sbin/pidof
--> Processing Dependency: /sbin/pidof for package: initscripts-9.03.40-2.el6.centos.1.x86_64
Searching pkgSack for dep: /sbin/pidof
Potential match for /sbin/pidof from sysvinit-tools-2.87-5.dsf.el6.x86_64
sysvinit-tools-2.87-5.dsf.el6.x86_64 already in ts, skipping this one
initscripts-9.03.40-2.el6.centos.1.x86_64 requires: /bin/find
--> Processing Dependency: /bin/find for package: initscripts-9.03.40-2.el6.centos.1.x86_64
Searching pkgSack for dep: /bin/find
Potential match for /bin/find from 1:findutils-4.4.2-6.el6.x86_64
TSINFO: Marking 1:findutils-4.4.2-6.el6.x86_64 as install for initscripts-9.03.40-2.el6.centos.1.x86_64
initscripts-9.03.40-2.el6.centos.1.x86_64 requires: /sbin/fuser
--> Processing Dependency: /sbin/fuser for package: initscripts-9.03.40-2.el6.centos.1.x86_64
Searching pkgSack for dep: /sbin/fuser
Potential match for /sbin/fuser from psmisc-22.6-19.el6_5.x86_64
TSINFO: Marking psmisc-22.6-19.el6_5.x86_64 as install for initscripts-9.03.40-2.el6.centos.1.x86_64
---> Package iproute.x86_64 0:2.6.32-130.el6.netns.2.mira1 set to be updated
Checking deps for iproute.x86_64 0-2.6.32-130.el6.netns.2.mira1 - u
---> Package iptables.x86_64 0:1.4.7-11.mira2 set to be updated
Checking deps for iptables.x86_64 0-1.4.7-11.mira2 - u
---> Package iptables-ipv6.x86_64 0:1.4.7-11.mira2 set to be updated
Checking deps for iptables-ipv6.x86_64 0-1.4.7-11.mira2 - u
---> Package iputils.x86_64 0:20071127-17.el6_4.2 set to be updated
Checking deps for iputils.x86_64 0-20071127-17.el6_4.2 - u
---> Package ipw2100-firmware.noarch 0:1.3-11.el6 set to be updated
Checking deps for ipw2100-firmware.noarch 0-1.3-11.el6 - u
---> Package ipw2200-firmware.noarch 0:3.1-4.el6 set to be updated
Checking deps for ipw2200-firmware.noarch 0-3.1-4.el6 - u
---> Package irqbalance.x86_64 2:1.0.4-9.el6_5 set to be updated
Checking deps for irqbalance.x86_64 2-1.0.4-9.el6_5 - u
2:irqbalance-1.0.4-9.el6_5.x86_64 requires: libnuma.so.1(libnuma_1.1)(64bit)
--> Processing Dependency: libnuma.so.1(libnuma_1.1)(64bit) for package: 2:irqbalance-1.0.4-9.el6_5.x86_64
Searching pkgSack for dep: libnuma.so.1(libnuma_1.1)(64bit)
Potential match for libnuma.so.1(libnuma_1.1)(64bit) from numactl-2.0.7-8.el6.x86_64
Matched numactl-2.0.7-8.el6.x86_64 to require for libnuma.so.1(libnuma_1.1)(64bit)
TSINFO: Marking numactl-2.0.7-8.el6.x86_64 as install for 2:irqbalance-1.0.4-9.el6_5.x86_64
2:irqbalance-1.0.4-9.el6_5.x86_64 requires: libnuma.so.1()(64bit)
--> Processing Dependency: libnuma.so.1()(64bit) for package: 2:irqbalance-1.0.4-9.el6_5.x86_64
Quick matched numactl-2.0.7-8.el6.x86_64 to require for libnuma.so.1()(64bit)
---> Package ivtv-firmware.noarch 2:20080701-20.2 set to be updated
Checking deps for ivtv-firmware.noarch 2-20080701-20.2 - u
---> Package iwl100-firmware.noarch 0:39.31.5.1-35.gitdec41bce.mira1 set to be updated
Checking deps for iwl100-firmware.noarch 0-39.31.5.1-35.gitdec41bce.mira1 - u
---> Package iwl1000-firmware.noarch 1:39.31.5.1-35.gitdec41bce.mira1 set to be updated
Checking deps for iwl1000-firmware.noarch 1-39.31.5.1-35.gitdec41bce.mira1 - u
---> Package iwl3945-firmware.noarch 0:15.32.2.9-35.gitdec41bce.mira1 set to be updated
Checking deps for iwl3945-firmware.noarch 0-15.32.2.9-35.gitdec41bce.mira1 - u
---> Package iwl4965-firmware.noarch 0:228.61.2.24-35.gitdec41bce.mira1 set to be updated
Checking deps for iwl4965-firmware.noarch 0-228.61.2.24-35.gitdec41bce.mira1 - u
---> Package iwl5000-firmware.noarch 0:8.83.5.1_1-35.gitdec41bce.mira1 set to be updated
Checking deps for iwl5000-firmware.noarch 0-8.83.5.1_1-35.gitdec41bce.mira1 - u
---> Package iwl5150-firmware.noarch 0:8.24.2.2-35.gitdec41bce.mira1 set to be updated
Checking deps for iwl5150-firmware.noarch 0-8.24.2.2-35.gitdec41bce.mira1 - u
---> Package iwl6000-firmware.noarch 0:9.221.4.1-35.gitdec41bce.mira1 set to be updated
Checking deps for iwl6000-firmware.noarch 0-9.221.4.1-35.gitdec41bce.mira1 - u
---> Package iwl6000g2a-firmware.noarch 0:17.168.5.3-35.gitdec41bce.mira1 set to be updated
Checking deps for iwl6000g2a-firmware.noarch 0-17.168.5.3-35.gitdec41bce.mira1 - u
---> Package iwl6050-firmware.noarch 0:41.28.5.1-35.gitdec41bce.mira1 set to be updated
Checking deps for iwl6050-firmware.noarch 0-41.28.5.1-35.gitdec41bce.mira1 - u
---> Package json-c.x86_64 0:0.10-2.mira1 set to be updated
Checking deps for json-c.x86_64 0-0.10-2.mira1 - u
---> Package kbd.x86_64 0:1.15-11.el6 set to be updated
Checking deps for kbd.x86_64 0-1.15-11.el6 - u
kbd-1.15-11.el6.x86_64 requires: kbd-misc = 1.15-11.el6
--> Processing Dependency: kbd-misc = 1.15-11.el6 for package: kbd-1.15-11.el6.x86_64
Searching pkgSack for dep: kbd-misc
Potential match for kbd-misc from kbd-misc-1.15-11.el6.noarch
Matched kbd-misc-1.15-11.el6.noarch to require for kbd-misc
TSINFO: Marking kbd-misc-1.15-11.el6.noarch as install for kbd-1.15-11.el6.x86_64
---> Package keepalived.x86_64 0:1.2.4-1.el6 set to be updated
Checking deps for keepalived.x86_64 0-1.2.4-1.el6 - u
keepalived-1.2.4-1.el6.x86_64 requires: libnl.so.1()(64bit)
--> Processing Dependency: libnl.so.1()(64bit) for package: keepalived-1.2.4-1.el6.x86_64
Searching pkgSack for dep: libnl.so.1()(64bit)
Potential match for libnl.so.1()(64bit) from libnl-1.1.4-2.el6.x86_64
Matched libnl-1.1.4-2.el6.x86_64 to require for libnl.so.1()(64bit)
TSINFO: Marking libnl-1.1.4-2.el6.x86_64 as install for keepalived-1.2.4-1.el6.x86_64
---> Package kernel.x86_64 0:2.6.32-431.20.3.el6 set to be installed
Checking deps for kernel.x86_64 0-2.6.32-431.20.3.el6 - i
kernel-2.6.32-431.20.3.el6.x86_64 requires: grubby >= 7.0.4-1
--> Processing Dependency: grubby >= 7.0.4-1 for package: kernel-2.6.32-431.20.3.el6.x86_64
Searching pkgSack for dep: grubby
Potential match for grubby from grubby-7.0.15-5.el6.x86_64
Matched grubby-7.0.15-5.el6.x86_64 to require for grubby
TSINFO: Marking grubby-7.0.15-5.el6.x86_64 as install for kernel-2.6.32-431.20.3.el6.x86_64
kernel-2.6.32-431.20.3.el6.x86_64 requires: dracut-kernel >= 002-18.git413bcf78
--> Processing Dependency: dracut-kernel >= 002-18.git413bcf78 for package: kernel-2.6.32-431.20.3.el6.x86_64
Searching pkgSack for dep: dracut-kernel
Potential match for dracut-kernel from dracut-kernel-004-336.el6_5.2.noarch
Matched dracut-kernel-004-336.el6_5.2.noarch to require for dracut-kernel
TSINFO: Marking dracut-kernel-004-336.el6_5.2.noarch as install for kernel-2.6.32-431.20.3.el6.x86_64
kernel-2.6.32-431.20.3.el6.x86_64 requires: /sbin/new-kernel-pkg
--> Processing Dependency: /sbin/new-kernel-pkg for package: kernel-2.6.32-431.20.3.el6.x86_64
Searching pkgSack for dep: /sbin/new-kernel-pkg
Potential match for /sbin/new-kernel-pkg from grubby-7.0.15-5.el6.x86_64
grubby-7.0.15-5.el6.x86_64 already in ts, skipping this one
kernel-2.6.32-431.20.3.el6.x86_64 requires: /sbin/new-kernel-pkg
--> Processing Dependency: /sbin/new-kernel-pkg for package: kernel-2.6.32-431.20.3.el6.x86_64
Searching pkgSack for dep: /sbin/new-kernel-pkg
Potential match for /sbin/new-kernel-pkg from grubby-7.0.15-5.el6.x86_64
grubby-7.0.15-5.el6.x86_64 already in ts, skipping this one
---> Package kernel-devel.x86_64 0:2.6.32-431.20.3.el6 set to be installed
Checking deps for kernel-devel.x86_64 0-2.6.32-431.20.3.el6 - i
---> Package kernel-firmware.noarch 0:2.6.32-431.20.3.el6 set to be updated
Checking deps for kernel-firmware.noarch 0-2.6.32-431.20.3.el6 - u
---> Package kernel-firmware.x86_64 0:2.6.32-431.20.3.el6 set to be updated
Checking deps for kernel-firmware.x86_64 0-2.6.32-431.20.3.el6 - u
---> Package kernel-headers.x86_64 0:2.6.32-431.20.3.el6 set to be updated
Checking deps for kernel-headers.x86_64 0-2.6.32-431.20.3.el6 - u
---> Package kernel-lt.x86_64 0:3.10.55-1.mira1 set to be installed
Checking deps for kernel-lt.x86_64 0-3.10.55-1.mira1 - i
---> Package kernel-lt-devel.x86_64 0:3.10.55-1.mira1 set to be installed
Checking deps for kernel-lt-devel.x86_64 0-3.10.55-1.mira1 - i
---> Package kernel-lt-headers.x86_64 0:3.10.55-1.mira1 set to be updated
Checking deps for kernel-lt-headers.x86_64 0-3.10.55-1.mira1 - u
---> Package kexec-tools.x86_64 0:2.0.0-273.el6 set to be updated
Checking deps for kexec-tools.x86_64 0-2.0.0-273.el6 - u
kexec-tools-2.0.0-273.el6.x86_64 requires: busybox >= 1.2.0
--> Processing Dependency: busybox >= 1.2.0 for package: kexec-tools-2.0.0-273.el6.x86_64
Searching pkgSack for dep: busybox
Potential match for busybox from 1:busybox-1.15.1-20.el6.x86_64
Matched 1:busybox-1.15.1-20.el6.x86_64 to require for busybox
TSINFO: Marking 1:busybox-1.15.1-20.el6.x86_64 as install for kexec-tools-2.0.0-273.el6.x86_64
kexec-tools-2.0.0-273.el6.x86_64 requires: dracut
--> Processing Dependency: dracut for package: kexec-tools-2.0.0-273.el6.x86_64
Searching pkgSack for dep: dracut
Potential match for dracut from dracut-004-336.el6_5.2.noarch
Matched dracut-004-336.el6_5.2.noarch to require for dracut
TSINFO: Marking dracut-004-336.el6_5.2.noarch as install for kexec-tools-2.0.0-273.el6.x86_64
kexec-tools-2.0.0-273.el6.x86_64 requires: liblzo2.so.2()(64bit)
--> Processing Dependency: liblzo2.so.2()(64bit) for package: kexec-tools-2.0.0-273.el6.x86_64
Searching pkgSack for dep: liblzo2.so.2()(64bit)
Potential match for liblzo2.so.2()(64bit) from lzo-2.03-3.1.el6.x86_64
Matched lzo-2.03-3.1.el6.x86_64 to require for liblzo2.so.2()(64bit)
TSINFO: Marking lzo-2.03-3.1.el6.x86_64 as install for kexec-tools-2.0.0-273.el6.x86_64
---> Package kmod-openvswitch.x86_64 0:1.10.2-1.el6 set to be installed
Checking deps for kmod-openvswitch.x86_64 0-1.10.2-1.el6 - i
---> Package ledmon.x86_64 0:0.78-1.el6 set to be updated
Checking deps for ledmon.x86_64 0-0.78-1.el6 - u
ledmon-0.78-1.el6.x86_64 requires: sg3_utils-libs
--> Processing Dependency: sg3_utils-libs for package: ledmon-0.78-1.el6.x86_64
Searching pkgSack for dep: sg3_utils-libs
Potential match for sg3_utils-libs from sg3_utils-libs-1.28-5.el6.x86_64
Matched sg3_utils-libs-1.28-5.el6.x86_64 to require for sg3_utils-libs
TSINFO: Marking sg3_utils-libs-1.28-5.el6.x86_64 as install for ledmon-0.78-1.el6.x86_64
ledmon-0.78-1.el6.x86_64 requires: libsgutils2.so.2()(64bit)
--> Processing Dependency: libsgutils2.so.2()(64bit) for package: ledmon-0.78-1.el6.x86_64
Quick matched sg3_utils-libs-1.28-5.el6.x86_64 to require for libsgutils2.so.2()(64bit)
---> Package leveldb.x86_64 0:1.7.0-2.el6 set to be updated
Checking deps for leveldb.x86_64 0-1.7.0-2.el6 - u
---> Package libaio.x86_64 0:0.3.107-10.el6 set to be updated
Checking deps for libaio.x86_64 0-0.3.107-10.el6 - u
---> Package libcephfs1.x86_64 0:0.80.4-0.mira1 set to be updated
Checking deps for libcephfs1.x86_64 0-0.80.4-0.mira1 - u
libcephfs1-0.80.4-0.mira1.x86_64 requires: libedit.so.0()(64bit)
--> Processing Dependency: libedit.so.0()(64bit) for package: libcephfs1-0.80.4-0.mira1.x86_64
Searching pkgSack for dep: libedit.so.0()(64bit)
Potential match for libedit.so.0()(64bit) from libedit-2.11-4.20080712cvs.1.el6.x86_64
Matched libedit-2.11-4.20080712cvs.1.el6.x86_64 to require for libedit.so.0()(64bit)
TSINFO: Marking libedit-2.11-4.20080712cvs.1.el6.x86_64 as install for libcephfs1-0.80.4-0.mira1.x86_64
---> Package libertas-usb8388-firmware.noarch 2:20140317-35.gitdec41bce.mira1 set to be updated
Checking deps for libertas-usb8388-firmware.noarch 2-20140317-35.gitdec41bce.mira1 - u
---> Package libevent-devel.x86_64 0:1.4.13-4.el6 set to be updated
Checking deps for libevent-devel.x86_64 0-1.4.13-4.el6 - u
libevent-devel-1.4.13-4.el6.x86_64 requires: libevent = 1.4.13-4.el6
--> Processing Dependency: libevent = 1.4.13-4.el6 for package: libevent-devel-1.4.13-4.el6.x86_64
Searching pkgSack for dep: libevent
Potential match for libevent from libevent-1.4.13-4.el6.x86_64
Matched libevent-1.4.13-4.el6.x86_64 to require for libevent
TSINFO: Marking libevent-1.4.13-4.el6.x86_64 as install for libevent-devel-1.4.13-4.el6.x86_64
libevent-devel-1.4.13-4.el6.x86_64 requires: libevent-doc = 1.4.13-4.el6
--> Processing Dependency: libevent-doc = 1.4.13-4.el6 for package: libevent-devel-1.4.13-4.el6.x86_64
Searching pkgSack for dep: libevent-doc
Potential match for libevent-doc from libevent-doc-1.4.13-4.el6.noarch
Matched libevent-doc-1.4.13-4.el6.noarch to require for libevent-doc
TSINFO: Marking libevent-doc-1.4.13-4.el6.noarch as install for libevent-devel-1.4.13-4.el6.x86_64
libevent-devel-1.4.13-4.el6.x86_64 requires: libevent-headers = 1.4.13-4.el6
--> Processing Dependency: libevent-headers = 1.4.13-4.el6 for package: libevent-devel-1.4.13-4.el6.x86_64
Searching pkgSack for dep: libevent-headers
Potential match for libevent-headers from libevent-headers-1.4.13-4.el6.noarch
Matched libevent-headers-1.4.13-4.el6.noarch to require for libevent-headers
TSINFO: Marking libevent-headers-1.4.13-4.el6.noarch as install for libevent-devel-1.4.13-4.el6.x86_64
libevent-devel-1.4.13-4.el6.x86_64 requires: libevent_core-1.4.so.2()(64bit)
--> Processing Dependency: libevent_core-1.4.so.2()(64bit) for package: libevent-devel-1.4.13-4.el6.x86_64
Searching pkgSack for dep: libevent_core-1.4.so.2()(64bit)
Potential match for libevent_core-1.4.so.2()(64bit) from libevent-1.4.13-4.el6.x86_64
Matched libevent-1.4.13-4.el6.x86_64 to require for libevent_core-1.4.so.2()(64bit)
libevent-1.4.13-4.el6.x86_64 already in ts, skipping this one
libevent-devel-1.4.13-4.el6.x86_64 requires: libevent-1.4.so.2()(64bit)
--> Processing Dependency: libevent-1.4.so.2()(64bit) for package: libevent-devel-1.4.13-4.el6.x86_64
Quick matched libevent-1.4.13-4.el6.x86_64 to require for libevent-1.4.so.2()(64bit)
libevent-devel-1.4.13-4.el6.x86_64 requires: libevent_extra-1.4.so.2()(64bit)
--> Processing Dependency: libevent_extra-1.4.so.2()(64bit) for package: libevent-devel-1.4.13-4.el6.x86_64
Quick matched libevent-1.4.13-4.el6.x86_64 to require for libevent_extra-1.4.so.2()(64bit)
---> Package libfcgi.x86_64 0:2.4.0-alt5.2 set to be updated
Checking deps for libfcgi.x86_64 0-2.4.0-alt5.2 - u
---> Package libicu.x86_64 0:4.2.1-9.1.el6_2 set to be updated
Checking deps for libicu.x86_64 0-4.2.1-9.1.el6_2 - u
---> Package libmemcached.x86_64 0:1.0.8-1.mira1 set to be updated
Checking deps for libmemcached.x86_64 0-1.0.8-1.mira1 - u
---> Package libmlx4.x86_64 0:1.0.5-4.el6.1 set to be updated
Checking deps for libmlx4.x86_64 0-1.0.5-4.el6.1 - u
libmlx4-1.0.5-4.el6.1.x86_64 requires: libibverbs.so.1(IBVERBS_1.1)(64bit)
--> Processing Dependency: libibverbs.so.1(IBVERBS_1.1)(64bit) for package: libmlx4-1.0.5-4.el6.1.x86_64
Searching pkgSack for dep: libibverbs.so.1(IBVERBS_1.1)(64bit)
Potential match for libibverbs.so.1(IBVERBS_1.1)(64bit) from libibverbs-1.1.7-1.el6.x86_64
Matched libibverbs-1.1.7-1.el6.x86_64 to require for libibverbs.so.1(IBVERBS_1.1)(64bit)
TSINFO: Marking libibverbs-1.1.7-1.el6.x86_64 as install for libmlx4-1.0.5-4.el6.1.x86_64
libmlx4-1.0.5-4.el6.1.x86_64 requires: libibverbs.so.1(IBVERBS_1.0)(64bit)
--> Processing Dependency: libibverbs.so.1(IBVERBS_1.0)(64bit) for package: libmlx4-1.0.5-4.el6.1.x86_64
Quick matched libibverbs-1.1.7-1.el6.x86_64 to require for libibverbs.so.1(IBVERBS_1.0)(64bit)
libmlx4-1.0.5-4.el6.1.x86_64 requires: libibverbs.so.1()(64bit)
--> Processing Dependency: libibverbs.so.1()(64bit) for package: libmlx4-1.0.5-4.el6.1.x86_64
Quick matched libibverbs-1.1.7-1.el6.x86_64 to require for libibverbs.so.1()(64bit)
---> Package libmongodb.x86_64 0:2.4.6-1.mira1 set to be updated
Checking deps for libmongodb.x86_64 0-2.4.6-1.mira1 - u
libmongodb-2.4.6-1.mira1.x86_64 requires: libboost_filesystem-mt.so.5()(64bit)
--> Processing Dependency: libboost_filesystem-mt.so.5()(64bit) for package: libmongodb-2.4.6-1.mira1.x86_64
Searching pkgSack for dep: libboost_filesystem-mt.so.5()(64bit)
Potential match for libboost_filesystem-mt.so.5()(64bit) from boost-filesystem-1.41.0-18.el6.x86_64
Matched boost-filesystem-1.41.0-18.el6.x86_64 to require for libboost_filesystem-mt.so.5()(64bit)
TSINFO: Marking boost-filesystem-1.41.0-18.el6.x86_64 as install for libmongodb-2.4.6-1.mira1.x86_64
---> Package libqb.x86_64 0:0.16.0-2.el6 set to be updated
Checking deps for libqb.x86_64 0-0.16.0-2.el6 - u
---> Package librados2.x86_64 0:0.80.4-0.mira1 set to be updated
Checking deps for librados2.x86_64 0-0.80.4-0.mira1 - u
---> Package librbd1.x86_64 0:0.80.4-0.mira1 set to be updated
Checking deps for librbd1.x86_64 0-0.80.4-0.mira1 - u
---> Package librelp.x86_64 0:0.1.1-4.1.el6 set to be updated
Checking deps for librelp.x86_64 0-0.1.1-4.1.el6 - u
---> Package libselinux-ruby.x86_64 0:2.0.94-5.3.el6_4.1 set to be updated
Checking deps for libselinux-ruby.x86_64 0-2.0.94-5.3.el6_4.1 - u
---> Package libudev.x86_64 0:147-2.51.el6 set to be updated
Checking deps for libudev.x86_64 0-147-2.51.el6 - u
---> Package libunwind.x86_64 0:1.1-2.el6 set to be updated
Checking deps for libunwind.x86_64 0-1.1-2.el6 - u
---> Package libuser.x86_64 0:0.56.13-5.el6 set to be updated
Checking deps for libuser.x86_64 0-0.56.13-5.el6 - u
---> Package libuv.x86_64 1:0.10.4-1.el6 set to be updated
Checking deps for libuv.x86_64 1-0.10.4-1.el6 - u
---> Package libuv-devel.x86_64 1:0.10.4-1.el6 set to be updated
Checking deps for libuv-devel.x86_64 1-0.10.4-1.el6 - u
1:libuv-devel-0.10.4-1.el6.x86_64 requires: /usr/bin/pkg-config
--> Processing Dependency: /usr/bin/pkg-config for package: 1:libuv-devel-0.10.4-1.el6.x86_64
Searching pkgSack for dep: /usr/bin/pkg-config
Potential match for /usr/bin/pkg-config from 1:pkgconfig-0.23-9.1.el6.x86_64
TSINFO: Marking 1:pkgconfig-0.23-9.1.el6.x86_64 as install for 1:libuv-devel-0.10.4-1.el6.x86_64
1:libuv-devel-0.10.4-1.el6.x86_64 requires: pkgconfig
--> Processing Dependency: pkgconfig for package: 1:libuv-devel-0.10.4-1.el6.x86_64
Quick matched 1:pkgconfig-0.23-9.1.el6.x86_64 to require for pkgconfig
---> Package libxml2.x86_64 0:2.7.6-14.el6_5.2 set to be updated
Checking deps for libxml2.x86_64 0-2.7.6-14.el6_5.2 - u
---> Package libyaml.x86_64 0:0.1.3-1.el6 set to be updated
Checking deps for libyaml.x86_64 0-0.1.3-1.el6 - u
---> Package linux-firmware.noarch 0:20140317-35.gitdec41bce.mira1 set to be updated
Checking deps for linux-firmware.noarch 0-20140317-35.gitdec41bce.mira1 - u
---> Package logrotate.x86_64 0:3.8.7-1.el6 set to be updated
Checking deps for logrotate.x86_64 0-3.8.7-1.el6 - u
---> Package lrzip.x86_64 0:0.614-1.mira1 set to be updated
Checking deps for lrzip.x86_64 0-0.614-1.mira1 - u
---> Package lsof.x86_64 0:4.82-4.el6 set to be updated
Checking deps for lsof.x86_64 0-4.82-4.el6 - u
---> Package lvm2.x86_64 0:2.02.100-8.el6 set to be updated
Checking deps for lvm2.x86_64 0-2.02.100-8.el6 - u
lvm2-2.02.100-8.el6.x86_64 requires: lvm2-libs = 2.02.100-8.el6
--> Processing Dependency: lvm2-libs = 2.02.100-8.el6 for package: lvm2-2.02.100-8.el6.x86_64
Searching pkgSack for dep: lvm2-libs
Potential match for lvm2-libs from lvm2-libs-2.02.100-8.el6.x86_64
Matched lvm2-libs-2.02.100-8.el6.x86_64 to require for lvm2-libs
TSINFO: Marking lvm2-libs-2.02.100-8.el6.x86_64 as install for lvm2-2.02.100-8.el6.x86_64
lvm2-2.02.100-8.el6.x86_64 requires: device-mapper-persistent-data >= 0.2.8-2
--> Processing Dependency: device-mapper-persistent-data >= 0.2.8-2 for package: lvm2-2.02.100-8.el6.x86_64
Searching pkgSack for dep: device-mapper-persistent-data
Potential match for device-mapper-persistent-data from device-mapper-persistent-data-0.2.8-4.el6_5.x86_64
Matched device-mapper-persistent-data-0.2.8-4.el6_5.x86_64 to require for device-mapper-persistent-data
TSINFO: Marking device-mapper-persistent-data-0.2.8-4.el6_5.x86_64 as install for lvm2-2.02.100-8.el6.x86_64
---> Package lxc.x86_64 0:0.9.0-2.mira1 set to be updated
Checking deps for lxc.x86_64 0-0.9.0-2.mira1 - u
lxc-0.9.0-2.mira1.x86_64 requires: liblxc.so.0()(64bit)
--> Processing Dependency: liblxc.so.0()(64bit) for package: lxc-0.9.0-2.mira1.x86_64
Searching pkgSack for dep: liblxc.so.0()(64bit)
Potential match for liblxc.so.0()(64bit) from lxc-libs-0.9.0-2.mira1.x86_64
Matched lxc-libs-0.9.0-2.mira1.x86_64 to require for liblxc.so.0()(64bit)
TSINFO: Marking lxc-libs-0.9.0-2.mira1.x86_64 as install for lxc-0.9.0-2.mira1.x86_64
---> Package lzop.x86_64 0:1.02-0.9.rc1.el6 set to be updated
Checking deps for lzop.x86_64 0-1.02-0.9.rc1.el6 - u
---> Package mailcap.noarch 0:2.1.31-2.el6 set to be updated
Checking deps for mailcap.noarch 0-2.1.31-2.el6 - u
---> Package mailx.x86_64 0:12.4-7.el6 set to be updated
Checking deps for mailx.x86_64 0-12.4-7.el6 - u
---> Package make.x86_64 1:3.81-20.el6 set to be updated
Checking deps for make.x86_64 1-3.81-20.el6 - u
---> Package man.x86_64 0:1.6f-32.el6 set to be updated
Checking deps for man.x86_64 0-1.6f-32.el6 - u
man-1.6f-32.el6.x86_64 requires: groff >= 1.18
--> Processing Dependency: groff >= 1.18 for package: man-1.6f-32.el6.x86_64
Searching pkgSack for dep: groff
Potential match for groff from groff-1.18.1.4-21.el6.x86_64
Matched groff-1.18.1.4-21.el6.x86_64 to require for groff
TSINFO: Marking groff-1.18.1.4-21.el6.x86_64 as install for man-1.6f-32.el6.x86_64
man-1.6f-32.el6.x86_64 requires: nroff-i18n
--> Processing Dependency: nroff-i18n for package: man-1.6f-32.el6.x86_64
Quick matched groff-1.18.1.4-21.el6.x86_64 to require for nroff-i18n
---> Package man-pages.noarch 0:3.22-20.el6 set to be updated
Checking deps for man-pages.noarch 0-3.22-20.el6 - u
---> Package man-pages-overrides.noarch 0:6.5.3-1.el6_5 set to be updated
Checking deps for man-pages-overrides.noarch 0-6.5.3-1.el6_5 - u
---> Package mc.x86_64 1:4.7.0.2-3.el6 set to be updated
Checking deps for mc.x86_64 1-4.7.0.2-3.el6 - u
1:mc-4.7.0.2-3.el6.x86_64 requires: libslang.so.2(SLANG2)(64bit)
--> Processing Dependency: libslang.so.2(SLANG2)(64bit) for package: 1:mc-4.7.0.2-3.el6.x86_64
Searching pkgSack for dep: libslang.so.2(SLANG2)(64bit)
Potential match for libslang.so.2(SLANG2)(64bit) from slang-2.2.1-1.el6.x86_64
Matched slang-2.2.1-1.el6.x86_64 to require for libslang.so.2(SLANG2)(64bit)
TSINFO: Marking slang-2.2.1-1.el6.x86_64 as install for 1:mc-4.7.0.2-3.el6.x86_64
1:mc-4.7.0.2-3.el6.x86_64 requires: libgpm.so.2()(64bit)
--> Processing Dependency: libgpm.so.2()(64bit) for package: 1:mc-4.7.0.2-3.el6.x86_64
Searching pkgSack for dep: libgpm.so.2()(64bit)
Potential match for libgpm.so.2()(64bit) from gpm-libs-1.20.6-12.el6.x86_64
Matched gpm-libs-1.20.6-12.el6.x86_64 to require for libgpm.so.2()(64bit)
TSINFO: Marking gpm-libs-1.20.6-12.el6.x86_64 as install for 1:mc-4.7.0.2-3.el6.x86_64
1:mc-4.7.0.2-3.el6.x86_64 requires: libslang.so.2()(64bit)
--> Processing Dependency: libslang.so.2()(64bit) for package: 1:mc-4.7.0.2-3.el6.x86_64
Searching pkgSack for dep: libslang.so.2()(64bit)
Potential match for libslang.so.2()(64bit) from slang-2.2.1-1.el6.x86_64
Matched slang-2.2.1-1.el6.x86_64 to require for libslang.so.2()(64bit)
slang-2.2.1-1.el6.x86_64 already in ts, skipping this one
---> Package mcollective.noarch 0:2.3.3-3.el6 set to be updated
Checking deps for mcollective.noarch 0-2.3.3-3.el6 - u
---> Package mcollective-client.noarch 0:2.3.3-3.el6 set to be updated
Checking deps for mcollective-client.noarch 0-2.3.3-3.el6 - u
---> Package mcollective-common.noarch 0:2.3.3-3.el6 set to be updated
Checking deps for mcollective-common.noarch 0-2.3.3-3.el6 - u
---> Package mdadm.x86_64 0:3.2.6-7.el6_5.2 set to be updated
Checking deps for mdadm.x86_64 0-3.2.6-7.el6_5.2 - u
---> Package memcached.x86_64 0:1.4.4-3.el6 set to be updated
Checking deps for memcached.x86_64 0-1.4.4-3.el6 - u
---> Package microcode_ctl.x86_64 1:1.17-17.el6 set to be updated
Checking deps for microcode_ctl.x86_64 1-1.17-17.el6 - u
---> Package mlnx-ofed-light.x86_64 0:2.2.0-3_5.mira2 set to be updated
Checking deps for mlnx-ofed-light.x86_64 0-2.2.0-3_5.mira2 - u
mlnx-ofed-light-2.2.0-3_5.mira2.x86_64 requires: libxml2-python
--> Processing Dependency: libxml2-python for package: mlnx-ofed-light-2.2.0-3_5.mira2.x86_64
Searching pkgSack for dep: libxml2-python
Potential match for libxml2-python from libxml2-python-2.7.6-14.el6_5.2.x86_64
Matched libxml2-python-2.7.6-14.el6_5.2.x86_64 to require for libxml2-python
TSINFO: Marking libxml2-python-2.7.6-14.el6_5.2.x86_64 as install for mlnx-ofed-light-2.2.0-3_5.mira2.x86_64
mlnx-ofed-light-2.2.0-3_5.mira2.x86_64 requires: tcl
--> Processing Dependency: tcl for package: mlnx-ofed-light-2.2.0-3_5.mira2.x86_64
Searching pkgSack for dep: tcl
Potential match for tcl from 1:tcl-8.5.7-6.el6.x86_64
Matched 1:tcl-8.5.7-6.el6.x86_64 to require for tcl
TSINFO: Marking 1:tcl-8.5.7-6.el6.x86_64 as install for mlnx-ofed-light-2.2.0-3_5.mira2.x86_64
---> Package mlnxvif.noarch 0:2014.1.1-1.mira1 set to be updated
Checking deps for mlnxvif.noarch 0-2014.1.1-1.mira1 - u
---> Package mlocate.x86_64 0:0.22.2-4.el6 set to be updated
Checking deps for mlocate.x86_64 0-0.22.2-4.el6 - u
---> Package mod_fastcgi.x86_64 0:2.4.7-1.ceph.el6 set to be updated
Checking deps for mod_fastcgi.x86_64 0-2.4.7-1.ceph.el6 - u
---> Package mod_ssl.x86_64 1:2.2.15-15.el6.1 set to be updated
Checking deps for mod_ssl.x86_64 1-2.2.15-15.el6.1 - u
---> Package mod_wsgi.x86_64 0:3.2-1.el6 set to be updated
Checking deps for mod_wsgi.x86_64 0-3.2-1.el6 - u
---> Package mongodb.x86_64 0:2.4.6-1.mira1 set to be updated
Checking deps for mongodb.x86_64 0-2.4.6-1.mira1 - u
mongodb-2.4.6-1.mira1.x86_64 requires: libpcap.so.1()(64bit)
--> Processing Dependency: libpcap.so.1()(64bit) for package: mongodb-2.4.6-1.mira1.x86_64
Searching pkgSack for dep: libpcap.so.1()(64bit)
Potential match for libpcap.so.1()(64bit) from 14:libpcap-1.4.0-1.20130826git2dbcaa1.el6.x86_64
Matched 14:libpcap-1.4.0-1.20130826git2dbcaa1.el6.x86_64 to require for libpcap.so.1()(64bit)
TSINFO: Marking 14:libpcap-1.4.0-1.20130826git2dbcaa1.el6.x86_64 as install for mongodb-2.4.6-1.mira1.x86_64
mongodb-2.4.6-1.mira1.x86_64 requires: libboost_iostreams-mt.so.5()(64bit)
--> Processing Dependency: libboost_iostreams-mt.so.5()(64bit) for package: mongodb-2.4.6-1.mira1.x86_64
Searching pkgSack for dep: libboost_iostreams-mt.so.5()(64bit)
Potential match for libboost_iostreams-mt.so.5()(64bit) from boost-iostreams-1.41.0-18.el6.x86_64
Matched boost-iostreams-1.41.0-18.el6.x86_64 to require for libboost_iostreams-mt.so.5()(64bit)
TSINFO: Marking boost-iostreams-1.41.0-18.el6.x86_64 as install for mongodb-2.4.6-1.mira1.x86_64
---> Package mongodb-server.x86_64 0:2.4.6-1.mira1 set to be updated
Checking deps for mongodb-server.x86_64 0-2.4.6-1.mira1 - u
---> Package mtools.x86_64 0:4.0.17-3.el6 set to be updated
Checking deps for mtools.x86_64 0-4.0.17-3.el6 - u
---> Package mtr.x86_64 2:0.75-5.el6 set to be updated
Checking deps for mtr.x86_64 2-0.75-5.el6 - u
---> Package murano-apps.noarch 0:0.5.2-1.mira2 set to be updated
Checking deps for murano-apps.noarch 0-0.5.2-1.mira2 - u
murano-apps-0.5.2-1.mira2.noarch requires: murano >= 0.5.2
--> Processing Dependency: murano >= 0.5.2 for package: murano-apps-0.5.2-1.mira2.noarch
Searching pkgSack for dep: murano
Potential match for murano from murano-2014.2.rc1-fuel6.0.mira6.noarch
Matched murano-2014.2.rc1-fuel6.0.mira6.noarch to require for murano
TSINFO: Marking murano-2014.2.rc1-fuel6.0.mira6.noarch as install for murano-apps-0.5.2-1.mira2.noarch
---> Package murano-dashboard.noarch 0:2014.2.rc1-fuel6.0.mira5 set to be updated
Checking deps for murano-dashboard.noarch 0-2014.2.rc1-fuel6.0.mira5 - u
murano-dashboard-2014.2.rc1-fuel6.0.mira5.noarch requires: python-yaql >= 0.2.3
--> Processing Dependency: python-yaql >= 0.2.3 for package: murano-dashboard-2014.2.rc1-fuel6.0.mira5.noarch
Searching pkgSack for dep: python-yaql
Potential match for python-yaql from python-yaql-0.2.3-1.el6.mira1.noarch
Matched python-yaql-0.2.3-1.el6.mira1.noarch to require for python-yaql
TSINFO: Marking python-yaql-0.2.3-1.el6.mira1.noarch as install for murano-dashboard-2014.2.rc1-fuel6.0.mira5.noarch
murano-dashboard-2014.2.rc1-fuel6.0.mira5.noarch requires: python-django-floppyforms >= 1.1
--> Processing Dependency: python-django-floppyforms >= 1.1 for package: murano-dashboard-2014.2.rc1-fuel6.0.mira5.noarch
Searching pkgSack for dep: python-django-floppyforms
Potential match for python-django-floppyforms from python-django-floppyforms-1.1-3.el6.mira1.noarch
Matched python-django-floppyforms-1.1-3.el6.mira1.noarch to require for python-django-floppyforms
TSINFO: Marking python-django-floppyforms-1.1-3.el6.mira1.noarch as install for murano-dashboard-2014.2.rc1-fuel6.0.mira5.noarch
---> Package nagios.x86_64 0:3.5.0-1.el6 set to be updated
Checking deps for nagios.x86_64 0-3.5.0-1.el6 - u
nagios-3.5.0-1.el6.x86_64 requires: php
--> Processing Dependency: php for package: nagios-3.5.0-1.el6.x86_64
Searching pkgSack for dep: php
Potential match for php from php-5.3.3-27.el6_5.x86_64
Matched php-5.3.3-27.el6_5.x86_64 to require for php
TSINFO: Marking php-5.3.3-27.el6_5.x86_64 as install for nagios-3.5.0-1.el6.x86_64
nagios-3.5.0-1.el6.x86_64 requires: libperl.so()(64bit)
--> Processing Dependency: libperl.so()(64bit) for package: nagios-3.5.0-1.el6.x86_64
Searching pkgSack for dep: libperl.so()(64bit)
Potential match for libperl.so()(64bit) from 4:perl-libs-5.10.1-136.el6.x86_64
Matched 4:perl-libs-5.10.1-136.el6.x86_64 to require for libperl.so()(64bit)
TSINFO: Marking 4:perl-libs-5.10.1-136.el6.x86_64 as install for nagios-3.5.0-1.el6.x86_64
nagios-3.5.0-1.el6.x86_64 requires: libjpeg.so.62()(64bit)
--> Processing Dependency: libjpeg.so.62()(64bit) for package: nagios-3.5.0-1.el6.x86_64
Searching pkgSack for dep: libjpeg.so.62()(64bit)
Potential match for libjpeg.so.62()(64bit) from libjpeg-turbo-1.2.1-3.el6_5.x86_64
Matched libjpeg-turbo-1.2.1-3.el6_5.x86_64 to require for libjpeg.so.62()(64bit)
TSINFO: Marking libjpeg-turbo-1.2.1-3.el6_5.x86_64 as install for nagios-3.5.0-1.el6.x86_64
nagios-3.5.0-1.el6.x86_64 requires: libpng12.so.0()(64bit)
--> Processing Dependency: libpng12.so.0()(64bit) for package: nagios-3.5.0-1.el6.x86_64
Searching pkgSack for dep: libpng12.so.0()(64bit)
Potential match for libpng12.so.0()(64bit) from 2:libpng-1.2.49-1.el6_2.x86_64
Matched 2:libpng-1.2.49-1.el6_2.x86_64 to require for libpng12.so.0()(64bit)
TSINFO: Marking 2:libpng-1.2.49-1.el6_2.x86_64 as install for nagios-3.5.0-1.el6.x86_64
nagios-3.5.0-1.el6.x86_64 requires: libgd.so.2()(64bit)
--> Processing Dependency: libgd.so.2()(64bit) for package: nagios-3.5.0-1.el6.x86_64
Searching pkgSack for dep: libgd.so.2()(64bit)
Potential match for libgd.so.2()(64bit) from gd-2.0.35-11.el6.x86_64
Matched gd-2.0.35-11.el6.x86_64 to require for libgd.so.2()(64bit)
TSINFO: Marking gd-2.0.35-11.el6.x86_64 as install for nagios-3.5.0-1.el6.x86_64
---> Package nagios-common.x86_64 0:3.5.0-1.el6 set to be updated
Checking deps for nagios-common.x86_64 0-3.5.0-1.el6 - u
---> Package nagios-plugins.x86_64 0:1.4.16-5.el6 set to be updated
Checking deps for nagios-plugins.x86_64 0-1.4.16-5.el6 - u
---> Package nagios-plugins-apt.x86_64 0:1.4.16-5.el6 set to be updated
Checking deps for nagios-plugins-apt.x86_64 0-1.4.16-5.el6 - u
---> Package nagios-plugins-breeze.x86_64 0:1.4.16-5.el6 set to be updated
Checking deps for nagios-plugins-breeze.x86_64 0-1.4.16-5.el6 - u
---> Package nagios-plugins-by_ssh.x86_64 0:1.4.16-5.el6 set to be updated
Checking deps for nagios-plugins-by_ssh.x86_64 0-1.4.16-5.el6 - u
---> Package nagios-plugins-cluster.x86_64 0:1.4.16-5.el6 set to be updated
Checking deps for nagios-plugins-cluster.x86_64 0-1.4.16-5.el6 - u
---> Package nagios-plugins-dhcp.x86_64 0:1.4.16-5.el6 set to be updated
Checking deps for nagios-plugins-dhcp.x86_64 0-1.4.16-5.el6 - u
---> Package nagios-plugins-dig.x86_64 0:1.4.16-5.el6 set to be updated
Checking deps for nagios-plugins-dig.x86_64 0-1.4.16-5.el6 - u
---> Package nagios-plugins-disk.x86_64 0:1.4.16-5.el6 set to be updated
Checking deps for nagios-plugins-disk.x86_64 0-1.4.16-5.el6 - u
---> Package nagios-plugins-disk_smb.x86_64 0:1.4.16-5.el6 set to be updated
Checking deps for nagios-plugins-disk_smb.x86_64 0-1.4.16-5.el6 - u
nagios-plugins-disk_smb-1.4.16-5.el6.x86_64 requires: /usr/bin/smbclient
--> Processing Dependency: /usr/bin/smbclient for package: nagios-plugins-disk_smb-1.4.16-5.el6.x86_64
Searching pkgSack for dep: /usr/bin/smbclient
Potential match for /usr/bin/smbclient from samba-client-3.6.9-168.el6_5.x86_64
TSINFO: Marking samba-client-3.6.9-168.el6_5.x86_64 as install for nagios-plugins-disk_smb-1.4.16-5.el6.x86_64
---> Package nagios-plugins-dns.x86_64 0:1.4.16-5.el6 set to be updated
Checking deps for nagios-plugins-dns.x86_64 0-1.4.16-5.el6 - u
---> Package nagios-plugins-dummy.x86_64 0:1.4.16-5.el6 set to be updated
Checking deps for nagios-plugins-dummy.x86_64 0-1.4.16-5.el6 - u
---> Package nagios-plugins-file_age.x86_64 0:1.4.16-5.el6 set to be updated
Checking deps for nagios-plugins-file_age.x86_64 0-1.4.16-5.el6 - u
---> Package nagios-plugins-flexlm.x86_64 0:1.4.16-5.el6 set to be updated
Checking deps for nagios-plugins-flexlm.x86_64 0-1.4.16-5.el6 - u
---> Package nagios-plugins-hpjd.x86_64 0:1.4.16-5.el6 set to be updated
Checking deps for nagios-plugins-hpjd.x86_64 0-1.4.16-5.el6 - u
---> Package nagios-plugins-http.x86_64 0:1.4.16-5.el6 set to be updated
Checking deps for nagios-plugins-http.x86_64 0-1.4.16-5.el6 - u
---> Package nagios-plugins-icmp.x86_64 0:1.4.16-5.el6 set to be updated
Checking deps for nagios-plugins-icmp.x86_64 0-1.4.16-5.el6 - u
---> Package nagios-plugins-ide_smart.x86_64 0:1.4.16-5.el6 set to be updated
Checking deps for nagios-plugins-ide_smart.x86_64 0-1.4.16-5.el6 - u
---> Package nagios-plugins-ircd.x86_64 0:1.4.16-5.el6 set to be updated
Checking deps for nagios-plugins-ircd.x86_64 0-1.4.16-5.el6 - u
---> Package nagios-plugins-ldap.x86_64 0:1.4.16-5.el6 set to be updated
Checking deps for nagios-plugins-ldap.x86_64 0-1.4.16-5.el6 - u
---> Package nagios-plugins-linux_raid.x86_64 0:1.4.16-5.el6 set to be updated
Checking deps for nagios-plugins-linux_raid.x86_64 0-1.4.16-5.el6 - u
---> Package nagios-plugins-load.x86_64 0:1.4.16-5.el6 set to be updated
Checking deps for nagios-plugins-load.x86_64 0-1.4.16-5.el6 - u
---> Package nagios-plugins-log.x86_64 0:1.4.16-5.el6 set to be updated
Checking deps for nagios-plugins-log.x86_64 0-1.4.16-5.el6 - u
---> Package nagios-plugins-mailq.x86_64 0:1.4.16-5.el6 set to be updated
Checking deps for nagios-plugins-mailq.x86_64 0-1.4.16-5.el6 - u
---> Package nagios-plugins-mrtg.x86_64 0:1.4.16-5.el6 set to be updated
Checking deps for nagios-plugins-mrtg.x86_64 0-1.4.16-5.el6 - u
---> Package nagios-plugins-mrtgtraf.x86_64 0:1.4.16-5.el6 set to be updated
Checking deps for nagios-plugins-mrtgtraf.x86_64 0-1.4.16-5.el6 - u
---> Package nagios-plugins-mysql.x86_64 0:1.4.16-5.el6 set to be updated
Checking deps for nagios-plugins-mysql.x86_64 0-1.4.16-5.el6 - u
nagios-plugins-mysql-1.4.16-5.el6.x86_64 requires: libmysqlclient.so.16(libmysqlclient_16)(64bit)
--> Processing Dependency: libmysqlclient.so.16(libmysqlclient_16)(64bit) for package: nagios-plugins-mysql-1.4.16-5.el6.x86_64
Searching pkgSack for dep: libmysqlclient.so.16(libmysqlclient_16)(64bit)
Potential match for libmysqlclient.so.16(libmysqlclient_16)(64bit) from mysql-libs-5.1.73-3.el6_5.x86_64
Matched mysql-libs-5.1.73-3.el6_5.x86_64 to require for libmysqlclient.so.16(libmysqlclient_16)(64bit)
TSINFO: Marking mysql-libs-5.1.73-3.el6_5.x86_64 as install for nagios-plugins-mysql-1.4.16-5.el6.x86_64
nagios-plugins-mysql-1.4.16-5.el6.x86_64 requires: libmysqlclient.so.16()(64bit)
--> Processing Dependency: libmysqlclient.so.16()(64bit) for package: nagios-plugins-mysql-1.4.16-5.el6.x86_64
Quick matched mysql-libs-5.1.73-3.el6_5.x86_64 to require for libmysqlclient.so.16()(64bit)
---> Package nagios-plugins-nagios.x86_64 0:1.4.16-5.el6 set to be updated
Checking deps for nagios-plugins-nagios.x86_64 0-1.4.16-5.el6 - u
---> Package nagios-plugins-nrpe.x86_64 0:2.14-3.el6 set to be updated
Checking deps for nagios-plugins-nrpe.x86_64 0-2.14-3.el6 - u
---> Package nagios-plugins-nt.x86_64 0:1.4.16-5.el6 set to be updated
Checking deps for nagios-plugins-nt.x86_64 0-1.4.16-5.el6 - u
---> Package nagios-plugins-ntp.x86_64 0:1.4.16-5.el6 set to be updated
Checking deps for nagios-plugins-ntp.x86_64 0-1.4.16-5.el6 - u
---> Package nagios-plugins-ntp-perl.x86_64 0:1.4.16-5.el6 set to be updated
Checking deps for nagios-plugins-ntp-perl.x86_64 0-1.4.16-5.el6 - u
---> Package nagios-plugins-nwstat.x86_64 0:1.4.16-5.el6 set to be updated
Checking deps for nagios-plugins-nwstat.x86_64 0-1.4.16-5.el6 - u
---> Package nagios-plugins-oracle.x86_64 0:1.4.16-5.el6 set to be updated
Checking deps for nagios-plugins-oracle.x86_64 0-1.4.16-5.el6 - u
---> Package nagios-plugins-os-libvirt.x86_64 0:1.0.0-2.el6 set to be updated
Checking deps for nagios-plugins-os-libvirt.x86_64 0-1.0.0-2.el6 - u
nagios-plugins-os-libvirt-1.0.0-2.el6.x86_64 requires: libvirt-python
--> Processing Dependency: libvirt-python for package: nagios-plugins-os-libvirt-1.0.0-2.el6.x86_64
Searching pkgSack for dep: libvirt-python
Potential match for libvirt-python from libvirt-python-1.2.5-2.mira1.x86_64
Matched libvirt-python-1.2.5-2.mira1.x86_64 to require for libvirt-python
TSINFO: Marking libvirt-python-1.2.5-2.mira1.x86_64 as install for nagios-plugins-os-libvirt-1.0.0-2.el6.x86_64
---> Package nagios-plugins-os-rabbitmq.x86_64 0:1.0.0-2.el6 set to be updated
Checking deps for nagios-plugins-os-rabbitmq.x86_64 0-1.0.0-2.el6 - u
---> Package nagios-plugins-os-swift.x86_64 0:1.0.0-1.el6 set to be updated
Checking deps for nagios-plugins-os-swift.x86_64 0-1.0.0-1.el6 - u
---> Package nagios-plugins-overcr.x86_64 0:1.4.16-5.el6 set to be updated
Checking deps for nagios-plugins-overcr.x86_64 0-1.4.16-5.el6 - u
---> Package nagios-plugins-perl.x86_64 0:1.4.16-5.el6 set to be updated
Checking deps for nagios-plugins-perl.x86_64 0-1.4.16-5.el6 - u
---> Package nagios-plugins-pgsql.x86_64 0:1.4.16-5.el6 set to be updated
Checking deps for nagios-plugins-pgsql.x86_64 0-1.4.16-5.el6 - u
---> Package nagios-plugins-ping.x86_64 0:1.4.16-5.el6 set to be updated
Checking deps for nagios-plugins-ping.x86_64 0-1.4.16-5.el6 - u
---> Package nagios-plugins-procs.x86_64 0:1.4.16-5.el6 set to be updated
Checking deps for nagios-plugins-procs.x86_64 0-1.4.16-5.el6 - u
---> Package nagios-plugins-real.x86_64 0:1.4.16-5.el6 set to be updated
Checking deps for nagios-plugins-real.x86_64 0-1.4.16-5.el6 - u
---> Package nagios-plugins-rpc.x86_64 0:1.4.16-5.el6 set to be updated
Checking deps for nagios-plugins-rpc.x86_64 0-1.4.16-5.el6 - u
nagios-plugins-rpc-1.4.16-5.el6.x86_64 requires: /usr/sbin/rpcinfo
--> Processing Dependency: /usr/sbin/rpcinfo for package: nagios-plugins-rpc-1.4.16-5.el6.x86_64
Searching pkgSack for dep: /usr/sbin/rpcinfo
Potential match for /usr/sbin/rpcinfo from rpcbind-0.2.0-11.el6.x86_64
TSINFO: Marking rpcbind-0.2.0-11.el6.x86_64 as install for nagios-plugins-rpc-1.4.16-5.el6.x86_64
---> Package nagios-plugins-sensors.x86_64 0:1.4.16-5.el6 set to be updated
Checking deps for nagios-plugins-sensors.x86_64 0-1.4.16-5.el6 - u
nagios-plugins-sensors-1.4.16-5.el6.x86_64 requires: /usr/bin/sensors
--> Processing Dependency: /usr/bin/sensors for package: nagios-plugins-sensors-1.4.16-5.el6.x86_64
Searching pkgSack for dep: /usr/bin/sensors
Potential match for /usr/bin/sensors from lm_sensors-3.1.1-17.el6.x86_64
TSINFO: Marking lm_sensors-3.1.1-17.el6.x86_64 as install for nagios-plugins-sensors-1.4.16-5.el6.x86_64
---> Package nagios-plugins-smtp.x86_64 0:1.4.16-5.el6 set to be updated
Checking deps for nagios-plugins-smtp.x86_64 0-1.4.16-5.el6 - u
---> Package nagios-plugins-snmp.x86_64 0:1.4.16-5.el6 set to be updated
Checking deps for nagios-plugins-snmp.x86_64 0-1.4.16-5.el6 - u
---> Package nagios-plugins-ssh.x86_64 0:1.4.16-5.el6 set to be updated
Checking deps for nagios-plugins-ssh.x86_64 0-1.4.16-5.el6 - u
---> Package nagios-plugins-swap.x86_64 0:1.4.16-5.el6 set to be updated
Checking deps for nagios-plugins-swap.x86_64 0-1.4.16-5.el6 - u
---> Package nagios-plugins-tcp.x86_64 0:1.4.16-5.el6 set to be updated
Checking deps for nagios-plugins-tcp.x86_64 0-1.4.16-5.el6 - u
---> Package nagios-plugins-time.x86_64 0:1.4.16-5.el6 set to be updated
Checking deps for nagios-plugins-time.x86_64 0-1.4.16-5.el6 - u
---> Package nagios-plugins-ups.x86_64 0:1.4.16-5.el6 set to be updated
Checking deps for nagios-plugins-ups.x86_64 0-1.4.16-5.el6 - u
---> Package nagios-plugins-users.x86_64 0:1.4.16-5.el6 set to be updated
Checking deps for nagios-plugins-users.x86_64 0-1.4.16-5.el6 - u
---> Package nagios-plugins-wave.x86_64 0:1.4.16-5.el6 set to be updated
Checking deps for nagios-plugins-wave.x86_64 0-1.4.16-5.el6 - u
---> Package nailgun.noarch 0:0.1.0-603 set to be updated
Checking deps for nailgun.noarch 0-0.1.0-603 - u
nailgun-0.1.0-603.noarch requires: python-jinja2 = 2.7
--> Processing Dependency: python-jinja2 = 2.7 for package: nailgun-0.1.0-603.noarch
Searching pkgSack for dep: python-jinja2
Potential match for python-jinja2 from python-jinja2-2.7-1.el6.noarch
Matched python-jinja2-2.7-1.el6.noarch to require for python-jinja2
TSINFO: Marking python-jinja2-2.7-1.el6.noarch as install for nailgun-0.1.0-603.noarch
nailgun-0.1.0-603.noarch requires: python-simplejson = 3.3.0
--> Processing Dependency: python-simplejson = 3.3.0 for package: nailgun-0.1.0-603.noarch
Searching pkgSack for dep: python-simplejson
Potential match for python-simplejson from python-simplejson-3.5.3-2.mira1.x86_64
nailgun-0.1.0-603.noarch requires: python-netifaces = 0.8
--> Processing Dependency: python-netifaces = 0.8 for package: nailgun-0.1.0-603.noarch
Searching pkgSack for dep: python-netifaces
Potential match for python-netifaces from python-netifaces-0.10.4-1.el6.x86_64
nailgun-0.1.0-603.noarch requires: python-webpy = 0.37
--> Processing Dependency: python-webpy = 0.37 for package: nailgun-0.1.0-603.noarch
Searching pkgSack for dep: python-webpy
Potential match for python-webpy from python-webpy-0.37-2.el6.noarch
Matched python-webpy-0.37-2.el6.noarch to require for python-webpy
TSINFO: Marking python-webpy-0.37-2.el6.noarch as install for nailgun-0.1.0-603.noarch
nailgun-0.1.0-603.noarch requires: python-decorator = 3.4.0
--> Processing Dependency: python-decorator = 3.4.0 for package: nailgun-0.1.0-603.noarch
Searching pkgSack for dep: python-decorator
Potential match for python-decorator from python-decorator-3.4.0-3.2.mira1.x86_64
Matched python-decorator-3.4.0-3.2.mira1.x86_64 to require for python-decorator
TSINFO: Marking python-decorator-3.4.0-3.2.mira1.x86_64 as install for nailgun-0.1.0-603.noarch
nailgun-0.1.0-603.noarch requires: python-alembic = 0.6.2
--> Processing Dependency: python-alembic = 0.6.2 for package: nailgun-0.1.0-603.noarch
Searching pkgSack for dep: python-alembic
Potential match for python-alembic from python-alembic-0.6.7-3.mira1.noarch
nailgun-0.1.0-603.noarch requires: python-netaddr = 0.7.10
--> Processing Dependency: python-netaddr = 0.7.10 for package: nailgun-0.1.0-603.noarch
Searching pkgSack for dep: python-netaddr
Potential match for python-netaddr from python-netaddr-0.7.12-6.2.mira1.x86_64
Potential match for python-netaddr from python-netaddr-0.7.5-4.el6.noarch
nailgun-0.1.0-603.noarch requires: python-fysom = 1.0.11
--> Processing Dependency: python-fysom = 1.0.11 for package: nailgun-0.1.0-603.noarch
Searching pkgSack for dep: python-fysom
Potential match for python-fysom from python-fysom-1.0.11-1.el6.noarch
Matched python-fysom-1.0.11-1.el6.noarch to require for python-fysom
TSINFO: Marking python-fysom-1.0.11-1.el6.noarch as install for nailgun-0.1.0-603.noarch
nailgun-0.1.0-603.noarch requires: python-oslo-config = 1:1.2.1
--> Processing Dependency: python-oslo-config = 1:1.2.1 for package: nailgun-0.1.0-603.noarch
Searching pkgSack for dep: python-oslo-config
Potential match for python-oslo-config from 1:python-oslo-config-1.4.0-fuel6.0.mira22.noarch
nailgun-0.1.0-603.noarch requires: python-sqlalchemy = 0.7.9
--> Processing Dependency: python-sqlalchemy = 0.7.9 for package: nailgun-0.1.0-603.noarch
Searching pkgSack for dep: python-sqlalchemy
Potential match for python-sqlalchemy from python-sqlalchemy-0.5.5-3.el6_2.noarch
Potential match for python-sqlalchemy from python-sqlalchemy-0.9.7-2.mira1.x86_64
nailgun-0.1.0-603.noarch requires: python-ply >= 3.4
--> Processing Dependency: python-ply >= 3.4 for package: nailgun-0.1.0-603.noarch
Searching pkgSack for dep: python-ply
Potential match for python-ply from python-ply-3.4-4.el6.noarch
Matched python-ply-3.4-4.el6.noarch to require for python-ply
TSINFO: Marking python-ply-3.4-4.el6.noarch as install for nailgun-0.1.0-603.noarch
nailgun-0.1.0-603.noarch requires: pytz
--> Processing Dependency: pytz for package: nailgun-0.1.0-603.noarch
Searching pkgSack for dep: pytz
Potential match for pytz from pytz-2010h-2.el6.noarch
Matched pytz-2010h-2.el6.noarch to require for pytz
TSINFO: Marking pytz-2010h-2.el6.noarch as install for nailgun-0.1.0-603.noarch
---> Package nailgun-agent.x86_64 0:0.1.0-1 set to be updated
Checking deps for nailgun-agent.x86_64 0-0.1.0-1 - u
---> Package nailgun-mcagents.x86_64 0:0.1.0-219 set to be updated
Checking deps for nailgun-mcagents.x86_64 0-0.1.0-219 - u
---> Package nailgun-net-check.x86_64 0:0.2-468 set to be updated
Checking deps for nailgun-net-check.x86_64 0-0.2-468 - u
---> Package nano.x86_64 0:2.0.9-7.el6 set to be updated
Checking deps for nano.x86_64 0-2.0.9-7.el6 - u
---> Package ncurses.x86_64 0:5.7-3.20090208.el6 set to be updated
Checking deps for ncurses.x86_64 0-5.7-3.20090208.el6 - u
---> Package nfs-utils.x86_64 1:1.2.3-39.el6 set to be updated
Checking deps for nfs-utils.x86_64 1-1.2.3-39.el6 - u
1:nfs-utils-1.2.3-39.el6.x86_64 requires: nfs-utils-lib >= 1.1.0-3
--> Processing Dependency: nfs-utils-lib >= 1.1.0-3 for package: 1:nfs-utils-1.2.3-39.el6.x86_64
Searching pkgSack for dep: nfs-utils-lib
Potential match for nfs-utils-lib from nfs-utils-lib-1.1.5-6.el6.x86_64
Matched nfs-utils-lib-1.1.5-6.el6.x86_64 to require for nfs-utils-lib
TSINFO: Marking nfs-utils-lib-1.1.5-6.el6.x86_64 as install for 1:nfs-utils-1.2.3-39.el6.x86_64
1:nfs-utils-1.2.3-39.el6.x86_64 requires: keyutils >= 1.4-4
--> Processing Dependency: keyutils >= 1.4-4 for package: 1:nfs-utils-1.2.3-39.el6.x86_64
Searching pkgSack for dep: keyutils
Potential match for keyutils from keyutils-1.4-4.el6.x86_64
Matched keyutils-1.4-4.el6.x86_64 to require for keyutils
TSINFO: Marking keyutils-1.4-4.el6.x86_64 as install for 1:nfs-utils-1.2.3-39.el6.x86_64
1:nfs-utils-1.2.3-39.el6.x86_64 requires: libgssglue.so.1(libgssapi_CITI_2)(64bit)
--> Processing Dependency: libgssglue.so.1(libgssapi_CITI_2)(64bit) for package: 1:nfs-utils-1.2.3-39.el6.x86_64
Searching pkgSack for dep: libgssglue.so.1(libgssapi_CITI_2)(64bit)
Potential match for libgssglue.so.1(libgssapi_CITI_2)(64bit) from libgssglue-0.1-11.el6.x86_64
Matched libgssglue-0.1-11.el6.x86_64 to require for libgssglue.so.1(libgssapi_CITI_2)(64bit)
TSINFO: Marking libgssglue-0.1-11.el6.x86_64 as install for 1:nfs-utils-1.2.3-39.el6.x86_64
1:nfs-utils-1.2.3-39.el6.x86_64 requires: libgssglue
--> Processing Dependency: libgssglue for package: 1:nfs-utils-1.2.3-39.el6.x86_64
Quick matched libgssglue-0.1-11.el6.x86_64 to require for libgssglue
1:nfs-utils-1.2.3-39.el6.x86_64 requires: libtirpc
--> Processing Dependency: libtirpc for package: 1:nfs-utils-1.2.3-39.el6.x86_64
Searching pkgSack for dep: libtirpc
Potential match for libtirpc from libtirpc-0.2.1-6.el6_5.2.x86_64
Matched libtirpc-0.2.1-6.el6_5.2.x86_64 to require for libtirpc
TSINFO: Marking libtirpc-0.2.1-6.el6_5.2.x86_64 as install for 1:nfs-utils-1.2.3-39.el6.x86_64
1:nfs-utils-1.2.3-39.el6.x86_64 requires: libtirpc.so.1()(64bit)
--> Processing Dependency: libtirpc.so.1()(64bit) for package: 1:nfs-utils-1.2.3-39.el6.x86_64
Quick matched libtirpc-0.2.1-6.el6_5.2.x86_64 to require for libtirpc.so.1()(64bit)
1:nfs-utils-1.2.3-39.el6.x86_64 requires: libgssglue.so.1()(64bit)
--> Processing Dependency: libgssglue.so.1()(64bit) for package: 1:nfs-utils-1.2.3-39.el6.x86_64
Searching pkgSack for dep: libgssglue.so.1()(64bit)
Potential match for libgssglue.so.1()(64bit) from libgssglue-0.1-11.el6.x86_64
Matched libgssglue-0.1-11.el6.x86_64 to require for libgssglue.so.1()(64bit)
libgssglue-0.1-11.el6.x86_64 already in ts, skipping this one
1:nfs-utils-1.2.3-39.el6.x86_64 requires: libnfsidmap.so.0()(64bit)
--> Processing Dependency: libnfsidmap.so.0()(64bit) for package: 1:nfs-utils-1.2.3-39.el6.x86_64
Searching pkgSack for dep: libnfsidmap.so.0()(64bit)
Potential match for libnfsidmap.so.0()(64bit) from nfs-utils-lib-1.1.5-6.el6.x86_64
Matched nfs-utils-lib-1.1.5-6.el6.x86_64 to require for libnfsidmap.so.0()(64bit)
nfs-utils-lib-1.1.5-6.el6.x86_64 already in ts, skipping this one
---> Package nginx.x86_64 0:1.0.15-4.el6 set to be updated
Checking deps for nginx.x86_64 0-1.0.15-4.el6 - u
---> Package nodejs.x86_64 0:0.10.4-1.el6 set to be updated
Checking deps for nodejs.x86_64 0-0.10.4-1.el6 - u
---> Package nodejs-less.noarch 0:1.3.3-3.el6 set to be updated
Checking deps for nodejs-less.noarch 0-1.3.3-3.el6 - u
---> Package novnc.noarch 0:0.4-8.el6 set to be updated
Checking deps for novnc.noarch 0-0.4-8.el6 - u
---> Package nrpe.x86_64 0:2.14-3.el6 set to be updated
Checking deps for nrpe.x86_64 0-2.14-3.el6 - u
---> Package ntp.x86_64 0:4.2.6p5-1.el6.centos set to be updated
Checking deps for ntp.x86_64 0-4.2.6p5-1.el6.centos - u
---> Package ntpdate.x86_64 0:4.2.6p5-1.el6.centos set to be updated
Checking deps for ntpdate.x86_64 0-4.2.6p5-1.el6.centos - u
---> Package ntsysv.x86_64 0:1.3.49.3-2.el6_4.1 set to be updated
Checking deps for ntsysv.x86_64 0-1.3.49.3-2.el6_4.1 - u
ntsysv-1.3.49.3-2.el6_4.1.x86_64 requires: libnewt.so.0.52(NEWT_0.52)(64bit)
--> Processing Dependency: libnewt.so.0.52(NEWT_0.52)(64bit) for package: ntsysv-1.3.49.3-2.el6_4.1.x86_64
Searching pkgSack for dep: libnewt.so.0.52(NEWT_0.52)(64bit)
Potential match for libnewt.so.0.52(NEWT_0.52)(64bit) from newt-0.52.11-3.el6.x86_64
Matched newt-0.52.11-3.el6.x86_64 to require for libnewt.so.0.52(NEWT_0.52)(64bit)
TSINFO: Marking newt-0.52.11-3.el6.x86_64 as install for ntsysv-1.3.49.3-2.el6_4.1.x86_64
ntsysv-1.3.49.3-2.el6_4.1.x86_64 requires: libnewt.so.0.52()(64bit)
--> Processing Dependency: libnewt.so.0.52()(64bit) for package: ntsysv-1.3.49.3-2.el6_4.1.x86_64
Quick matched newt-0.52.11-3.el6.x86_64 to require for libnewt.so.0.52()(64bit)
---> Package numpy.x86_64 0:1.4.1-9.el6 set to be updated
Checking deps for numpy.x86_64 0-1.4.1-9.el6 - u
numpy-1.4.1-9.el6.x86_64 requires: liblapack.so.3()(64bit)
--> Processing Dependency: liblapack.so.3()(64bit) for package: numpy-1.4.1-9.el6.x86_64
Searching pkgSack for dep: liblapack.so.3()(64bit)
Potential match for liblapack.so.3()(64bit) from atlas-3.8.4-2.el6.x86_64
Matched atlas-3.8.4-2.el6.x86_64 to require for liblapack.so.3()(64bit)
TSINFO: Marking atlas-3.8.4-2.el6.x86_64 as install for numpy-1.4.1-9.el6.x86_64
numpy-1.4.1-9.el6.x86_64 requires: libptcblas.so.3()(64bit)
--> Processing Dependency: libptcblas.so.3()(64bit) for package: numpy-1.4.1-9.el6.x86_64
Quick matched atlas-3.8.4-2.el6.x86_64 to require for libptcblas.so.3()(64bit)
numpy-1.4.1-9.el6.x86_64 requires: libatlas.so.3()(64bit)
--> Processing Dependency: libatlas.so.3()(64bit) for package: numpy-1.4.1-9.el6.x86_64
Quick matched atlas-3.8.4-2.el6.x86_64 to require for libatlas.so.3()(64bit)
numpy-1.4.1-9.el6.x86_64 requires: libptf77blas.so.3()(64bit)
--> Processing Dependency: libptf77blas.so.3()(64bit) for package: numpy-1.4.1-9.el6.x86_64
Quick matched atlas-3.8.4-2.el6.x86_64 to require for libptf77blas.so.3()(64bit)
---> Package openpgm.x86_64 0:5.1.118-3.mira1 set to be updated
Checking deps for openpgm.x86_64 0-5.1.118-3.mira1 - u
---> Package openssh-clients.x86_64 0:5.3p1-94.el6 set to be updated
Checking deps for openssh-clients.x86_64 0-5.3p1-94.el6 - u
openssh-clients-5.3p1-94.el6.x86_64 requires: openssh = 5.3p1-94.el6
--> Processing Dependency: openssh = 5.3p1-94.el6 for package: openssh-clients-5.3p1-94.el6.x86_64
Searching pkgSack for dep: openssh
Potential match for openssh from openssh-5.3p1-94.el6.x86_64
Matched openssh-5.3p1-94.el6.x86_64 to require for openssh
TSINFO: Marking openssh-5.3p1-94.el6.x86_64 as install for openssh-clients-5.3p1-94.el6.x86_64
---> Package openssh-server.x86_64 0:5.3p1-94.el6 set to be updated
Checking deps for openssh-server.x86_64 0-5.3p1-94.el6 - u
---> Package openssl-devel.x86_64 0:1.0.1e-16.el6_5.14 set to be updated
Checking deps for openssl-devel.x86_64 0-1.0.1e-16.el6_5.14 - u
openssl-devel-1.0.1e-16.el6_5.14.x86_64 requires: krb5-devel
--> Processing Dependency: krb5-devel for package: openssl-devel-1.0.1e-16.el6_5.14.x86_64
Searching pkgSack for dep: krb5-devel
Potential match for krb5-devel from krb5-devel-1.10.3-15.el6_5.1.x86_64
Matched krb5-devel-1.10.3-15.el6_5.1.x86_64 to require for krb5-devel
TSINFO: Marking krb5-devel-1.10.3-15.el6_5.1.x86_64 as install for openssl-devel-1.0.1e-16.el6_5.14.x86_64
---> Package openstack-ceilometer-alarm.noarch 0:2014.2.rc1-fuel6.0.mira6 set to be updated
Checking deps for openstack-ceilometer-alarm.noarch 0-2014.2.rc1-fuel6.0.mira6 - u
---> Package openstack-ceilometer-api.noarch 0:2014.2.rc1-fuel6.0.mira6 set to be updated
Checking deps for openstack-ceilometer-api.noarch 0-2014.2.rc1-fuel6.0.mira6 - u
openstack-ceilometer-api-2014.2.rc1-fuel6.0.mira6.noarch requires: python-wsme >= 0.6
--> Processing Dependency: python-wsme >= 0.6 for package: openstack-ceilometer-api-2014.2.rc1-fuel6.0.mira6.noarch
Searching pkgSack for dep: python-wsme
Potential match for python-wsme from python-wsme-0.6-2.el6.noarch
Matched python-wsme-0.6-2.el6.noarch to require for python-wsme
TSINFO: Marking python-wsme-0.6-2.el6.noarch as install for openstack-ceilometer-api-2014.2.rc1-fuel6.0.mira6.noarch
openstack-ceilometer-api-2014.2.rc1-fuel6.0.mira6.noarch requires: python-pymongo
--> Processing Dependency: python-pymongo for package: openstack-ceilometer-api-2014.2.rc1-fuel6.0.mira6.noarch
Searching pkgSack for dep: python-pymongo
Potential match for python-pymongo from python-pymongo-2.5.2-3.el6.x86_64
Matched python-pymongo-2.5.2-3.el6.x86_64 to require for python-pymongo
TSINFO: Marking python-pymongo-2.5.2-3.el6.x86_64 as install for openstack-ceilometer-api-2014.2.rc1-fuel6.0.mira6.noarch
openstack-ceilometer-api-2014.2.rc1-fuel6.0.mira6.noarch requires: python-flask
--> Processing Dependency: python-flask for package: openstack-ceilometer-api-2014.2.rc1-fuel6.0.mira6.noarch
Searching pkgSack for dep: python-flask
Potential match for python-flask from 1:python-flask-0.10.1-8.mira5.noarch
Matched 1:python-flask-0.10.1-8.mira5.noarch to require for python-flask
TSINFO: Marking 1:python-flask-0.10.1-8.mira5.noarch as install for openstack-ceilometer-api-2014.2.rc1-fuel6.0.mira6.noarch
---> Package openstack-ceilometer-central.noarch 0:2014.2.rc1-fuel6.0.mira6 set to be updated
Checking deps for openstack-ceilometer-central.noarch 0-2014.2.rc1-fuel6.0.mira6 - u
---> Package openstack-ceilometer-collector.noarch 0:2014.2.rc1-fuel6.0.mira6 set to be updated
Checking deps for openstack-ceilometer-collector.noarch 0-2014.2.rc1-fuel6.0.mira6 - u
---> Package openstack-ceilometer-common.noarch 0:2014.2.rc1-fuel6.0.mira6 set to be updated
Checking deps for openstack-ceilometer-common.noarch 0-2014.2.rc1-fuel6.0.mira6 - u
---> Package openstack-ceilometer-compute.noarch 0:2014.2.rc1-fuel6.0.mira6 set to be updated
Checking deps for openstack-ceilometer-compute.noarch 0-2014.2.rc1-fuel6.0.mira6 - u
---> Package openstack-ceilometer-notification.noarch 0:2014.2.rc1-fuel6.0.mira6 set to be updated
Checking deps for openstack-ceilometer-notification.noarch 0-2014.2.rc1-fuel6.0.mira6 - u
---> Package openstack-cinder.noarch 0:2014.2.rc1-fuel6.0.mira7 set to be updated
Checking deps for openstack-cinder.noarch 0-2014.2.rc1-fuel6.0.mira7 - u
openstack-cinder-2014.2.rc1-fuel6.0.mira7.noarch requires: scsi-target-utils
--> Processing Dependency: scsi-target-utils for package: openstack-cinder-2014.2.rc1-fuel6.0.mira7.noarch
Searching pkgSack for dep: scsi-target-utils
Potential match for scsi-target-utils from scsi-target-utils-1.0.38-13.21b1f2.ceph.el6.x86_64
Matched scsi-target-utils-1.0.38-13.21b1f2.ceph.el6.x86_64 to require for scsi-target-utils
TSINFO: Marking scsi-target-utils-1.0.38-13.21b1f2.ceph.el6.x86_64 as install for openstack-cinder-2014.2.rc1-fuel6.0.mira7.noarch
---> Package openstack-dashboard.noarch 0:2014.2.b3-fuel6.0.mira1 set to be updated
Checking deps for openstack-dashboard.noarch 0-2014.2.b3-fuel6.0.mira1 - u
openstack-dashboard-2014.2.b3-fuel6.0.mira1.noarch requires: python-django >= 1.4.2
--> Processing Dependency: python-django >= 1.4.2 for package: openstack-dashboard-2014.2.b3-fuel6.0.mira1.noarch
Searching pkgSack for dep: python-django
Potential match for python-django from python-django-1.5-4.el6.noarch
Matched python-django-1.5-4.el6.noarch to require for python-django
TSINFO: Marking python-django-1.5-4.el6.noarch as install for openstack-dashboard-2014.2.b3-fuel6.0.mira1.noarch
openstack-dashboard-2014.2.b3-fuel6.0.mira1.noarch requires: python-XStatic-Rickshaw >= 1.5.0
--> Processing Dependency: python-XStatic-Rickshaw >= 1.5.0 for package: openstack-dashboard-2014.2.b3-fuel6.0.mira1.noarch
Searching pkgSack for dep: python-XStatic-Rickshaw
Potential match for python-XStatic-Rickshaw from python-XStatic-Rickshaw-1.5.0.0-2.mira1.noarch
Matched python-XStatic-Rickshaw-1.5.0.0-2.mira1.noarch to require for python-XStatic-Rickshaw
TSINFO: Marking python-XStatic-Rickshaw-1.5.0.0-2.mira1.noarch as install for openstack-dashboard-2014.2.b3-fuel6.0.mira1.noarch
openstack-dashboard-2014.2.b3-fuel6.0.mira1.noarch requires: python-troveclient >= 1.0.4
--> Processing Dependency: python-troveclient >= 1.0.4 for package: openstack-dashboard-2014.2.b3-fuel6.0.mira1.noarch
Searching pkgSack for dep: python-troveclient
Potential match for python-troveclient from python-troveclient-1.0.7-fuel6.0.mira13.noarch
Matched python-troveclient-1.0.7-fuel6.0.mira13.noarch to require for python-troveclient
TSINFO: Marking python-troveclient-1.0.7-fuel6.0.mira13.noarch as install for openstack-dashboard-2014.2.b3-fuel6.0.mira1.noarch
openstack-dashboard-2014.2.b3-fuel6.0.mira1.noarch requires: python-XStatic-JQuery.quicksearch >= 2.0.3.1
--> Processing Dependency: python-XStatic-JQuery.quicksearch >= 2.0.3.1 for package: openstack-dashboard-2014.2.b3-fuel6.0.mira1.noarch
Searching pkgSack for dep: python-XStatic-JQuery.quicksearch
Potential match for python-XStatic-JQuery.quicksearch from python-XStatic-JQuery.quicksearch-2.0.3.1-1.mira1.noarch
Matched python-XStatic-JQuery.quicksearch-2.0.3.1-1.mira1.noarch to require for python-XStatic-JQuery.quicksearch
TSINFO: Marking python-XStatic-JQuery.quicksearch-2.0.3.1-1.mira1.noarch as install for openstack-dashboard-2014.2.b3-fuel6.0.mira1.noarch
openstack-dashboard-2014.2.b3-fuel6.0.mira1.noarch requires: python-django-pyscss >= 1.0.3
--> Processing Dependency: python-django-pyscss >= 1.0.3 for package: openstack-dashboard-2014.2.b3-fuel6.0.mira1.noarch
Searching pkgSack for dep: python-django-pyscss
Potential match for python-django-pyscss from python-django-pyscss-1.0.3-1.mira1.noarch
Matched python-django-pyscss-1.0.3-1.mira1.noarch to require for python-django-pyscss
TSINFO: Marking python-django-pyscss-1.0.3-1.mira1.noarch as install for openstack-dashboard-2014.2.b3-fuel6.0.mira1.noarch
openstack-dashboard-2014.2.b3-fuel6.0.mira1.noarch requires: python-XStatic-D3 >= 3.1.6.2
--> Processing Dependency: python-XStatic-D3 >= 3.1.6.2 for package: openstack-dashboard-2014.2.b3-fuel6.0.mira1.noarch
Searching pkgSack for dep: python-XStatic-D3
Potential match for python-XStatic-D3 from python-XStatic-D3-3.1.6.2-1.mira1.noarch
Matched python-XStatic-D3-3.1.6.2-1.mira1.noarch to require for python-XStatic-D3
TSINFO: Marking python-XStatic-D3-3.1.6.2-1.mira1.noarch as install for openstack-dashboard-2014.2.b3-fuel6.0.mira1.noarch
openstack-dashboard-2014.2.b3-fuel6.0.mira1.noarch requires: python-XStatic-Jasmine >= 1.3.1.1
--> Processing Dependency: python-XStatic-Jasmine >= 1.3.1.1 for package: openstack-dashboard-2014.2.b3-fuel6.0.mira1.noarch
Searching pkgSack for dep: python-XStatic-Jasmine
Potential match for python-XStatic-Jasmine from python-XStatic-Jasmine-1.3.1.1-1.mira1.noarch
Matched python-XStatic-Jasmine-1.3.1.1-1.mira1.noarch to require for python-XStatic-Jasmine
TSINFO: Marking python-XStatic-Jasmine-1.3.1.1-1.mira1.noarch as install for openstack-dashboard-2014.2.b3-fuel6.0.mira1.noarch
openstack-dashboard-2014.2.b3-fuel6.0.mira1.noarch requires: python-oslo-serialization >= 1.0.0
--> Processing Dependency: python-oslo-serialization >= 1.0.0 for package: openstack-dashboard-2014.2.b3-fuel6.0.mira1.noarch
Searching pkgSack for dep: python-oslo-serialization
Potential match for python-oslo-serialization from python-oslo-serialization-1.0.0-fuel6.0.mira20.noarch
Matched python-oslo-serialization-1.0.0-fuel6.0.mira20.noarch to require for python-oslo-serialization
TSINFO: Marking python-oslo-serialization-1.0.0-fuel6.0.mira20.noarch as install for openstack-dashboard-2014.2.b3-fuel6.0.mira1.noarch
openstack-dashboard-2014.2.b3-fuel6.0.mira1.noarch requires: python-XStatic-Angular-Cookies >= 1.2.1.1
--> Processing Dependency: python-XStatic-Angular-Cookies >= 1.2.1.1 for package: openstack-dashboard-2014.2.b3-fuel6.0.mira1.noarch
Searching pkgSack for dep: python-XStatic-Angular-Cookies
Potential match for python-XStatic-Angular-Cookies from python-XStatic-Angular-Cookies-1.2.1.1-1.mira1.noarch
Matched python-XStatic-Angular-Cookies-1.2.1.1-1.mira1.noarch to require for python-XStatic-Angular-Cookies
TSINFO: Marking python-XStatic-Angular-Cookies-1.2.1.1-1.mira1.noarch as install for openstack-dashboard-2014.2.b3-fuel6.0.mira1.noarch
openstack-dashboard-2014.2.b3-fuel6.0.mira1.noarch requires: python-XStatic-QUnit >= 1.14.0.2
--> Processing Dependency: python-XStatic-QUnit >= 1.14.0.2 for package: openstack-dashboard-2014.2.b3-fuel6.0.mira1.noarch
Searching pkgSack for dep: python-XStatic-QUnit
Potential match for python-XStatic-QUnit from python-XStatic-QUnit-1.14.0.2-2.mira1.noarch
Matched python-XStatic-QUnit-1.14.0.2-2.mira1.noarch to require for python-XStatic-QUnit
TSINFO: Marking python-XStatic-QUnit-1.14.0.2-2.mira1.noarch as install for openstack-dashboard-2014.2.b3-fuel6.0.mira1.noarch
openstack-dashboard-2014.2.b3-fuel6.0.mira1.noarch requires: python-XStatic-JQuery-Migrate >= 1.2.1.1
--> Processing Dependency: python-XStatic-JQuery-Migrate >= 1.2.1.1 for package: openstack-dashboard-2014.2.b3-fuel6.0.mira1.noarch
Searching pkgSack for dep: python-XStatic-JQuery-Migrate
Potential match for python-XStatic-JQuery-Migrate from python-XStatic-JQuery-Migrate-1.2.1.1-1.mira1.noarch
Matched python-XStatic-JQuery-Migrate-1.2.1.1-1.mira1.noarch to require for python-XStatic-JQuery-Migrate
TSINFO: Marking python-XStatic-JQuery-Migrate-1.2.1.1-1.mira1.noarch as install for openstack-dashboard-2014.2.b3-fuel6.0.mira1.noarch
openstack-dashboard-2014.2.b3-fuel6.0.mira1.noarch requires: python-XStatic-Hogan >= 2.0.0.2
--> Processing Dependency: python-XStatic-Hogan >= 2.0.0.2 for package: openstack-dashboard-2014.2.b3-fuel6.0.mira1.noarch
Searching pkgSack for dep: python-XStatic-Hogan
Potential match for python-XStatic-Hogan from python-XStatic-Hogan-2.0.0.2-1.mira1.noarch
Matched python-XStatic-Hogan-2.0.0.2-1.mira1.noarch to require for python-XStatic-Hogan
TSINFO: Marking python-XStatic-Hogan-2.0.0.2-1.mira1.noarch as install for openstack-dashboard-2014.2.b3-fuel6.0.mira1.noarch
openstack-dashboard-2014.2.b3-fuel6.0.mira1.noarch requires: python-XStatic-Angular >= 1.2.1.1
--> Processing Dependency: python-XStatic-Angular >= 1.2.1.1 for package: openstack-dashboard-2014.2.b3-fuel6.0.mira1.noarch
Searching pkgSack for dep: python-XStatic-Angular
Potential match for python-XStatic-Angular from python-XStatic-Angular-1.2.1.1-1.mira1.noarch
Matched python-XStatic-Angular-1.2.1.1-1.mira1.noarch to require for python-XStatic-Angular
TSINFO: Marking python-XStatic-Angular-1.2.1.1-1.mira1.noarch as install for openstack-dashboard-2014.2.b3-fuel6.0.mira1.noarch
openstack-dashboard-2014.2.b3-fuel6.0.mira1.noarch requires: python-XStatic-JQuery.TableSorter >= 2.0.5b.0
--> Processing Dependency: python-XStatic-JQuery.TableSorter >= 2.0.5b.0 for package: openstack-dashboard-2014.2.b3-fuel6.0.mira1.noarch
Searching pkgSack for dep: python-XStatic-JQuery.TableSorter
Potential match for python-XStatic-JQuery.TableSorter from python-XStatic-JQuery.TableSorter-2.14.5.1-1.mira1.noarch
Matched python-XStatic-JQuery.TableSorter-2.14.5.1-1.mira1.noarch to require for python-XStatic-JQuery.TableSorter
TSINFO: Marking python-XStatic-JQuery.TableSorter-2.14.5.1-1.mira1.noarch as install for openstack-dashboard-2014.2.b3-fuel6.0.mira1.noarch
openstack-dashboard-2014.2.b3-fuel6.0.mira1.noarch requires: python-XStatic-Angular-Mock >= 1.2.1.1
--> Processing Dependency: python-XStatic-Angular-Mock >= 1.2.1.1 for package: openstack-dashboard-2014.2.b3-fuel6.0.mira1.noarch
Searching pkgSack for dep: python-XStatic-Angular-Mock
Potential match for python-XStatic-Angular-Mock from python-XStatic-Angular-Mock-1.2.1.1-1.mira1.noarch
Matched python-XStatic-Angular-Mock-1.2.1.1-1.mira1.noarch to require for python-XStatic-Angular-Mock
TSINFO: Marking python-XStatic-Angular-Mock-1.2.1.1-1.mira1.noarch as install for openstack-dashboard-2014.2.b3-fuel6.0.mira1.noarch
openstack-dashboard-2014.2.b3-fuel6.0.mira1.noarch requires: python-XStatic >= 1.0.0
--> Processing Dependency: python-XStatic >= 1.0.0 for package: openstack-dashboard-2014.2.b3-fuel6.0.mira1.noarch
Searching pkgSack for dep: python-XStatic
Potential match for python-XStatic from python-XStatic-1.0.1-1.mira1.noarch
Matched python-XStatic-1.0.1-1.mira1.noarch to require for python-XStatic
TSINFO: Marking python-XStatic-1.0.1-1.mira1.noarch as install for openstack-dashboard-2014.2.b3-fuel6.0.mira1.noarch
openstack-dashboard-2014.2.b3-fuel6.0.mira1.noarch requires: python-XStatic-JSEncrypt >= 2.0.0.2
--> Processing Dependency: python-XStatic-JSEncrypt >= 2.0.0.2 for package: openstack-dashboard-2014.2.b3-fuel6.0.mira1.noarch
Searching pkgSack for dep: python-XStatic-JSEncrypt
Potential match for python-XStatic-JSEncrypt from python-XStatic-JSEncrypt-2.0.0.2-2.mira1.noarch
Matched python-XStatic-JSEncrypt-2.0.0.2-2.mira1.noarch to require for python-XStatic-JSEncrypt
TSINFO: Marking python-XStatic-JSEncrypt-2.0.0.2-2.mira1.noarch as install for openstack-dashboard-2014.2.b3-fuel6.0.mira1.noarch
openstack-dashboard-2014.2.b3-fuel6.0.mira1.noarch requires: python-XStatic-Bootstrap-Datepicker >= 1.3.1.0
--> Processing Dependency: python-XStatic-Bootstrap-Datepicker >= 1.3.1.0 for package: openstack-dashboard-2014.2.b3-fuel6.0.mira1.noarch
Searching pkgSack for dep: python-XStatic-Bootstrap-Datepicker
Potential match for python-XStatic-Bootstrap-Datepicker from python-XStatic-Bootstrap-Datepicker-1.3.1.0-1.mira1.noarch
Matched python-XStatic-Bootstrap-Datepicker-1.3.1.0-1.mira1.noarch to require for python-XStatic-Bootstrap-Datepicker
TSINFO: Marking python-XStatic-Bootstrap-Datepicker-1.3.1.0-1.mira1.noarch as install for openstack-dashboard-2014.2.b3-fuel6.0.mira1.noarch
openstack-dashboard-2014.2.b3-fuel6.0.mira1.noarch requires: python-XStatic-Spin >= 1.2.5.2
--> Processing Dependency: python-XStatic-Spin >= 1.2.5.2 for package: openstack-dashboard-2014.2.b3-fuel6.0.mira1.noarch
Searching pkgSack for dep: python-XStatic-Spin
Potential match for python-XStatic-Spin from python-XStatic-Spin-1.2.5.2-2.mira1.noarch
Matched python-XStatic-Spin-1.2.5.2-2.mira1.noarch to require for python-XStatic-Spin
TSINFO: Marking python-XStatic-Spin-1.2.5.2-2.mira1.noarch as install for openstack-dashboard-2014.2.b3-fuel6.0.mira1.noarch
openstack-dashboard-2014.2.b3-fuel6.0.mira1.noarch requires: python-XStatic-jQuery >= 1.7.2
--> Processing Dependency: python-XStatic-jQuery >= 1.7.2 for package: openstack-dashboard-2014.2.b3-fuel6.0.mira1.noarch
Searching pkgSack for dep: python-XStatic-jQuery
Potential match for python-XStatic-jQuery from python-XStatic-jQuery-1.10.2.1-1.mira1.noarch
Matched python-XStatic-jQuery-1.10.2.1-1.mira1.noarch to require for python-XStatic-jQuery
TSINFO: Marking python-XStatic-jQuery-1.10.2.1-1.mira1.noarch as install for openstack-dashboard-2014.2.b3-fuel6.0.mira1.noarch
openstack-dashboard-2014.2.b3-fuel6.0.mira1.noarch requires: python-XStatic-jquery-ui >= 1.10.1
--> Processing Dependency: python-XStatic-jquery-ui >= 1.10.1 for package: openstack-dashboard-2014.2.b3-fuel6.0.mira1.noarch
Searching pkgSack for dep: python-XStatic-jquery-ui
Potential match for python-XStatic-jquery-ui from python-XStatic-jquery-ui-1.10.4.1-1.mira1.noarch
Matched python-XStatic-jquery-ui-1.10.4.1-1.mira1.noarch to require for python-XStatic-jquery-ui
TSINFO: Marking python-XStatic-jquery-ui-1.10.4.1-1.mira1.noarch as install for openstack-dashboard-2014.2.b3-fuel6.0.mira1.noarch
openstack-dashboard-2014.2.b3-fuel6.0.mira1.noarch requires: python-XStatic-Bootstrap-SCSS >= 3
--> Processing Dependency: python-XStatic-Bootstrap-SCSS >= 3 for package: openstack-dashboard-2014.2.b3-fuel6.0.mira1.noarch
Searching pkgSack for dep: python-XStatic-Bootstrap-SCSS
Potential match for python-XStatic-Bootstrap-SCSS from python-XStatic-Bootstrap-SCSS-3.2.0.0-1.mira1.noarch
Matched python-XStatic-Bootstrap-SCSS-3.2.0.0-1.mira1.noarch to require for python-XStatic-Bootstrap-SCSS
TSINFO: Marking python-XStatic-Bootstrap-SCSS-3.2.0.0-1.mira1.noarch as install for openstack-dashboard-2014.2.b3-fuel6.0.mira1.noarch
openstack-dashboard-2014.2.b3-fuel6.0.mira1.noarch requires: python-XStatic-Font-Awesome >= 4.1.0
--> Processing Dependency: python-XStatic-Font-Awesome >= 4.1.0 for package: openstack-dashboard-2014.2.b3-fuel6.0.mira1.noarch
Searching pkgSack for dep: python-XStatic-Font-Awesome
Potential match for python-XStatic-Font-Awesome from python-XStatic-Font-Awesome-4.1.0.0-1.mira1.noarch
Matched python-XStatic-Font-Awesome-4.1.0.0-1.mira1.noarch to require for python-XStatic-Font-Awesome
TSINFO: Marking python-XStatic-Font-Awesome-4.1.0.0-1.mira1.noarch as install for openstack-dashboard-2014.2.b3-fuel6.0.mira1.noarch
openstack-dashboard-2014.2.b3-fuel6.0.mira1.noarch requires: python-lesscpy
--> Processing Dependency: python-lesscpy for package: openstack-dashboard-2014.2.b3-fuel6.0.mira1.noarch
Searching pkgSack for dep: python-lesscpy
Potential match for python-lesscpy from python-lesscpy-0.9j-3.el6.noarch
Matched python-lesscpy-0.9j-3.el6.noarch to require for python-lesscpy
TSINFO: Marking python-lesscpy-0.9j-3.el6.noarch as install for openstack-dashboard-2014.2.b3-fuel6.0.mira1.noarch
---> Package openstack-glance.noarch 0:2014.2.rc1-fuel6.0.mira6 set to be updated
Checking deps for openstack-glance.noarch 0-2014.2.rc1-fuel6.0.mira6 - u
---> Package openstack-heat-api.noarch 0:2014.2.b3-fuel6.0.mira0 set to be updated
Checking deps for openstack-heat-api.noarch 0-2014.2.b3-fuel6.0.mira0 - u
---> Package openstack-heat-api-cfn.noarch 0:2014.2.b3-fuel6.0.mira0 set to be updated
Checking deps for openstack-heat-api-cfn.noarch 0-2014.2.b3-fuel6.0.mira0 - u
---> Package openstack-heat-api-cloudwatch.noarch 0:2014.2.b3-fuel6.0.mira0 set to be updated
Checking deps for openstack-heat-api-cloudwatch.noarch 0-2014.2.b3-fuel6.0.mira0 - u
---> Package openstack-heat-common.noarch 0:2014.2.b3-fuel6.0.mira0 set to be updated
Checking deps for openstack-heat-common.noarch 0-2014.2.b3-fuel6.0.mira0 - u
openstack-heat-common-2014.2.b3-fuel6.0.mira0.noarch requires: python-paste-deploy >= 1.5.0
--> Processing Dependency: python-paste-deploy >= 1.5.0 for package: openstack-heat-common-2014.2.b3-fuel6.0.mira0.noarch
Searching pkgSack for dep: python-paste-deploy
Potential match for python-paste-deploy from python-paste-deploy-1.5.0-10.mira2.noarch
Matched python-paste-deploy-1.5.0-10.mira2.noarch to require for python-paste-deploy
TSINFO: Marking python-paste-deploy-1.5.0-10.mira2.noarch as install for openstack-heat-common-2014.2.b3-fuel6.0.mira0.noarch
openstack-heat-common-2014.2.b3-fuel6.0.mira0.noarch requires: python-keystonemiddleware >= 1.0.0
--> Processing Dependency: python-keystonemiddleware >= 1.0.0 for package: openstack-heat-common-2014.2.b3-fuel6.0.mira0.noarch
Searching pkgSack for dep: python-keystonemiddleware
Potential match for python-keystonemiddleware from python-keystonemiddleware-1.1.1-1.mira1.noarch
Matched python-keystonemiddleware-1.1.1-1.mira1.noarch to require for python-keystonemiddleware
TSINFO: Marking python-keystonemiddleware-1.1.1-1.mira1.noarch as install for openstack-heat-common-2014.2.b3-fuel6.0.mira0.noarch
openstack-heat-common-2014.2.b3-fuel6.0.mira0.noarch requires: python-oslo-messaging >= 1.4.0
--> Processing Dependency: python-oslo-messaging >= 1.4.0 for package: openstack-heat-common-2014.2.b3-fuel6.0.mira0.noarch
Searching pkgSack for dep: python-oslo-messaging
Potential match for python-oslo-messaging from python-oslo-messaging-1.4.1-fuel6.0.mira15.noarch
Matched python-oslo-messaging-1.4.1-fuel6.0.mira15.noarch to require for python-oslo-messaging
TSINFO: Marking python-oslo-messaging-1.4.1-fuel6.0.mira15.noarch as install for openstack-heat-common-2014.2.b3-fuel6.0.mira0.noarch
openstack-heat-common-2014.2.b3-fuel6.0.mira0.noarch requires: python-oslo-i18n >= 1.0.0
--> Processing Dependency: python-oslo-i18n >= 1.0.0 for package: openstack-heat-common-2014.2.b3-fuel6.0.mira0.noarch
Searching pkgSack for dep: python-oslo-i18n
Potential match for python-oslo-i18n from python-oslo-i18n-1.0.0-fuel6.0.mira19.noarch
Matched python-oslo-i18n-1.0.0-fuel6.0.mira19.noarch to require for python-oslo-i18n
TSINFO: Marking python-oslo-i18n-1.0.0-fuel6.0.mira19.noarch as install for openstack-heat-common-2014.2.b3-fuel6.0.mira0.noarch
openstack-heat-common-2014.2.b3-fuel6.0.mira0.noarch requires: python-oslo-db >= 1.0.0
--> Processing Dependency: python-oslo-db >= 1.0.0 for package: openstack-heat-common-2014.2.b3-fuel6.0.mira0.noarch
Searching pkgSack for dep: python-oslo-db
Potential match for python-oslo-db from python-oslo-db-1.0.1-fuel6.0.mira18.noarch
Matched python-oslo-db-1.0.1-fuel6.0.mira18.noarch to require for python-oslo-db
TSINFO: Marking python-oslo-db-1.0.1-fuel6.0.mira18.noarch as install for openstack-heat-common-2014.2.b3-fuel6.0.mira0.noarch
openstack-heat-common-2014.2.b3-fuel6.0.mira0.noarch requires: python-posix_ipc
--> Processing Dependency: python-posix_ipc for package: openstack-heat-common-2014.2.b3-fuel6.0.mira0.noarch
Searching pkgSack for dep: python-posix_ipc
Potential match for python-posix_ipc from python-posix_ipc-0.9.8-3.mira2.x86_64
Matched python-posix_ipc-0.9.8-3.mira2.x86_64 to require for python-posix_ipc
TSINFO: Marking python-posix_ipc-0.9.8-3.mira2.x86_64 as install for openstack-heat-common-2014.2.b3-fuel6.0.mira0.noarch
openstack-heat-common-2014.2.b3-fuel6.0.mira0.noarch requires: python-memcached
--> Processing Dependency: python-memcached for package: openstack-heat-common-2014.2.b3-fuel6.0.mira0.noarch
Searching pkgSack for dep: python-memcached
Potential match for python-memcached from python-memcached-1.53-1.el6.noarch
Matched python-memcached-1.53-1.el6.noarch to require for python-memcached
TSINFO: Marking python-memcached-1.53-1.el6.noarch as install for openstack-heat-common-2014.2.b3-fuel6.0.mira0.noarch
openstack-heat-common-2014.2.b3-fuel6.0.mira0.noarch requires: python-qpid
--> Processing Dependency: python-qpid for package: openstack-heat-common-2014.2.b3-fuel6.0.mira0.noarch
Searching pkgSack for dep: python-qpid
Potential match for python-qpid from python-qpid-0.14-11.el6_3.noarch
Matched python-qpid-0.14-11.el6_3.noarch to require for python-qpid
TSINFO: Marking python-qpid-0.14-11.el6_3.noarch as install for openstack-heat-common-2014.2.b3-fuel6.0.mira0.noarch
---> Package openstack-heat-engine.noarch 0:2014.2.b3-fuel6.0.mira0 set to be updated
Checking deps for openstack-heat-engine.noarch 0-2014.2.b3-fuel6.0.mira0 - u
---> Package openstack-keystone.noarch 0:2014.2.rc1-fuel6.0.mira6 set to be updated
Checking deps for openstack-keystone.noarch 0-2014.2.rc1-fuel6.0.mira6 - u
---> Package openstack-neutron.noarch 0:2014.2.b3-fuel6.0.mira1 set to be updated
Checking deps for openstack-neutron.noarch 0-2014.2.b3-fuel6.0.mira1 - u
openstack-neutron-2014.2.b3-fuel6.0.mira1.noarch requires: python-oslo-rootwrap
--> Processing Dependency: python-oslo-rootwrap for package: openstack-neutron-2014.2.b3-fuel6.0.mira1.noarch
Searching pkgSack for dep: python-oslo-rootwrap
Potential match for python-oslo-rootwrap from python-oslo-rootwrap-1.3.0-fuel6.0.mira19.noarch
Matched python-oslo-rootwrap-1.3.0-fuel6.0.mira19.noarch to require for python-oslo-rootwrap
TSINFO: Marking python-oslo-rootwrap-1.3.0-fuel6.0.mira19.noarch as install for openstack-neutron-2014.2.b3-fuel6.0.mira1.noarch
openstack-neutron-2014.2.b3-fuel6.0.mira1.noarch requires: openstack-neutron-metaplugin
--> Processing Dependency: openstack-neutron-metaplugin for package: openstack-neutron-2014.2.b3-fuel6.0.mira1.noarch
Searching pkgSack for dep: openstack-neutron-metaplugin
Potential match for openstack-neutron-metaplugin from openstack-neutron-metaplugin-2014.2.b3-fuel6.0.mira1.noarch
Matched openstack-neutron-metaplugin-2014.2.b3-fuel6.0.mira1.noarch to require for openstack-neutron-metaplugin
TSINFO: Marking openstack-neutron-metaplugin-2014.2.b3-fuel6.0.mira1.noarch as install for openstack-neutron-2014.2.b3-fuel6.0.mira1.noarch
openstack-neutron-2014.2.b3-fuel6.0.mira1.noarch requires: ipset
--> Processing Dependency: ipset for package: openstack-neutron-2014.2.b3-fuel6.0.mira1.noarch
Searching pkgSack for dep: ipset
Potential match for ipset from ipset-6.11-1.mira1.x86_64
Matched ipset-6.11-1.mira1.x86_64 to require for ipset
TSINFO: Marking ipset-6.11-1.mira1.x86_64 as install for openstack-neutron-2014.2.b3-fuel6.0.mira1.noarch
---> Package openstack-neutron-bigswitch.noarch 0:2014.2.b3-fuel6.0.mira1 set to be updated
Checking deps for openstack-neutron-bigswitch.noarch 0-2014.2.b3-fuel6.0.mira1 - u
---> Package openstack-neutron-brocade.noarch 0:2014.2.b3-fuel6.0.mira1 set to be updated
Checking deps for openstack-neutron-brocade.noarch 0-2014.2.b3-fuel6.0.mira1 - u
---> Package openstack-neutron-cisco.noarch 0:2014.2.b3-fuel6.0.mira1 set to be updated
Checking deps for openstack-neutron-cisco.noarch 0-2014.2.b3-fuel6.0.mira1 - u
---> Package openstack-neutron-hyperv.noarch 0:2014.2.b3-fuel6.0.mira1 set to be updated
Checking deps for openstack-neutron-hyperv.noarch 0-2014.2.b3-fuel6.0.mira1 - u
---> Package openstack-neutron-ibm.noarch 0:2014.2.b3-fuel6.0.mira1 set to be updated
Checking deps for openstack-neutron-ibm.noarch 0-2014.2.b3-fuel6.0.mira1 - u
---> Package openstack-neutron-linuxbridge.noarch 0:2014.2.b3-fuel6.0.mira1 set to be updated
Checking deps for openstack-neutron-linuxbridge.noarch 0-2014.2.b3-fuel6.0.mira1 - u
---> Package openstack-neutron-mellanox.noarch 0:2014.2.b3-fuel6.0.mira1 set to be updated
Checking deps for openstack-neutron-mellanox.noarch 0-2014.2.b3-fuel6.0.mira1 - u
---> Package openstack-neutron-metering-agent.noarch 0:2014.2.b3-fuel6.0.mira1 set to be updated
Checking deps for openstack-neutron-metering-agent.noarch 0-2014.2.b3-fuel6.0.mira1 - u
---> Package openstack-neutron-midonet.noarch 0:2014.2.b3-fuel6.0.mira1 set to be updated
Checking deps for openstack-neutron-midonet.noarch 0-2014.2.b3-fuel6.0.mira1 - u
---> Package openstack-neutron-ml2.noarch 0:2014.2.b3-fuel6.0.mira1 set to be updated
Checking deps for openstack-neutron-ml2.noarch 0-2014.2.b3-fuel6.0.mira1 - u
---> Package openstack-neutron-nec.noarch 0:2014.2.b3-fuel6.0.mira1 set to be updated
Checking deps for openstack-neutron-nec.noarch 0-2014.2.b3-fuel6.0.mira1 - u
---> Package openstack-neutron-nuage.noarch 0:2014.2.b3-fuel6.0.mira1 set to be updated
Checking deps for openstack-neutron-nuage.noarch 0-2014.2.b3-fuel6.0.mira1 - u
---> Package openstack-neutron-ofagent.noarch 0:2014.2.b3-fuel6.0.mira1 set to be updated
Checking deps for openstack-neutron-ofagent.noarch 0-2014.2.b3-fuel6.0.mira1 - u
---> Package openstack-neutron-oneconvergence-nvsd.noarch 0:2014.2.b3-fuel6.0.mira1 set to be updated
Checking deps for openstack-neutron-oneconvergence-nvsd.noarch 0-2014.2.b3-fuel6.0.mira1 - u
---> Package openstack-neutron-openvswitch.noarch 0:2014.2.b3-fuel6.0.mira1 set to be updated
Checking deps for openstack-neutron-openvswitch.noarch 0-2014.2.b3-fuel6.0.mira1 - u
---> Package openstack-neutron-plumgrid.noarch 0:2014.2.b3-fuel6.0.mira1 set to be updated
Checking deps for openstack-neutron-plumgrid.noarch 0-2014.2.b3-fuel6.0.mira1 - u
---> Package openstack-neutron-ryu.noarch 0:2014.2.b3-fuel6.0.mira1 set to be updated
Checking deps for openstack-neutron-ryu.noarch 0-2014.2.b3-fuel6.0.mira1 - u
---> Package openstack-neutron-vmware.noarch 0:2014.2.b3-fuel6.0.mira1 set to be updated
Checking deps for openstack-neutron-vmware.noarch 0-2014.2.b3-fuel6.0.mira1 - u
---> Package openstack-neutron-vpn-agent.noarch 0:2014.2.b3-fuel6.0.mira1 set to be updated
Checking deps for openstack-neutron-vpn-agent.noarch 0-2014.2.b3-fuel6.0.mira1 - u
---> Package openstack-nova.noarch 0:2014.2.rc1-fuel6.0.mira7 set to be updated
Checking deps for openstack-nova.noarch 0-2014.2.rc1-fuel6.0.mira7 - u
---> Package openstack-nova-api.noarch 0:2014.2.rc1-fuel6.0.mira7 set to be updated
Checking deps for openstack-nova-api.noarch 0-2014.2.rc1-fuel6.0.mira7 - u
---> Package openstack-nova-cells.noarch 0:2014.2.rc1-fuel6.0.mira7 set to be updated
Checking deps for openstack-nova-cells.noarch 0-2014.2.rc1-fuel6.0.mira7 - u
---> Package openstack-nova-cert.noarch 0:2014.2.rc1-fuel6.0.mira7 set to be updated
Checking deps for openstack-nova-cert.noarch 0-2014.2.rc1-fuel6.0.mira7 - u
---> Package openstack-nova-common.noarch 0:2014.2.rc1-fuel6.0.mira7 set to be updated
Checking deps for openstack-nova-common.noarch 0-2014.2.rc1-fuel6.0.mira7 - u
---> Package openstack-nova-compute.noarch 0:2014.2.rc1-fuel6.0.mira7 set to be updated
Checking deps for openstack-nova-compute.noarch 0-2014.2.rc1-fuel6.0.mira7 - u
openstack-nova-compute-2014.2.rc1-fuel6.0.mira7.noarch requires: libguestfs-mount >= 1.7.17
--> Processing Dependency: libguestfs-mount >= 1.7.17 for package: openstack-nova-compute-2014.2.rc1-fuel6.0.mira7.noarch
Searching pkgSack for dep: libguestfs-mount
Potential match for libguestfs-mount from 1:libguestfs-tools-c-1.20.11-2.mira3.x86_64
Matched 1:libguestfs-tools-c-1.20.11-2.mira3.x86_64 to require for libguestfs-mount
TSINFO: Marking 1:libguestfs-tools-c-1.20.11-2.mira3.x86_64 as install for openstack-nova-compute-2014.2.rc1-fuel6.0.mira7.noarch
openstack-nova-compute-2014.2.rc1-fuel6.0.mira7.noarch requires: iscsi-initiator-utils
--> Processing Dependency: iscsi-initiator-utils for package: openstack-nova-compute-2014.2.rc1-fuel6.0.mira7.noarch
Searching pkgSack for dep: iscsi-initiator-utils
Potential match for iscsi-initiator-utils from iscsi-initiator-utils-6.2.0.873-10.el6.x86_64
Matched iscsi-initiator-utils-6.2.0.873-10.el6.x86_64 to require for iscsi-initiator-utils
TSINFO: Marking iscsi-initiator-utils-6.2.0.873-10.el6.x86_64 as install for openstack-nova-compute-2014.2.rc1-fuel6.0.mira7.noarch
openstack-nova-compute-2014.2.rc1-fuel6.0.mira7.noarch requires: qemu-kvm
--> Processing Dependency: qemu-kvm for package: openstack-nova-compute-2014.2.rc1-fuel6.0.mira7.noarch
Searching pkgSack for dep: qemu-kvm
Potential match for qemu-kvm from 2:qemu-kvm-2.0.0-4.mira2.x86_64
Matched 2:qemu-kvm-2.0.0-4.mira2.x86_64 to require for qemu-kvm
TSINFO: Marking 2:qemu-kvm-2.0.0-4.mira2.x86_64 as install for openstack-nova-compute-2014.2.rc1-fuel6.0.mira7.noarch
openstack-nova-compute-2014.2.rc1-fuel6.0.mira7.noarch requires: fuse
--> Processing Dependency: fuse for package: openstack-nova-compute-2014.2.rc1-fuel6.0.mira7.noarch
Searching pkgSack for dep: fuse
Potential match for fuse from fuse-2.8.3-4.el6.x86_64
Matched fuse-2.8.3-4.el6.x86_64 to require for fuse
TSINFO: Marking fuse-2.8.3-4.el6.x86_64 as install for openstack-nova-compute-2014.2.rc1-fuel6.0.mira7.noarch
openstack-nova-compute-2014.2.rc1-fuel6.0.mira7.noarch requires: tunctl
--> Processing Dependency: tunctl for package: openstack-nova-compute-2014.2.rc1-fuel6.0.mira7.noarch
Searching pkgSack for dep: tunctl
Potential match for tunctl from tunctl-1.5-3.el6.x86_64
Matched tunctl-1.5-3.el6.x86_64 to require for tunctl
TSINFO: Marking tunctl-1.5-3.el6.x86_64 as install for openstack-nova-compute-2014.2.rc1-fuel6.0.mira7.noarch
openstack-nova-compute-2014.2.rc1-fuel6.0.mira7.noarch requires: python-libguestfs
--> Processing Dependency: python-libguestfs for package: openstack-nova-compute-2014.2.rc1-fuel6.0.mira7.noarch
Searching pkgSack for dep: python-libguestfs
Potential match for python-libguestfs from 1:python-libguestfs-1.20.11-2.mira3.x86_64
Matched 1:python-libguestfs-1.20.11-2.mira3.x86_64 to require for python-libguestfs
TSINFO: Marking 1:python-libguestfs-1.20.11-2.mira3.x86_64 as install for openstack-nova-compute-2014.2.rc1-fuel6.0.mira7.noarch
---> Package openstack-nova-conductor.noarch 0:2014.2.rc1-fuel6.0.mira7 set to be updated
Checking deps for openstack-nova-conductor.noarch 0-2014.2.rc1-fuel6.0.mira7 - u
---> Package openstack-nova-console.noarch 0:2014.2.rc1-fuel6.0.mira7 set to be updated
Checking deps for openstack-nova-console.noarch 0-2014.2.rc1-fuel6.0.mira7 - u
---> Package openstack-nova-network.noarch 0:2014.2.rc1-fuel6.0.mira7 set to be updated
Checking deps for openstack-nova-network.noarch 0-2014.2.rc1-fuel6.0.mira7 - u
openstack-nova-network-2014.2.rc1-fuel6.0.mira7.noarch requires: radvd
--> Processing Dependency: radvd for package: openstack-nova-network-2014.2.rc1-fuel6.0.mira7.noarch
Searching pkgSack for dep: radvd
Potential match for radvd from radvd-1.6-1.el6.x86_64
Matched radvd-1.6-1.el6.x86_64 to require for radvd
TSINFO: Marking radvd-1.6-1.el6.x86_64 as install for openstack-nova-network-2014.2.rc1-fuel6.0.mira7.noarch
openstack-nova-network-2014.2.rc1-fuel6.0.mira7.noarch requires: ebtables
--> Processing Dependency: ebtables for package: openstack-nova-network-2014.2.rc1-fuel6.0.mira7.noarch
Searching pkgSack for dep: ebtables
Potential match for ebtables from ebtables-2.0.9-6.el6.x86_64
Matched ebtables-2.0.9-6.el6.x86_64 to require for ebtables
TSINFO: Marking ebtables-2.0.9-6.el6.x86_64 as install for openstack-nova-network-2014.2.rc1-fuel6.0.mira7.noarch
---> Package openstack-nova-novncproxy.noarch 0:2014.2.rc1-fuel6.0.mira7 set to be updated
Checking deps for openstack-nova-novncproxy.noarch 0-2014.2.rc1-fuel6.0.mira7 - u
---> Package openstack-nova-objectstore.noarch 0:2014.2.rc1-fuel6.0.mira7 set to be updated
Checking deps for openstack-nova-objectstore.noarch 0-2014.2.rc1-fuel6.0.mira7 - u
---> Package openstack-nova-scheduler.noarch 0:2014.2.rc1-fuel6.0.mira7 set to be updated
Checking deps for openstack-nova-scheduler.noarch 0-2014.2.rc1-fuel6.0.mira7 - u
---> Package openstack-swift.noarch 0:2.1.0-fuel6.0.mira0 set to be updated
Checking deps for openstack-swift.noarch 0-2.1.0-fuel6.0.mira0 - u
openstack-swift-2.1.0-fuel6.0.mira0.noarch requires: python-dns >= 1.9.4
--> Processing Dependency: python-dns >= 1.9.4 for package: openstack-swift-2.1.0-fuel6.0.mira0.noarch
Searching pkgSack for dep: python-dns
Potential match for python-dns from python-dns-1.11.1-2.mira1.noarch
Matched python-dns-1.11.1-2.mira1.noarch to require for python-dns
TSINFO: Marking python-dns-1.11.1-2.mira1.noarch as install for openstack-swift-2.1.0-fuel6.0.mira0.noarch
---> Package openstack-swift-account.noarch 0:2.1.0-fuel6.0.mira0 set to be updated
Checking deps for openstack-swift-account.noarch 0-2.1.0-fuel6.0.mira0 - u
---> Package openstack-swift-container.noarch 0:2.1.0-fuel6.0.mira0 set to be updated
Checking deps for openstack-swift-container.noarch 0-2.1.0-fuel6.0.mira0 - u
---> Package openstack-swift-object.noarch 0:2.1.0-fuel6.0.mira0 set to be updated
Checking deps for openstack-swift-object.noarch 0-2.1.0-fuel6.0.mira0 - u
---> Package openstack-swift-plugin-swift3.noarch 0:1.0.0-0.20120711git.el6 set to be updated
Checking deps for openstack-swift-plugin-swift3.noarch 0-1.0.0-0.20120711git.el6 - u
---> Package openstack-swift-proxy.noarch 0:2.1.0-fuel6.0.mira0 set to be updated
Checking deps for openstack-swift-proxy.noarch 0-2.1.0-fuel6.0.mira0 - u
---> Package openstack-utils.noarch 0:2013.1-8.el6 set to be updated
Checking deps for openstack-utils.noarch 0-2013.1-8.el6 - u
openstack-utils-2013.1-8.el6.noarch requires: python-iniparse
--> Processing Dependency: python-iniparse for package: openstack-utils-2013.1-8.el6.noarch
Searching pkgSack for dep: python-iniparse
Potential match for python-iniparse from python-iniparse-0.3.1-2.1.el6.noarch
Matched python-iniparse-0.3.1-2.1.el6.noarch to require for python-iniparse
TSINFO: Marking python-iniparse-0.3.1-2.1.el6.noarch as install for openstack-utils-2013.1-8.el6.noarch
---> Package openvswitch.x86_64 0:1.10.2-1 set to be updated
Checking deps for openvswitch.x86_64 0-1.10.2-1 - u
---> Package pacemaker.x86_64 0:1.1.10-14.el6_5.3 set to be updated
Checking deps for pacemaker.x86_64 0-1.1.10-14.el6_5.3 - u
pacemaker-1.1.10-14.el6_5.3.x86_64 requires: pacemaker-cluster-libs = 1.1.10-14.el6_5.3
--> Processing Dependency: pacemaker-cluster-libs = 1.1.10-14.el6_5.3 for package: pacemaker-1.1.10-14.el6_5.3.x86_64
Searching pkgSack for dep: pacemaker-cluster-libs
Potential match for pacemaker-cluster-libs from pacemaker-cluster-libs-1.1.10-14.el6_5.3.x86_64
Matched pacemaker-cluster-libs-1.1.10-14.el6_5.3.x86_64 to require for pacemaker-cluster-libs
TSINFO: Marking pacemaker-cluster-libs-1.1.10-14.el6_5.3.x86_64 as install for pacemaker-1.1.10-14.el6_5.3.x86_64
pacemaker-1.1.10-14.el6_5.3.x86_64 requires: pacemaker-cli = 1.1.10-14.el6_5.3
--> Processing Dependency: pacemaker-cli = 1.1.10-14.el6_5.3 for package: pacemaker-1.1.10-14.el6_5.3.x86_64
Searching pkgSack for dep: pacemaker-cli
Potential match for pacemaker-cli from pacemaker-cli-1.1.10-14.el6_5.3.x86_64
Matched pacemaker-cli-1.1.10-14.el6_5.3.x86_64 to require for pacemaker-cli
TSINFO: Marking pacemaker-cli-1.1.10-14.el6_5.3.x86_64 as install for pacemaker-1.1.10-14.el6_5.3.x86_64
pacemaker-1.1.10-14.el6_5.3.x86_64 requires: pacemaker-libs = 1.1.10-14.el6_5.3
--> Processing Dependency: pacemaker-libs = 1.1.10-14.el6_5.3 for package: pacemaker-1.1.10-14.el6_5.3.x86_64
Searching pkgSack for dep: pacemaker-libs
Potential match for pacemaker-libs from pacemaker-libs-1.1.10-14.el6_5.3.x86_64
Matched pacemaker-libs-1.1.10-14.el6_5.3.x86_64 to require for pacemaker-libs
TSINFO: Marking pacemaker-libs-1.1.10-14.el6_5.3.x86_64 as install for pacemaker-1.1.10-14.el6_5.3.x86_64
pacemaker-1.1.10-14.el6_5.3.x86_64 requires: libgnutls.so.26(GNUTLS_1_4)(64bit)
--> Processing Dependency: libgnutls.so.26(GNUTLS_1_4)(64bit) for package: pacemaker-1.1.10-14.el6_5.3.x86_64
Searching pkgSack for dep: libgnutls.so.26(GNUTLS_1_4)(64bit)
Potential match for libgnutls.so.26(GNUTLS_1_4)(64bit) from gnutls-2.8.5-14.el6_5.x86_64
Matched gnutls-2.8.5-14.el6_5.x86_64 to require for libgnutls.so.26(GNUTLS_1_4)(64bit)
TSINFO: Marking gnutls-2.8.5-14.el6_5.x86_64 as install for pacemaker-1.1.10-14.el6_5.3.x86_64
pacemaker-1.1.10-14.el6_5.3.x86_64 requires: libgnutls.so.26()(64bit)
--> Processing Dependency: libgnutls.so.26()(64bit) for package: pacemaker-1.1.10-14.el6_5.3.x86_64
Quick matched gnutls-2.8.5-14.el6_5.x86_64 to require for libgnutls.so.26()(64bit)
pacemaker-1.1.10-14.el6_5.3.x86_64 requires: libstonithd.so.2()(64bit)
--> Processing Dependency: libstonithd.so.2()(64bit) for package: pacemaker-1.1.10-14.el6_5.3.x86_64
Searching pkgSack for dep: libstonithd.so.2()(64bit)
Potential match for libstonithd.so.2()(64bit) from pacemaker-libs-1.1.10-14.el6_5.3.x86_64
Matched pacemaker-libs-1.1.10-14.el6_5.3.x86_64 to require for libstonithd.so.2()(64bit)
pacemaker-libs-1.1.10-14.el6_5.3.x86_64 already in ts, skipping this one
pacemaker-1.1.10-14.el6_5.3.x86_64 requires: liblrmd.so.1()(64bit)
--> Processing Dependency: liblrmd.so.1()(64bit) for package: pacemaker-1.1.10-14.el6_5.3.x86_64
Quick matched pacemaker-libs-1.1.10-14.el6_5.3.x86_64 to require for liblrmd.so.1()(64bit)
pacemaker-1.1.10-14.el6_5.3.x86_64 requires: libtransitioner.so.2()(64bit)
--> Processing Dependency: libtransitioner.so.2()(64bit) for package: pacemaker-1.1.10-14.el6_5.3.x86_64
Quick matched pacemaker-libs-1.1.10-14.el6_5.3.x86_64 to require for libtransitioner.so.2()(64bit)
pacemaker-1.1.10-14.el6_5.3.x86_64 requires: libpe_status.so.4()(64bit)
--> Processing Dependency: libpe_status.so.4()(64bit) for package: pacemaker-1.1.10-14.el6_5.3.x86_64
Quick matched pacemaker-libs-1.1.10-14.el6_5.3.x86_64 to require for libpe_status.so.4()(64bit)
pacemaker-1.1.10-14.el6_5.3.x86_64 requires: libcrmcluster.so.4()(64bit)
--> Processing Dependency: libcrmcluster.so.4()(64bit) for package: pacemaker-1.1.10-14.el6_5.3.x86_64
Searching pkgSack for dep: libcrmcluster.so.4()(64bit)
Potential match for libcrmcluster.so.4()(64bit) from pacemaker-cluster-libs-1.1.10-14.el6_5.3.x86_64
Matched pacemaker-cluster-libs-1.1.10-14.el6_5.3.x86_64 to require for libcrmcluster.so.4()(64bit)
pacemaker-cluster-libs-1.1.10-14.el6_5.3.x86_64 already in ts, skipping this one
pacemaker-1.1.10-14.el6_5.3.x86_64 requires: libcrmcommon.so.3()(64bit)
--> Processing Dependency: libcrmcommon.so.3()(64bit) for package: pacemaker-1.1.10-14.el6_5.3.x86_64
Searching pkgSack for dep: libcrmcommon.so.3()(64bit)
Potential match for libcrmcommon.so.3()(64bit) from pacemaker-libs-1.1.10-14.el6_5.3.x86_64
Matched pacemaker-libs-1.1.10-14.el6_5.3.x86_64 to require for libcrmcommon.so.3()(64bit)
pacemaker-libs-1.1.10-14.el6_5.3.x86_64 already in ts, skipping this one
pacemaker-1.1.10-14.el6_5.3.x86_64 requires: libcrmservice.so.1()(64bit)
--> Processing Dependency: libcrmservice.so.1()(64bit) for package: pacemaker-1.1.10-14.el6_5.3.x86_64
Quick matched pacemaker-libs-1.1.10-14.el6_5.3.x86_64 to require for libcrmservice.so.1()(64bit)
pacemaker-1.1.10-14.el6_5.3.x86_64 requires: libpe_rules.so.2()(64bit)
--> Processing Dependency: libpe_rules.so.2()(64bit) for package: pacemaker-1.1.10-14.el6_5.3.x86_64
Quick matched pacemaker-libs-1.1.10-14.el6_5.3.x86_64 to require for libpe_rules.so.2()(64bit)
pacemaker-1.1.10-14.el6_5.3.x86_64 requires: libcib.so.3()(64bit)
--> Processing Dependency: libcib.so.3()(64bit) for package: pacemaker-1.1.10-14.el6_5.3.x86_64
Quick matched pacemaker-libs-1.1.10-14.el6_5.3.x86_64 to require for libcib.so.3()(64bit)
pacemaker-1.1.10-14.el6_5.3.x86_64 requires: libpengine.so.4()(64bit)
--> Processing Dependency: libpengine.so.4()(64bit) for package: pacemaker-1.1.10-14.el6_5.3.x86_64
Quick matched pacemaker-libs-1.1.10-14.el6_5.3.x86_64 to require for libpengine.so.4()(64bit)
---> Package pam_passwdqc.x86_64 0:1.0.5-6.el6 set to be updated
Checking deps for pam_passwdqc.x86_64 0-1.0.5-6.el6 - u
---> Package parted.x86_64 0:2.1-21.el6 set to be updated
Checking deps for parted.x86_64 0-2.1-21.el6 - u
---> Package passwd.x86_64 0:0.77-4.el6_2.2 set to be updated
Checking deps for passwd.x86_64 0-0.77-4.el6_2.2 - u
---> Package patch.x86_64 0:2.6-6.el6 set to be updated
Checking deps for patch.x86_64 0-2.6-6.el6 - u
---> Package pax.x86_64 0:3.4-10.1.el6 set to be updated
Checking deps for pax.x86_64 0-3.4-10.1.el6 - u
---> Package pcapy.x86_64 0:0.10.8-2.el6 set to be updated
Checking deps for pcapy.x86_64 0-0.10.8-2.el6 - u
---> Package pciutils.x86_64 0:3.1.10-2.el6 set to be updated
Checking deps for pciutils.x86_64 0-3.1.10-2.el6 - u
pciutils-3.1.10-2.el6.x86_64 requires: hwdata
--> Processing Dependency: hwdata for package: pciutils-3.1.10-2.el6.x86_64
Searching pkgSack for dep: hwdata
Potential match for hwdata from hwdata-0.233-9.1.el6.noarch
Matched hwdata-0.233-9.1.el6.noarch to require for hwdata
TSINFO: Marking hwdata-0.233-9.1.el6.noarch as install for pciutils-3.1.10-2.el6.x86_64
---> Package pcmciautils.x86_64 0:015-4.2.el6 set to be updated
Checking deps for pcmciautils.x86_64 0-015-4.2.el6 - u
---> Package pcs.noarch 0:0.9.90-2.el6.centos.3 set to be updated
Checking deps for pcs.noarch 0-0.9.90-2.el6.centos.3 - u
pcs-0.9.90-2.el6.centos.3.noarch requires: ccs >= 0.16.2-69.el6_5.1
--> Processing Dependency: ccs >= 0.16.2-69.el6_5.1 for package: pcs-0.9.90-2.el6.centos.3.noarch
Searching pkgSack for dep: ccs
Potential match for ccs from ccs-0.16.2-69.el6_5.1.x86_64
Matched ccs-0.16.2-69.el6_5.1.x86_64 to require for ccs
TSINFO: Marking ccs-0.16.2-69.el6_5.1.x86_64 as install for pcs-0.9.90-2.el6.centos.3.noarch
---> Package pcs.x86_64 0:0.9.103-2.el6 set to be updated
Checking deps for pcs.x86_64 0-0.9.103-2.el6 - u
---> Package percona-toolkit.noarch 0:2.2.6-1 set to be updated
Checking deps for percona-toolkit.noarch 0-2.2.6-1 - u
percona-toolkit-2.2.6-1.noarch requires: perl-DBI >= 1.13
--> Processing Dependency: perl-DBI >= 1.13 for package: percona-toolkit-2.2.6-1.noarch
Searching pkgSack for dep: perl-DBI
Potential match for perl-DBI from perl-DBI-1.609-4.el6.x86_64
Matched perl-DBI-1.609-4.el6.x86_64 to require for perl-DBI
TSINFO: Marking perl-DBI-1.609-4.el6.x86_64 as install for percona-toolkit-2.2.6-1.noarch
percona-toolkit-2.2.6-1.noarch requires: perl-TermReadKey >= 2.10
--> Processing Dependency: perl-TermReadKey >= 2.10 for package: percona-toolkit-2.2.6-1.noarch
Searching pkgSack for dep: perl-TermReadKey
Potential match for perl-TermReadKey from perl-TermReadKey-2.30-13.el6.x86_64
Matched perl-TermReadKey-2.30-13.el6.x86_64 to require for perl-TermReadKey
TSINFO: Marking perl-TermReadKey-2.30-13.el6.x86_64 as install for percona-toolkit-2.2.6-1.noarch
percona-toolkit-2.2.6-1.noarch requires: perl(Time::HiRes)
--> Processing Dependency: perl(Time::HiRes) for package: percona-toolkit-2.2.6-1.noarch
Searching pkgSack for dep: perl(Time::HiRes)
Potential match for perl(Time::HiRes) from 4:perl-Time-HiRes-1.9721-136.el6.x86_64
Matched 4:perl-Time-HiRes-1.9721-136.el6.x86_64 to require for perl(Time::HiRes)
TSINFO: Marking 4:perl-Time-HiRes-1.9721-136.el6.x86_64 as install for percona-toolkit-2.2.6-1.noarch
---> Package percona-xtrabackup.x86_64 0:2.1.6-1.el6.mira1.mira1 set to be updated
Checking deps for percona-xtrabackup.x86_64 0-2.1.6-1.el6.mira1.mira1 - u
---> Package perl-DBD-MySQL.x86_64 0:4.022-1.el6 set to be updated
Checking deps for perl-DBD-MySQL.x86_64 0-4.022-1.el6 - u
---> Package perl-LockFile-Simple.noarch 0:0.207-2.el6 set to be updated
Checking deps for perl-LockFile-Simple.noarch 0-0.207-2.el6 - u
---> Package perl-devel.x86_64 4:5.10.1-136.el6 set to be updated
Checking deps for perl-devel.x86_64 4-5.10.1-136.el6 - u
4:perl-devel-5.10.1-136.el6.x86_64 requires: perl(ExtUtils::ParseXS)
--> Processing Dependency: perl(ExtUtils::ParseXS) for package: 4:perl-devel-5.10.1-136.el6.x86_64
Searching pkgSack for dep: perl(ExtUtils::ParseXS)
Potential match for perl(ExtUtils::ParseXS) from 1:perl-ExtUtils-ParseXS-2.2003.0-136.el6.x86_64
Matched 1:perl-ExtUtils-ParseXS-2.2003.0-136.el6.x86_64 to require for perl(ExtUtils::ParseXS)
TSINFO: Marking 1:perl-ExtUtils-ParseXS-2.2003.0-136.el6.x86_64 as install for 4:perl-devel-5.10.1-136.el6.x86_64
4:perl-devel-5.10.1-136.el6.x86_64 requires: db4-devel
--> Processing Dependency: db4-devel for package: 4:perl-devel-5.10.1-136.el6.x86_64
Searching pkgSack for dep: db4-devel
Potential match for db4-devel from db4-devel-4.7.25-18.el6_4.x86_64
Matched db4-devel-4.7.25-18.el6_4.x86_64 to require for db4-devel
TSINFO: Marking db4-devel-4.7.25-18.el6_4.x86_64 as install for 4:perl-devel-5.10.1-136.el6.x86_64
4:perl-devel-5.10.1-136.el6.x86_64 requires: perl(ExtUtils::MakeMaker)
--> Processing Dependency: perl(ExtUtils::MakeMaker) for package: 4:perl-devel-5.10.1-136.el6.x86_64
Searching pkgSack for dep: perl(ExtUtils::MakeMaker)
Potential match for perl(ExtUtils::MakeMaker) from perl-ExtUtils-MakeMaker-6.55-136.el6.x86_64
Matched perl-ExtUtils-MakeMaker-6.55-136.el6.x86_64 to require for perl(ExtUtils::MakeMaker)
TSINFO: Marking perl-ExtUtils-MakeMaker-6.55-136.el6.x86_64 as install for 4:perl-devel-5.10.1-136.el6.x86_64
4:perl-devel-5.10.1-136.el6.x86_64 requires: perl(ExtUtils::Installed)
--> Processing Dependency: perl(ExtUtils::Installed) for package: 4:perl-devel-5.10.1-136.el6.x86_64
Quick matched perl-ExtUtils-MakeMaker-6.55-136.el6.x86_64 to require for perl(ExtUtils::Installed)
4:perl-devel-5.10.1-136.el6.x86_64 requires: gdbm-devel
--> Processing Dependency: gdbm-devel for package: 4:perl-devel-5.10.1-136.el6.x86_64
Searching pkgSack for dep: gdbm-devel
Potential match for gdbm-devel from gdbm-devel-1.8.0-36.el6.x86_64
Matched gdbm-devel-1.8.0-36.el6.x86_64 to require for gdbm-devel
TSINFO: Marking gdbm-devel-1.8.0-36.el6.x86_64 as install for 4:perl-devel-5.10.1-136.el6.x86_64
---> Package pinfo.x86_64 0:0.6.9-12.el6 set to be updated
Checking deps for pinfo.x86_64 0-0.6.9-12.el6 - u
pinfo-0.6.9-12.el6.x86_64 requires: xdg-utils
--> Processing Dependency: xdg-utils for package: pinfo-0.6.9-12.el6.x86_64
Searching pkgSack for dep: xdg-utils
Potential match for xdg-utils from xdg-utils-1.0.2-17.20091016cvs.el6.noarch
Matched xdg-utils-1.0.2-17.20091016cvs.el6.noarch to require for xdg-utils
TSINFO: Marking xdg-utils-1.0.2-17.20091016cvs.el6.noarch as install for pinfo-0.6.9-12.el6.x86_64
---> Package plymouth.x86_64 0:0.8.3-27.el6.centos set to be updated
Checking deps for plymouth.x86_64 0-0.8.3-27.el6.centos - u
plymouth-0.8.3-27.el6.centos.x86_64 requires: plymouth-core-libs = 0.8.3-27.el6.centos
--> Processing Dependency: plymouth-core-libs = 0.8.3-27.el6.centos for package: plymouth-0.8.3-27.el6.centos.x86_64
Searching pkgSack for dep: plymouth-core-libs
Potential match for plymouth-core-libs from plymouth-core-libs-0.8.3-27.el6.centos.x86_64
Matched plymouth-core-libs-0.8.3-27.el6.centos.x86_64 to require for plymouth-core-libs
TSINFO: Marking plymouth-core-libs-0.8.3-27.el6.centos.x86_64 as install for plymouth-0.8.3-27.el6.centos.x86_64
plymouth-0.8.3-27.el6.centos.x86_64 requires: plymouth-scripts
--> Processing Dependency: plymouth-scripts for package: plymouth-0.8.3-27.el6.centos.x86_64
Searching pkgSack for dep: plymouth-scripts
Potential match for plymouth-scripts from plymouth-scripts-0.8.3-27.el6.centos.x86_64
Matched plymouth-scripts-0.8.3-27.el6.centos.x86_64 to require for plymouth-scripts
TSINFO: Marking plymouth-scripts-0.8.3-27.el6.centos.x86_64 as install for plymouth-0.8.3-27.el6.centos.x86_64
plymouth-0.8.3-27.el6.centos.x86_64 requires: libdrm_radeon.so.1()(64bit)
--> Processing Dependency: libdrm_radeon.so.1()(64bit) for package: plymouth-0.8.3-27.el6.centos.x86_64
Searching pkgSack for dep: libdrm_radeon.so.1()(64bit)
Potential match for libdrm_radeon.so.1()(64bit) from libdrm-2.4.45-2.el6.x86_64
Matched libdrm-2.4.45-2.el6.x86_64 to require for libdrm_radeon.so.1()(64bit)
TSINFO: Marking libdrm-2.4.45-2.el6.x86_64 as install for plymouth-0.8.3-27.el6.centos.x86_64
plymouth-0.8.3-27.el6.centos.x86_64 requires: libply-splash-core.so.2()(64bit)
--> Processing Dependency: libply-splash-core.so.2()(64bit) for package: plymouth-0.8.3-27.el6.centos.x86_64
Searching pkgSack for dep: libply-splash-core.so.2()(64bit)
Potential match for libply-splash-core.so.2()(64bit) from plymouth-core-libs-0.8.3-27.el6.centos.x86_64
Matched plymouth-core-libs-0.8.3-27.el6.centos.x86_64 to require for libply-splash-core.so.2()(64bit)
plymouth-core-libs-0.8.3-27.el6.centos.x86_64 already in ts, skipping this one
plymouth-0.8.3-27.el6.centos.x86_64 requires: libdrm.so.2()(64bit)
--> Processing Dependency: libdrm.so.2()(64bit) for package: plymouth-0.8.3-27.el6.centos.x86_64
Searching pkgSack for dep: libdrm.so.2()(64bit)
Potential match for libdrm.so.2()(64bit) from libdrm-2.4.45-2.el6.x86_64
Matched libdrm-2.4.45-2.el6.x86_64 to require for libdrm.so.2()(64bit)
libdrm-2.4.45-2.el6.x86_64 already in ts, skipping this one
plymouth-0.8.3-27.el6.centos.x86_64 requires: libdrm_intel.so.1()(64bit)
--> Processing Dependency: libdrm_intel.so.1()(64bit) for package: plymouth-0.8.3-27.el6.centos.x86_64
Quick matched libdrm-2.4.45-2.el6.x86_64 to require for libdrm_intel.so.1()(64bit)
plymouth-0.8.3-27.el6.centos.x86_64 requires: libply.so.2()(64bit)
--> Processing Dependency: libply.so.2()(64bit) for package: plymouth-0.8.3-27.el6.centos.x86_64
Searching pkgSack for dep: libply.so.2()(64bit)
Potential match for libply.so.2()(64bit) from plymouth-core-libs-0.8.3-27.el6.centos.x86_64
Matched plymouth-core-libs-0.8.3-27.el6.centos.x86_64 to require for libply.so.2()(64bit)
plymouth-core-libs-0.8.3-27.el6.centos.x86_64 already in ts, skipping this one
plymouth-0.8.3-27.el6.centos.x86_64 requires: libdrm_nouveau.so.1()(64bit)
--> Processing Dependency: libdrm_nouveau.so.1()(64bit) for package: plymouth-0.8.3-27.el6.centos.x86_64
Searching pkgSack for dep: libdrm_nouveau.so.1()(64bit)
Potential match for libdrm_nouveau.so.1()(64bit) from libdrm-2.4.45-2.el6.x86_64
Matched libdrm-2.4.45-2.el6.x86_64 to require for libdrm_nouveau.so.1()(64bit)
libdrm-2.4.45-2.el6.x86_64 already in ts, skipping this one
---> Package pm-utils.x86_64 0:1.2.5-10.el6_5.1 set to be updated
Checking deps for pm-utils.x86_64 0-1.2.5-10.el6_5.1 - u
pm-utils-1.2.5-10.el6_5.1.x86_64 requires: hal
--> Processing Dependency: hal for package: pm-utils-1.2.5-10.el6_5.1.x86_64
Searching pkgSack for dep: hal
Potential match for hal from hal-0.5.14-11.el6.x86_64
Matched hal-0.5.14-11.el6.x86_64 to require for hal
TSINFO: Marking hal-0.5.14-11.el6.x86_64 as install for pm-utils-1.2.5-10.el6_5.1.x86_64
---> Package policycoreutils.x86_64 0:2.0.83-19.39.el6 set to be updated
Checking deps for policycoreutils.x86_64 0-2.0.83-19.39.el6 - u
policycoreutils-2.0.83-19.39.el6.x86_64 requires: libselinux-utils >= 2.0.90-3
--> Processing Dependency: libselinux-utils >= 2.0.90-3 for package: policycoreutils-2.0.83-19.39.el6.x86_64
Searching pkgSack for dep: libselinux-utils
Potential match for libselinux-utils from libselinux-utils-2.0.94-5.3.el6_4.1.x86_64
Matched libselinux-utils-2.0.94-5.3.el6_4.1.x86_64 to require for libselinux-utils
TSINFO: Marking libselinux-utils-2.0.94-5.3.el6_4.1.x86_64 as install for policycoreutils-2.0.83-19.39.el6.x86_64
policycoreutils-2.0.83-19.39.el6.x86_64 requires: libsemanage.so.1(LIBSEMANAGE_1.0)(64bit)
--> Processing Dependency: libsemanage.so.1(LIBSEMANAGE_1.0)(64bit) for package: policycoreutils-2.0.83-19.39.el6.x86_64
Searching pkgSack for dep: libsemanage.so.1(LIBSEMANAGE_1.0)(64bit)
Potential match for libsemanage.so.1(LIBSEMANAGE_1.0)(64bit) from libsemanage-2.0.43-4.2.el6.x86_64
Matched libsemanage-2.0.43-4.2.el6.x86_64 to require for libsemanage.so.1(LIBSEMANAGE_1.0)(64bit)
TSINFO: Marking libsemanage-2.0.43-4.2.el6.x86_64 as install for policycoreutils-2.0.83-19.39.el6.x86_64
policycoreutils-2.0.83-19.39.el6.x86_64 requires: /usr/bin/diff
--> Processing Dependency: /usr/bin/diff for package: policycoreutils-2.0.83-19.39.el6.x86_64
Searching pkgSack for dep: /usr/bin/diff
Potential match for /usr/bin/diff from diffutils-2.8.1-28.el6.x86_64
TSINFO: Marking diffutils-2.8.1-28.el6.x86_64 as install for policycoreutils-2.0.83-19.39.el6.x86_64
policycoreutils-2.0.83-19.39.el6.x86_64 requires: checkpolicy
--> Processing Dependency: checkpolicy for package: policycoreutils-2.0.83-19.39.el6.x86_64
Searching pkgSack for dep: checkpolicy
Potential match for checkpolicy from checkpolicy-2.0.22-1.el6.x86_64
Matched checkpolicy-2.0.22-1.el6.x86_64 to require for checkpolicy
TSINFO: Marking checkpolicy-2.0.22-1.el6.x86_64 as install for policycoreutils-2.0.83-19.39.el6.x86_64
policycoreutils-2.0.83-19.39.el6.x86_64 requires: libsemanage.so.1()(64bit)
--> Processing Dependency: libsemanage.so.1()(64bit) for package: policycoreutils-2.0.83-19.39.el6.x86_64
Searching pkgSack for dep: libsemanage.so.1()(64bit)
Potential match for libsemanage.so.1()(64bit) from libsemanage-2.0.43-4.2.el6.x86_64
Matched libsemanage-2.0.43-4.2.el6.x86_64 to require for libsemanage.so.1()(64bit)
libsemanage-2.0.43-4.2.el6.x86_64 already in ts, skipping this one
---> Package postfix.x86_64 2:2.6.6-6.el6_5 set to be updated
Checking deps for postfix.x86_64 2-2.6.6-6.el6_5 - u
2:postfix-2.6.6-6.el6_5.x86_64 requires: cyrus-sasl >= 2.1.10
--> Processing Dependency: cyrus-sasl >= 2.1.10 for package: 2:postfix-2.6.6-6.el6_5.x86_64
Searching pkgSack for dep: cyrus-sasl
Potential match for cyrus-sasl from cyrus-sasl-2.1.23-13.el6_3.1.x86_64
Matched cyrus-sasl-2.1.23-13.el6_3.1.x86_64 to require for cyrus-sasl
TSINFO: Marking cyrus-sasl-2.1.23-13.el6_3.1.x86_64 as install for 2:postfix-2.6.6-6.el6_5.x86_64
---> Package postgresql.x86_64 0:9.2.5-3.mira1 set to be updated
Checking deps for postgresql.x86_64 0-9.2.5-3.mira1 - u
---> Package postgresql-devel.x86_64 0:9.2.5-3.mira1 set to be updated
Checking deps for postgresql-devel.x86_64 0-9.2.5-3.mira1 - u
---> Package postgresql-libs.x86_64 0:9.2.5-3.mira1 set to be updated
Checking deps for postgresql-libs.x86_64 0-9.2.5-3.mira1 - u
---> Package postgresql-server.x86_64 0:9.2.5-3.mira1 set to be updated
Checking deps for postgresql-server.x86_64 0-9.2.5-3.mira1 - u
---> Package prelink.x86_64 0:0.4.6-3.1.el6_4 set to be updated
Checking deps for prelink.x86_64 0-0.4.6-3.1.el6_4 - u
---> Package procps.x86_64 0:3.2.8-25.el6 set to be updated
Checking deps for procps.x86_64 0-3.2.8-25.el6 - u
---> Package psacct.x86_64 0:6.3.2-63.el6_3.3 set to be updated
Checking deps for psacct.x86_64 0-6.3.2-63.el6_3.3 - u
---> Package pssh.x86_64 0:2.3.1-15.2 set to be updated
Checking deps for pssh.x86_64 0-2.3.1-15.2 - u
---> Package puppet.noarch 0:3.4.2-1.mira2 set to be updated
Checking deps for puppet.noarch 0-3.4.2-1.mira2 - u
puppet-3.4.2-1.mira2.noarch requires: ruby-rgen >= 0.6.5
--> Processing Dependency: ruby-rgen >= 0.6.5 for package: puppet-3.4.2-1.mira2.noarch
Searching pkgSack for dep: ruby-rgen
Potential match for ruby-rgen from ruby-rgen-0.6.5-1.el6.noarch
Matched ruby-rgen-0.6.5-1.el6.noarch to require for ruby-rgen
TSINFO: Marking ruby-rgen-0.6.5-1.el6.noarch as install for puppet-3.4.2-1.mira2.noarch
puppet-3.4.2-1.mira2.noarch requires: facter >= 1.6.11
--> Processing Dependency: facter >= 1.6.11 for package: puppet-3.4.2-1.mira2.noarch
Searching pkgSack for dep: facter
Potential match for facter from 1:facter-1.7.0-1.el6.x86_64
Matched 1:facter-1.7.0-1.el6.x86_64 to require for facter
TSINFO: Marking 1:facter-1.7.0-1.el6.x86_64 as install for puppet-3.4.2-1.mira2.noarch
---> Package puppet-server.noarch 0:3.4.2-1.mira2 set to be updated
Checking deps for puppet-server.noarch 0-3.4.2-1.mira2 - u
---> Package puppetdb.noarch 0:1.2.0-1.el6 set to be updated
Checking deps for puppetdb.noarch 0-1.2.0-1.el6 - u
puppetdb-1.2.0-1.el6.noarch requires: java-1.6.0-openjdk
--> Processing Dependency: java-1.6.0-openjdk for package: puppetdb-1.2.0-1.el6.noarch
Searching pkgSack for dep: java-1.6.0-openjdk
Potential match for java-1.6.0-openjdk from 1:java-1.6.0-openjdk-1.6.0.0-5.1.13.3.el6_5.x86_64
Matched 1:java-1.6.0-openjdk-1.6.0.0-5.1.13.3.el6_5.x86_64 to require for java-1.6.0-openjdk
TSINFO: Marking 1:java-1.6.0-openjdk-1.6.0.0-5.1.13.3.el6_5.x86_64 as install for puppetdb-1.2.0-1.el6.noarch
---> Package puppetdb-terminus.noarch 0:1.2.0-1.el6 set to be updated
Checking deps for puppetdb-terminus.noarch 0-1.2.0-1.el6 - u
---> Package puppetlabs-release.noarch 0:6-6 set to be updated
Checking deps for puppetlabs-release.noarch 0-6-6 - u
---> Package pushy.noarch 0:0.5.3-1 set to be updated
Checking deps for pushy.noarch 0-0.5.3-1 - u
---> Package pygobject2.x86_64 0:2.20.0-5.el6 set to be updated
Checking deps for pygobject2.x86_64 0-2.20.0-5.el6 - u
---> Package pyparsing.noarch 0:2.0.1-3.el6 set to be updated
Checking deps for pyparsing.noarch 0-2.0.1-3.el6 - u
---> Package pyparsing-doc.noarch 0:2.0.1-3.el6 set to be updated
Checking deps for pyparsing-doc.noarch 0-2.0.1-3.el6 - u
---> Package pysendfile.x86_64 0:2.0.0-3.el6 set to be updated
Checking deps for pysendfile.x86_64 0-2.0.0-3.el6 - u
---> Package python-actdiag.noarch 0:0.4.3-1 set to be updated
Checking deps for python-actdiag.noarch 0-0.4.3-1 - u
---> Package python-alembic.noarch 0:0.6.7-3.mira1 set to be updated
Checking deps for python-alembic.noarch 0-0.6.7-3.mira1 - u
---> Package python-amqp.noarch 0:1.4.5-2.mira1 set to be updated
Checking deps for python-amqp.noarch 0-1.4.5-2.mira1 - u
---> Package python-amqplib.noarch 0:1.0.2-1.el6 set to be updated
Checking deps for python-amqplib.noarch 0-1.0.2-1.el6 - u
---> Package python-anyjson.noarch 0:0.3.3-2.el6 set to be updated
Checking deps for python-anyjson.noarch 0-0.3.3-2.el6 - u
---> Package python-argparse.noarch 0:1.2.1-2.el6 set to be updated
Checking deps for python-argparse.noarch 0-1.2.1-2.el6 - u
---> Package python-babel.noarch 0:1.3-2.mira2 set to be updated
Checking deps for python-babel.noarch 0-1.3-2.mira2 - u
---> Package python-blockdiag.noarch 0:1.2.4-1 set to be updated
Checking deps for python-blockdiag.noarch 0-1.2.4-1 - u
---> Package python-ceilometer.noarch 0:2014.2.rc1-fuel6.0.mira6 set to be updated
Checking deps for python-ceilometer.noarch 0-2014.2.rc1-fuel6.0.mira6 - u
python-ceilometer-2014.2.rc1-fuel6.0.mira6.noarch requires: pysnmp > 4.2.1
--> Processing Dependency: pysnmp > 4.2.1 for package: python-ceilometer-2014.2.rc1-fuel6.0.mira6.noarch
Searching pkgSack for dep: pysnmp
Potential match for pysnmp from pysnmp-4.2.4-1.el6.noarch
Matched pysnmp-4.2.4-1.el6.noarch to require for pysnmp
TSINFO: Marking pysnmp-4.2.4-1.el6.noarch as install for python-ceilometer-2014.2.rc1-fuel6.0.mira6.noarch
python-ceilometer-2014.2.rc1-fuel6.0.mira6.noarch requires: python-happybase >= 0.5
--> Processing Dependency: python-happybase >= 0.5 for package: python-ceilometer-2014.2.rc1-fuel6.0.mira6.noarch
Searching pkgSack for dep: python-happybase
Potential match for python-happybase from python-happybase-0.6-1.el6.noarch
Matched python-happybase-0.6-1.el6.noarch to require for python-happybase
TSINFO: Marking python-happybase-0.6-1.el6.noarch as install for python-ceilometer-2014.2.rc1-fuel6.0.mira6.noarch
python-ceilometer-2014.2.rc1-fuel6.0.mira6.noarch requires: python-croniter >= 0.3.4
--> Processing Dependency: python-croniter >= 0.3.4 for package: python-ceilometer-2014.2.rc1-fuel6.0.mira6.noarch
Searching pkgSack for dep: python-croniter
Potential match for python-croniter from python-croniter-0.3.4-2.el6.noarch
Matched python-croniter-0.3.4-2.el6.noarch to require for python-croniter
TSINFO: Marking python-croniter-0.3.4-2.el6.noarch as install for python-ceilometer-2014.2.rc1-fuel6.0.mira6.noarch
python-ceilometer-2014.2.rc1-fuel6.0.mira6.noarch requires: python-oslo-vmware >= 0.4
--> Processing Dependency: python-oslo-vmware >= 0.4 for package: python-ceilometer-2014.2.rc1-fuel6.0.mira6.noarch
Searching pkgSack for dep: python-oslo-vmware
Potential match for python-oslo-vmware from python-oslo-vmware-0.6.0-fuel6.0.mira19.noarch
Matched python-oslo-vmware-0.6.0-fuel6.0.mira19.noarch to require for python-oslo-vmware
TSINFO: Marking python-oslo-vmware-0.6.0-fuel6.0.mira19.noarch as install for python-ceilometer-2014.2.rc1-fuel6.0.mira6.noarch
python-ceilometer-2014.2.rc1-fuel6.0.mira6.noarch requires: python-tooz >= 0.3
--> Processing Dependency: python-tooz >= 0.3 for package: python-ceilometer-2014.2.rc1-fuel6.0.mira6.noarch
Searching pkgSack for dep: python-tooz
Potential match for python-tooz from python-tooz-0.3-2.mira1.mira1.noarch
Matched python-tooz-0.3-2.mira1.mira1.noarch to require for python-tooz
TSINFO: Marking python-tooz-0.3-2.mira1.mira1.noarch as install for python-ceilometer-2014.2.rc1-fuel6.0.mira6.noarch
python-ceilometer-2014.2.rc1-fuel6.0.mira6.noarch requires: python-msgpack >= 0.4.0
--> Processing Dependency: python-msgpack >= 0.4.0 for package: python-ceilometer-2014.2.rc1-fuel6.0.mira6.noarch
Searching pkgSack for dep: python-msgpack
Potential match for python-msgpack from python-msgpack-0.4.2-2.el6.x86_64
Matched python-msgpack-0.4.2-2.el6.x86_64 to require for python-msgpack
TSINFO: Marking python-msgpack-0.4.2-2.el6.x86_64 as install for python-ceilometer-2014.2.rc1-fuel6.0.mira6.noarch
python-ceilometer-2014.2.rc1-fuel6.0.mira6.noarch requires: python-oslo-utils >= 0.1.1
--> Processing Dependency: python-oslo-utils >= 0.1.1 for package: python-ceilometer-2014.2.rc1-fuel6.0.mira6.noarch
Searching pkgSack for dep: python-oslo-utils
Potential match for python-oslo-utils from python-oslo-utils-1.0.0-fuel6.0.mira20.noarch
Matched python-oslo-utils-1.0.0-fuel6.0.mira20.noarch to require for python-oslo-utils
TSINFO: Marking python-oslo-utils-1.0.0-fuel6.0.mira20.noarch as install for python-ceilometer-2014.2.rc1-fuel6.0.mira6.noarch
python-ceilometer-2014.2.rc1-fuel6.0.mira6.noarch requires: python-jsonpath-rw >= 1.2.0
--> Processing Dependency: python-jsonpath-rw >= 1.2.0 for package: python-ceilometer-2014.2.rc1-fuel6.0.mira6.noarch
Searching pkgSack for dep: python-jsonpath-rw
Potential match for python-jsonpath-rw from python-jsonpath-rw-1.2.3-1.el6.noarch
Matched python-jsonpath-rw-1.2.3-1.el6.noarch to require for python-jsonpath-rw
TSINFO: Marking python-jsonpath-rw-1.2.3-1.el6.noarch as install for python-ceilometer-2014.2.rc1-fuel6.0.mira6.noarch
---> Package python-ceilometerclient.noarch 0:1.0.11-fuel6.0.mira14 set to be updated
Checking deps for python-ceilometerclient.noarch 0-1.0.11-fuel6.0.mira14 - u
---> Package python-ceph.x86_64 0:0.80.4-0.mira1 set to be updated
Checking deps for python-ceph.x86_64 0-0.80.4-0.mira1 - u
---> Package python-cheetah.x86_64 0:2.4.1-1.el6 set to be updated
Checking deps for python-cheetah.x86_64 0-2.4.1-1.el6 - u
---> Package python-cinder.noarch 0:2014.2.rc1-fuel6.0.mira7 set to be updated
Checking deps for python-cinder.noarch 0-2014.2.rc1-fuel6.0.mira7 - u
python-cinder-2014.2.rc1-fuel6.0.mira7.noarch requires: python-barbicanclient >= 2.1.0
--> Processing Dependency: python-barbicanclient >= 2.1.0 for package: python-cinder-2014.2.rc1-fuel6.0.mira7.noarch
Searching pkgSack for dep: python-barbicanclient
Potential match for python-barbicanclient from python-barbicanclient-2.2.1-fuel6.0.mira14.noarch
Matched python-barbicanclient-2.2.1-fuel6.0.mira14.noarch to require for python-barbicanclient
TSINFO: Marking python-barbicanclient-2.2.1-fuel6.0.mira14.noarch as install for python-cinder-2014.2.rc1-fuel6.0.mira7.noarch
python-cinder-2014.2.rc1-fuel6.0.mira7.noarch requires: python-rtslib-fb >= 2.1.fb39
--> Processing Dependency: python-rtslib-fb >= 2.1.fb39 for package: python-cinder-2014.2.rc1-fuel6.0.mira7.noarch
Searching pkgSack for dep: python-rtslib-fb
Potential match for python-rtslib-fb from python-rtslib-fb-2.1.fb39-5.2.mira1.noarch
Matched python-rtslib-fb-2.1.fb39-5.2.mira1.noarch to require for python-rtslib-fb
TSINFO: Marking python-rtslib-fb-2.1.fb39-5.2.mira1.noarch as install for python-cinder-2014.2.rc1-fuel6.0.mira7.noarch
python-cinder-2014.2.rc1-fuel6.0.mira7.noarch requires: python-osprofiler >= 0.3.0
--> Processing Dependency: python-osprofiler >= 0.3.0 for package: python-cinder-2014.2.rc1-fuel6.0.mira7.noarch
Searching pkgSack for dep: python-osprofiler
Potential match for python-osprofiler from python-osprofiler-0.3.0-1.mira1.noarch
Matched python-osprofiler-0.3.0-1.mira1.noarch to require for python-osprofiler
TSINFO: Marking python-osprofiler-0.3.0-1.mira1.noarch as install for python-cinder-2014.2.rc1-fuel6.0.mira7.noarch
python-cinder-2014.2.rc1-fuel6.0.mira7.noarch requires: python-taskflow >= 0.4
--> Processing Dependency: python-taskflow >= 0.4 for package: python-cinder-2014.2.rc1-fuel6.0.mira7.noarch
Searching pkgSack for dep: python-taskflow
Potential match for python-taskflow from python-taskflow-0.4.0-1.mira1.noarch
Matched python-taskflow-0.4.0-1.mira1.noarch to require for python-taskflow
TSINFO: Marking python-taskflow-0.4.0-1.mira1.noarch as install for python-cinder-2014.2.rc1-fuel6.0.mira7.noarch
python-cinder-2014.2.rc1-fuel6.0.mira7.noarch requires: sysfsutils
--> Processing Dependency: sysfsutils for package: python-cinder-2014.2.rc1-fuel6.0.mira7.noarch
Searching pkgSack for dep: sysfsutils
Potential match for sysfsutils from sysfsutils-2.1.0-7.el6.x86_64
Matched sysfsutils-2.1.0-7.el6.x86_64 to require for sysfsutils
TSINFO: Marking sysfsutils-2.1.0-7.el6.x86_64 as install for python-cinder-2014.2.rc1-fuel6.0.mira7.noarch
---> Package python-cinderclient.noarch 0:1.1.1-fuel6.0.mira10 set to be updated
Checking deps for python-cinderclient.noarch 0-1.1.1-fuel6.0.mira10 - u
---> Package python-cliff.noarch 0:1.6.1-3.mira1 set to be updated
Checking deps for python-cliff.noarch 0-1.6.1-3.mira1 - u
---> Package python-cliff-tablib.noarch 0:1.1-1.2 set to be updated
Checking deps for python-cliff-tablib.noarch 0-1.1-1.2 - u
---> Package python-cloudfiles.noarch 0:1.7.9.3-1.el6 set to be updated
Checking deps for python-cloudfiles.noarch 0-1.7.9.3-1.el6 - u
---> Package python-cmd2.noarch 0:0.6.7-5.el6 set to be updated
Checking deps for python-cmd2.noarch 0-0.6.7-5.el6 - u
---> Package python-crypto.x86_64 0:2.6.1-1.el6 set to be updated
Checking deps for python-crypto.x86_64 0-2.6.1-1.el6 - u
---> Package python-d2to1.noarch 0:0.2.10-1.el6 set to be updated
Checking deps for python-d2to1.noarch 0-0.2.10-1.el6 - u
---> Package python-daemon.noarch 0:1.5.2-1.el6 set to be updated
Checking deps for python-daemon.noarch 0-1.5.2-1.el6 - u
---> Package python-daemonize.noarch 0:2.2.1-0.mira1 set to be updated
Checking deps for python-daemonize.noarch 0-2.2.1-0.mira1 - u
---> Package python-deltarpm.x86_64 0:3.5-0.5.20090913git.el6 set to be updated
Checking deps for python-deltarpm.x86_64 0-3.5-0.5.20090913git.el6 - u
---> Package python-devel.x86_64 0:2.6.6-52.el6 set to be updated
Checking deps for python-devel.x86_64 0-2.6.6-52.el6 - u
---> Package python-django-appconf.noarch 0:0.5-3.el6 set to be updated
Checking deps for python-django-appconf.noarch 0-0.5-3.el6 - u
---> Package python-django-compressor.noarch 0:1.4-2.el6 set to be updated
Checking deps for python-django-compressor.noarch 0-1.4-2.el6 - u
---> Package python-django-horizon.noarch 0:2014.2.b3-fuel6.0.mira1 set to be updated
Checking deps for python-django-horizon.noarch 0-2014.2.b3-fuel6.0.mira1 - u
---> Package python-django-horizon-doc.noarch 0:2014.2.b3-fuel6.0.mira1 set to be updated
Checking deps for python-django-horizon-doc.noarch 0-2014.2.b3-fuel6.0.mira1 - u
---> Package python-django-openstack-auth.noarch 0:1.1.7-1.mira1 set to be updated
Checking deps for python-django-openstack-auth.noarch 0-1.1.7-1.mira1 - u
---> Package python-dmidecode.x86_64 0:3.10.13-3.el6_4 set to be updated
Checking deps for python-dmidecode.x86_64 0-3.10.13-3.el6_4 - u
---> Package python-ethtool.x86_64 0:0.6-5.el6 set to be updated
Checking deps for python-ethtool.x86_64 0-0.6-5.el6 - u
---> Package python-eventlet.noarch 0:0.15.2-1.mira1 set to be updated
Checking deps for python-eventlet.noarch 0-0.15.2-1.mira1 - u
---> Package python-fuelclient.noarch 0:0.2-349 set to be updated
Checking deps for python-fuelclient.noarch 0-0.2-349 - u
---> Package python-funcparserlib.noarch 0:0.3.5-1 set to be updated
Checking deps for python-funcparserlib.noarch 0-0.3.5-1 - u
---> Package python-gflags.noarch 0:1.4-3.el6 set to be updated
Checking deps for python-gflags.noarch 0-1.4-3.el6 - u
---> Package python-glance.noarch 0:2014.2.rc1-fuel6.0.mira6 set to be updated
Checking deps for python-glance.noarch 0-2014.2.rc1-fuel6.0.mira6 - u
python-glance-2014.2.rc1-fuel6.0.mira6.noarch requires: python-glance-store >= 0.1.1
--> Processing Dependency: python-glance-store >= 0.1.1 for package: python-glance-2014.2.rc1-fuel6.0.mira6.noarch
Searching pkgSack for dep: python-glance-store
Potential match for python-glance-store from python-glance-store-0.1.7-fuel6.0.mira0.noarch
Matched python-glance-store-0.1.7-fuel6.0.mira0.noarch to require for python-glance-store
TSINFO: Marking python-glance-store-0.1.7-fuel6.0.mira0.noarch as install for python-glance-2014.2.rc1-fuel6.0.mira6.noarch
python-glance-2014.2.rc1-fuel6.0.mira6.noarch requires: python-retrying >= 1.2.2
--> Processing Dependency: python-retrying >= 1.2.2 for package: python-glance-2014.2.rc1-fuel6.0.mira6.noarch
Searching pkgSack for dep: python-retrying
Potential match for python-retrying from python-retrying-1.2.2-1.mira1.noarch
Matched python-retrying-1.2.2-1.mira1.noarch to require for python-retrying
TSINFO: Marking python-retrying-1.2.2-1.mira1.noarch as install for python-glance-2014.2.rc1-fuel6.0.mira6.noarch
---> Package python-glanceclient.noarch 1:0.14.1-fuel6.0.mira19 set to be updated
Checking deps for python-glanceclient.noarch 1-0.14.1-fuel6.0.mira19 - u
---> Package python-greenlet.x86_64 0:0.4.1-1.el6 set to be updated
Checking deps for python-greenlet.x86_64 0-0.4.1-1.el6 - u
---> Package python-greenlet-devel.x86_64 0:0.4.1-1.el6 set to be updated
Checking deps for python-greenlet-devel.x86_64 0-0.4.1-1.el6 - u
---> Package python-heatclient.noarch 0:0.2.12-fuel6.0.mira9 set to be updated
Checking deps for python-heatclient.noarch 0-0.2.12-fuel6.0.mira9 - u
---> Package python-httplib2.noarch 0:0.8-1.el6 set to be updated
Checking deps for python-httplib2.noarch 0-0.8-1.el6 - u
---> Package python-imgcreate.x86_64 1:13.4.5-1.mira1 set to be updated
Checking deps for python-imgcreate.x86_64 1-13.4.5-1.mira1 - u
1:python-imgcreate-13.4.5-1.mira1.x86_64 requires: pykickstart >= 0.96
--> Processing Dependency: pykickstart >= 0.96 for package: 1:python-imgcreate-13.4.5-1.mira1.x86_64
Searching pkgSack for dep: pykickstart
Potential match for pykickstart from pykickstart-1.74.14-1.el6.noarch
Matched pykickstart-1.74.14-1.el6.noarch to require for pykickstart
TSINFO: Marking pykickstart-1.74.14-1.el6.noarch as install for 1:python-imgcreate-13.4.5-1.mira1.x86_64
1:python-imgcreate-13.4.5-1.mira1.x86_64 requires: system-config-keyboard >= 1.3.0
--> Processing Dependency: system-config-keyboard >= 1.3.0 for package: 1:python-imgcreate-13.4.5-1.mira1.x86_64
Searching pkgSack for dep: system-config-keyboard
Potential match for system-config-keyboard from system-config-keyboard-1.3.1-5.el6.x86_64
Matched system-config-keyboard-1.3.1-5.el6.x86_64 to require for system-config-keyboard
TSINFO: Marking system-config-keyboard-1.3.1-5.el6.x86_64 as install for 1:python-imgcreate-13.4.5-1.mira1.x86_64
1:python-imgcreate-13.4.5-1.mira1.x86_64 requires: squashfs-tools
--> Processing Dependency: squashfs-tools for package: 1:python-imgcreate-13.4.5-1.mira1.x86_64
Searching pkgSack for dep: squashfs-tools
Potential match for squashfs-tools from squashfs-tools-4.0-5.el6.x86_64
Matched squashfs-tools-4.0-5.el6.x86_64 to require for squashfs-tools
TSINFO: Marking squashfs-tools-4.0-5.el6.x86_64 as install for 1:python-imgcreate-13.4.5-1.mira1.x86_64
---> Package python-importlib.noarch 0:1.0.2-1.el6 set to be updated
Checking deps for python-importlib.noarch 0-1.0.2-1.el6 - u
---> Package python-ipaddr.noarch 0:2.1.9-1.el6 set to be updated
Checking deps for python-ipaddr.noarch 0-2.1.9-1.el6 - u
---> Package python-iso8601.noarch 0:0.1.9-1.el6 set to be updated
Checking deps for python-iso8601.noarch 0-0.1.9-1.el6 - u
---> Package python-jsonschema.noarch 0:2.3.0-1.0 set to be updated
Checking deps for python-jsonschema.noarch 0-2.3.0-1.0 - u
---> Package python-keyring.noarch 0:3.4-1.el6 set to be updated
Checking deps for python-keyring.noarch 0-3.4-1.el6 - u
---> Package python-keystone.noarch 0:2014.2.rc1-fuel6.0.mira6 set to be updated
Checking deps for python-keystone.noarch 0-2014.2.rc1-fuel6.0.mira6 - u
python-keystone-2014.2.rc1-fuel6.0.mira6.noarch requires: python-dogpile-cache >= 0.5.3
--> Processing Dependency: python-dogpile-cache >= 0.5.3 for package: python-keystone-2014.2.rc1-fuel6.0.mira6.noarch
Searching pkgSack for dep: python-dogpile-cache
Potential match for python-dogpile-cache from python-dogpile-cache-0.5.3-3.el6.noarch
Matched python-dogpile-cache-0.5.3-3.el6.noarch to require for python-dogpile-cache
TSINFO: Marking python-dogpile-cache-0.5.3-3.el6.noarch as install for python-keystone-2014.2.rc1-fuel6.0.mira6.noarch
python-keystone-2014.2.rc1-fuel6.0.mira6.noarch requires: python-pycadf >= 0.6.0
--> Processing Dependency: python-pycadf >= 0.6.0 for package: python-keystone-2014.2.rc1-fuel6.0.mira6.noarch
Searching pkgSack for dep: python-pycadf
Potential match for python-pycadf from python-pycadf-0.6.0-1.mira1.noarch
Matched python-pycadf-0.6.0-1.mira1.noarch to require for python-pycadf
TSINFO: Marking python-pycadf-0.6.0-1.mira1.noarch as install for python-keystone-2014.2.rc1-fuel6.0.mira6.noarch
python-keystone-2014.2.rc1-fuel6.0.mira6.noarch requires: python-oauthlib >= 0.6
--> Processing Dependency: python-oauthlib >= 0.6 for package: python-keystone-2014.2.rc1-fuel6.0.mira6.noarch
Searching pkgSack for dep: python-oauthlib
Potential match for python-oauthlib from python-oauthlib-0.6.0-2.el6.noarch
Matched python-oauthlib-0.6.0-2.el6.noarch to require for python-oauthlib
TSINFO: Marking python-oauthlib-0.6.0-2.el6.noarch as install for python-keystone-2014.2.rc1-fuel6.0.mira6.noarch
python-keystone-2014.2.rc1-fuel6.0.mira6.noarch requires: PyPAM
--> Processing Dependency: PyPAM for package: python-keystone-2014.2.rc1-fuel6.0.mira6.noarch
Searching pkgSack for dep: PyPAM
Potential match for PyPAM from PyPAM-0.5.0-12.el6.x86_64
Matched PyPAM-0.5.0-12.el6.x86_64 to require for PyPAM
TSINFO: Marking PyPAM-0.5.0-12.el6.x86_64 as install for python-keystone-2014.2.rc1-fuel6.0.mira6.noarch
python-keystone-2014.2.rc1-fuel6.0.mira6.noarch requires: python-ldap
--> Processing Dependency: python-ldap for package: python-keystone-2014.2.rc1-fuel6.0.mira6.noarch
Searching pkgSack for dep: python-ldap
Potential match for python-ldap from python-ldap-2.3.10-1.el6.x86_64
Matched python-ldap-2.3.10-1.el6.x86_64 to require for python-ldap
TSINFO: Marking python-ldap-2.3.10-1.el6.x86_64 as install for python-keystone-2014.2.rc1-fuel6.0.mira6.noarch
---> Package python-keystoneclient.noarch 1:0.11.1-fuel6.0.mira12 set to be updated
Checking deps for python-keystoneclient.noarch 1-0.11.1-fuel6.0.mira12 - u
---> Package python-keystoneclient-doc.noarch 1:0.11.1-fuel6.0.mira12 set to be updated
Checking deps for python-keystoneclient-doc.noarch 1-0.11.1-fuel6.0.mira12 - u
---> Package python-kombu.noarch 1:3.0.16-1.mira1 set to be updated
Checking deps for python-kombu.noarch 1-3.0.16-1.mira1 - u
---> Package python-lockfile.noarch 0:0.8-3.el6 set to be updated
Checking deps for python-lockfile.noarch 0-0.8-3.el6 - u
---> Package python-markdown.noarch 0:2.0.1-3.1.el6 set to be updated
Checking deps for python-markdown.noarch 0-2.0.1-3.1.el6 - u
---> Package python-meld3.x86_64 0:0.6.7-1.el6 set to be updated
Checking deps for python-meld3.x86_64 0-0.6.7-1.el6 - u
---> Package python-migrate.noarch 0:0.9.1-1.mira1 set to be updated
Checking deps for python-migrate.noarch 0-0.9.1-1.mira1 - u
python-migrate-0.9.1-1.mira1.noarch requires: python-tempita
--> Processing Dependency: python-tempita for package: python-migrate-0.9.1-1.mira1.noarch
Searching pkgSack for dep: python-tempita
Potential match for python-tempita from python-tempita-0.4-2.el6.noarch
Matched python-tempita-0.4-2.el6.noarch to require for python-tempita
TSINFO: Marking python-tempita-0.4-2.el6.noarch as install for python-migrate-0.9.1-1.mira1.noarch
---> Package python-muranoclient.noarch 0:0.5.5-fuel6.0.mira22 set to be updated
Checking deps for python-muranoclient.noarch 0-0.5.5-fuel6.0.mira22 - u
---> Package python-netaddr.noarch 0:0.7.5-4.el6 set to be updated
Checking deps for python-netaddr.noarch 0-0.7.5-4.el6 - u
---> Package python-netifaces.x86_64 0:0.10.4-1.el6 set to be updated
Checking deps for python-netifaces.x86_64 0-0.10.4-1.el6 - u
---> Package python-neutron.noarch 0:2014.2.b3-fuel6.0.mira1 set to be updated
Checking deps for python-neutron.noarch 0-2014.2.b3-fuel6.0.mira1 - u
python-neutron-2014.2.b3-fuel6.0.mira1.noarch requires: python-jsonrpclib
--> Processing Dependency: python-jsonrpclib for package: python-neutron-2014.2.b3-fuel6.0.mira1.noarch
Searching pkgSack for dep: python-jsonrpclib
Potential match for python-jsonrpclib from python-jsonrpclib-0.1.3-1.el6.noarch
Matched python-jsonrpclib-0.1.3-1.el6.noarch to require for python-jsonrpclib
TSINFO: Marking python-jsonrpclib-0.1.3-1.el6.noarch as install for python-neutron-2014.2.b3-fuel6.0.mira1.noarch
---> Package python-neutronclient.noarch 0:2.3.9-fuel6.0.mira21 set to be updated
Checking deps for python-neutronclient.noarch 0-2.3.9-fuel6.0.mira21 - u
---> Package python-nose-cover3.noarch 0:0.1.0-6.el6 set to be updated
Checking deps for python-nose-cover3.noarch 0-0.1.0-6.el6 - u
---> Package python-nova.noarch 0:2014.2.rc1-fuel6.0.mira7 set to be updated
Checking deps for python-nova.noarch 0-2014.2.rc1-fuel6.0.mira7 - u
python-nova-2014.2.rc1-fuel6.0.mira7.noarch requires: python-rfc3986 >= 0.2.0
--> Processing Dependency: python-rfc3986 >= 0.2.0 for package: python-nova-2014.2.rc1-fuel6.0.mira7.noarch
Searching pkgSack for dep: python-rfc3986
Potential match for python-rfc3986 from python-rfc3986-0.2.0-1.mira1.noarch
Matched python-rfc3986-0.2.0-1.mira1.noarch to require for python-rfc3986
TSINFO: Marking python-rfc3986-0.2.0-1.mira1.noarch as install for python-nova-2014.2.rc1-fuel6.0.mira7.noarch
python-nova-2014.2.rc1-fuel6.0.mira7.noarch requires: python-pyasn1
--> Processing Dependency: python-pyasn1 for package: python-nova-2014.2.rc1-fuel6.0.mira7.noarch
Searching pkgSack for dep: python-pyasn1
Potential match for python-pyasn1 from python-pyasn1-0.0.12a-1.el6.noarch
Matched python-pyasn1-0.0.12a-1.el6.noarch to require for python-pyasn1
TSINFO: Marking python-pyasn1-0.0.12a-1.el6.noarch as install for python-nova-2014.2.rc1-fuel6.0.mira7.noarch
---> Package python-novaclient.noarch 1:2.20.0-fuel6.0.mira16 set to be updated
Checking deps for python-novaclient.noarch 1-2.20.0-fuel6.0.mira16 - u
---> Package python-novaclient-doc.noarch 1:2.20.0-fuel6.0.mira16 set to be updated
Checking deps for python-novaclient-doc.noarch 1-2.20.0-fuel6.0.mira16 - u
---> Package python-nwdiag.noarch 0:0.9.4-1 set to be updated
Checking deps for python-nwdiag.noarch 0-0.9.4-1 - u
---> Package python-ordereddict.noarch 0:1.1-2.el6 set to be updated
Checking deps for python-ordereddict.noarch 0-1.1-2.el6 - u
---> Package python-oslo-config.noarch 1:1.4.0-fuel6.0.mira22 set to be updated
Checking deps for python-oslo-config.noarch 1-1.4.0-fuel6.0.mira22 - u
---> Package python-oslo-config-doc.noarch 1:1.4.0-fuel6.0.mira22 set to be updated
Checking deps for python-oslo-config-doc.noarch 1-1.4.0-fuel6.0.mira22 - u
---> Package python-osnagios.x86_64 0:1.1-5.el6 set to be updated
Checking deps for python-osnagios.x86_64 0-1.1-5.el6 - u
---> Package python-paramiko.noarch 0:1.13.0-1.el6 set to be updated
Checking deps for python-paramiko.noarch 0-1.13.0-1.el6 - u
python-paramiko-1.13.0-1.el6.noarch requires: python-ecdsa
--> Processing Dependency: python-ecdsa for package: python-paramiko-1.13.0-1.el6.noarch
Searching pkgSack for dep: python-ecdsa
Potential match for python-ecdsa from python-ecdsa-0.10-1.noarch
Matched python-ecdsa-0.10-1.noarch to require for python-ecdsa
TSINFO: Marking python-ecdsa-0.10-1.noarch as install for python-paramiko-1.13.0-1.el6.noarch
---> Package python-passlib.noarch 0:1.5.3-1.el6 set to be updated
Checking deps for python-passlib.noarch 0-1.5.3-1.el6 - u
---> Package python-paste.noarch 0:1.7.5.1-4.20111221hg1498.el6 set to be updated
Checking deps for python-paste.noarch 0-1.7.5.1-4.20111221hg1498.el6 - u
---> Package python-paste-deploy1.5.noarch 0:1.5.0-5.el6 set to be updated
Checking deps for python-paste-deploy1.5.noarch 0-1.5.0-5.el6 - u
---> Package python-pbr.noarch 0:0.8.0-1.el6 set to be updated
Checking deps for python-pbr.noarch 0-0.8.0-1.el6 - u
---> Package python-pip.noarch 0:1.4.1-1.el6 set to be updated
Checking deps for python-pip.noarch 0-1.4.1-1.el6 - u
---> Package python-py.noarch 0:1.4.15-1.el6 set to be updated
Checking deps for python-py.noarch 0-1.4.15-1.el6 - u
---> Package python-pygments.noarch 0:1.1.1-1.el6 set to be updated
Checking deps for python-pygments.noarch 0-1.1.1-1.el6 - u
---> Package python-pylibmc.x86_64 0:1.2.3-4.mira1 set to be updated
Checking deps for python-pylibmc.x86_64 0-1.2.3-4.mira1 - u
---> Package python-pypcap.x86_64 0:1.1-15.1 set to be updated
Checking deps for python-pypcap.x86_64 0-1.1-15.1 - u
---> Package python-pyudev.noarch 0:0.15-1.el6 set to be updated
Checking deps for python-pyudev.noarch 0-0.15-1.el6 - u
---> Package python-qpid-qmf.x86_64 0:0.14-14.el6_3 set to be updated
Checking deps for python-qpid-qmf.x86_64 0-0.14-14.el6_3 - u
python-qpid-qmf-0.14-14.el6_3.x86_64 requires: qpid-cpp-client = 0.14
--> Processing Dependency: qpid-cpp-client = 0.14 for package: python-qpid-qmf-0.14-14.el6_3.x86_64
Searching pkgSack for dep: qpid-cpp-client
Potential match for qpid-cpp-client from qpid-cpp-client-0.14-22.el6_3.x86_64
Matched qpid-cpp-client-0.14-22.el6_3.x86_64 to require for qpid-cpp-client
TSINFO: Marking qpid-cpp-client-0.14-22.el6_3.x86_64 as install for python-qpid-qmf-0.14-14.el6_3.x86_64
python-qpid-qmf-0.14-14.el6_3.x86_64 requires: libqpidmessaging.so.3()(64bit)
--> Processing Dependency: libqpidmessaging.so.3()(64bit) for package: python-qpid-qmf-0.14-14.el6_3.x86_64
Quick matched qpid-cpp-client-0.14-22.el6_3.x86_64 to require for libqpidmessaging.so.3()(64bit)
python-qpid-qmf-0.14-14.el6_3.x86_64 requires: libqpidclient.so.7()(64bit)
--> Processing Dependency: libqpidclient.so.7()(64bit) for package: python-qpid-qmf-0.14-14.el6_3.x86_64
Quick matched qpid-cpp-client-0.14-22.el6_3.x86_64 to require for libqpidclient.so.7()(64bit)
python-qpid-qmf-0.14-14.el6_3.x86_64 requires: libqpidcommon.so.7()(64bit)
--> Processing Dependency: libqpidcommon.so.7()(64bit) for package: python-qpid-qmf-0.14-14.el6_3.x86_64
Quick matched qpid-cpp-client-0.14-22.el6_3.x86_64 to require for libqpidcommon.so.7()(64bit)
python-qpid-qmf-0.14-14.el6_3.x86_64 requires: libqpidtypes.so.1()(64bit)
--> Processing Dependency: libqpidtypes.so.1()(64bit) for package: python-qpid-qmf-0.14-14.el6_3.x86_64
Quick matched qpid-cpp-client-0.14-22.el6_3.x86_64 to require for libqpidtypes.so.1()(64bit)
---> Package python-rabbit.noarch 0:1.0.1-1.mira1 set to be updated
Checking deps for python-rabbit.noarch 0-1.0.1-1.mira1 - u
---> Package python-requests.noarch 0:1.2.3-5.el6 set to be updated
Checking deps for python-requests.noarch 0-1.2.3-5.el6 - u
python-requests-1.2.3-5.el6.noarch requires: python-urllib3 >= 1.7
--> Processing Dependency: python-urllib3 >= 1.7 for package: python-requests-1.2.3-5.el6.noarch
Searching pkgSack for dep: python-urllib3
Potential match for python-urllib3 from python-urllib3-1.7-4.el6.noarch
Matched python-urllib3-1.7-4.el6.noarch to require for python-urllib3
TSINFO: Marking python-urllib3-1.7-4.el6.noarch as install for python-requests-1.2.3-5.el6.noarch
python-requests-1.2.3-5.el6.noarch requires: python-chardet
--> Processing Dependency: python-chardet for package: python-requests-1.2.3-5.el6.noarch
Searching pkgSack for dep: python-chardet
Potential match for python-chardet from python-chardet-2.0.1-1.el6.noarch
Matched python-chardet-2.0.1-1.el6.noarch to require for python-chardet
TSINFO: Marking python-chardet-2.0.1-1.el6.noarch as install for python-requests-1.2.3-5.el6.noarch
python-requests-1.2.3-5.el6.noarch requires: ca-certificates
--> Processing Dependency: ca-certificates for package: python-requests-1.2.3-5.el6.noarch
Searching pkgSack for dep: ca-certificates
Potential match for ca-certificates from ca-certificates-2013.1.95-65.1.el6_5.noarch
Matched ca-certificates-2013.1.95-65.1.el6_5.noarch to require for ca-certificates
TSINFO: Marking ca-certificates-2013.1.95-65.1.el6_5.noarch as install for python-requests-1.2.3-5.el6.noarch
---> Package python-rhsm.x86_64 0:1.1.8-1.el6 set to be updated
Checking deps for python-rhsm.x86_64 0-1.1.8-1.el6 - u
python-rhsm-1.1.8-1.el6.x86_64 requires: rpm-python
--> Processing Dependency: rpm-python for package: python-rhsm-1.1.8-1.el6.x86_64
Searching pkgSack for dep: rpm-python
Potential match for rpm-python from rpm-python-4.8.0-37.el6.x86_64
Matched rpm-python-4.8.0-37.el6.x86_64 to require for rpm-python
TSINFO: Marking rpm-python-4.8.0-37.el6.x86_64 as install for python-rhsm-1.1.8-1.el6.x86_64
---> Package python-routes.noarch 0:1.13-3.mira1 set to be updated
Checking deps for python-routes.noarch 0-1.13-3.mira1 - u
python-routes-1.13-3.mira1.noarch requires: python-repoze-lru
--> Processing Dependency: python-repoze-lru for package: python-routes-1.13-3.mira1.noarch
Searching pkgSack for dep: python-repoze-lru
Potential match for python-repoze-lru from python-repoze-lru-0.3-1.el6.noarch
Matched python-repoze-lru-0.3-1.el6.noarch to require for python-repoze-lru
TSINFO: Marking python-repoze-lru-0.3-1.el6.noarch as install for python-routes-1.13-3.mira1.noarch
---> Package python-routes1.12.noarch 0:1.12.3-4.el6 set to be updated
Checking deps for python-routes1.12.noarch 0-1.12.3-4.el6 - u
---> Package python-saharaclient.noarch 0:0.7.4-fuel6.0.mira12 set to be updated
Checking deps for python-saharaclient.noarch 0-0.7.4-fuel6.0.mira12 - u
---> Package python-seqdiag.noarch 0:0.8.2-1 set to be updated
Checking deps for python-seqdiag.noarch 0-0.8.2-1 - u
---> Package python-setuptools.noarch 0:0.7.2-7.mira1 set to be updated
Checking deps for python-setuptools.noarch 0-0.7.2-7.mira1 - u
---> Package python-simplejson.x86_64 0:3.5.3-2.mira1 set to be updated
Checking deps for python-simplejson.x86_64 0-3.5.3-2.mira1 - u
---> Package python-six.noarch 0:1.7.0-1.el6 set to be updated
Checking deps for python-six.noarch 0-1.7.0-1.el6 - u
---> Package python-sphinx10.noarch 0:1.0.8-1.el6 set to be updated
Checking deps for python-sphinx10.noarch 0-1.0.8-1.el6 - u
python-sphinx10-1.0.8-1.el6.noarch requires: python-docutils
--> Processing Dependency: python-docutils for package: python-sphinx10-1.0.8-1.el6.noarch
Searching pkgSack for dep: python-docutils
Potential match for python-docutils from python-docutils-0.11-1.mira1.noarch
Matched python-docutils-0.11-1.mira1.noarch to require for python-docutils
TSINFO: Marking python-docutils-0.11-1.mira1.noarch as install for python-sphinx10-1.0.8-1.el6.noarch
---> Package python-sphinx10-doc.noarch 0:1.0.8-1.el6 set to be updated
Checking deps for python-sphinx10-doc.noarch 0-1.0.8-1.el6 - u
---> Package python-sqlalchemy.noarch 0:0.5.5-3.el6_2 set to be updated
Checking deps for python-sqlalchemy.noarch 0-0.5.5-3.el6_2 - u
---> Package python-sqlalchemy.x86_64 0:0.9.7-2.mira1 set to be updated
Checking deps for python-sqlalchemy.x86_64 0-0.9.7-2.mira1 - u
---> Package python-stevedore.noarch 0:1.0.0-3.mira1 set to be updated
Checking deps for python-stevedore.noarch 0-1.0.0-3.mira1 - u
---> Package python-swiftclient.noarch 0:2.3.1-fuel6.0.mira8 set to be updated
Checking deps for python-swiftclient.noarch 0-2.3.1-fuel6.0.mira8 - u
python-swiftclient-2.3.1-fuel6.0.mira8.noarch requires: python-futures >= 2.1.3
--> Processing Dependency: python-futures >= 2.1.3 for package: python-swiftclient-2.3.1-fuel6.0.mira8.noarch
Searching pkgSack for dep: python-futures
Potential match for python-futures from python-futures-2.1.6-1.el6.noarch
Matched python-futures-2.1.6-1.el6.noarch to require for python-futures
TSINFO: Marking python-futures-2.1.6-1.el6.noarch as install for python-swiftclient-2.3.1-fuel6.0.mira8.noarch
---> Package python-swiftclient-doc.noarch 0:2.3.1-fuel6.0.mira8 set to be updated
Checking deps for python-swiftclient-doc.noarch 0-2.3.1-fuel6.0.mira8 - u
---> Package python-tablib.noarch 0:0.9.11.20120702git752443f-5.el6 set to be updated
Checking deps for python-tablib.noarch 0-0.9.11.20120702git752443f-5.el6 - u
---> Package python-unittest2.noarch 0:0.5.1-3.el6 set to be updated
Checking deps for python-unittest2.noarch 0-0.5.1-3.el6 - u
---> Package python-urwid.x86_64 0:1.1.1-1.el6 set to be updated
Checking deps for python-urwid.x86_64 0-1.1.1-1.el6 - u
---> Package python-versiontools.noarch 0:1.9.1-3.el6 set to be updated
Checking deps for python-versiontools.noarch 0-1.9.1-3.el6 - u
---> Package python-virtualenv.noarch 0:1.7.2-1.el6 set to be updated
Checking deps for python-virtualenv.noarch 0-1.7.2-1.el6 - u
---> Package python-warlock.noarch 0:1.0.1-1.el6 set to be updated
Checking deps for python-warlock.noarch 0-1.0.1-1.el6 - u
---> Package python-webcolors.noarch 0:1.4-1 set to be updated
Checking deps for python-webcolors.noarch 0-1.4-1 - u
---> Package python-webob.noarch 0:1.2.3-4.el6 set to be updated
Checking deps for python-webob.noarch 0-1.2.3-4.el6 - u
---> Package python-websockify.noarch 0:0.6.0-1.mira1 set to be updated
Checking deps for python-websockify.noarch 0-0.6.0-1.mira1 - u
---> Package python-werkzeug.noarch 0:0.8.3-2.el6 set to be updated
Checking deps for python-werkzeug.noarch 0-0.8.3-2.el6 - u
---> Package python-wsgilog.noarch 0:0.3-1 set to be updated
Checking deps for python-wsgilog.noarch 0-0.3-1 - u
---> Package python-wsgiref.noarch 0:0.1.2-6.el6 set to be updated
Checking deps for python-wsgiref.noarch 0-0.1.2-6.el6 - u
---> Package python-zmq.x86_64 0:2.2.0.1-1.mira1 set to be updated
Checking deps for python-zmq.x86_64 0-2.2.0.1-1.mira1 - u
---> Package pyxattr.x86_64 0:0.5.0-1.el6 set to be updated
Checking deps for pyxattr.x86_64 0-0.5.0-1.el6 - u
---> Package qemu.x86_64 2:2.0.0-4.mira2 set to be updated
Checking deps for qemu.x86_64 2-2.0.0-4.mira2 - u
---> Package ql2100-firmware.noarch 0:20140317-35.gitdec41bce.mira1 set to be updated
Checking deps for ql2100-firmware.noarch 0-20140317-35.gitdec41bce.mira1 - u
---> Package ql2200-firmware.noarch 0:20140317-35.gitdec41bce.mira1 set to be updated
Checking deps for ql2200-firmware.noarch 0-20140317-35.gitdec41bce.mira1 - u
---> Package ql23xx-firmware.noarch 0:20140317-35.gitdec41bce.mira1 set to be updated
Checking deps for ql23xx-firmware.noarch 0-20140317-35.gitdec41bce.mira1 - u
---> Package ql2400-firmware.noarch 0:20140317-35.gitdec41bce.mira1 set to be updated
Checking deps for ql2400-firmware.noarch 0-20140317-35.gitdec41bce.mira1 - u
---> Package ql2500-firmware.noarch 0:20140317-35.gitdec41bce.mira1 set to be updated
Checking deps for ql2500-firmware.noarch 0-20140317-35.gitdec41bce.mira1 - u
---> Package qpid-cpp-server-ssl.x86_64 0:0.14-22.el6_3 set to be updated
Checking deps for qpid-cpp-server-ssl.x86_64 0-0.14-22.el6_3 - u
qpid-cpp-server-ssl-0.14-22.el6_3.x86_64 requires: qpid-cpp-client-ssl = 0.14-22.el6_3
--> Processing Dependency: qpid-cpp-client-ssl = 0.14-22.el6_3 for package: qpid-cpp-server-ssl-0.14-22.el6_3.x86_64
Searching pkgSack for dep: qpid-cpp-client-ssl
Potential match for qpid-cpp-client-ssl from qpid-cpp-client-ssl-0.14-22.el6_3.x86_64
Matched qpid-cpp-client-ssl-0.14-22.el6_3.x86_64 to require for qpid-cpp-client-ssl
TSINFO: Marking qpid-cpp-client-ssl-0.14-22.el6_3.x86_64 as install for qpid-cpp-server-ssl-0.14-22.el6_3.x86_64
qpid-cpp-server-ssl-0.14-22.el6_3.x86_64 requires: qpid-cpp-server = 0.14-22.el6_3
--> Processing Dependency: qpid-cpp-server = 0.14-22.el6_3 for package: qpid-cpp-server-ssl-0.14-22.el6_3.x86_64
Searching pkgSack for dep: qpid-cpp-server
Potential match for qpid-cpp-server from qpid-cpp-server-0.14-22.el6_3.x86_64
Matched qpid-cpp-server-0.14-22.el6_3.x86_64 to require for qpid-cpp-server
TSINFO: Marking qpid-cpp-server-0.14-22.el6_3.x86_64 as install for qpid-cpp-server-ssl-0.14-22.el6_3.x86_64
qpid-cpp-server-ssl-0.14-22.el6_3.x86_64 requires: libsslcommon.so.7()(64bit)
--> Processing Dependency: libsslcommon.so.7()(64bit) for package: qpid-cpp-server-ssl-0.14-22.el6_3.x86_64
Searching pkgSack for dep: libsslcommon.so.7()(64bit)
Potential match for libsslcommon.so.7()(64bit) from qpid-cpp-client-ssl-0.14-22.el6_3.x86_64
Matched qpid-cpp-client-ssl-0.14-22.el6_3.x86_64 to require for libsslcommon.so.7()(64bit)
qpid-cpp-client-ssl-0.14-22.el6_3.x86_64 already in ts, skipping this one
qpid-cpp-server-ssl-0.14-22.el6_3.x86_64 requires: libqpidbroker.so.7()(64bit)
--> Processing Dependency: libqpidbroker.so.7()(64bit) for package: qpid-cpp-server-ssl-0.14-22.el6_3.x86_64
Searching pkgSack for dep: libqpidbroker.so.7()(64bit)
Potential match for libqpidbroker.so.7()(64bit) from qpid-cpp-server-0.14-22.el6_3.x86_64
Matched qpid-cpp-server-0.14-22.el6_3.x86_64 to require for libqpidbroker.so.7()(64bit)
qpid-cpp-server-0.14-22.el6_3.x86_64 already in ts, skipping this one
---> Package qpid-qmf.x86_64 0:0.14-14.el6_3 set to be updated
Checking deps for qpid-qmf.x86_64 0-0.14-14.el6_3 - u
---> Package qpid-tests.noarch 0:0.14-1.el6_2 set to be updated
Checking deps for qpid-tests.noarch 0-0.14-1.el6_2 - u
---> Package qpid-tools.noarch 0:0.14-6.el6_3 set to be updated
Checking deps for qpid-tools.noarch 0-0.14-6.el6_3 - u
---> Package quota.x86_64 1:3.17-21.el6_5 set to be updated
Checking deps for quota.x86_64 1-3.17-21.el6_5 - u
1:quota-3.17-21.el6_5.x86_64 requires: tcp_wrappers
--> Processing Dependency: tcp_wrappers for package: 1:quota-3.17-21.el6_5.x86_64
Searching pkgSack for dep: tcp_wrappers
Potential match for tcp_wrappers from tcp_wrappers-7.6-57.el6.x86_64
Matched tcp_wrappers-7.6-57.el6.x86_64 to require for tcp_wrappers
TSINFO: Marking tcp_wrappers-7.6-57.el6.x86_64 as install for 1:quota-3.17-21.el6_5.x86_64
---> Package rabbitmq-server.noarch 0:3.3.5-1.mira1 set to be updated
Checking deps for rabbitmq-server.noarch 0-3.3.5-1.mira1 - u
---> Package rbd-fuse.x86_64 0:0.80.4-0.mira1 set to be updated
Checking deps for rbd-fuse.x86_64 0-0.80.4-0.mira1 - u
---> Package rdate.x86_64 0:1.4-16.el6 set to be updated
Checking deps for rdate.x86_64 0-1.4-16.el6 - u
---> Package readahead.x86_64 1:1.5.6-2.el6 set to be updated
Checking deps for readahead.x86_64 1-1.5.6-2.el6 - u
---> Package redhat-lsb-core.x86_64 0:4.0-7.el6.centos set to be updated
Checking deps for redhat-lsb-core.x86_64 0-4.0-7.el6.centos - u
redhat-lsb-core-4.0-7.el6.centos.x86_64 requires: perl-Test-Simple
--> Processing Dependency: perl-Test-Simple for package: redhat-lsb-core-4.0-7.el6.centos.x86_64
Searching pkgSack for dep: perl-Test-Simple
Potential match for perl-Test-Simple from perl-Test-Simple-0.92-136.el6.x86_64
Matched perl-Test-Simple-0.92-136.el6.x86_64 to require for perl-Test-Simple
TSINFO: Marking perl-Test-Simple-0.92-136.el6.x86_64 as install for redhat-lsb-core-4.0-7.el6.centos.x86_64
redhat-lsb-core-4.0-7.el6.centos.x86_64 requires: perl-Test-Harness
--> Processing Dependency: perl-Test-Harness for package: redhat-lsb-core-4.0-7.el6.centos.x86_64
Searching pkgSack for dep: perl-Test-Harness
Potential match for perl-Test-Harness from perl-Test-Harness-3.17-136.el6.x86_64
Matched perl-Test-Harness-3.17-136.el6.x86_64 to require for perl-Test-Harness
TSINFO: Marking perl-Test-Harness-3.17-136.el6.x86_64 as install for redhat-lsb-core-4.0-7.el6.centos.x86_64
redhat-lsb-core-4.0-7.el6.centos.x86_64 requires: perl-CGI
--> Processing Dependency: perl-CGI for package: redhat-lsb-core-4.0-7.el6.centos.x86_64
Searching pkgSack for dep: perl-CGI
Potential match for perl-CGI from perl-CGI-3.51-136.el6.x86_64
Matched perl-CGI-3.51-136.el6.x86_64 to require for perl-CGI
TSINFO: Marking perl-CGI-3.51-136.el6.x86_64 as install for redhat-lsb-core-4.0-7.el6.centos.x86_64
---> Package resource-agents.x86_64 0:3.9.5-56.1 set to be updated
Checking deps for resource-agents.x86_64 0-3.9.5-56.1 - u
resource-agents-3.9.5-56.1.x86_64 requires: /sbin/mount.cifs
--> Processing Dependency: /sbin/mount.cifs for package: resource-agents-3.9.5-56.1.x86_64
Searching pkgSack for dep: /sbin/mount.cifs
Potential match for /sbin/mount.cifs from cifs-utils-4.8.1-19.el6.x86_64
TSINFO: Marking cifs-utils-4.8.1-19.el6.x86_64 as install for resource-agents-3.9.5-56.1.x86_64
---> Package rfkill.x86_64 0:0.3-4.el6 set to be updated
Checking deps for rfkill.x86_64 0-0.3-4.el6 - u
---> Package rng-tools.x86_64 0:2-13.el6_2 set to be updated
Checking deps for rng-tools.x86_64 0-2-13.el6_2 - u
---> Package rootfiles.noarch 0:8.1-6.1.el6 set to be updated
Checking deps for rootfiles.noarch 0-8.1-6.1.el6 - u
---> Package rpm.x86_64 0:4.8.0-37.el6 set to be updated
Checking deps for rpm.x86_64 0-4.8.0-37.el6 - u
rpm-4.8.0-37.el6.x86_64 requires: liblua-5.1.so()(64bit)
--> Processing Dependency: liblua-5.1.so()(64bit) for package: rpm-4.8.0-37.el6.x86_64
Searching pkgSack for dep: liblua-5.1.so()(64bit)
Potential match for liblua-5.1.so()(64bit) from lua-5.1.4-4.1.el6.x86_64
Matched lua-5.1.4-4.1.el6.x86_64 to require for liblua-5.1.so()(64bit)
TSINFO: Marking lua-5.1.4-4.1.el6.x86_64 as install for rpm-4.8.0-37.el6.x86_64
---> Package rpm-build.x86_64 0:4.8.0-37.el6 set to be updated
Checking deps for rpm-build.x86_64 0-4.8.0-37.el6 - u
rpm-build-4.8.0-37.el6.x86_64 requires: /usr/bin/gdb-add-index
--> Processing Dependency: /usr/bin/gdb-add-index for package: rpm-build-4.8.0-37.el6.x86_64
Searching pkgSack for dep: /usr/bin/gdb-add-index
Potential match for /usr/bin/gdb-add-index from gdb-7.2-60.el6_4.1.x86_64
TSINFO: Marking gdb-7.2-60.el6_4.1.x86_64 as install for rpm-build-4.8.0-37.el6.x86_64
---> Package rst2pdf.noarch 0:0.16-1.el6 set to be updated
Checking deps for rst2pdf.noarch 0-0.16-1.el6 - u
rst2pdf-0.16-1.el6.noarch requires: python-reportlab
--> Processing Dependency: python-reportlab for package: rst2pdf-0.16-1.el6.noarch
Searching pkgSack for dep: python-reportlab
Potential match for python-reportlab from python-reportlab-2.3-3.el6.x86_64
Matched python-reportlab-2.3-3.el6.x86_64 to require for python-reportlab
TSINFO: Marking python-reportlab-2.3-3.el6.x86_64 as install for rst2pdf-0.16-1.el6.noarch
---> Package rsync.x86_64 0:3.0.6-9.el6_4.1 set to be updated
Checking deps for rsync.x86_64 0-3.0.6-9.el6_4.1 - u
---> Package rsyslog.x86_64 0:5.8.10-8.el6 set to be updated
Checking deps for rsyslog.x86_64 0-5.8.10-8.el6 - u
---> Package rsyslog-relp.x86_64 0:5.8.10-8.el6 set to be updated
Checking deps for rsyslog-relp.x86_64 0-5.8.10-8.el6 - u
---> Package rt61pci-firmware.noarch 0:1.2-7.el6 set to be updated
Checking deps for rt61pci-firmware.noarch 0-1.2-7.el6 - u
---> Package rt73usb-firmware.noarch 0:1.8-7.el6 set to be updated
Checking deps for rt73usb-firmware.noarch 0-1.8-7.el6 - u
---> Package ruby.x86_64 0:1.8.7.352-13.el6 set to be updated
Checking deps for ruby.x86_64 0-1.8.7.352-13.el6 - u
---> Package ruby.x86_64 0:2.1.1-1.1 set to be updated
Checking deps for ruby.x86_64 0-2.1.1-1.1 - u
ruby-2.1.1-1.1.x86_64 requires: libgdbm.so.2()(64bit)
--> Processing Dependency: libgdbm.so.2()(64bit) for package: ruby-2.1.1-1.1.x86_64
Searching pkgSack for dep: libgdbm.so.2()(64bit)
Potential match for libgdbm.so.2()(64bit) from gdbm-1.8.0-36.el6.x86_64
Matched gdbm-1.8.0-36.el6.x86_64 to require for libgdbm.so.2()(64bit)
TSINFO: Marking gdbm-1.8.0-36.el6.x86_64 as install for ruby-2.1.1-1.1.x86_64
---> Package ruby-augeas.x86_64 0:0.5.0-17.3 set to be updated
Checking deps for ruby-augeas.x86_64 0-0.5.0-17.3 - u
---> Package ruby-devel.x86_64 0:1.8.7.352-13.el6 set to be updated
Checking deps for ruby-devel.x86_64 0-1.8.7.352-13.el6 - u
---> Package ruby-extlib.noarch 0:0.9.13-5.el6 set to be updated
Checking deps for ruby-extlib.noarch 0-0.9.13-5.el6 - u
---> Package ruby-irb.x86_64 0:1.8.7.352-13.el6 set to be updated
Checking deps for ruby-irb.x86_64 0-1.8.7.352-13.el6 - u
---> Package ruby-libs.x86_64 0:1.8.7.352-13.el6 set to be updated
Checking deps for ruby-libs.x86_64 0-1.8.7.352-13.el6 - u
ruby-libs-1.8.7.352-13.el6.x86_64 requires: libreadline.so.5()(64bit)
--> Processing Dependency: libreadline.so.5()(64bit) for package: ruby-libs-1.8.7.352-13.el6.x86_64
Searching pkgSack for dep: libreadline.so.5()(64bit)
Potential match for libreadline.so.5()(64bit) from compat-readline5-5.2-17.1.el6.x86_64
Matched compat-readline5-5.2-17.1.el6.x86_64 to require for libreadline.so.5()(64bit)
TSINFO: Marking compat-readline5-5.2-17.1.el6.x86_64 as install for ruby-libs-1.8.7.352-13.el6.x86_64
---> Package ruby-mysql.x86_64 0:2.8.2-1.el6 set to be updated
Checking deps for ruby-mysql.x86_64 0-2.8.2-1.el6 - u
---> Package ruby-rdoc.x86_64 0:1.8.7.352-13.el6 set to be updated
Checking deps for ruby-rdoc.x86_64 0-1.8.7.352-13.el6 - u
---> Package ruby-ri.x86_64 0:1.8.7.352-13.el6 set to be updated
Checking deps for ruby-ri.x86_64 0-1.8.7.352-13.el6 - u
---> Package ruby-shadow.x86_64 0:1.4.1-13.el6 set to be updated
Checking deps for ruby-shadow.x86_64 0-1.4.1-13.el6 - u
---> Package ruby21-augeas.x86_64 0:0.5.0-17.3 set to be updated
Checking deps for ruby21-augeas.x86_64 0-0.5.0-17.3 - u
---> Package ruby21-facter.x86_64 1:1.7.0-1.el6 set to be updated
Checking deps for ruby21-facter.x86_64 1-1.7.0-1.el6 - u
---> Package ruby21-hiera.noarch 0:1.3.2-1.el6 set to be updated
Checking deps for ruby21-hiera.noarch 0-1.3.2-1.el6 - u
---> Package ruby21-mcollective.noarch 0:2.4.1-1.el6 set to be updated
Checking deps for ruby21-mcollective.noarch 0-2.4.1-1.el6 - u
---> Package ruby21-mcollective-common.noarch 0:2.4.1-1.el6 set to be updated
Checking deps for ruby21-mcollective-common.noarch 0-2.4.1-1.el6 - u
ruby21-mcollective-common-2.4.1-1.el6.noarch requires: ruby21-rubygem(systemu)
--> Processing Dependency: ruby21-rubygem(systemu) for package: ruby21-mcollective-common-2.4.1-1.el6.noarch
Searching pkgSack for dep: ruby21-rubygem(systemu)
Potential match for ruby21-rubygem(systemu) from ruby21-rubygem-systemu-2.6.4-1.el6.noarch
Matched ruby21-rubygem-systemu-2.6.4-1.el6.noarch to require for ruby21-rubygem(systemu)
TSINFO: Marking ruby21-rubygem-systemu-2.6.4-1.el6.noarch as install for ruby21-mcollective-common-2.4.1-1.el6.noarch
---> Package ruby21-nailgun-mcagents.x86_64 0:0.1.0-15 set to be updated
Checking deps for ruby21-nailgun-mcagents.x86_64 0-0.1.0-15 - u
---> Package ruby21-puppet.noarch 0:3.4.2-1.mira1 set to be updated
Checking deps for ruby21-puppet.noarch 0-3.4.2-1.mira1 - u
---> Package ruby21-rubygem-activesupport.noarch 0:3.0.10-1.el6 set to be updated
Checking deps for ruby21-rubygem-activesupport.noarch 0-3.0.10-1.el6 - u
---> Package ruby21-rubygem-amq-protocol.noarch 0:1.9.2-1.mira1 set to be updated
Checking deps for ruby21-rubygem-amq-protocol.noarch 0-1.9.2-1.mira1 - u
---> Package ruby21-rubygem-amqp.noarch 0:1.4.1-1.el6.mira1 set to be updated
Checking deps for ruby21-rubygem-amqp.noarch 0-1.4.1-1.el6.mira1 - u
ruby21-rubygem-amqp-1.4.1-1.el6.mira1.noarch requires: ruby21-rubygem-amq-client >= 1.0.4
--> Processing Dependency: ruby21-rubygem-amq-client >= 1.0.4 for package: ruby21-rubygem-amqp-1.4.1-1.el6.mira1.noarch
Searching pkgSack for dep: ruby21-rubygem-amq-client
Potential match for ruby21-rubygem-amq-client from ruby21-rubygem-amq-client-1.0.4-1.mira1.noarch
Matched ruby21-rubygem-amq-client-1.0.4-1.mira1.noarch to require for ruby21-rubygem-amq-client
TSINFO: Marking ruby21-rubygem-amq-client-1.0.4-1.mira1.noarch as install for ruby21-rubygem-amqp-1.4.1-1.el6.mira1.noarch
---> Package ruby21-rubygem-astute.noarch 0:0.0.2-9 set to be updated
Checking deps for ruby21-rubygem-astute.noarch 0-0.0.2-9 - u
ruby21-rubygem-astute-0.0.2-9.noarch requires: ruby21-rubygem-net-ssh-multi = 1.2.0
--> Processing Dependency: ruby21-rubygem-net-ssh-multi = 1.2.0 for package: ruby21-rubygem-astute-0.0.2-9.noarch
Searching pkgSack for dep: ruby21-rubygem-net-ssh-multi
Potential match for ruby21-rubygem-net-ssh-multi from ruby21-rubygem-net-ssh-multi-1.2.0-1.el6.noarch
Matched ruby21-rubygem-net-ssh-multi-1.2.0-1.el6.noarch to require for ruby21-rubygem-net-ssh-multi
TSINFO: Marking ruby21-rubygem-net-ssh-multi-1.2.0-1.el6.noarch as install for ruby21-rubygem-astute-0.0.2-9.noarch
ruby21-rubygem-astute-0.0.2-9.noarch requires: ruby21-rubygem-popen4 = 0.1.2
--> Processing Dependency: ruby21-rubygem-popen4 = 0.1.2 for package: ruby21-rubygem-astute-0.0.2-9.noarch
Searching pkgSack for dep: ruby21-rubygem-popen4
Potential match for ruby21-rubygem-popen4 from ruby21-rubygem-popen4-0.1.2-1.1.noarch
Matched ruby21-rubygem-popen4-0.1.2-1.1.noarch to require for ruby21-rubygem-popen4
TSINFO: Marking ruby21-rubygem-popen4-0.1.2-1.1.noarch as install for ruby21-rubygem-astute-0.0.2-9.noarch
ruby21-rubygem-astute-0.0.2-9.noarch requires: ruby21-rubygem-net-ssh = 2.8.0
--> Processing Dependency: ruby21-rubygem-net-ssh = 2.8.0 for package: ruby21-rubygem-astute-0.0.2-9.noarch
Searching pkgSack for dep: ruby21-rubygem-net-ssh
Potential match for ruby21-rubygem-net-ssh from ruby21-rubygem-net-ssh-2.8.0-1.el6.noarch
Matched ruby21-rubygem-net-ssh-2.8.0-1.el6.noarch to require for ruby21-rubygem-net-ssh
TSINFO: Marking ruby21-rubygem-net-ssh-2.8.0-1.el6.noarch as install for ruby21-rubygem-astute-0.0.2-9.noarch
ruby21-rubygem-astute-0.0.2-9.noarch requires: ruby21-rubygem-amqp = 0.9.10
--> Processing Dependency: ruby21-rubygem-amqp = 0.9.10 for package: ruby21-rubygem-astute-0.0.2-9.noarch
Searching pkgSack for dep: ruby21-rubygem-amqp
Potential match for ruby21-rubygem-amqp from ruby21-rubygem-amqp-1.4.1-1.el6.mira1.noarch
ruby21-rubygem-astute-0.0.2-9.noarch requires: ruby21-rubygem-net-ssh-gateway = 1.2.0
--> Processing Dependency: ruby21-rubygem-net-ssh-gateway = 1.2.0 for package: ruby21-rubygem-astute-0.0.2-9.noarch
Searching pkgSack for dep: ruby21-rubygem-net-ssh-gateway
Potential match for ruby21-rubygem-net-ssh-gateway from ruby21-rubygem-net-ssh-gateway-1.2.0-1.el6.noarch
Matched ruby21-rubygem-net-ssh-gateway-1.2.0-1.el6.noarch to require for ruby21-rubygem-net-ssh-gateway
TSINFO: Marking ruby21-rubygem-net-ssh-gateway-1.2.0-1.el6.noarch as install for ruby21-rubygem-astute-0.0.2-9.noarch
---> Package ruby21-rubygem-eventmachine.x86_64 0:1.0.3-4.el6 set to be updated
Checking deps for ruby21-rubygem-eventmachine.x86_64 0-1.0.3-4.el6 - u
---> Package ruby21-rubygem-i18n.noarch 0:0.6.9-1.el6 set to be updated
Checking deps for ruby21-rubygem-i18n.noarch 0-0.6.9-1.el6 - u
---> Package ruby21-rubygem-json.x86_64 0:1.6.1-4.6 set to be updated
Checking deps for ruby21-rubygem-json.x86_64 0-1.6.1-4.6 - u
---> Package ruby21-rubygem-json_pure.noarch 0:1.8.1-1.el6 set to be updated
Checking deps for ruby21-rubygem-json_pure.noarch 0-1.8.1-1.el6 - u
---> Package ruby21-rubygem-mcollective-client.noarch 0:2.4.1-1.el6 set to be updated
Checking deps for ruby21-rubygem-mcollective-client.noarch 0-2.4.1-1.el6 - u
---> Package ruby21-rubygem-mime-types.noarch 0:2.2-3.el6 set to be updated
Checking deps for ruby21-rubygem-mime-types.noarch 0-2.2-3.el6 - u
---> Package ruby21-rubygem-open4.noarch 0:1.3.3-2.el6 set to be updated
Checking deps for ruby21-rubygem-open4.noarch 0-1.3.3-2.el6 - u
---> Package ruby21-rubygem-openstack.noarch 0:1.1.2-2.el6 set to be updated
Checking deps for ruby21-rubygem-openstack.noarch 0-1.1.2-2.el6 - u
ruby21-rubygem-openstack-1.1.2-2.el6.noarch requires: ruby21-rubygem(netaddr)
--> Processing Dependency: ruby21-rubygem(netaddr) for package: ruby21-rubygem-openstack-1.1.2-2.el6.noarch
Searching pkgSack for dep: ruby21-rubygem(netaddr)
Potential match for ruby21-rubygem(netaddr) from ruby21-rubygem-netaddr-1.5.0-2.el6.noarch
Matched ruby21-rubygem-netaddr-1.5.0-2.el6.noarch to require for ruby21-rubygem(netaddr)
TSINFO: Marking ruby21-rubygem-netaddr-1.5.0-2.el6.noarch as install for ruby21-rubygem-openstack-1.1.2-2.el6.noarch
---> Package ruby21-rubygem-raemon.noarch 0:0.3.0-1.el6 set to be updated
Checking deps for ruby21-rubygem-raemon.noarch 0-0.3.0-1.el6 - u
---> Package ruby21-rubygem-rest-client.noarch 0:1.6.7-2.el6 set to be updated
Checking deps for ruby21-rubygem-rest-client.noarch 0-1.6.7-2.el6 - u
---> Package ruby21-rubygem-rgen.noarch 0:0.6.6-1.el6 set to be updated
Checking deps for ruby21-rubygem-rgen.noarch 0-0.6.6-1.el6 - u
---> Package ruby21-rubygem-shadow.x86_64 0:1.4.1-21.el6 set to be updated
Checking deps for ruby21-rubygem-shadow.x86_64 0-1.4.1-21.el6 - u
---> Package ruby21-rubygem-stomp.noarch 0:1.3.2-1.el6 set to be updated
Checking deps for ruby21-rubygem-stomp.noarch 0-1.3.2-1.el6 - u
---> Package ruby21-rubygem-symboltable.noarch 0:1.0.2-1 set to be updated
Checking deps for ruby21-rubygem-symboltable.noarch 0-1.0.2-1 - u
---> Package rubygem-abstract.noarch 0:1.0.0-1.el6 set to be updated
Checking deps for rubygem-abstract.noarch 0-1.0.0-1.el6 - u
---> Package rubygem-activesupport.noarch 0:3.0.10-1.el6 set to be updated
Checking deps for rubygem-activesupport.noarch 0-3.0.10-1.el6 - u
---> Package rubygem-arel.noarch 0:2.0.10-1.el6 set to be updated
Checking deps for rubygem-arel.noarch 0-2.0.10-1.el6 - u
---> Package rubygem-builder.noarch 0:2.1.2-1.el6 set to be updated
Checking deps for rubygem-builder.noarch 0-2.1.2-1.el6 - u
---> Package rubygem-bundler.noarch 0:1.3.4-1.el6 set to be updated
Checking deps for rubygem-bundler.noarch 0-1.3.4-1.el6 - u
---> Package rubygem-bunny.noarch 0:0.8.0-1.el6 set to be updated
Checking deps for rubygem-bunny.noarch 0-0.8.0-1.el6 - u
---> Package rubygem-cstruct.noarch 0:1.0.1-1.el6 set to be updated
Checking deps for rubygem-cstruct.noarch 0-1.0.1-1.el6 - u
---> Package rubygem-daemons.noarch 0:1.0.10-2.el6 set to be updated
Checking deps for rubygem-daemons.noarch 0-1.0.10-2.el6 - u
---> Package rubygem-erubis.noarch 0:2.6.6-1.el6 set to be updated
Checking deps for rubygem-erubis.noarch 0-2.6.6-1.el6 - u
---> Package rubygem-eventmachine.x86_64 0:0.12.10-4.el6 set to be updated
Checking deps for rubygem-eventmachine.x86_64 0-0.12.10-4.el6 - u
---> Package rubygem-eventmachine-doc.x86_64 0:0.12.10-4.el6 set to be updated
Checking deps for rubygem-eventmachine-doc.x86_64 0-0.12.10-4.el6 - u
---> Package rubygem-extlib.noarch 0:0.9.13-5.el6 set to be updated
Checking deps for rubygem-extlib.noarch 0-0.9.13-5.el6 - u
---> Package rubygem-extlib-doc.noarch 0:0.9.13-5.el6 set to be updated
Checking deps for rubygem-extlib-doc.noarch 0-0.9.13-5.el6 - u
---> Package rubygem-fastthread.x86_64 0:1.0.7-2.el6 set to be updated
Checking deps for rubygem-fastthread.x86_64 0-1.0.7-2.el6 - u
---> Package rubygem-gem_plugin.noarch 0:0.2.3-3.el6 set to be updated
Checking deps for rubygem-gem_plugin.noarch 0-0.2.3-3.el6 - u
---> Package rubygem-highline.noarch 0:1.6.13-1.el6 set to be updated
Checking deps for rubygem-highline.noarch 0-1.6.13-1.el6 - u
---> Package rubygem-httpclient.noarch 0:2.3.2-5.el6 set to be updated
Checking deps for rubygem-httpclient.noarch 0-2.3.2-5.el6 - u
---> Package rubygem-httpclient-doc.noarch 0:2.3.2-5.el6 set to be updated
Checking deps for rubygem-httpclient-doc.noarch 0-2.3.2-5.el6 - u
---> Package rubygem-i18n.noarch 0:0.6.4-1.el6 set to be updated
Checking deps for rubygem-i18n.noarch 0-0.6.4-1.el6 - u
---> Package rubygem-ipaddress.noarch 0:0.8.0-3.el6 set to be updated
Checking deps for rubygem-ipaddress.noarch 0-0.8.0-3.el6 - u
---> Package rubygem-ipaddress-doc.noarch 0:0.8.0-3.el6 set to be updated
Checking deps for rubygem-ipaddress-doc.noarch 0-0.8.0-3.el6 - u
---> Package rubygem-json.x86_64 0:1.7.7-101.el6 set to be updated
Checking deps for rubygem-json.x86_64 0-1.7.7-101.el6 - u
---> Package rubygem-json-doc.x86_64 0:1.7.7-101.el6 set to be updated
Checking deps for rubygem-json-doc.x86_64 0-1.7.7-101.el6 - u
---> Package rubygem-json_pure.noarch 0:1.7.7-1.el6 set to be updated
Checking deps for rubygem-json_pure.noarch 0-1.7.7-1.el6 - u
---> Package rubygem-json_pure-doc.noarch 0:1.7.7-1.el6 set to be updated
Checking deps for rubygem-json_pure-doc.noarch 0-1.7.7-1.el6 - u
---> Package rubygem-mail.noarch 0:2.2.19-1.el6 set to be updated
Checking deps for rubygem-mail.noarch 0-2.2.19-1.el6 - u
---> Package rubygem-mime-types.noarch 0:1.16-mira.5 set to be updated
Checking deps for rubygem-mime-types.noarch 0-1.16-mira.5 - u
---> Package rubygem-mime-types-doc.noarch 0:1.16-mira.5 set to be updated
Checking deps for rubygem-mime-types-doc.noarch 0-1.16-mira.5 - u
---> Package rubygem-mixlib-authentication.noarch 0:1.1.4-1.el6 set to be updated
Checking deps for rubygem-mixlib-authentication.noarch 0-1.1.4-1.el6 - u
---> Package rubygem-mixlib-cli.noarch 0:1.2.2-3.el6 set to be updated
Checking deps for rubygem-mixlib-cli.noarch 0-1.2.2-3.el6 - u
---> Package rubygem-mixlib-cli-doc.noarch 0:1.2.2-3.el6 set to be updated
Checking deps for rubygem-mixlib-cli-doc.noarch 0-1.2.2-3.el6 - u
---> Package rubygem-mixlib-config.noarch 0:1.1.2-1.el6 set to be updated
Checking deps for rubygem-mixlib-config.noarch 0-1.1.2-1.el6 - u
---> Package rubygem-mixlib-log.noarch 0:1.4.1-1.el6 set to be updated
Checking deps for rubygem-mixlib-log.noarch 0-1.4.1-1.el6 - u
---> Package rubygem-mixlib-shellout.noarch 0:1.0.0-1.el6 set to be updated
Checking deps for rubygem-mixlib-shellout.noarch 0-1.0.0-1.el6 - u
---> Package rubygem-moneta.noarch 0:0.6.0-1.el6 set to be updated
Checking deps for rubygem-moneta.noarch 0-0.6.0-1.el6 - u
---> Package rubygem-mongrel.x86_64 0:1.1.5-3.el6 set to be updated
Checking deps for rubygem-mongrel.x86_64 0-1.1.5-3.el6 - u
---> Package rubygem-net-ssh.noarch 0:2.2.2-1.el6 set to be updated
Checking deps for rubygem-net-ssh.noarch 0-2.2.2-1.el6 - u
---> Package rubygem-net-ssh-gateway.noarch 0:1.1.0-1.el6.mira1 set to be updated
Checking deps for rubygem-net-ssh-gateway.noarch 0-1.1.0-1.el6.mira1 - u
---> Package rubygem-net-ssh-multi.noarch 0:1.1-1.el6 set to be updated
Checking deps for rubygem-net-ssh-multi.noarch 0-1.1-1.el6 - u
---> Package rubygem-netaddr.noarch 0:1.5.0-2.el6 set to be updated
Checking deps for rubygem-netaddr.noarch 0-1.5.0-2.el6 - u
---> Package rubygem-ohai.noarch 0:6.14.0-1.el6 set to be updated
Checking deps for rubygem-ohai.noarch 0-6.14.0-1.el6 - u
---> Package rubygem-openstack.noarch 0:1.1.2-2.el6 set to be updated
Checking deps for rubygem-openstack.noarch 0-1.1.2-2.el6 - u
---> Package rubygem-polyglot.noarch 0:0.3.3-1.el6 set to be updated
Checking deps for rubygem-polyglot.noarch 0-0.3.3-1.el6 - u
---> Package rubygem-rack.noarch 1:1.1.0-2.el6 set to be updated
Checking deps for rubygem-rack.noarch 1-1.1.0-2.el6 - u
---> Package rubygem-rack-mount.noarch 0:0.6.14-1.el6 set to be updated
Checking deps for rubygem-rack-mount.noarch 0-0.6.14-1.el6 - u
---> Package rubygem-rack-test.noarch 0:0.5.7-1.el6 set to be updated
Checking deps for rubygem-rack-test.noarch 0-0.5.7-1.el6 - u
---> Package rubygem-raemon.noarch 0:0.3.0-1.el6 set to be updated
Checking deps for rubygem-raemon.noarch 0-0.3.0-1.el6 - u
---> Package rubygem-rake.noarch 0:0.8.7-2.1.el6 set to be updated
Checking deps for rubygem-rake.noarch 0-0.8.7-2.1.el6 - u
---> Package rubygem-rdoc.noarch 0:3.12.2-1.el6 set to be updated
Checking deps for rubygem-rdoc.noarch 0-3.12.2-1.el6 - u
---> Package rubygem-rest-client.noarch 0:1.6.1-2.el6 set to be updated
Checking deps for rubygem-rest-client.noarch 0-1.6.1-2.el6 - u
---> Package rubygem-rethtool.noarch 0:0.0.3-2.mira1 set to be updated
Checking deps for rubygem-rethtool.noarch 0-0.0.3-2.mira1 - u
---> Package rubygem-stomp.noarch 0:1.2.16-1.el6 set to be updated
Checking deps for rubygem-stomp.noarch 0-1.2.16-1.el6 - u
---> Package rubygem-stomp-doc.noarch 0:1.2.16-1.el6 set to be updated
Checking deps for rubygem-stomp-doc.noarch 0-1.2.16-1.el6 - u
---> Package rubygem-symboltable.noarch 0:1.0.2-1 set to be updated
Checking deps for rubygem-symboltable.noarch 0-1.0.2-1 - u
---> Package rubygem-systemu.noarch 0:2.5.2-1.el6 set to be updated
Checking deps for rubygem-systemu.noarch 0-2.5.2-1.el6 - u
---> Package rubygem-thin.x86_64 0:1.2.8-4.el6 set to be updated
Checking deps for rubygem-thin.x86_64 0-1.2.8-4.el6 - u
---> Package rubygem-thin-doc.x86_64 0:1.2.8-4.el6 set to be updated
Checking deps for rubygem-thin-doc.x86_64 0-1.2.8-4.el6 - u
---> Package rubygem-thor.noarch 0:0.14.6-1.el6 set to be updated
Checking deps for rubygem-thor.noarch 0-0.14.6-1.el6 - u
---> Package rubygem-treetop.noarch 0:1.4.10-1.el6 set to be updated
Checking deps for rubygem-treetop.noarch 0-1.4.10-1.el6 - u
---> Package rubygem-tzinfo.noarch 0:0.3.37-1.el6 set to be updated
Checking deps for rubygem-tzinfo.noarch 0-0.3.37-1.el6 - u
---> Package rubygem-uuidtools.noarch 0:2.1.2-1.el6 set to be updated
Checking deps for rubygem-uuidtools.noarch 0-2.1.2-1.el6 - u
---> Package rubygem-yajl-ruby.x86_64 0:1.1.0-1.el6 set to be updated
Checking deps for rubygem-yajl-ruby.x86_64 0-1.1.0-1.el6 - u
---> Package rubygems.noarch 0:1.3.7-5.el6 set to be updated
Checking deps for rubygems.noarch 0-1.3.7-5.el6 - u
---> Package sahara.noarch 0:2014.2.rc1-fuel6.0.mira5 set to be updated
Checking deps for sahara.noarch 0-2014.2.rc1-fuel6.0.mira5 - u
sahara-2014.2.rc1-fuel6.0.mira5.noarch requires: python-cm-api >= 0.7
--> Processing Dependency: python-cm-api >= 0.7 for package: sahara-2014.2.rc1-fuel6.0.mira5.noarch
Searching pkgSack for dep: python-cm-api
Potential match for python-cm-api from python-cm-api-7.0-2.mira1.noarch
Matched python-cm-api-7.0-2.mira1.noarch to require for python-cm-api
TSINFO: Marking python-cm-api-7.0-2.mira1.noarch as install for sahara-2014.2.rc1-fuel6.0.mira5.noarch
---> Package scapy.noarch 0:2.0.0.10-5.el6 set to be updated
Checking deps for scapy.noarch 0-2.0.0.10-5.el6 - u
---> Package scl-utils.x86_64 0:20120927-8.el6 set to be updated
Checking deps for scl-utils.x86_64 0-20120927-8.el6 - u
---> Package screen.x86_64 0:4.0.3-16.el6 set to be updated
Checking deps for screen.x86_64 0-4.0.3-16.el6 - u
screen-4.0.3-16.el6.x86_64 requires: libutempter.so.0()(64bit)
--> Processing Dependency: libutempter.so.0()(64bit) for package: screen-4.0.3-16.el6.x86_64
Searching pkgSack for dep: libutempter.so.0()(64bit)
Potential match for libutempter.so.0()(64bit) from libutempter-1.1.5-4.1.el6.x86_64
Matched libutempter-1.1.5-4.1.el6.x86_64 to require for libutempter.so.0()(64bit)
TSINFO: Marking libutempter-1.1.5-4.1.el6.x86_64 as install for screen-4.0.3-16.el6.x86_64
---> Package selinux-policy.noarch 0:3.7.19-231.el6_5.3 set to be updated
Checking deps for selinux-policy.noarch 0-3.7.19-231.el6_5.3 - u
---> Package selinux-policy-targeted.noarch 0:3.7.19-231.el6_5.3 set to be updated
Checking deps for selinux-policy-targeted.noarch 0-3.7.19-231.el6_5.3 - u
---> Package send2syslog.x86_64 0:0.1-1.el6 set to be updated
Checking deps for send2syslog.x86_64 0-0.1-1.el6 - u
---> Package setserial.x86_64 0:2.17-25.el6 set to be updated
Checking deps for setserial.x86_64 0-2.17-25.el6 - u
---> Package setup.noarch 0:2.8.14-20.el6_4.1 set to be updated
Checking deps for setup.noarch 0-2.8.14-20.el6_4.1 - u
---> Package setuptool.x86_64 0:1.19.9-4.el6 set to be updated
Checking deps for setuptool.x86_64 0-1.19.9-4.el6 - u
---> Package shadow-utils.x86_64 2:4.1.4.2-13.el6 set to be updated
Checking deps for shadow-utils.x86_64 2-4.1.4.2-13.el6 - u
---> Package sheepdog.x86_64 0:0.2.3-2.el6 set to be updated
Checking deps for sheepdog.x86_64 0-0.2.3-2.el6 - u
---> Package shotgun.noarch 0:0.1.0-177 set to be updated
Checking deps for shotgun.noarch 0-0.1.0-177 - u
shotgun-0.1.0-177.noarch requires: python-fabric = 1.7.0
--> Processing Dependency: python-fabric = 1.7.0 for package: shotgun-0.1.0-177.noarch
Searching pkgSack for dep: python-fabric
Potential match for python-fabric from python-fabric-1.7.0-1.el6.noarch
Matched python-fabric-1.7.0-1.el6.noarch to require for python-fabric
TSINFO: Marking python-fabric-1.7.0-1.el6.noarch as install for shotgun-0.1.0-177.noarch
---> Package smartmontools.x86_64 1:5.43-1.el6 set to be updated
Checking deps for smartmontools.x86_64 1-5.43-1.el6 - u
---> Package snappy.x86_64 0:1.0.5-1.el6 set to be updated
Checking deps for snappy.x86_64 0-1.0.5-1.el6 - u
---> Package socat.x86_64 0:1.7.2.2-1.el6 set to be updated
Checking deps for socat.x86_64 0-1.7.2.2-1.el6 - u
---> Package sos.noarch 0:2.2-47.el6.centos.1 set to be updated
Checking deps for sos.noarch 0-2.2-47.el6.centos.1 - u
---> Package sphinxcontrib-actdiag.noarch 0:0.5.1-3 set to be updated
Checking deps for sphinxcontrib-actdiag.noarch 0-0.5.1-3 - u
---> Package sphinxcontrib-blockdiag.noarch 0:1.2.0-3 set to be updated
Checking deps for sphinxcontrib-blockdiag.noarch 0-1.2.0-3 - u
---> Package sphinxcontrib-nwdiag.noarch 0:0.6.1-3 set to be updated
Checking deps for sphinxcontrib-nwdiag.noarch 0-0.6.1-3 - u
---> Package sphinxcontrib-seqdiag.noarch 0:0.5.1-3 set to be updated
Checking deps for sphinxcontrib-seqdiag.noarch 0-0.5.1-3 - u
---> Package strace.x86_64 0:4.5.19-1.17.el6 set to be updated
Checking deps for strace.x86_64 0-4.5.19-1.17.el6 - u
---> Package subscription-manager.x86_64 0:1.1.23.1-1.el6 set to be updated
Checking deps for subscription-manager.x86_64 0-1.1.23.1-1.el6 - u
---> Package sudo.x86_64 0:1.8.6p3-12.el6 set to be updated
Checking deps for sudo.x86_64 0-1.8.6p3-12.el6 - u
---> Package supervisor.noarch 0:3.0a12-0.12.el6 set to be updated
Checking deps for supervisor.noarch 0-3.0a12-0.12.el6 - u
---> Package syslinux.x86_64 0:4.02-8.el6 set to be updated
Checking deps for syslinux.x86_64 0-4.02-8.el6 - u
---> Package sysstat.x86_64 0:9.0.4-22.el6 set to be updated
Checking deps for sysstat.x86_64 0-9.0.4-22.el6 - u
---> Package system-config-firewall-base.noarch 0:1.2.27-5.el6 set to be updated
Checking deps for system-config-firewall-base.noarch 0-1.2.27-5.el6 - u
---> Package system-config-firewall-tui.noarch 0:1.2.27-5.el6 set to be updated
Checking deps for system-config-firewall-tui.noarch 0-1.2.27-5.el6 - u
---> Package system-config-network-tui.noarch 0:1.6.0.el6.2-1.el6 set to be updated
Checking deps for system-config-network-tui.noarch 0-1.6.0.el6.2-1.el6 - u
system-config-network-tui-1.6.0.el6.2-1.el6.noarch requires: python-iwlib
--> Processing Dependency: python-iwlib for package: system-config-network-tui-1.6.0.el6.2-1.el6.noarch
Searching pkgSack for dep: python-iwlib
Potential match for python-iwlib from python-iwlib-0.1-1.2.el6.x86_64
Matched python-iwlib-0.1-1.2.el6.x86_64 to require for python-iwlib
TSINFO: Marking python-iwlib-0.1-1.2.el6.x86_64 as install for system-config-network-tui-1.6.0.el6.2-1.el6.noarch
---> Package systemtap-runtime.x86_64 0:2.3-4.el6_5 set to be updated
Checking deps for systemtap-runtime.x86_64 0-2.3-4.el6_5 - u
---> Package tcpdump.x86_64 14:4.0.0-3.20090921gitdf3cb4.2.el6 set to be updated
Checking deps for tcpdump.x86_64 14-4.0.0-3.20090921gitdf3cb4.2.el6 - u
---> Package tcsh.x86_64 0:6.17-24.el6 set to be updated
Checking deps for tcsh.x86_64 0-6.17-24.el6 - u
---> Package tftp-server.x86_64 0:0.49-7.el6 set to be updated
Checking deps for tftp-server.x86_64 0-0.49-7.el6 - u
---> Package time.x86_64 0:1.7-37.1.el6 set to be updated
Checking deps for time.x86_64 0-1.7-37.1.el6 - u
---> Package tinyproxy.x86_64 0:1.8.2-1.el6 set to be updated
Checking deps for tinyproxy.x86_64 0-1.8.2-1.el6 - u
---> Package tmpwatch.x86_64 0:2.9.16-4.el6 set to be updated
Checking deps for tmpwatch.x86_64 0-2.9.16-4.el6 - u
---> Package tmux.x86_64 0:1.6-3.el6 set to be updated
Checking deps for tmux.x86_64 0-1.6-3.el6 - u
---> Package traceroute.x86_64 3:2.0.14-2.el6 set to be updated
Checking deps for traceroute.x86_64 3-2.0.14-2.el6 - u
---> Package unzip.x86_64 0:6.0-1.el6 set to be updated
Checking deps for unzip.x86_64 0-6.0-1.el6 - u
---> Package usbutils.x86_64 0:003-4.el6 set to be updated
Checking deps for usbutils.x86_64 0-003-4.el6 - u
usbutils-003-4.el6.x86_64 requires: libusb-1.0.so.0()(64bit)
--> Processing Dependency: libusb-1.0.so.0()(64bit) for package: usbutils-003-4.el6.x86_64
Searching pkgSack for dep: libusb-1.0.so.0()(64bit)
Potential match for libusb-1.0.so.0()(64bit) from libusbx-1.0.18-1.mira1.x86_64
Matched libusbx-1.0.18-1.mira1.x86_64 to require for libusb-1.0.so.0()(64bit)
TSINFO: Marking libusbx-1.0.18-1.mira1.x86_64 as install for usbutils-003-4.el6.x86_64
---> Package usermode.x86_64 0:1.102-3.el6 set to be updated
Checking deps for usermode.x86_64 0-1.102-3.el6 - u
---> Package util-linux-ng.x86_64 0:2.17.2-12.14.el6_5 set to be updated
Checking deps for util-linux-ng.x86_64 0-2.17.2-12.14.el6_5 - u
---> Package uwsgi.x86_64 0:2.0.3-1.mw.mira1 set to be updated
Checking deps for uwsgi.x86_64 0-2.0.3-1.mw.mira1 - u
---> Package uwsgi-plugin-common.x86_64 0:2.0.3-1.mw.mira1 set to be updated
Checking deps for uwsgi-plugin-common.x86_64 0-2.0.3-1.mw.mira1 - u
---> Package uwsgi-plugin-python.x86_64 0:2.0.3-1.mw.mira1 set to be updated
Checking deps for uwsgi-plugin-python.x86_64 0-2.0.3-1.mw.mira1 - u
---> Package v8.x86_64 1:3.14.5.7-3.el6 set to be updated
Checking deps for v8.x86_64 1-3.14.5.7-3.el6 - u
---> Package vconfig.x86_64 0:1.9-8.1.el6 set to be updated
Checking deps for vconfig.x86_64 0-1.9-8.1.el6 - u
---> Package vim-enhanced.x86_64 2:7.2.411-1.8.el6 set to be updated
Checking deps for vim-enhanced.x86_64 2-7.2.411-1.8.el6 - u
2:vim-enhanced-7.2.411-1.8.el6.x86_64 requires: vim-common = 2:7.2.411-1.8.el6
--> Processing Dependency: vim-common = 2:7.2.411-1.8.el6 for package: 2:vim-enhanced-7.2.411-1.8.el6.x86_64
Searching pkgSack for dep: vim-common
Potential match for vim-common from 2:vim-common-7.2.411-1.8.el6.x86_64
Matched 2:vim-common-7.2.411-1.8.el6.x86_64 to require for vim-common
TSINFO: Marking 2:vim-common-7.2.411-1.8.el6.x86_64 as install for 2:vim-enhanced-7.2.411-1.8.el6.x86_64
---> Package vim-minimal.x86_64 2:7.2.411-1.8.el6 set to be updated
Checking deps for vim-minimal.x86_64 2-7.2.411-1.8.el6 - u
---> Package virt-what.x86_64 0:1.11-1.2.el6 set to be updated
Checking deps for virt-what.x86_64 0-1.11-1.2.el6 - u
---> Package wget.x86_64 0:1.12-1.11.el6_5 set to be updated
Checking deps for wget.x86_64 0-1.12-1.11.el6_5 - u
---> Package whatmask.x86_64 0:1.2-7.el6 set to be updated
Checking deps for whatmask.x86_64 0-1.2-7.el6 - u
---> Package which.x86_64 0:2.19-6.el6 set to be updated
Checking deps for which.x86_64 0-2.19-6.el6 - u
---> Package wireless-tools.x86_64 1:29-5.1.1.el6 set to be updated
Checking deps for wireless-tools.x86_64 1-29-5.1.1.el6 - u
1:wireless-tools-29-5.1.1.el6.x86_64 requires: crda
--> Processing Dependency: crda for package: 1:wireless-tools-29-5.1.1.el6.x86_64
Searching pkgSack for dep: crda
Potential match for crda from crda-1.1.1_2010.11.22-1.el6.x86_64
Matched crda-1.1.1_2010.11.22-1.el6.x86_64 to require for crda
TSINFO: Marking crda-1.1.1_2010.11.22-1.el6.x86_64 as install for 1:wireless-tools-29-5.1.1.el6.x86_64
---> Package wireshark.x86_64 0:1.8.10-7.el6_5 set to be updated
Checking deps for wireshark.x86_64 0-1.8.10-7.el6_5 - u
wireshark-1.8.10-7.el6_5.x86_64 requires: libsmi.so.2()(64bit)
--> Processing Dependency: libsmi.so.2()(64bit) for package: wireshark-1.8.10-7.el6_5.x86_64
Searching pkgSack for dep: libsmi.so.2()(64bit)
Potential match for libsmi.so.2()(64bit) from libsmi-0.4.8-4.el6.x86_64
Matched libsmi-0.4.8-4.el6.x86_64 to require for libsmi.so.2()(64bit)
TSINFO: Marking libsmi-0.4.8-4.el6.x86_64 as install for wireshark-1.8.10-7.el6_5.x86_64
---> Package words.noarch 0:3.0-17.el6 set to be updated
Checking deps for words.noarch 0-3.0-17.el6 - u
---> Package wxBase.x86_64 0:2.8.12-2.el6 set to be updated
Checking deps for wxBase.x86_64 0-2.8.12-2.el6 - u
---> Package wxGTK.x86_64 0:2.8.12-2.el6 set to be updated
Checking deps for wxGTK.x86_64 0-2.8.12-2.el6 - u
wxGTK-2.8.12-2.el6.x86_64 requires: libfreetype.so.6()(64bit)
--> Processing Dependency: libfreetype.so.6()(64bit) for package: wxGTK-2.8.12-2.el6.x86_64
Searching pkgSack for dep: libfreetype.so.6()(64bit)
Potential match for libfreetype.so.6()(64bit) from freetype-2.3.11-14.el6_3.1.x86_64
Matched freetype-2.3.11-14.el6_3.1.x86_64 to require for libfreetype.so.6()(64bit)
TSINFO: Marking freetype-2.3.11-14.el6_3.1.x86_64 as install for wxGTK-2.8.12-2.el6.x86_64
wxGTK-2.8.12-2.el6.x86_64 requires: libgdk_pixbuf-2.0.so.0()(64bit)
--> Processing Dependency: libgdk_pixbuf-2.0.so.0()(64bit) for package: wxGTK-2.8.12-2.el6.x86_64
Searching pkgSack for dep: libgdk_pixbuf-2.0.so.0()(64bit)
Potential match for libgdk_pixbuf-2.0.so.0()(64bit) from gtk2-2.20.1-4.el6.x86_64
Matched gtk2-2.20.1-4.el6.x86_64 to require for libgdk_pixbuf-2.0.so.0()(64bit)
TSINFO: Marking gtk2-2.20.1-4.el6.x86_64 as install for wxGTK-2.8.12-2.el6.x86_64
wxGTK-2.8.12-2.el6.x86_64 requires: libgdk-x11-2.0.so.0()(64bit)
--> Processing Dependency: libgdk-x11-2.0.so.0()(64bit) for package: wxGTK-2.8.12-2.el6.x86_64
Quick matched gtk2-2.20.1-4.el6.x86_64 to require for libgdk-x11-2.0.so.0()(64bit)
wxGTK-2.8.12-2.el6.x86_64 requires: libfontconfig.so.1()(64bit)
--> Processing Dependency: libfontconfig.so.1()(64bit) for package: wxGTK-2.8.12-2.el6.x86_64
Searching pkgSack for dep: libfontconfig.so.1()(64bit)
Potential match for libfontconfig.so.1()(64bit) from fontconfig-2.8.0-3.el6.x86_64
Matched fontconfig-2.8.0-3.el6.x86_64 to require for libfontconfig.so.1()(64bit)
TSINFO: Marking fontconfig-2.8.0-3.el6.x86_64 as install for wxGTK-2.8.12-2.el6.x86_64
wxGTK-2.8.12-2.el6.x86_64 requires: libatk-1.0.so.0()(64bit)
--> Processing Dependency: libatk-1.0.so.0()(64bit) for package: wxGTK-2.8.12-2.el6.x86_64
Searching pkgSack for dep: libatk-1.0.so.0()(64bit)
Potential match for libatk-1.0.so.0()(64bit) from atk-1.30.0-1.el6.x86_64
Matched atk-1.30.0-1.el6.x86_64 to require for libatk-1.0.so.0()(64bit)
TSINFO: Marking atk-1.30.0-1.el6.x86_64 as install for wxGTK-2.8.12-2.el6.x86_64
wxGTK-2.8.12-2.el6.x86_64 requires: libpango-1.0.so.0()(64bit)
--> Processing Dependency: libpango-1.0.so.0()(64bit) for package: wxGTK-2.8.12-2.el6.x86_64
Searching pkgSack for dep: libpango-1.0.so.0()(64bit)
Potential match for libpango-1.0.so.0()(64bit) from pango-1.28.1-7.el6_3.x86_64
Matched pango-1.28.1-7.el6_3.x86_64 to require for libpango-1.0.so.0()(64bit)
TSINFO: Marking pango-1.28.1-7.el6_3.x86_64 as install for wxGTK-2.8.12-2.el6.x86_64
wxGTK-2.8.12-2.el6.x86_64 requires: libXinerama.so.1()(64bit)
--> Processing Dependency: libXinerama.so.1()(64bit) for package: wxGTK-2.8.12-2.el6.x86_64
Searching pkgSack for dep: libXinerama.so.1()(64bit)
Potential match for libXinerama.so.1()(64bit) from libXinerama-1.1.2-2.el6.x86_64
Matched libXinerama-1.1.2-2.el6.x86_64 to require for libXinerama.so.1()(64bit)
TSINFO: Marking libXinerama-1.1.2-2.el6.x86_64 as install for wxGTK-2.8.12-2.el6.x86_64
wxGTK-2.8.12-2.el6.x86_64 requires: libtiff.so.3()(64bit)
--> Processing Dependency: libtiff.so.3()(64bit) for package: wxGTK-2.8.12-2.el6.x86_64
Searching pkgSack for dep: libtiff.so.3()(64bit)
Potential match for libtiff.so.3()(64bit) from libtiff-3.9.4-10.el6_5.x86_64
Matched libtiff-3.9.4-10.el6_5.x86_64 to require for libtiff.so.3()(64bit)
TSINFO: Marking libtiff-3.9.4-10.el6_5.x86_64 as install for wxGTK-2.8.12-2.el6.x86_64
wxGTK-2.8.12-2.el6.x86_64 requires: libSM.so.6()(64bit)
--> Processing Dependency: libSM.so.6()(64bit) for package: wxGTK-2.8.12-2.el6.x86_64
Searching pkgSack for dep: libSM.so.6()(64bit)
Potential match for libSM.so.6()(64bit) from libSM-1.2.1-2.el6.x86_64
Matched libSM-1.2.1-2.el6.x86_64 to require for libSM.so.6()(64bit)
TSINFO: Marking libSM-1.2.1-2.el6.x86_64 as install for wxGTK-2.8.12-2.el6.x86_64
wxGTK-2.8.12-2.el6.x86_64 requires: libXxf86vm.so.1()(64bit)
--> Processing Dependency: libXxf86vm.so.1()(64bit) for package: wxGTK-2.8.12-2.el6.x86_64
Searching pkgSack for dep: libXxf86vm.so.1()(64bit)
Potential match for libXxf86vm.so.1()(64bit) from libXxf86vm-1.1.2-2.el6.x86_64
Matched libXxf86vm-1.1.2-2.el6.x86_64 to require for libXxf86vm.so.1()(64bit)
TSINFO: Marking libXxf86vm-1.1.2-2.el6.x86_64 as install for wxGTK-2.8.12-2.el6.x86_64
wxGTK-2.8.12-2.el6.x86_64 requires: libgtk-x11-2.0.so.0()(64bit)
--> Processing Dependency: libgtk-x11-2.0.so.0()(64bit) for package: wxGTK-2.8.12-2.el6.x86_64
Searching pkgSack for dep: libgtk-x11-2.0.so.0()(64bit)
Potential match for libgtk-x11-2.0.so.0()(64bit) from gtk2-2.20.1-4.el6.x86_64
Matched gtk2-2.20.1-4.el6.x86_64 to require for libgtk-x11-2.0.so.0()(64bit)
gtk2-2.20.1-4.el6.x86_64 already in ts, skipping this one
wxGTK-2.8.12-2.el6.x86_64 requires: libSDL-1.2.so.0()(64bit)
--> Processing Dependency: libSDL-1.2.so.0()(64bit) for package: wxGTK-2.8.12-2.el6.x86_64
Searching pkgSack for dep: libSDL-1.2.so.0()(64bit)
Potential match for libSDL-1.2.so.0()(64bit) from SDL-1.2.14-3.el6.x86_64
Matched SDL-1.2.14-3.el6.x86_64 to require for libSDL-1.2.so.0()(64bit)
TSINFO: Marking SDL-1.2.14-3.el6.x86_64 as install for wxGTK-2.8.12-2.el6.x86_64
wxGTK-2.8.12-2.el6.x86_64 requires: libpangoft2-1.0.so.0()(64bit)
--> Processing Dependency: libpangoft2-1.0.so.0()(64bit) for package: wxGTK-2.8.12-2.el6.x86_64
Searching pkgSack for dep: libpangoft2-1.0.so.0()(64bit)
Potential match for libpangoft2-1.0.so.0()(64bit) from pango-1.28.1-7.el6_3.x86_64
Matched pango-1.28.1-7.el6_3.x86_64 to require for libpangoft2-1.0.so.0()(64bit)
pango-1.28.1-7.el6_3.x86_64 already in ts, skipping this one
---> Package wxGTK-gl.x86_64 0:2.8.12-2.el6 set to be updated
Checking deps for wxGTK-gl.x86_64 0-2.8.12-2.el6 - u
---> Package xfsprogs.x86_64 0:3.1.1-14.el6 set to be updated
Checking deps for xfsprogs.x86_64 0-3.1.1-14.el6 - u
---> Package xinetd.x86_64 2:2.3.14-39.el6_4 set to be updated
Checking deps for xinetd.x86_64 2-2.3.14-39.el6_4 - u
---> Package xorg-x11-drv-ati-firmware.noarch 0:20140317-35.gitdec41bce.mira1 set to be updated
Checking deps for xorg-x11-drv-ati-firmware.noarch 0-20140317-35.gitdec41bce.mira1 - u
---> Package xz.x86_64 0:4.999.9-0.3.beta.20091007git.el6 set to be updated
Checking deps for xz.x86_64 0-4.999.9-0.3.beta.20091007git.el6 - u
---> Package yum.noarch 0:3.2.29-40.el6.centos set to be updated
Checking deps for yum.noarch 0-3.2.29-40.el6.centos - u
yum-3.2.29-40.el6.centos.noarch requires: yum-metadata-parser >= 1.1.0
--> Processing Dependency: yum-metadata-parser >= 1.1.0 for package: yum-3.2.29-40.el6.centos.noarch
Searching pkgSack for dep: yum-metadata-parser
Potential match for yum-metadata-parser from yum-metadata-parser-1.1.2-16.el6.x86_64
Matched yum-metadata-parser-1.1.2-16.el6.x86_64 to require for yum-metadata-parser
TSINFO: Marking yum-metadata-parser-1.1.2-16.el6.x86_64 as install for yum-3.2.29-40.el6.centos.noarch
yum-3.2.29-40.el6.centos.noarch requires: pygpgme
--> Processing Dependency: pygpgme for package: yum-3.2.29-40.el6.centos.noarch
Searching pkgSack for dep: pygpgme
Potential match for pygpgme from pygpgme-0.1-18.20090824bzr68.el6.x86_64
Matched pygpgme-0.1-18.20090824bzr68.el6.x86_64 to require for pygpgme
TSINFO: Marking pygpgme-0.1-18.20090824bzr68.el6.x86_64 as install for yum-3.2.29-40.el6.centos.noarch
yum-3.2.29-40.el6.centos.noarch requires: yum-plugin-fastestmirror
--> Processing Dependency: yum-plugin-fastestmirror for package: yum-3.2.29-40.el6.centos.noarch
Searching pkgSack for dep: yum-plugin-fastestmirror
Potential match for yum-plugin-fastestmirror from yum-plugin-fastestmirror-1.1.30-17.el6_5.noarch
Matched yum-plugin-fastestmirror-1.1.30-17.el6_5.noarch to require for yum-plugin-fastestmirror
TSINFO: Marking yum-plugin-fastestmirror-1.1.30-17.el6_5.noarch as install for yum-3.2.29-40.el6.centos.noarch
---> Package yum.noarch 0:3.2.29-43.el6.centos set to be updated
Checking deps for yum.noarch 0-3.2.29-43.el6.centos - u
---> Package yum-plugin-security.noarch 0:1.1.30-17.el6_5 set to be updated
Checking deps for yum-plugin-security.noarch 0-1.1.30-17.el6_5 - u
---> Package yum-utils.noarch 0:1.1.30-14.el6 set to be updated
Checking deps for yum-utils.noarch 0-1.1.30-14.el6 - u
---> Package yum-utils.noarch 0:1.1.30-17.el6_5 set to be updated
Checking deps for yum-utils.noarch 0-1.1.30-17.el6_5 - u
---> Package zabbix.x86_64 0:2.2.2-1.el6 set to be updated
Checking deps for zabbix.x86_64 0-2.2.2-1.el6 - u
---> Package zabbix-agent.x86_64 0:2.2.2-1.el6 set to be updated
Checking deps for zabbix-agent.x86_64 0-2.2.2-1.el6 - u
---> Package zabbix-sender.x86_64 0:2.2.2-1.el6 set to be updated
Checking deps for zabbix-sender.x86_64 0-2.2.2-1.el6 - u
---> Package zabbix-server.x86_64 0:2.2.2-1.el6 set to be updated
Checking deps for zabbix-server.x86_64 0-2.2.2-1.el6 - u
zabbix-server-2.2.2-1.el6.x86_64 requires: OpenIPMI-libs >= 2.0.14
--> Processing Dependency: OpenIPMI-libs >= 2.0.14 for package: zabbix-server-2.2.2-1.el6.x86_64
Searching pkgSack for dep: OpenIPMI-libs
Potential match for OpenIPMI-libs from OpenIPMI-libs-2.0.16-14.el6.x86_64
Matched OpenIPMI-libs-2.0.16-14.el6.x86_64 to require for OpenIPMI-libs
TSINFO: Marking OpenIPMI-libs-2.0.16-14.el6.x86_64 as install for zabbix-server-2.2.2-1.el6.x86_64
zabbix-server-2.2.2-1.el6.x86_64 requires: iksemel
--> Processing Dependency: iksemel for package: zabbix-server-2.2.2-1.el6.x86_64
Searching pkgSack for dep: iksemel
Potential match for iksemel from iksemel-1.4-2.mira1.x86_64
Matched iksemel-1.4-2.mira1.x86_64 to require for iksemel
TSINFO: Marking iksemel-1.4-2.mira1.x86_64 as install for zabbix-server-2.2.2-1.el6.x86_64
zabbix-server-2.2.2-1.el6.x86_64 requires: net-snmp
--> Processing Dependency: net-snmp for package: zabbix-server-2.2.2-1.el6.x86_64
Searching pkgSack for dep: net-snmp
Potential match for net-snmp from 1:net-snmp-5.5-49.el6_5.1.x86_64
Matched 1:net-snmp-5.5-49.el6_5.1.x86_64 to require for net-snmp
TSINFO: Marking 1:net-snmp-5.5-49.el6_5.1.x86_64 as install for zabbix-server-2.2.2-1.el6.x86_64
zabbix-server-2.2.2-1.el6.x86_64 requires: fping
--> Processing Dependency: fping for package: zabbix-server-2.2.2-1.el6.x86_64
Searching pkgSack for dep: fping
Potential match for fping from fping-2.4b2-16.mira1.x86_64
Matched fping-2.4b2-16.mira1.x86_64 to require for fping
TSINFO: Marking fping-2.4b2-16.mira1.x86_64 as install for zabbix-server-2.2.2-1.el6.x86_64
---> Package zabbix-server-mysql.x86_64 0:2.2.2-1.el6 set to be updated
Checking deps for zabbix-server-mysql.x86_64 0-2.2.2-1.el6 - u
zabbix-server-mysql-2.2.2-1.el6.x86_64 requires: libnetsnmp.so.20()(64bit)
--> Processing Dependency: libnetsnmp.so.20()(64bit) for package: zabbix-server-mysql-2.2.2-1.el6.x86_64
Searching pkgSack for dep: libnetsnmp.so.20()(64bit)
Potential match for libnetsnmp.so.20()(64bit) from 1:net-snmp-libs-5.5-49.el6_5.1.x86_64
Matched 1:net-snmp-libs-5.5-49.el6_5.1.x86_64 to require for libnetsnmp.so.20()(64bit)
TSINFO: Marking 1:net-snmp-libs-5.5-49.el6_5.1.x86_64 as install for zabbix-server-mysql-2.2.2-1.el6.x86_64
---> Package zabbix-server-pgsql.x86_64 0:2.2.2-1.el6 set to be updated
Checking deps for zabbix-server-pgsql.x86_64 0-2.2.2-1.el6 - u
---> Package zabbix-web.noarch 0:2.2.2-1.el6 set to be updated
Checking deps for zabbix-web.noarch 0-2.2.2-1.el6 - u
zabbix-web-2.2.2-1.el6.noarch requires: php-xml
--> Processing Dependency: php-xml for package: zabbix-web-2.2.2-1.el6.noarch
Searching pkgSack for dep: php-xml
Potential match for php-xml from php-xml-5.3.3-27.el6_5.x86_64
Matched php-xml-5.3.3-27.el6_5.x86_64 to require for php-xml
TSINFO: Marking php-xml-5.3.3-27.el6_5.x86_64 as install for zabbix-web-2.2.2-1.el6.noarch
zabbix-web-2.2.2-1.el6.noarch requires: php-gd
--> Processing Dependency: php-gd for package: zabbix-web-2.2.2-1.el6.noarch
Searching pkgSack for dep: php-gd
Potential match for php-gd from php-gd-5.3.3-27.el6_5.x86_64
Matched php-gd-5.3.3-27.el6_5.x86_64 to require for php-gd
TSINFO: Marking php-gd-5.3.3-27.el6_5.x86_64 as install for zabbix-web-2.2.2-1.el6.noarch
zabbix-web-2.2.2-1.el6.noarch requires: php-mbstring
--> Processing Dependency: php-mbstring for package: zabbix-web-2.2.2-1.el6.noarch
Searching pkgSack for dep: php-mbstring
Potential match for php-mbstring from php-mbstring-5.3.3-27.el6_5.x86_64
Matched php-mbstring-5.3.3-27.el6_5.x86_64 to require for php-mbstring
TSINFO: Marking php-mbstring-5.3.3-27.el6_5.x86_64 as install for zabbix-web-2.2.2-1.el6.noarch
zabbix-web-2.2.2-1.el6.noarch requires: dejavu-sans-fonts
--> Processing Dependency: dejavu-sans-fonts for package: zabbix-web-2.2.2-1.el6.noarch
Searching pkgSack for dep: dejavu-sans-fonts
Potential match for dejavu-sans-fonts from dejavu-sans-fonts-2.30-2.el6.noarch
Matched dejavu-sans-fonts-2.30-2.el6.noarch to require for dejavu-sans-fonts
TSINFO: Marking dejavu-sans-fonts-2.30-2.el6.noarch as install for zabbix-web-2.2.2-1.el6.noarch
zabbix-web-2.2.2-1.el6.noarch requires: php-bcmath
--> Processing Dependency: php-bcmath for package: zabbix-web-2.2.2-1.el6.noarch
Searching pkgSack for dep: php-bcmath
Potential match for php-bcmath from php-bcmath-5.3.3-27.el6_5.x86_64
Matched php-bcmath-5.3.3-27.el6_5.x86_64 to require for php-bcmath
TSINFO: Marking php-bcmath-5.3.3-27.el6_5.x86_64 as install for zabbix-web-2.2.2-1.el6.noarch
---> Package zabbix-web-mysql.noarch 0:2.2.2-1.el6 set to be updated
Checking deps for zabbix-web-mysql.noarch 0-2.2.2-1.el6 - u
zabbix-web-mysql-2.2.2-1.el6.noarch requires: php-mysql
--> Processing Dependency: php-mysql for package: zabbix-web-mysql-2.2.2-1.el6.noarch
Searching pkgSack for dep: php-mysql
Potential match for php-mysql from php-mysql-5.3.3-27.el6_5.x86_64
Matched php-mysql-5.3.3-27.el6_5.x86_64 to require for php-mysql
TSINFO: Marking php-mysql-5.3.3-27.el6_5.x86_64 as install for zabbix-web-mysql-2.2.2-1.el6.noarch
---> Package zabbix-web-pgsql.noarch 0:2.2.2-1.el6 set to be updated
Checking deps for zabbix-web-pgsql.noarch 0-2.2.2-1.el6 - u
zabbix-web-pgsql-2.2.2-1.el6.noarch requires: php-pgsql
--> Processing Dependency: php-pgsql for package: zabbix-web-pgsql-2.2.2-1.el6.noarch
Searching pkgSack for dep: php-pgsql
Potential match for php-pgsql from php-pgsql-5.3.3-27.el6_5.x86_64
Matched php-pgsql-5.3.3-27.el6_5.x86_64 to require for php-pgsql
TSINFO: Marking php-pgsql-5.3.3-27.el6_5.x86_64 as install for zabbix-web-pgsql-2.2.2-1.el6.noarch
---> Package zd1211-firmware.noarch 0:1.4-4.el6 set to be updated
Checking deps for zd1211-firmware.noarch 0-1.4-4.el6 - u
---> Package zeromq.x86_64 0:2.2.0-4.mira1 set to be updated
Checking deps for zeromq.x86_64 0-2.2.0-4.mira1 - u
---> Package zeromq3.x86_64 0:3.2.4-1.mira1 set to be updated
Checking deps for zeromq3.x86_64 0-3.2.4-1.mira1 - u
---> Package zip.x86_64 0:3.0-1.el6 set to be updated
Checking deps for zip.x86_64 0-3.0-1.el6 - u
---> Package zlib-devel.x86_64 0:1.2.3-29.el6 set to be updated
Checking deps for zlib-devel.x86_64 0-1.2.3-29.el6 - u
--> Running transaction check
---> Package OpenIPMI-libs.x86_64 0:2.0.16-14.el6 set to be updated
Checking deps for OpenIPMI-libs.x86_64 0-2.0.16-14.el6 - u
---> Package PyPAM.x86_64 0:0.5.0-12.el6 set to be updated
Checking deps for PyPAM.x86_64 0-0.5.0-12.el6 - u
---> Package SDL.x86_64 0:1.2.14-3.el6 set to be updated
Checking deps for SDL.x86_64 0-1.2.14-3.el6 - u
---> Package abrt.x86_64 0:2.0.8-21.el6.centos set to be updated
Checking deps for abrt.x86_64 0-2.0.8-21.el6.centos - u
---> Package abrt-libs.x86_64 0:2.0.8-21.el6.centos set to be updated
Checking deps for abrt-libs.x86_64 0-2.0.8-21.el6.centos - u
---> Package abrt-tui.x86_64 0:2.0.8-21.el6.centos set to be updated
Checking deps for abrt-tui.x86_64 0-2.0.8-21.el6.centos - u
---> Package alsa-lib.x86_64 0:1.0.22-3.el6 set to be updated
Checking deps for alsa-lib.x86_64 0-1.0.22-3.el6 - u
---> Package atk.x86_64 0:1.30.0-1.el6 set to be updated
Checking deps for atk.x86_64 0-1.30.0-1.el6 - u
---> Package atlas.x86_64 0:3.8.4-2.el6 set to be updated
Checking deps for atlas.x86_64 0-3.8.4-2.el6 - u
---> Package audit-libs.x86_64 0:2.2-4.el6_5 set to be updated
Checking deps for audit-libs.x86_64 0-2.2-4.el6_5 - u
---> Package avahi-libs.x86_64 0:0.6.25-12.el6 set to be updated
Checking deps for avahi-libs.x86_64 0-0.6.25-12.el6 - u
---> Package bind-libs.x86_64 32:9.8.2-0.23.rc1.el6_5.1 set to be updated
Checking deps for bind-libs.x86_64 32-9.8.2-0.23.rc1.el6_5.1 - u
---> Package binutils.x86_64 0:2.20.51.0.2-5.36.el6 set to be updated
Checking deps for binutils.x86_64 0-2.20.51.0.2-5.36.el6 - u
---> Package boost-filesystem.x86_64 0:1.41.0-18.el6 set to be updated
Checking deps for boost-filesystem.x86_64 0-1.41.0-18.el6 - u
---> Package boost-iostreams.x86_64 0:1.41.0-18.el6 set to be updated
Checking deps for boost-iostreams.x86_64 0-1.41.0-18.el6 - u
---> Package btparser.x86_64 0:0.17-2.el6 set to be updated
Checking deps for btparser.x86_64 0-0.17-2.el6 - u
---> Package busybox.x86_64 1:1.15.1-20.el6 set to be updated
Checking deps for busybox.x86_64 1-1.15.1-20.el6 - u
---> Package bzip2-libs.x86_64 0:1.0.5-7.el6_0 set to be updated
Checking deps for bzip2-libs.x86_64 0-1.0.5-7.el6_0 - u
---> Package ca-certificates.noarch 0:2013.1.95-65.1.el6_5 set to be updated
Checking deps for ca-certificates.noarch 0-2013.1.95-65.1.el6_5 - u
ca-certificates-2013.1.95-65.1.el6_5.noarch requires: p11-kit-trust >= 0.18.4-2
--> Processing Dependency: p11-kit-trust >= 0.18.4-2 for package: ca-certificates-2013.1.95-65.1.el6_5.noarch
Searching pkgSack for dep: p11-kit-trust
Potential match for p11-kit-trust from p11-kit-trust-0.18.5-2.el6_5.2.x86_64
Matched p11-kit-trust-0.18.5-2.el6_5.2.x86_64 to require for p11-kit-trust
TSINFO: Marking p11-kit-trust-0.18.5-2.el6_5.2.x86_64 as install for ca-certificates-2013.1.95-65.1.el6_5.noarch
ca-certificates-2013.1.95-65.1.el6_5.noarch requires: p11-kit >= 0.18.4-2
--> Processing Dependency: p11-kit >= 0.18.4-2 for package: ca-certificates-2013.1.95-65.1.el6_5.noarch
Searching pkgSack for dep: p11-kit
Potential match for p11-kit from p11-kit-0.18.5-2.el6_5.2.x86_64
Matched p11-kit-0.18.5-2.el6_5.2.x86_64 to require for p11-kit
TSINFO: Marking p11-kit-0.18.5-2.el6_5.2.x86_64 as install for ca-certificates-2013.1.95-65.1.el6_5.noarch
---> Package ccs.x86_64 0:0.16.2-69.el6_5.1 set to be updated
Checking deps for ccs.x86_64 0-0.16.2-69.el6_5.1 - u
---> Package ceph-common.x86_64 0:0.80.4-0.mira1 set to be updated
Checking deps for ceph-common.x86_64 0-0.80.4-0.mira1 - u
---> Package checkpolicy.x86_64 0:2.0.22-1.el6 set to be updated
Checking deps for checkpolicy.x86_64 0-2.0.22-1.el6 - u
---> Package chkconfig.x86_64 0:1.3.49.3-2.el6_4.1 set to be updated
Checking deps for chkconfig.x86_64 0-1.3.49.3-2.el6_4.1 - u
---> Package cifs-utils.x86_64 0:4.8.1-19.el6 set to be updated
Checking deps for cifs-utils.x86_64 0-4.8.1-19.el6 - u
cifs-utils-4.8.1-19.el6.x86_64 requires: libtalloc.so.2(TALLOC_2.0.2)(64bit)
--> Processing Dependency: libtalloc.so.2(TALLOC_2.0.2)(64bit) for package: cifs-utils-4.8.1-19.el6.x86_64
Searching pkgSack for dep: libtalloc.so.2(TALLOC_2.0.2)(64bit)
Potential match for libtalloc.so.2(TALLOC_2.0.2)(64bit) from libtalloc-2.0.7-2.el6.x86_64
Matched libtalloc-2.0.7-2.el6.x86_64 to require for libtalloc.so.2(TALLOC_2.0.2)(64bit)
TSINFO: Marking libtalloc-2.0.7-2.el6.x86_64 as install for cifs-utils-4.8.1-19.el6.x86_64
cifs-utils-4.8.1-19.el6.x86_64 requires: libtalloc.so.2()(64bit)
--> Processing Dependency: libtalloc.so.2()(64bit) for package: cifs-utils-4.8.1-19.el6.x86_64
Quick matched libtalloc-2.0.7-2.el6.x86_64 to require for libtalloc.so.2()(64bit)
cifs-utils-4.8.1-19.el6.x86_64 requires: libwbclient.so.0()(64bit)
--> Processing Dependency: libwbclient.so.0()(64bit) for package: cifs-utils-4.8.1-19.el6.x86_64
Searching pkgSack for dep: libwbclient.so.0()(64bit)
Potential match for libwbclient.so.0()(64bit) from samba-winbind-clients-3.6.9-168.el6_5.x86_64
Matched samba-winbind-clients-3.6.9-168.el6_5.x86_64 to require for libwbclient.so.0()(64bit)
TSINFO: Marking samba-winbind-clients-3.6.9-168.el6_5.x86_64 as install for cifs-utils-4.8.1-19.el6.x86_64
---> Package cloog-ppl.x86_64 0:0.15.7-1.2.el6 set to be updated
Checking deps for cloog-ppl.x86_64 0-0.15.7-1.2.el6 - u
cloog-ppl-0.15.7-1.2.el6.x86_64 requires: libppl_c.so.2()(64bit)
--> Processing Dependency: libppl_c.so.2()(64bit) for package: cloog-ppl-0.15.7-1.2.el6.x86_64
Searching pkgSack for dep: libppl_c.so.2()(64bit)
Potential match for libppl_c.so.2()(64bit) from ppl-0.10.2-11.el6.x86_64
Matched ppl-0.10.2-11.el6.x86_64 to require for libppl_c.so.2()(64bit)
TSINFO: Marking ppl-0.10.2-11.el6.x86_64 as install for cloog-ppl-0.15.7-1.2.el6.x86_64
cloog-ppl-0.15.7-1.2.el6.x86_64 requires: libppl.so.7()(64bit)
--> Processing Dependency: libppl.so.7()(64bit) for package: cloog-ppl-0.15.7-1.2.el6.x86_64
Quick matched ppl-0.10.2-11.el6.x86_64 to require for libppl.so.7()(64bit)
---> Package cloud-utils-growpart.x86_64 0:0.27-9.mira2 set to be updated
Checking deps for cloud-utils-growpart.x86_64 0-0.27-9.mira2 - u
---> Package clusterlib.x86_64 0:3.0.12.1-59.el6_5.2 set to be updated
Checking deps for clusterlib.x86_64 0-3.0.12.1-59.el6_5.2 - u
---> Package compat-readline5.x86_64 0:5.2-17.1.el6 set to be updated
Checking deps for compat-readline5.x86_64 0-5.2-17.1.el6 - u
---> Package coreutils-libs.x86_64 0:8.4-31.el6_5.2 set to be updated
Checking deps for coreutils-libs.x86_64 0-8.4-31.el6_5.2 - u
---> Package corosynclib.x86_64 0:1.4.6-26.2.mira1 set to be updated
Checking deps for corosynclib.x86_64 0-1.4.6-26.2.mira1 - u
---> Package cpp.x86_64 0:4.4.7-4.el6 set to be updated
Checking deps for cpp.x86_64 0-4.4.7-4.el6 - u
---> Package crda.x86_64 0:1.1.1_2010.11.22-1.el6 set to be updated
Checking deps for crda.x86_64 0-1.1.1_2010.11.22-1.el6 - u
crda-1.1.1_2010.11.22-1.el6.x86_64 requires: iw
--> Processing Dependency: iw for package: crda-1.1.1_2010.11.22-1.el6.x86_64
Searching pkgSack for dep: iw
Potential match for iw from iw-3.10-1.1.el6.x86_64
Matched iw-3.10-1.1.el6.x86_64 to require for iw
TSINFO: Marking iw-3.10-1.1.el6.x86_64 as install for crda-1.1.1_2010.11.22-1.el6.x86_64
---> Package createrepo.noarch 0:0.9.9-18.el6 set to be updated
Checking deps for createrepo.noarch 0-0.9.9-18.el6 - u
---> Package cryptsetup-luks-libs.x86_64 0:1.2.0-7.el6 set to be updated
Checking deps for cryptsetup-luks-libs.x86_64 0-1.2.0-7.el6 - u
---> Package cyrus-sasl.x86_64 0:2.1.23-13.el6_3.1 set to be updated
Checking deps for cyrus-sasl.x86_64 0-2.1.23-13.el6_3.1 - u
---> Package cyrus-sasl-lib.x86_64 0:2.1.23-13.el6_3.1 set to be updated
Checking deps for cyrus-sasl-lib.x86_64 0-2.1.23-13.el6_3.1 - u
---> Package db4-devel.x86_64 0:4.7.25-18.el6_4 set to be updated
Checking deps for db4-devel.x86_64 0-4.7.25-18.el6_4 - u
---> Package dbus-glib.x86_64 0:0.86-6.el6 set to be updated
Checking deps for dbus-glib.x86_64 0-0.86-6.el6 - u
---> Package dbus-libs.x86_64 1:1.2.24-7.el6_3 set to be updated
Checking deps for dbus-libs.x86_64 1-1.2.24-7.el6_3 - u
---> Package dejavu-sans-fonts.noarch 0:2.30-2.el6 set to be updated
Checking deps for dejavu-sans-fonts.noarch 0-2.30-2.el6 - u
dejavu-sans-fonts-2.30-2.el6.noarch requires: dejavu-fonts-common = 2.30-2.el6
--> Processing Dependency: dejavu-fonts-common = 2.30-2.el6 for package: dejavu-sans-fonts-2.30-2.el6.noarch
Searching pkgSack for dep: dejavu-fonts-common
Potential match for dejavu-fonts-common from dejavu-fonts-common-2.30-2.el6.noarch
Matched dejavu-fonts-common-2.30-2.el6.noarch to require for dejavu-fonts-common
TSINFO: Marking dejavu-fonts-common-2.30-2.el6.noarch as install for dejavu-sans-fonts-2.30-2.el6.noarch
---> Package device-mapper.x86_64 0:1.02.79-8.el6 set to be updated
Checking deps for device-mapper.x86_64 0-1.02.79-8.el6 - u
---> Package device-mapper-event-libs.x86_64 0:1.02.79-8.el6 set to be updated
Checking deps for device-mapper-event-libs.x86_64 0-1.02.79-8.el6 - u
---> Package device-mapper-libs.x86_64 0:1.02.79-8.el6 set to be updated
Checking deps for device-mapper-libs.x86_64 0-1.02.79-8.el6 - u
---> Package device-mapper-persistent-data.x86_64 0:0.2.8-4.el6_5 set to be updated
Checking deps for device-mapper-persistent-data.x86_64 0-0.2.8-4.el6_5 - u
---> Package dhcp-common.x86_64 12:4.1.1-38.P1.el6.centos set to be updated
Checking deps for dhcp-common.x86_64 12-4.1.1-38.P1.el6.centos - u
---> Package diffutils.x86_64 0:2.8.1-28.el6 set to be updated
Checking deps for diffutils.x86_64 0-2.8.1-28.el6 - u
---> Package dmraid-events.x86_64 0:1.0.0.rc16-11.el6 set to be updated
Checking deps for dmraid-events.x86_64 0-1.0.0.rc16-11.el6 - u
dmraid-events-1.0.0.rc16-11.el6.x86_64 requires: sgpio
--> Processing Dependency: sgpio for package: dmraid-events-1.0.0.rc16-11.el6.x86_64
Searching pkgSack for dep: sgpio
Potential match for sgpio from sgpio-1.2.0.10-5.el6.x86_64
Matched sgpio-1.2.0.10-5.el6.x86_64 to require for sgpio
TSINFO: Marking sgpio-1.2.0.10-5.el6.x86_64 as install for dmraid-events-1.0.0.rc16-11.el6.x86_64
dmraid-events-1.0.0.rc16-11.el6.x86_64 requires: device-mapper-event
--> Processing Dependency: device-mapper-event for package: dmraid-events-1.0.0.rc16-11.el6.x86_64
Searching pkgSack for dep: device-mapper-event
Potential match for device-mapper-event from device-mapper-event-1.02.79-8.el6.x86_64
Matched device-mapper-event-1.02.79-8.el6.x86_64 to require for device-mapper-event
TSINFO: Marking device-mapper-event-1.02.79-8.el6.x86_64 as install for dmraid-events-1.0.0.rc16-11.el6.x86_64
---> Package dracut.noarch 0:004-336.el6_5.2 set to be updated
Checking deps for dracut.noarch 0-004-336.el6_5.2 - u
dracut-004-336.el6_5.2.noarch requires: dash
--> Processing Dependency: dash for package: dracut-004-336.el6_5.2.noarch
Searching pkgSack for dep: dash
Potential match for dash from dash-0.5.5.1-4.el6.x86_64
Matched dash-0.5.5.1-4.el6.x86_64 to require for dash
TSINFO: Marking dash-0.5.5.1-4.el6.x86_64 as install for dracut-004-336.el6_5.2.noarch
---> Package dracut-kernel.noarch 0:004-336.el6_5.2 set to be updated
Checking deps for dracut-kernel.noarch 0-004-336.el6_5.2 - u
---> Package e2fsprogs-libs.x86_64 0:1.41.12-18.el6 set to be updated
Checking deps for e2fsprogs-libs.x86_64 0-1.41.12-18.el6 - u
---> Package ebtables.x86_64 0:2.0.9-6.el6 set to be updated
Checking deps for ebtables.x86_64 0-2.0.9-6.el6 - u
---> Package elfutils.x86_64 0:0.152-1.el6 set to be updated
Checking deps for elfutils.x86_64 0-0.152-1.el6 - u
---> Package elfutils-libelf.x86_64 0:0.152-1.el6 set to be updated
Checking deps for elfutils-libelf.x86_64 0-0.152-1.el6 - u
---> Package elfutils-libs.x86_64 0:0.152-1.el6 set to be updated
Checking deps for elfutils-libs.x86_64 0-0.152-1.el6 - u
---> Package expat.x86_64 0:2.0.1-11.el6_2 set to be updated
Checking deps for expat.x86_64 0-2.0.1-11.el6_2 - u
---> Package facter.x86_64 1:1.7.0-1.el6 set to be updated
Checking deps for facter.x86_64 1-1.7.0-1.el6 - u
---> Package fence-virt.x86_64 0:0.2.3-15.el6 set to be updated
Checking deps for fence-virt.x86_64 0-0.2.3-15.el6 - u
---> Package file-libs.x86_64 0:5.04-15.el6 set to be updated
Checking deps for file-libs.x86_64 0-5.04-15.el6 - u
---> Package findutils.x86_64 1:4.4.2-6.el6 set to be updated
Checking deps for findutils.x86_64 1-4.4.2-6.el6 - u
---> Package fipscheck-lib.x86_64 0:1.2.0-7.el6 set to be updated
Checking deps for fipscheck-lib.x86_64 0-1.2.0-7.el6 - u
fipscheck-lib-1.2.0-7.el6.x86_64 requires: /usr/bin/fipscheck
--> Processing Dependency: /usr/bin/fipscheck for package: fipscheck-lib-1.2.0-7.el6.x86_64
Searching pkgSack for dep: /usr/bin/fipscheck
Potential match for /usr/bin/fipscheck from fipscheck-1.2.0-7.el6.x86_64
TSINFO: Marking fipscheck-1.2.0-7.el6.x86_64 as install for fipscheck-lib-1.2.0-7.el6.x86_64
---> Package fontconfig.x86_64 0:2.8.0-3.el6 set to be updated
Checking deps for fontconfig.x86_64 0-2.8.0-3.el6 - u
---> Package fping.x86_64 0:2.4b2-16.mira1 set to be updated
Checking deps for fping.x86_64 0-2.4b2-16.mira1 - u
---> Package fprintd.x86_64 0:0.1-21.git04fd09cfa.el6 set to be updated
Checking deps for fprintd.x86_64 0-0.1-21.git04fd09cfa.el6 - u
fprintd-0.1-21.git04fd09cfa.el6.x86_64 requires: libfprint.so.0()(64bit)
--> Processing Dependency: libfprint.so.0()(64bit) for package: fprintd-0.1-21.git04fd09cfa.el6.x86_64
Searching pkgSack for dep: libfprint.so.0()(64bit)
Potential match for libfprint.so.0()(64bit) from libfprint-0.1.0-19.pre2.el6.x86_64
Matched libfprint-0.1.0-19.pre2.el6.x86_64 to require for libfprint.so.0()(64bit)
TSINFO: Marking libfprint-0.1.0-19.pre2.el6.x86_64 as install for fprintd-0.1-21.git04fd09cfa.el6.x86_64
fprintd-0.1-21.git04fd09cfa.el6.x86_64 requires: libpolkit-gobject-1.so.0()(64bit)
--> Processing Dependency: libpolkit-gobject-1.so.0()(64bit) for package: fprintd-0.1-21.git04fd09cfa.el6.x86_64
Searching pkgSack for dep: libpolkit-gobject-1.so.0()(64bit)
Potential match for libpolkit-gobject-1.so.0()(64bit) from polkit-0.96-5.el6_4.x86_64
Matched polkit-0.96-5.el6_4.x86_64 to require for libpolkit-gobject-1.so.0()(64bit)
TSINFO: Marking polkit-0.96-5.el6_4.x86_64 as install for fprintd-0.1-21.git04fd09cfa.el6.x86_64
---> Package freetype.x86_64 0:2.3.11-14.el6_3.1 set to be updated
Checking deps for freetype.x86_64 0-2.3.11-14.el6_3.1 - u
---> Package fuel-ostf.noarch 0:0.1-1 set to be updated
Checking deps for fuel-ostf.noarch 0-0.1-1 - u
fuel-ostf-0.1-1.noarch requires: python-pyopenssl >= 0.13
--> Processing Dependency: python-pyopenssl >= 0.13 for package: fuel-ostf-0.1-1.noarch
Searching pkgSack for dep: python-pyopenssl
fuel-ostf-0.1-1.noarch requires: python-psycogreen >= 1.0
--> Processing Dependency: python-psycogreen >= 1.0 for package: fuel-ostf-0.1-1.noarch
Searching pkgSack for dep: python-psycogreen
fuel-ostf-0.1-1.noarch requires: python-setuptools-git >= 1.0
--> Processing Dependency: python-setuptools-git >= 1.0 for package: fuel-ostf-0.1-1.noarch
Searching pkgSack for dep: python-setuptools-git
---> Package fuse.x86_64 0:2.8.3-4.el6 set to be updated
Checking deps for fuse.x86_64 0-2.8.3-4.el6 - u
---> Package gawk.x86_64 0:3.1.7-10.el6 set to be updated
Checking deps for gawk.x86_64 0-3.1.7-10.el6 - u
---> Package gd.x86_64 0:2.0.35-11.el6 set to be updated
Checking deps for gd.x86_64 0-2.0.35-11.el6 - u
gd-2.0.35-11.el6.x86_64 requires: libX11.so.6()(64bit)
--> Processing Dependency: libX11.so.6()(64bit) for package: gd-2.0.35-11.el6.x86_64
Searching pkgSack for dep: libX11.so.6()(64bit)
Potential match for libX11.so.6()(64bit) from libX11-1.5.0-4.el6.x86_64
Matched libX11-1.5.0-4.el6.x86_64 to require for libX11.so.6()(64bit)
TSINFO: Marking libX11-1.5.0-4.el6.x86_64 as install for gd-2.0.35-11.el6.x86_64
gd-2.0.35-11.el6.x86_64 requires: libXpm.so.4()(64bit)
--> Processing Dependency: libXpm.so.4()(64bit) for package: gd-2.0.35-11.el6.x86_64
Searching pkgSack for dep: libXpm.so.4()(64bit)
Potential match for libXpm.so.4()(64bit) from libXpm-3.5.10-2.el6.x86_64
Matched libXpm-3.5.10-2.el6.x86_64 to require for libXpm.so.4()(64bit)
TSINFO: Marking libXpm-3.5.10-2.el6.x86_64 as install for gd-2.0.35-11.el6.x86_64
---> Package gdb.x86_64 0:7.2-60.el6_4.1 set to be updated
Checking deps for gdb.x86_64 0-7.2-60.el6_4.1 - u
---> Package gdbm.x86_64 0:1.8.0-36.el6 set to be updated
Checking deps for gdbm.x86_64 0-1.8.0-36.el6 - u
---> Package gdbm-devel.x86_64 0:1.8.0-36.el6 set to be updated
Checking deps for gdbm-devel.x86_64 0-1.8.0-36.el6 - u
---> Package genisoimage.x86_64 0:1.1.10-1.el6 set to be updated
Checking deps for genisoimage.x86_64 0-1.1.10-1.el6 - u
---> Package gettext.x86_64 0:0.17-16.el6 set to be updated
Checking deps for gettext.x86_64 0-0.17-16.el6 - u
gettext-0.17-16.el6.x86_64 requires: cvs
--> Processing Dependency: cvs for package: gettext-0.17-16.el6.x86_64
Searching pkgSack for dep: cvs
Potential match for cvs from cvs-1.11.23-16.el6.x86_64
Matched cvs-1.11.23-16.el6.x86_64 to require for cvs
TSINFO: Marking cvs-1.11.23-16.el6.x86_64 as install for gettext-0.17-16.el6.x86_64
---> Package glib2.x86_64 0:2.26.1-7.el6_5 set to be updated
Checking deps for glib2.x86_64 0-2.26.1-7.el6_5 - u
glib2-2.26.1-7.el6_5.x86_64 requires: shared-mime-info
--> Processing Dependency: shared-mime-info for package: glib2-2.26.1-7.el6_5.x86_64
Searching pkgSack for dep: shared-mime-info
Potential match for shared-mime-info from shared-mime-info-0.70-4.el6.x86_64
Matched shared-mime-info-0.70-4.el6.x86_64 to require for shared-mime-info
TSINFO: Marking shared-mime-info-0.70-4.el6.x86_64 as install for glib2-2.26.1-7.el6_5.x86_64
glib2-2.26.1-7.el6_5.x86_64 requires: libfam.so.0()(64bit)
--> Processing Dependency: libfam.so.0()(64bit) for package: glib2-2.26.1-7.el6_5.x86_64
Searching pkgSack for dep: libfam.so.0()(64bit)
Potential match for libfam.so.0()(64bit) from gamin-0.1.10-9.el6.x86_64
Matched gamin-0.1.10-9.el6.x86_64 to require for libfam.so.0()(64bit)
TSINFO: Marking gamin-0.1.10-9.el6.x86_64 as install for glib2-2.26.1-7.el6_5.x86_64
---> Package glibc-common.x86_64 0:2.12-1.132.el6_5.2 set to be updated
Checking deps for glibc-common.x86_64 0-2.12-1.132.el6_5.2 - u
glibc-common-2.12-1.132.el6_5.2.x86_64 requires: tzdata >= 2003a
--> Processing Dependency: tzdata >= 2003a for package: glibc-common-2.12-1.132.el6_5.2.x86_64
Searching pkgSack for dep: tzdata
Potential match for tzdata from tzdata-2014e-1.el6.noarch
Matched tzdata-2014e-1.el6.noarch to require for tzdata
TSINFO: Marking tzdata-2014e-1.el6.noarch as install for glibc-common-2.12-1.132.el6_5.2.x86_64
---> Package glibc-devel.x86_64 0:2.12-1.132.el6_5.2 set to be updated
Checking deps for glibc-devel.x86_64 0-2.12-1.132.el6_5.2 - u
glibc-devel-2.12-1.132.el6_5.2.x86_64 requires: glibc-headers = 2.12-1.132.el6_5.2
--> Processing Dependency: glibc-headers = 2.12-1.132.el6_5.2 for package: glibc-devel-2.12-1.132.el6_5.2.x86_64
Searching pkgSack for dep: glibc-headers
Potential match for glibc-headers from glibc-headers-2.12-1.132.el6_5.2.x86_64
Matched glibc-headers-2.12-1.132.el6_5.2.x86_64 to require for glibc-headers
TSINFO: Marking glibc-headers-2.12-1.132.el6_5.2.x86_64 as install for glibc-devel-2.12-1.132.el6_5.2.x86_64
glibc-devel-2.12-1.132.el6_5.2.x86_64 requires: glibc-headers
--> Processing Dependency: glibc-headers for package: glibc-devel-2.12-1.132.el6_5.2.x86_64
Quick matched glibc-headers-2.12-1.132.el6_5.2.x86_64 to require for glibc-headers
---> Package gmp.x86_64 0:4.3.1-7.el6_2.2 set to be updated
Checking deps for gmp.x86_64 0-4.3.1-7.el6_2.2 - u
---> Package gnutls.x86_64 0:2.8.5-14.el6_5 set to be updated
Checking deps for gnutls.x86_64 0-2.8.5-14.el6_5 - u
gnutls-2.8.5-14.el6_5.x86_64 requires: libtasn1.so.3(LIBTASN1_0_3)(64bit)
--> Processing Dependency: libtasn1.so.3(LIBTASN1_0_3)(64bit) for package: gnutls-2.8.5-14.el6_5.x86_64
Searching pkgSack for dep: libtasn1.so.3(LIBTASN1_0_3)(64bit)
Potential match for libtasn1.so.3(LIBTASN1_0_3)(64bit) from libtasn1-2.3-6.el6_5.x86_64
Matched libtasn1-2.3-6.el6_5.x86_64 to require for libtasn1.so.3(LIBTASN1_0_3)(64bit)
TSINFO: Marking libtasn1-2.3-6.el6_5.x86_64 as install for gnutls-2.8.5-14.el6_5.x86_64
gnutls-2.8.5-14.el6_5.x86_64 requires: libtasn1.so.3()(64bit)
--> Processing Dependency: libtasn1.so.3()(64bit) for package: gnutls-2.8.5-14.el6_5.x86_64
Quick matched libtasn1-2.3-6.el6_5.x86_64 to require for libtasn1.so.3()(64bit)
---> Package gpm-libs.x86_64 0:1.20.6-12.el6 set to be updated
Checking deps for gpm-libs.x86_64 0-1.20.6-12.el6 - u
---> Package grep.x86_64 0:2.6.3-4.el6_5.1 set to be updated
Checking deps for grep.x86_64 0-2.6.3-4.el6_5.1 - u
---> Package groff.x86_64 0:1.18.1.4-21.el6 set to be updated
Checking deps for groff.x86_64 0-1.18.1.4-21.el6 - u
---> Package grubby.x86_64 0:7.0.15-5.el6 set to be updated
Checking deps for grubby.x86_64 0-7.0.15-5.el6 - u
---> Package gtk2.x86_64 0:2.20.1-4.el6 set to be updated
Checking deps for gtk2.x86_64 0-2.20.1-4.el6 - u
gtk2-2.20.1-4.el6.x86_64 requires: libXrandr >= 1.2.99.4-2
--> Processing Dependency: libXrandr >= 1.2.99.4-2 for package: gtk2-2.20.1-4.el6.x86_64
Searching pkgSack for dep: libXrandr
Potential match for libXrandr from libXrandr-1.4.0-1.el6.x86_64
Matched libXrandr-1.4.0-1.el6.x86_64 to require for libXrandr
TSINFO: Marking libXrandr-1.4.0-1.el6.x86_64 as install for gtk2-2.20.1-4.el6.x86_64
gtk2-2.20.1-4.el6.x86_64 requires: hicolor-icon-theme
--> Processing Dependency: hicolor-icon-theme for package: gtk2-2.20.1-4.el6.x86_64
Searching pkgSack for dep: hicolor-icon-theme
Potential match for hicolor-icon-theme from hicolor-icon-theme-0.11-1.1.el6.noarch
Matched hicolor-icon-theme-0.11-1.1.el6.noarch to require for hicolor-icon-theme
TSINFO: Marking hicolor-icon-theme-0.11-1.1.el6.noarch as install for gtk2-2.20.1-4.el6.x86_64
gtk2-2.20.1-4.el6.x86_64 requires: libXcursor.so.1()(64bit)
--> Processing Dependency: libXcursor.so.1()(64bit) for package: gtk2-2.20.1-4.el6.x86_64
Searching pkgSack for dep: libXcursor.so.1()(64bit)
Potential match for libXcursor.so.1()(64bit) from libXcursor-1.1.13-6.20130524git8f677eaea.el6.x86_64
Matched libXcursor-1.1.13-6.20130524git8f677eaea.el6.x86_64 to require for libXcursor.so.1()(64bit)
TSINFO: Marking libXcursor-1.1.13-6.20130524git8f677eaea.el6.x86_64 as install for gtk2-2.20.1-4.el6.x86_64
gtk2-2.20.1-4.el6.x86_64 requires: libcups.so.2()(64bit)
--> Processing Dependency: libcups.so.2()(64bit) for package: gtk2-2.20.1-4.el6.x86_64
Searching pkgSack for dep: libcups.so.2()(64bit)
Potential match for libcups.so.2()(64bit) from 1:cups-libs-1.4.2-50.el6_4.5.x86_64
Matched 1:cups-libs-1.4.2-50.el6_4.5.x86_64 to require for libcups.so.2()(64bit)
TSINFO: Marking 1:cups-libs-1.4.2-50.el6_4.5.x86_64 as install for gtk2-2.20.1-4.el6.x86_64
gtk2-2.20.1-4.el6.x86_64 requires: libXcomposite.so.1()(64bit)
--> Processing Dependency: libXcomposite.so.1()(64bit) for package: gtk2-2.20.1-4.el6.x86_64
Searching pkgSack for dep: libXcomposite.so.1()(64bit)
Potential match for libXcomposite.so.1()(64bit) from libXcomposite-0.4.3-4.el6.x86_64
Matched libXcomposite-0.4.3-4.el6.x86_64 to require for libXcomposite.so.1()(64bit)
TSINFO: Marking libXcomposite-0.4.3-4.el6.x86_64 as install for gtk2-2.20.1-4.el6.x86_64
gtk2-2.20.1-4.el6.x86_64 requires: libXi.so.6()(64bit)
--> Processing Dependency: libXi.so.6()(64bit) for package: gtk2-2.20.1-4.el6.x86_64
Searching pkgSack for dep: libXi.so.6()(64bit)
Potential match for libXi.so.6()(64bit) from libXi-1.6.1-3.el6.x86_64
Matched libXi-1.6.1-3.el6.x86_64 to require for libXi.so.6()(64bit)
TSINFO: Marking libXi-1.6.1-3.el6.x86_64 as install for gtk2-2.20.1-4.el6.x86_64
gtk2-2.20.1-4.el6.x86_64 requires: libXrandr.so.2()(64bit)
--> Processing Dependency: libXrandr.so.2()(64bit) for package: gtk2-2.20.1-4.el6.x86_64
Searching pkgSack for dep: libXrandr.so.2()(64bit)
Potential match for libXrandr.so.2()(64bit) from libXrandr-1.4.0-1.el6.x86_64
Matched libXrandr-1.4.0-1.el6.x86_64 to require for libXrandr.so.2()(64bit)
libXrandr-1.4.0-1.el6.x86_64 already in ts, skipping this one
gtk2-2.20.1-4.el6.x86_64 requires: libXext.so.6()(64bit)
--> Processing Dependency: libXext.so.6()(64bit) for package: gtk2-2.20.1-4.el6.x86_64
Searching pkgSack for dep: libXext.so.6()(64bit)
Potential match for libXext.so.6()(64bit) from libXext-1.3.1-2.el6.x86_64
Matched libXext-1.3.1-2.el6.x86_64 to require for libXext.so.6()(64bit)
TSINFO: Marking libXext-1.3.1-2.el6.x86_64 as install for gtk2-2.20.1-4.el6.x86_64
gtk2-2.20.1-4.el6.x86_64 requires: libXfixes.so.3()(64bit)
--> Processing Dependency: libXfixes.so.3()(64bit) for package: gtk2-2.20.1-4.el6.x86_64
Searching pkgSack for dep: libXfixes.so.3()(64bit)
Potential match for libXfixes.so.3()(64bit) from libXfixes-5.0-3.el6.x86_64
Matched libXfixes-5.0-3.el6.x86_64 to require for libXfixes.so.3()(64bit)
TSINFO: Marking libXfixes-5.0-3.el6.x86_64 as install for gtk2-2.20.1-4.el6.x86_64
gtk2-2.20.1-4.el6.x86_64 requires: libcairo.so.2()(64bit)
--> Processing Dependency: libcairo.so.2()(64bit) for package: gtk2-2.20.1-4.el6.x86_64
Searching pkgSack for dep: libcairo.so.2()(64bit)
Potential match for libcairo.so.2()(64bit) from cairo-1.8.8-3.1.el6.x86_64
Matched cairo-1.8.8-3.1.el6.x86_64 to require for libcairo.so.2()(64bit)
TSINFO: Marking cairo-1.8.8-3.1.el6.x86_64 as install for gtk2-2.20.1-4.el6.x86_64
gtk2-2.20.1-4.el6.x86_64 requires: libXrender.so.1()(64bit)
--> Processing Dependency: libXrender.so.1()(64bit) for package: gtk2-2.20.1-4.el6.x86_64
Searching pkgSack for dep: libXrender.so.1()(64bit)
Potential match for libXrender.so.1()(64bit) from libXrender-0.9.7-2.el6.x86_64
Matched libXrender-0.9.7-2.el6.x86_64 to require for libXrender.so.1()(64bit)
TSINFO: Marking libXrender-0.9.7-2.el6.x86_64 as install for gtk2-2.20.1-4.el6.x86_64
gtk2-2.20.1-4.el6.x86_64 requires: libjasper.so.1()(64bit)
--> Processing Dependency: libjasper.so.1()(64bit) for package: gtk2-2.20.1-4.el6.x86_64
Searching pkgSack for dep: libjasper.so.1()(64bit)
Potential match for libjasper.so.1()(64bit) from jasper-libs-1.900.1-15.el6_1.1.x86_64
Matched jasper-libs-1.900.1-15.el6_1.1.x86_64 to require for libjasper.so.1()(64bit)
TSINFO: Marking jasper-libs-1.900.1-15.el6_1.1.x86_64 as install for gtk2-2.20.1-4.el6.x86_64
gtk2-2.20.1-4.el6.x86_64 requires: libXdamage.so.1()(64bit)
--> Processing Dependency: libXdamage.so.1()(64bit) for package: gtk2-2.20.1-4.el6.x86_64
Searching pkgSack for dep: libXdamage.so.1()(64bit)
Potential match for libXdamage.so.1()(64bit) from libXdamage-1.1.3-4.el6.x86_64
Matched libXdamage-1.1.3-4.el6.x86_64 to require for libXdamage.so.1()(64bit)
TSINFO: Marking libXdamage-1.1.3-4.el6.x86_64 as install for gtk2-2.20.1-4.el6.x86_64
---> Package gzip.x86_64 0:1.3.12-19.el6_4 set to be updated
Checking deps for gzip.x86_64 0-1.3.12-19.el6_4 - u
---> Package hal.x86_64 0:0.5.14-11.el6 set to be updated
Checking deps for hal.x86_64 0-0.5.14-11.el6 - u
hal-0.5.14-11.el6.x86_64 requires: hal-libs = 0.5.14-11.el6
--> Processing Dependency: hal-libs = 0.5.14-11.el6 for package: hal-0.5.14-11.el6.x86_64
Searching pkgSack for dep: hal-libs
Potential match for hal-libs from hal-libs-0.5.14-11.el6.x86_64
Matched hal-libs-0.5.14-11.el6.x86_64 to require for hal-libs
TSINFO: Marking hal-libs-0.5.14-11.el6.x86_64 as install for hal-0.5.14-11.el6.x86_64
hal-0.5.14-11.el6.x86_64 requires: libusb >= 0.1.10a-1
--> Processing Dependency: libusb >= 0.1.10a-1 for package: hal-0.5.14-11.el6.x86_64
Searching pkgSack for dep: libusb
Potential match for libusb from libusb-0.1.12-23.el6.x86_64
Matched libusb-0.1.12-23.el6.x86_64 to require for libusb
TSINFO: Marking libusb-0.1.12-23.el6.x86_64 as install for hal-0.5.14-11.el6.x86_64
hal-0.5.14-11.el6.x86_64 requires: ConsoleKit >= 0.2.0
--> Processing Dependency: ConsoleKit >= 0.2.0 for package: hal-0.5.14-11.el6.x86_64
Searching pkgSack for dep: ConsoleKit
Potential match for ConsoleKit from ConsoleKit-0.4.1-3.el6.x86_64
Matched ConsoleKit-0.4.1-3.el6.x86_64 to require for ConsoleKit
TSINFO: Marking ConsoleKit-0.4.1-3.el6.x86_64 as install for hal-0.5.14-11.el6.x86_64
hal-0.5.14-11.el6.x86_64 requires: hal-info
--> Processing Dependency: hal-info for package: hal-0.5.14-11.el6.x86_64
Searching pkgSack for dep: hal-info
Potential match for hal-info from hal-info-20090716-3.1.el6.noarch
Matched hal-info-20090716-3.1.el6.noarch to require for hal-info
TSINFO: Marking hal-info-20090716-3.1.el6.noarch as install for hal-0.5.14-11.el6.x86_64
hal-0.5.14-11.el6.x86_64 requires: libhal-storage.so.1()(64bit)
--> Processing Dependency: libhal-storage.so.1()(64bit) for package: hal-0.5.14-11.el6.x86_64
Searching pkgSack for dep: libhal-storage.so.1()(64bit)
Potential match for libhal-storage.so.1()(64bit) from hal-libs-0.5.14-11.el6.x86_64
Matched hal-libs-0.5.14-11.el6.x86_64 to require for libhal-storage.so.1()(64bit)
hal-libs-0.5.14-11.el6.x86_64 already in ts, skipping this one
hal-0.5.14-11.el6.x86_64 requires: libhal.so.1()(64bit)
--> Processing Dependency: libhal.so.1()(64bit) for package: hal-0.5.14-11.el6.x86_64
Quick matched hal-libs-0.5.14-11.el6.x86_64 to require for libhal.so.1()(64bit)
---> Package hwdata.noarch 0:0.233-9.1.el6 set to be updated
Checking deps for hwdata.noarch 0-0.233-9.1.el6 - u
---> Package iksemel.x86_64 0:1.4-2.mira1 set to be updated
Checking deps for iksemel.x86_64 0-1.4-2.mira1 - u
---> Package info.x86_64 0:4.13a-8.el6 set to be updated
Checking deps for info.x86_64 0-4.13a-8.el6 - u
---> Package ipmitool.x86_64 0:1.8.11-16.el6 set to be updated
Checking deps for ipmitool.x86_64 0-1.8.11-16.el6 - u
---> Package ipset.x86_64 0:6.11-1.mira1 set to be updated
Checking deps for ipset.x86_64 0-6.11-1.mira1 - u
ipset-6.11-1.mira1.x86_64 requires: libmnl.so.0(LIBMNL_1.0)(64bit)
--> Processing Dependency: libmnl.so.0(LIBMNL_1.0)(64bit) for package: ipset-6.11-1.mira1.x86_64
Searching pkgSack for dep: libmnl.so.0(LIBMNL_1.0)(64bit)
Potential match for libmnl.so.0(LIBMNL_1.0)(64bit) from libmnl-1.0.2-3.el6.x86_64
Matched libmnl-1.0.2-3.el6.x86_64 to require for libmnl.so.0(LIBMNL_1.0)(64bit)
TSINFO: Marking libmnl-1.0.2-3.el6.x86_64 as install for ipset-6.11-1.mira1.x86_64
ipset-6.11-1.mira1.x86_64 requires: libmnl.so.0()(64bit)
--> Processing Dependency: libmnl.so.0()(64bit) for package: ipset-6.11-1.mira1.x86_64
Quick matched libmnl-1.0.2-3.el6.x86_64 to require for libmnl.so.0()(64bit)
---> Package iscsi-initiator-utils.x86_64 0:6.2.0.873-10.el6 set to be updated
Checking deps for iscsi-initiator-utils.x86_64 0-6.2.0.873-10.el6 - u
---> Package java-1.6.0-openjdk.x86_64 1:1.6.0.0-5.1.13.3.el6_5 set to be updated
Checking deps for java-1.6.0-openjdk.x86_64 1-1.6.0.0-5.1.13.3.el6_5 - u
1:java-1.6.0-openjdk-1.6.0.0-5.1.13.3.el6_5.x86_64 requires: jpackage-utils >= 1.7.3-1jpp.2
--> Processing Dependency: jpackage-utils >= 1.7.3-1jpp.2 for package: 1:java-1.6.0-openjdk-1.6.0.0-5.1.13.3.el6_5.x86_64
Searching pkgSack for dep: jpackage-utils
Potential match for jpackage-utils from jpackage-utils-1.7.5-3.12.el6.noarch
Matched jpackage-utils-1.7.5-3.12.el6.noarch to require for jpackage-utils
TSINFO: Marking jpackage-utils-1.7.5-3.12.el6.noarch as install for 1:java-1.6.0-openjdk-1.6.0.0-5.1.13.3.el6_5.x86_64
1:java-1.6.0-openjdk-1.6.0.0-5.1.13.3.el6_5.x86_64 requires: libpulse.so.0(PULSE_0)(64bit)
--> Processing Dependency: libpulse.so.0(PULSE_0)(64bit) for package: 1:java-1.6.0-openjdk-1.6.0.0-5.1.13.3.el6_5.x86_64
Searching pkgSack for dep: libpulse.so.0(PULSE_0)(64bit)
Potential match for libpulse.so.0(PULSE_0)(64bit) from pulseaudio-libs-0.9.21-14.el6_3.x86_64
Matched pulseaudio-libs-0.9.21-14.el6_3.x86_64 to require for libpulse.so.0(PULSE_0)(64bit)
TSINFO: Marking pulseaudio-libs-0.9.21-14.el6_3.x86_64 as install for 1:java-1.6.0-openjdk-1.6.0.0-5.1.13.3.el6_5.x86_64
1:java-1.6.0-openjdk-1.6.0.0-5.1.13.3.el6_5.x86_64 requires: tzdata-java
--> Processing Dependency: tzdata-java for package: 1:java-1.6.0-openjdk-1.6.0.0-5.1.13.3.el6_5.x86_64
Searching pkgSack for dep: tzdata-java
Potential match for tzdata-java from tzdata-java-2014e-1.el6.noarch
Matched tzdata-java-2014e-1.el6.noarch to require for tzdata-java
TSINFO: Marking tzdata-java-2014e-1.el6.noarch as install for 1:java-1.6.0-openjdk-1.6.0.0-5.1.13.3.el6_5.x86_64
1:java-1.6.0-openjdk-1.6.0.0-5.1.13.3.el6_5.x86_64 requires: rhino
--> Processing Dependency: rhino for package: 1:java-1.6.0-openjdk-1.6.0.0-5.1.13.3.el6_5.x86_64
Searching pkgSack for dep: rhino
Potential match for rhino from rhino-1.7-0.7.r2.2.el6.noarch
Matched rhino-1.7-0.7.r2.2.el6.noarch to require for rhino
TSINFO: Marking rhino-1.7-0.7.r2.2.el6.noarch as install for 1:java-1.6.0-openjdk-1.6.0.0-5.1.13.3.el6_5.x86_64
1:java-1.6.0-openjdk-1.6.0.0-5.1.13.3.el6_5.x86_64 requires: libgif.so.4()(64bit)
--> Processing Dependency: libgif.so.4()(64bit) for package: 1:java-1.6.0-openjdk-1.6.0.0-5.1.13.3.el6_5.x86_64
Searching pkgSack for dep: libgif.so.4()(64bit)
Potential match for libgif.so.4()(64bit) from giflib-4.1.6-3.1.el6.x86_64
Matched giflib-4.1.6-3.1.el6.x86_64 to require for libgif.so.4()(64bit)
TSINFO: Marking giflib-4.1.6-3.1.el6.x86_64 as install for 1:java-1.6.0-openjdk-1.6.0.0-5.1.13.3.el6_5.x86_64
1:java-1.6.0-openjdk-1.6.0.0-5.1.13.3.el6_5.x86_64 requires: libpulse.so.0()(64bit)
--> Processing Dependency: libpulse.so.0()(64bit) for package: 1:java-1.6.0-openjdk-1.6.0.0-5.1.13.3.el6_5.x86_64
Searching pkgSack for dep: libpulse.so.0()(64bit)
Potential match for libpulse.so.0()(64bit) from pulseaudio-libs-0.9.21-14.el6_3.x86_64
Matched pulseaudio-libs-0.9.21-14.el6_3.x86_64 to require for libpulse.so.0()(64bit)
pulseaudio-libs-0.9.21-14.el6_3.x86_64 already in ts, skipping this one
1:java-1.6.0-openjdk-1.6.0.0-5.1.13.3.el6_5.x86_64 requires: libXtst.so.6()(64bit)
--> Processing Dependency: libXtst.so.6()(64bit) for package: 1:java-1.6.0-openjdk-1.6.0.0-5.1.13.3.el6_5.x86_64
Searching pkgSack for dep: libXtst.so.6()(64bit)
Potential match for libXtst.so.6()(64bit) from libXtst-1.2.1-2.el6.x86_64
Matched libXtst-1.2.1-2.el6.x86_64 to require for libXtst.so.6()(64bit)
TSINFO: Marking libXtst-1.2.1-2.el6.x86_64 as install for 1:java-1.6.0-openjdk-1.6.0.0-5.1.13.3.el6_5.x86_64
---> Package kbd-misc.noarch 0:1.15-11.el6 set to be updated
Checking deps for kbd-misc.noarch 0-1.15-11.el6 - u
---> Package keyutils.x86_64 0:1.4-4.el6 set to be updated
Checking deps for keyutils.x86_64 0-1.4-4.el6 - u
---> Package keyutils-libs.x86_64 0:1.4-4.el6 set to be updated
Checking deps for keyutils-libs.x86_64 0-1.4-4.el6 - u
---> Package kpartx.x86_64 0:0.4.9-72.el6_5.3 set to be updated
Checking deps for kpartx.x86_64 0-0.4.9-72.el6_5.3 - u
---> Package krb5-devel.x86_64 0:1.10.3-15.el6_5.1 set to be updated
Checking deps for krb5-devel.x86_64 0-1.10.3-15.el6_5.1 - u
krb5-devel-1.10.3-15.el6_5.1.x86_64 requires: libselinux-devel
--> Processing Dependency: libselinux-devel for package: krb5-devel-1.10.3-15.el6_5.1.x86_64
Searching pkgSack for dep: libselinux-devel
Potential match for libselinux-devel from libselinux-devel-2.0.94-5.3.el6_4.1.x86_64
Matched libselinux-devel-2.0.94-5.3.el6_4.1.x86_64 to require for libselinux-devel
TSINFO: Marking libselinux-devel-2.0.94-5.3.el6_4.1.x86_64 as install for krb5-devel-1.10.3-15.el6_5.1.x86_64
krb5-devel-1.10.3-15.el6_5.1.x86_64 requires: libcom_err-devel
--> Processing Dependency: libcom_err-devel for package: krb5-devel-1.10.3-15.el6_5.1.x86_64
Searching pkgSack for dep: libcom_err-devel
Potential match for libcom_err-devel from libcom_err-devel-1.41.12-18.el6.x86_64
Matched libcom_err-devel-1.41.12-18.el6.x86_64 to require for libcom_err-devel
TSINFO: Marking libcom_err-devel-1.41.12-18.el6.x86_64 as install for krb5-devel-1.10.3-15.el6_5.1.x86_64
krb5-devel-1.10.3-15.el6_5.1.x86_64 requires: keyutils-libs-devel
--> Processing Dependency: keyutils-libs-devel for package: krb5-devel-1.10.3-15.el6_5.1.x86_64
Searching pkgSack for dep: keyutils-libs-devel
Potential match for keyutils-libs-devel from keyutils-libs-devel-1.4-4.el6.x86_64
Matched keyutils-libs-devel-1.4-4.el6.x86_64 to require for keyutils-libs-devel
TSINFO: Marking keyutils-libs-devel-1.4-4.el6.x86_64 as install for krb5-devel-1.10.3-15.el6_5.1.x86_64
---> Package krb5-libs.x86_64 0:1.10.3-15.el6_5.1 set to be updated
Checking deps for krb5-libs.x86_64 0-1.10.3-15.el6_5.1 - u
---> Package less.x86_64 0:436-10.el6 set to be updated
Checking deps for less.x86_64 0-436-10.el6 - u
---> Package libSM.x86_64 0:1.2.1-2.el6 set to be updated
Checking deps for libSM.x86_64 0-1.2.1-2.el6 - u
libSM-1.2.1-2.el6.x86_64 requires: libICE.so.6()(64bit)
--> Processing Dependency: libICE.so.6()(64bit) for package: libSM-1.2.1-2.el6.x86_64
Searching pkgSack for dep: libICE.so.6()(64bit)
Potential match for libICE.so.6()(64bit) from libICE-1.0.6-1.el6.x86_64
Matched libICE-1.0.6-1.el6.x86_64 to require for libICE.so.6()(64bit)
TSINFO: Marking libICE-1.0.6-1.el6.x86_64 as install for libSM-1.2.1-2.el6.x86_64
---> Package libXinerama.x86_64 0:1.1.2-2.el6 set to be updated
Checking deps for libXinerama.x86_64 0-1.1.2-2.el6 - u
---> Package libXxf86vm.x86_64 0:1.1.2-2.el6 set to be updated
Checking deps for libXxf86vm.x86_64 0-1.1.2-2.el6 - u
---> Package libacl.x86_64 0:2.2.49-6.el6 set to be updated
Checking deps for libacl.x86_64 0-2.2.49-6.el6 - u
---> Package libattr.x86_64 0:2.4.44-7.el6 set to be updated
Checking deps for libattr.x86_64 0-2.4.44-7.el6 - u
---> Package libblkid.x86_64 0:2.17.2-12.14.el6_5 set to be updated
Checking deps for libblkid.x86_64 0-2.17.2-12.14.el6_5 - u
---> Package libcap.x86_64 0:2.16-5.5.el6 set to be updated
Checking deps for libcap.x86_64 0-2.16-5.5.el6 - u
---> Package libcap-ng.x86_64 0:0.6.4-3.el6_0.1 set to be updated
Checking deps for libcap-ng.x86_64 0-0.6.4-3.el6_0.1 - u
---> Package libcgroup.x86_64 0:0.40.rc1-5.el6_5.1 set to be updated
Checking deps for libcgroup.x86_64 0-0.40.rc1-5.el6_5.1 - u
---> Package libcom_err.x86_64 0:1.41.12-18.el6 set to be updated
Checking deps for libcom_err.x86_64 0-1.41.12-18.el6 - u
---> Package libcurl.x86_64 0:7.19.7-37.el6_5.3 set to be updated
Checking deps for libcurl.x86_64 0-7.19.7-37.el6_5.3 - u
---> Package libdaemon.x86_64 0:0.14-1.el6 set to be updated
Checking deps for libdaemon.x86_64 0-0.14-1.el6 - u
---> Package libdrm.x86_64 0:2.4.45-2.el6 set to be updated
Checking deps for libdrm.x86_64 0-2.4.45-2.el6 - u
libdrm-2.4.45-2.el6.x86_64 requires: libpciaccess.so.0()(64bit)
--> Processing Dependency: libpciaccess.so.0()(64bit) for package: libdrm-2.4.45-2.el6.x86_64
Searching pkgSack for dep: libpciaccess.so.0()(64bit)
Potential match for libpciaccess.so.0()(64bit) from libpciaccess-0.13.1-2.el6.x86_64
Matched libpciaccess-0.13.1-2.el6.x86_64 to require for libpciaccess.so.0()(64bit)
TSINFO: Marking libpciaccess-0.13.1-2.el6.x86_64 as install for libdrm-2.4.45-2.el6.x86_64
---> Package libedit.x86_64 0:2.11-4.20080712cvs.1.el6 set to be updated
Checking deps for libedit.x86_64 0-2.11-4.20080712cvs.1.el6 - u
---> Package libevent.x86_64 0:1.4.13-4.el6 set to be updated
Checking deps for libevent.x86_64 0-1.4.13-4.el6 - u
---> Package libevent-doc.noarch 0:1.4.13-4.el6 set to be updated
Checking deps for libevent-doc.noarch 0-1.4.13-4.el6 - u
---> Package libevent-headers.noarch 0:1.4.13-4.el6 set to be updated
Checking deps for libevent-headers.noarch 0-1.4.13-4.el6 - u
---> Package libewf.x86_64 0:20100226-1.el6 set to be updated
Checking deps for libewf.x86_64 0-20100226-1.el6 - u
---> Package libgcc.x86_64 0:4.4.7-4.el6 set to be updated
Checking deps for libgcc.x86_64 0-4.4.7-4.el6 - u
---> Package libgcrypt.x86_64 0:1.4.5-11.el6_4 set to be updated
Checking deps for libgcrypt.x86_64 0-1.4.5-11.el6_4 - u
---> Package libgfortran.x86_64 0:4.4.7-4.el6 set to be updated
Checking deps for libgfortran.x86_64 0-4.4.7-4.el6 - u
---> Package libgomp.x86_64 0:4.4.7-4.el6 set to be updated
Checking deps for libgomp.x86_64 0-4.4.7-4.el6 - u
---> Package libgpg-error.x86_64 0:1.7-4.el6 set to be updated
Checking deps for libgpg-error.x86_64 0-1.7-4.el6 - u
---> Package libgssglue.x86_64 0:0.1-11.el6 set to be updated
Checking deps for libgssglue.x86_64 0-0.1-11.el6 - u
---> Package libguestfs-tools-c.x86_64 1:1.20.11-2.mira3 set to be updated
Checking deps for libguestfs-tools-c.x86_64 1-1.20.11-2.mira3 - u
1:libguestfs-tools-c-1.20.11-2.mira3.x86_64 requires: libguestfs = 1:1.20.11-2.mira3
--> Processing Dependency: libguestfs = 1:1.20.11-2.mira3 for package: 1:libguestfs-tools-c-1.20.11-2.mira3.x86_64
Searching pkgSack for dep: libguestfs
Potential match for libguestfs from 1:libguestfs-1.20.11-2.mira3.x86_64
Matched 1:libguestfs-1.20.11-2.mira3.x86_64 to require for libguestfs
TSINFO: Marking 1:libguestfs-1.20.11-2.mira3.x86_64 as install for 1:libguestfs-tools-c-1.20.11-2.mira3.x86_64
---> Package libibverbs.x86_64 0:1.1.7-1.el6 set to be updated
Checking deps for libibverbs.x86_64 0-1.1.7-1.el6 - u
---> Package libidn.x86_64 0:1.18-2.el6 set to be updated
Checking deps for libidn.x86_64 0-1.18-2.el6 - u
---> Package libjpeg-turbo.x86_64 0:1.2.1-3.el6_5 set to be updated
Checking deps for libjpeg-turbo.x86_64 0-1.2.1-3.el6_5 - u
---> Package libnl.x86_64 0:1.1.4-2.el6 set to be updated
Checking deps for libnl.x86_64 0-1.1.4-2.el6 - u
---> Package libpcap.x86_64 14:1.4.0-1.20130826git2dbcaa1.el6 set to be updated
Checking deps for libpcap.x86_64 14-1.4.0-1.20130826git2dbcaa1.el6 - u
---> Package libpng.x86_64 2:1.2.49-1.el6_2 set to be updated
Checking deps for libpng.x86_64 2-1.2.49-1.el6_2 - u
---> Package libreport.x86_64 0:2.0.9-19.el6.centos set to be updated
Checking deps for libreport.x86_64 0-2.0.9-19.el6.centos - u
libreport-2.0.9-19.el6.centos.x86_64 requires: libreport-compat = 2.0.9-19.el6.centos
--> Processing Dependency: libreport-compat = 2.0.9-19.el6.centos for package: libreport-2.0.9-19.el6.centos.x86_64
Searching pkgSack for dep: libreport-compat
Potential match for libreport-compat from libreport-compat-2.0.9-19.el6.centos.x86_64
Matched libreport-compat-2.0.9-19.el6.centos.x86_64 to require for libreport-compat
TSINFO: Marking libreport-compat-2.0.9-19.el6.centos.x86_64 as install for libreport-2.0.9-19.el6.centos.x86_64
libreport-2.0.9-19.el6.centos.x86_64 requires: libreport-plugin-reportuploader = 2.0.9-19.el6.centos
--> Processing Dependency: libreport-plugin-reportuploader = 2.0.9-19.el6.centos for package: libreport-2.0.9-19.el6.centos.x86_64
Searching pkgSack for dep: libreport-plugin-reportuploader
Potential match for libreport-plugin-reportuploader from libreport-plugin-reportuploader-2.0.9-19.el6.centos.x86_64
Matched libreport-plugin-reportuploader-2.0.9-19.el6.centos.x86_64 to require for libreport-plugin-reportuploader
TSINFO: Marking libreport-plugin-reportuploader-2.0.9-19.el6.centos.x86_64 as install for libreport-2.0.9-19.el6.centos.x86_64
libreport-2.0.9-19.el6.centos.x86_64 requires: libreport-python = 2.0.9-19.el6.centos
--> Processing Dependency: libreport-python = 2.0.9-19.el6.centos for package: libreport-2.0.9-19.el6.centos.x86_64
Searching pkgSack for dep: libreport-python
Potential match for libreport-python from libreport-python-2.0.9-19.el6.centos.x86_64
Matched libreport-python-2.0.9-19.el6.centos.x86_64 to require for libreport-python
TSINFO: Marking libreport-python-2.0.9-19.el6.centos.x86_64 as install for libreport-2.0.9-19.el6.centos.x86_64
libreport-2.0.9-19.el6.centos.x86_64 requires: libxmlrpc_client.so.3()(64bit)
--> Processing Dependency: libxmlrpc_client.so.3()(64bit) for package: libreport-2.0.9-19.el6.centos.x86_64
Searching pkgSack for dep: libxmlrpc_client.so.3()(64bit)
Potential match for libxmlrpc_client.so.3()(64bit) from xmlrpc-c-client-1.16.24-1210.1840.el6.x86_64
Matched xmlrpc-c-client-1.16.24-1210.1840.el6.x86_64 to require for libxmlrpc_client.so.3()(64bit)
TSINFO: Marking xmlrpc-c-client-1.16.24-1210.1840.el6.x86_64 as install for libreport-2.0.9-19.el6.centos.x86_64
libreport-2.0.9-19.el6.centos.x86_64 requires: libproxy.so.0()(64bit)
--> Processing Dependency: libproxy.so.0()(64bit) for package: libreport-2.0.9-19.el6.centos.x86_64
Searching pkgSack for dep: libproxy.so.0()(64bit)
Potential match for libproxy.so.0()(64bit) from libproxy-0.3.0-4.el6_3.x86_64
Matched libproxy-0.3.0-4.el6_3.x86_64 to require for libproxy.so.0()(64bit)
TSINFO: Marking libproxy-0.3.0-4.el6_3.x86_64 as install for libreport-2.0.9-19.el6.centos.x86_64
libreport-2.0.9-19.el6.centos.x86_64 requires: libxmlrpc.so.3()(64bit)
--> Processing Dependency: libxmlrpc.so.3()(64bit) for package: libreport-2.0.9-19.el6.centos.x86_64
Searching pkgSack for dep: libxmlrpc.so.3()(64bit)
Potential match for libxmlrpc.so.3()(64bit) from xmlrpc-c-1.16.24-1210.1840.el6.x86_64
Matched xmlrpc-c-1.16.24-1210.1840.el6.x86_64 to require for libxmlrpc.so.3()(64bit)
TSINFO: Marking xmlrpc-c-1.16.24-1210.1840.el6.x86_64 as install for libreport-2.0.9-19.el6.centos.x86_64
---> Package libreport-cli.x86_64 0:2.0.9-19.el6.centos set to be updated
Checking deps for libreport-cli.x86_64 0-2.0.9-19.el6.centos - u
---> Package libreport-plugin-kerneloops.x86_64 0:2.0.9-19.el6.centos set to be updated
Checking deps for libreport-plugin-kerneloops.x86_64 0-2.0.9-19.el6.centos - u
---> Package libreport-plugin-logger.x86_64 0:2.0.9-19.el6.centos set to be updated
Checking deps for libreport-plugin-logger.x86_64 0-2.0.9-19.el6.centos - u
---> Package libreport-plugin-mailx.x86_64 0:2.0.9-19.el6.centos set to be updated
Checking deps for libreport-plugin-mailx.x86_64 0-2.0.9-19.el6.centos - u
---> Package libreport-plugin-rhtsupport.x86_64 0:2.0.9-19.el6.centos set to be updated
Checking deps for libreport-plugin-rhtsupport.x86_64 0-2.0.9-19.el6.centos - u
libreport-plugin-rhtsupport-2.0.9-19.el6.centos.x86_64 requires: libtar.so.1()(64bit)
--> Processing Dependency: libtar.so.1()(64bit) for package: libreport-plugin-rhtsupport-2.0.9-19.el6.centos.x86_64
Searching pkgSack for dep: libtar.so.1()(64bit)
Potential match for libtar.so.1()(64bit) from libtar-1.2.11-17.el6_4.1.x86_64
Matched libtar-1.2.11-17.el6_4.1.x86_64 to require for libtar.so.1()(64bit)
TSINFO: Marking libtar-1.2.11-17.el6_4.1.x86_64 as install for libreport-plugin-rhtsupport-2.0.9-19.el6.centos.x86_64
---> Package libselinux.x86_64 0:2.0.94-5.3.el6_4.1 set to be updated
Checking deps for libselinux.x86_64 0-2.0.94-5.3.el6_4.1 - u
---> Package libselinux-python.x86_64 0:2.0.94-5.3.el6_4.1 set to be updated
Checking deps for libselinux-python.x86_64 0-2.0.94-5.3.el6_4.1 - u
---> Package libselinux-utils.x86_64 0:2.0.94-5.3.el6_4.1 set to be updated
Checking deps for libselinux-utils.x86_64 0-2.0.94-5.3.el6_4.1 - u
---> Package libsemanage.x86_64 0:2.0.43-4.2.el6 set to be updated
Checking deps for libsemanage.x86_64 0-2.0.43-4.2.el6 - u
libsemanage-2.0.43-4.2.el6.x86_64 requires: libustr-1.0.so.1(USTR_1.0.1)(64bit)
--> Processing Dependency: libustr-1.0.so.1(USTR_1.0.1)(64bit) for package: libsemanage-2.0.43-4.2.el6.x86_64
Searching pkgSack for dep: libustr-1.0.so.1(USTR_1.0.1)(64bit)
Potential match for libustr-1.0.so.1(USTR_1.0.1)(64bit) from ustr-1.0.4-9.1.el6.x86_64
Matched ustr-1.0.4-9.1.el6.x86_64 to require for libustr-1.0.so.1(USTR_1.0.1)(64bit)
TSINFO: Marking ustr-1.0.4-9.1.el6.x86_64 as install for libsemanage-2.0.43-4.2.el6.x86_64
libsemanage-2.0.43-4.2.el6.x86_64 requires: libustr-1.0.so.1(USTR_1.0)(64bit)
--> Processing Dependency: libustr-1.0.so.1(USTR_1.0)(64bit) for package: libsemanage-2.0.43-4.2.el6.x86_64
Quick matched ustr-1.0.4-9.1.el6.x86_64 to require for libustr-1.0.so.1(USTR_1.0)(64bit)
libsemanage-2.0.43-4.2.el6.x86_64 requires: libustr-1.0.so.1()(64bit)
--> Processing Dependency: libustr-1.0.so.1()(64bit) for package: libsemanage-2.0.43-4.2.el6.x86_64
Quick matched ustr-1.0.4-9.1.el6.x86_64 to require for libustr-1.0.so.1()(64bit)
---> Package libsepol.x86_64 0:2.0.41-4.el6 set to be updated
Checking deps for libsepol.x86_64 0-2.0.41-4.el6 - u
---> Package libsmi.x86_64 0:0.4.8-4.el6 set to be updated
Checking deps for libsmi.x86_64 0-0.4.8-4.el6 - u
---> Package libss.x86_64 0:1.41.12-18.el6 set to be updated
Checking deps for libss.x86_64 0-1.41.12-18.el6 - u
---> Package libssh2.x86_64 0:1.4.2-1.el6 set to be updated
Checking deps for libssh2.x86_64 0-1.4.2-1.el6 - u
---> Package libstdc++.x86_64 0:4.4.7-4.el6 set to be updated
Checking deps for libstdc++.x86_64 0-4.4.7-4.el6 - u
---> Package libstdc++-devel.x86_64 0:4.4.7-4.el6 set to be updated
Checking deps for libstdc++-devel.x86_64 0-4.4.7-4.el6 - u
---> Package libtiff.x86_64 0:3.9.4-10.el6_5 set to be updated
Checking deps for libtiff.x86_64 0-3.9.4-10.el6_5 - u
---> Package libtirpc.x86_64 0:0.2.1-6.el6_5.2 set to be updated
Checking deps for libtirpc.x86_64 0-0.2.1-6.el6_5.2 - u
---> Package libtool-ltdl.x86_64 0:2.2.6-15.5.el6 set to be updated
Checking deps for libtool-ltdl.x86_64 0-2.2.6-15.5.el6 - u
---> Package libusbx.x86_64 0:1.0.18-1.mira1 set to be updated
Checking deps for libusbx.x86_64 0-1.0.18-1.mira1 - u
---> Package libutempter.x86_64 0:1.1.5-4.1.el6 set to be updated
Checking deps for libutempter.x86_64 0-1.1.5-4.1.el6 - u
---> Package libuuid.x86_64 0:2.17.2-12.14.el6_5 set to be updated
Checking deps for libuuid.x86_64 0-2.17.2-12.14.el6_5 - u
---> Package libvirt.x86_64 0:1.2.5-1.mira1 set to be updated
Checking deps for libvirt.x86_64 0-1.2.5-1.mira1 - u
libvirt-1.2.5-1.mira1.x86_64 requires: libvirt-daemon-driver-nodedev = 1.2.5-1.mira1
--> Processing Dependency: libvirt-daemon-driver-nodedev = 1.2.5-1.mira1 for package: libvirt-1.2.5-1.mira1.x86_64
Searching pkgSack for dep: libvirt-daemon-driver-nodedev
Potential match for libvirt-daemon-driver-nodedev from libvirt-daemon-driver-nodedev-1.2.5-1.mira1.x86_64
Matched libvirt-daemon-driver-nodedev-1.2.5-1.mira1.x86_64 to require for libvirt-daemon-driver-nodedev
TSINFO: Marking libvirt-daemon-driver-nodedev-1.2.5-1.mira1.x86_64 as install for libvirt-1.2.5-1.mira1.x86_64
libvirt-1.2.5-1.mira1.x86_64 requires: libvirt-daemon-driver-network = 1.2.5-1.mira1
--> Processing Dependency: libvirt-daemon-driver-network = 1.2.5-1.mira1 for package: libvirt-1.2.5-1.mira1.x86_64
Searching pkgSack for dep: libvirt-daemon-driver-network
Potential match for libvirt-daemon-driver-network from libvirt-daemon-driver-network-1.2.5-1.mira1.x86_64
Matched libvirt-daemon-driver-network-1.2.5-1.mira1.x86_64 to require for libvirt-daemon-driver-network
TSINFO: Marking libvirt-daemon-driver-network-1.2.5-1.mira1.x86_64 as install for libvirt-1.2.5-1.mira1.x86_64
libvirt-1.2.5-1.mira1.x86_64 requires: libvirt-daemon-driver-interface = 1.2.5-1.mira1
--> Processing Dependency: libvirt-daemon-driver-interface = 1.2.5-1.mira1 for package: libvirt-1.2.5-1.mira1.x86_64
Searching pkgSack for dep: libvirt-daemon-driver-interface
Potential match for libvirt-daemon-driver-interface from libvirt-daemon-driver-interface-1.2.5-1.mira1.x86_64
Matched libvirt-daemon-driver-interface-1.2.5-1.mira1.x86_64 to require for libvirt-daemon-driver-interface
TSINFO: Marking libvirt-daemon-driver-interface-1.2.5-1.mira1.x86_64 as install for libvirt-1.2.5-1.mira1.x86_64
libvirt-1.2.5-1.mira1.x86_64 requires: libvirt-daemon-driver-secret = 1.2.5-1.mira1
--> Processing Dependency: libvirt-daemon-driver-secret = 1.2.5-1.mira1 for package: libvirt-1.2.5-1.mira1.x86_64
Searching pkgSack for dep: libvirt-daemon-driver-secret
Potential match for libvirt-daemon-driver-secret from libvirt-daemon-driver-secret-1.2.5-1.mira1.x86_64
Matched libvirt-daemon-driver-secret-1.2.5-1.mira1.x86_64 to require for libvirt-daemon-driver-secret
TSINFO: Marking libvirt-daemon-driver-secret-1.2.5-1.mira1.x86_64 as install for libvirt-1.2.5-1.mira1.x86_64
libvirt-1.2.5-1.mira1.x86_64 requires: libvirt-daemon-driver-storage = 1.2.5-1.mira1
--> Processing Dependency: libvirt-daemon-driver-storage = 1.2.5-1.mira1 for package: libvirt-1.2.5-1.mira1.x86_64
Searching pkgSack for dep: libvirt-daemon-driver-storage
Potential match for libvirt-daemon-driver-storage from libvirt-daemon-driver-storage-1.2.5-1.mira1.x86_64
Matched libvirt-daemon-driver-storage-1.2.5-1.mira1.x86_64 to require for libvirt-daemon-driver-storage
TSINFO: Marking libvirt-daemon-driver-storage-1.2.5-1.mira1.x86_64 as install for libvirt-1.2.5-1.mira1.x86_64
libvirt-1.2.5-1.mira1.x86_64 requires: libvirt-daemon-config-network = 1.2.5-1.mira1
--> Processing Dependency: libvirt-daemon-config-network = 1.2.5-1.mira1 for package: libvirt-1.2.5-1.mira1.x86_64
Searching pkgSack for dep: libvirt-daemon-config-network
Potential match for libvirt-daemon-config-network from libvirt-daemon-config-network-1.2.5-1.mira1.x86_64
Matched libvirt-daemon-config-network-1.2.5-1.mira1.x86_64 to require for libvirt-daemon-config-network
TSINFO: Marking libvirt-daemon-config-network-1.2.5-1.mira1.x86_64 as install for libvirt-1.2.5-1.mira1.x86_64
libvirt-1.2.5-1.mira1.x86_64 requires: libvirt-daemon-driver-lxc = 1.2.5-1.mira1
--> Processing Dependency: libvirt-daemon-driver-lxc = 1.2.5-1.mira1 for package: libvirt-1.2.5-1.mira1.x86_64
Searching pkgSack for dep: libvirt-daemon-driver-lxc
Potential match for libvirt-daemon-driver-lxc from libvirt-daemon-driver-lxc-1.2.5-1.mira1.x86_64
Matched libvirt-daemon-driver-lxc-1.2.5-1.mira1.x86_64 to require for libvirt-daemon-driver-lxc
TSINFO: Marking libvirt-daemon-driver-lxc-1.2.5-1.mira1.x86_64 as install for libvirt-1.2.5-1.mira1.x86_64
libvirt-1.2.5-1.mira1.x86_64 requires: libvirt-daemon-config-nwfilter = 1.2.5-1.mira1
--> Processing Dependency: libvirt-daemon-config-nwfilter = 1.2.5-1.mira1 for package: libvirt-1.2.5-1.mira1.x86_64
Searching pkgSack for dep: libvirt-daemon-config-nwfilter
Potential match for libvirt-daemon-config-nwfilter from libvirt-daemon-config-nwfilter-1.2.5-1.mira1.x86_64
Matched libvirt-daemon-config-nwfilter-1.2.5-1.mira1.x86_64 to require for libvirt-daemon-config-nwfilter
TSINFO: Marking libvirt-daemon-config-nwfilter-1.2.5-1.mira1.x86_64 as install for libvirt-1.2.5-1.mira1.x86_64
libvirt-1.2.5-1.mira1.x86_64 requires: libvirt-daemon-driver-qemu = 1.2.5-1.mira1
--> Processing Dependency: libvirt-daemon-driver-qemu = 1.2.5-1.mira1 for package: libvirt-1.2.5-1.mira1.x86_64
Searching pkgSack for dep: libvirt-daemon-driver-qemu
Potential match for libvirt-daemon-driver-qemu from libvirt-daemon-driver-qemu-1.2.5-1.mira1.x86_64
Matched libvirt-daemon-driver-qemu-1.2.5-1.mira1.x86_64 to require for libvirt-daemon-driver-qemu
TSINFO: Marking libvirt-daemon-driver-qemu-1.2.5-1.mira1.x86_64 as install for libvirt-1.2.5-1.mira1.x86_64
libvirt-1.2.5-1.mira1.x86_64 requires: libvirt-daemon = 1.2.5-1.mira1
--> Processing Dependency: libvirt-daemon = 1.2.5-1.mira1 for package: libvirt-1.2.5-1.mira1.x86_64
Searching pkgSack for dep: libvirt-daemon
Potential match for libvirt-daemon from libvirt-daemon-1.2.5-1.mira1.x86_64
Matched libvirt-daemon-1.2.5-1.mira1.x86_64 to require for libvirt-daemon
TSINFO: Marking libvirt-daemon-1.2.5-1.mira1.x86_64 as install for libvirt-1.2.5-1.mira1.x86_64
libvirt-1.2.5-1.mira1.x86_64 requires: libvirt-daemon-driver-nwfilter = 1.2.5-1.mira1
--> Processing Dependency: libvirt-daemon-driver-nwfilter = 1.2.5-1.mira1 for package: libvirt-1.2.5-1.mira1.x86_64
Searching pkgSack for dep: libvirt-daemon-driver-nwfilter
Potential match for libvirt-daemon-driver-nwfilter from libvirt-daemon-driver-nwfilter-1.2.5-1.mira1.x86_64
Matched libvirt-daemon-driver-nwfilter-1.2.5-1.mira1.x86_64 to require for libvirt-daemon-driver-nwfilter
TSINFO: Marking libvirt-daemon-driver-nwfilter-1.2.5-1.mira1.x86_64 as install for libvirt-1.2.5-1.mira1.x86_64
---> Package libvirt-client.x86_64 0:1.2.5-1.mira1 set to be updated
Checking deps for libvirt-client.x86_64 0-1.2.5-1.mira1 - u
libvirt-client-1.2.5-1.mira1.x86_64 requires: cyrus-sasl-md5
--> Processing Dependency: cyrus-sasl-md5 for package: libvirt-client-1.2.5-1.mira1.x86_64
Searching pkgSack for dep: cyrus-sasl-md5
Potential match for cyrus-sasl-md5 from cyrus-sasl-md5-2.1.23-13.el6_3.1.x86_64
Matched cyrus-sasl-md5-2.1.23-13.el6_3.1.x86_64 to require for cyrus-sasl-md5
TSINFO: Marking cyrus-sasl-md5-2.1.23-13.el6_3.1.x86_64 as install for libvirt-client-1.2.5-1.mira1.x86_64
libvirt-client-1.2.5-1.mira1.x86_64 requires: nc
--> Processing Dependency: nc for package: libvirt-client-1.2.5-1.mira1.x86_64
Searching pkgSack for dep: nc
Potential match for nc from 2:nmap-ncat-6.40-3.el6.x86_64
Matched 2:nmap-ncat-6.40-3.el6.x86_64 to require for nc
TSINFO: Marking 2:nmap-ncat-6.40-3.el6.x86_64 as install for libvirt-client-1.2.5-1.mira1.x86_64
libvirt-client-1.2.5-1.mira1.x86_64 requires: gnutls-utils
--> Processing Dependency: gnutls-utils for package: libvirt-client-1.2.5-1.mira1.x86_64
Searching pkgSack for dep: gnutls-utils
Potential match for gnutls-utils from gnutls-utils-2.8.5-14.el6_5.x86_64
Matched gnutls-utils-2.8.5-14.el6_5.x86_64 to require for gnutls-utils
TSINFO: Marking gnutls-utils-2.8.5-14.el6_5.x86_64 as install for libvirt-client-1.2.5-1.mira1.x86_64
libvirt-client-1.2.5-1.mira1.x86_64 requires: libyajl.so.1()(64bit)
--> Processing Dependency: libyajl.so.1()(64bit) for package: libvirt-client-1.2.5-1.mira1.x86_64
Searching pkgSack for dep: libyajl.so.1()(64bit)
Potential match for libyajl.so.1()(64bit) from yajl-1.0.7-3.el6.x86_64
Matched yajl-1.0.7-3.el6.x86_64 to require for libyajl.so.1()(64bit)
TSINFO: Marking yajl-1.0.7-3.el6.x86_64 as install for libvirt-client-1.2.5-1.mira1.x86_64
---> Package libvirt-python.x86_64 0:1.2.5-2.mira1 set to be updated
Checking deps for libvirt-python.x86_64 0-1.2.5-2.mira1 - u
---> Package libxml2-python.x86_64 0:2.7.6-14.el6_5.2 set to be updated
Checking deps for libxml2-python.x86_64 0-2.7.6-14.el6_5.2 - u
---> Package libxslt.x86_64 0:1.1.26-2.el6_3.1 set to be updated
Checking deps for libxslt.x86_64 0-1.1.26-2.el6_3.1 - u
---> Package lm_sensors.x86_64 0:3.1.1-17.el6 set to be updated
Checking deps for lm_sensors.x86_64 0-3.1.1-17.el6 - u
lm_sensors-3.1.1-17.el6.x86_64 requires: lm_sensors-libs(x86-64) = 3.1.1-17.el6
--> Processing Dependency: lm_sensors-libs(x86-64) = 3.1.1-17.el6 for package: lm_sensors-3.1.1-17.el6.x86_64
Searching pkgSack for dep: lm_sensors-libs(x86-64)
Potential match for lm_sensors-libs(x86-64) from lm_sensors-libs-3.1.1-17.el6.x86_64
Matched lm_sensors-libs-3.1.1-17.el6.x86_64 to require for lm_sensors-libs(x86-64)
TSINFO: Marking lm_sensors-libs-3.1.1-17.el6.x86_64 as install for lm_sensors-3.1.1-17.el6.x86_64
lm_sensors-3.1.1-17.el6.x86_64 requires: libsensors.so.4()(64bit)
--> Processing Dependency: libsensors.so.4()(64bit) for package: lm_sensors-3.1.1-17.el6.x86_64
Quick matched lm_sensors-libs-3.1.1-17.el6.x86_64 to require for libsensors.so.4()(64bit)
---> Package lua.x86_64 0:5.1.4-4.1.el6 set to be updated
Checking deps for lua.x86_64 0-5.1.4-4.1.el6 - u
---> Package lvm2-libs.x86_64 0:2.02.100-8.el6 set to be updated
Checking deps for lvm2-libs.x86_64 0-2.02.100-8.el6 - u
---> Package lxc-libs.x86_64 0:0.9.0-2.mira1 set to be updated
Checking deps for lxc-libs.x86_64 0-0.9.0-2.mira1 - u
---> Package lzo.x86_64 0:2.03-3.1.el6 set to be updated
Checking deps for lzo.x86_64 0-2.03-3.1.el6 - u
---> Package m2crypto.x86_64 0:0.20.2-9.el6 set to be updated
Checking deps for m2crypto.x86_64 0-0.20.2-9.el6 - u
---> Package m4.x86_64 0:1.4.13-5.el6 set to be updated
Checking deps for m4.x86_64 0-1.4.13-5.el6 - u
---> Package mesa-libGL.x86_64 0:9.2-0.5.el6_5.2 set to be updated
Checking deps for mesa-libGL.x86_64 0-9.2-0.5.el6_5.2 - u
mesa-libGL-9.2-0.5.el6_5.2.x86_64 requires: mesa-dri-drivers(x86-64) = 9.2-0.5.el6_5.2
--> Processing Dependency: mesa-dri-drivers(x86-64) = 9.2-0.5.el6_5.2 for package: mesa-libGL-9.2-0.5.el6_5.2.x86_64
Searching pkgSack for dep: mesa-dri-drivers(x86-64)
Potential match for mesa-dri-drivers(x86-64) from mesa-dri-drivers-9.2-0.5.el6_5.2.x86_64
Matched mesa-dri-drivers-9.2-0.5.el6_5.2.x86_64 to require for mesa-dri-drivers(x86-64)
TSINFO: Marking mesa-dri-drivers-9.2-0.5.el6_5.2.x86_64 as install for mesa-libGL-9.2-0.5.el6_5.2.x86_64
mesa-libGL-9.2-0.5.el6_5.2.x86_64 requires: libxcb.so.1()(64bit)
--> Processing Dependency: libxcb.so.1()(64bit) for package: mesa-libGL-9.2-0.5.el6_5.2.x86_64
Searching pkgSack for dep: libxcb.so.1()(64bit)
Potential match for libxcb.so.1()(64bit) from libxcb-1.8.1-1.el6.x86_64
Matched libxcb-1.8.1-1.el6.x86_64 to require for libxcb.so.1()(64bit)
TSINFO: Marking libxcb-1.8.1-1.el6.x86_64 as install for mesa-libGL-9.2-0.5.el6_5.2.x86_64
mesa-libGL-9.2-0.5.el6_5.2.x86_64 requires: libxcb-glx.so.0()(64bit)
--> Processing Dependency: libxcb-glx.so.0()(64bit) for package: mesa-libGL-9.2-0.5.el6_5.2.x86_64
Quick matched libxcb-1.8.1-1.el6.x86_64 to require for libxcb-glx.so.0()(64bit)
mesa-libGL-9.2-0.5.el6_5.2.x86_64 requires: libglapi.so.0()(64bit)
--> Processing Dependency: libglapi.so.0()(64bit) for package: mesa-libGL-9.2-0.5.el6_5.2.x86_64
Searching pkgSack for dep: libglapi.so.0()(64bit)
Potential match for libglapi.so.0()(64bit) from mesa-dri-drivers-9.2-0.5.el6_5.2.x86_64
Matched mesa-dri-drivers-9.2-0.5.el6_5.2.x86_64 to require for libglapi.so.0()(64bit)
mesa-dri-drivers-9.2-0.5.el6_5.2.x86_64 already in ts, skipping this one
mesa-libGL-9.2-0.5.el6_5.2.x86_64 requires: libxcb-dri2.so.0()(64bit)
--> Processing Dependency: libxcb-dri2.so.0()(64bit) for package: mesa-libGL-9.2-0.5.el6_5.2.x86_64
Searching pkgSack for dep: libxcb-dri2.so.0()(64bit)
Potential match for libxcb-dri2.so.0()(64bit) from libxcb-1.8.1-1.el6.x86_64
Matched libxcb-1.8.1-1.el6.x86_64 to require for libxcb-dri2.so.0()(64bit)
libxcb-1.8.1-1.el6.x86_64 already in ts, skipping this one
---> Package mesa-libGLU.x86_64 0:9.2-0.5.el6_5.2 set to be updated
Checking deps for mesa-libGLU.x86_64 0-9.2-0.5.el6_5.2 - u
---> Package mingetty.x86_64 0:1.08-5.el6 set to be updated
Checking deps for mingetty.x86_64 0-1.08-5.el6 - u
---> Package modcluster.x86_64 0:0.16.2-28.el6 set to be updated
Checking deps for modcluster.x86_64 0-0.16.2-28.el6 - u
modcluster-0.16.2-28.el6.x86_64 requires: oddjob
--> Processing Dependency: oddjob for package: modcluster-0.16.2-28.el6.x86_64
Searching pkgSack for dep: oddjob
Potential match for oddjob from oddjob-0.30-5.el6.x86_64
Matched oddjob-0.30-5.el6.x86_64 to require for oddjob
TSINFO: Marking oddjob-0.30-5.el6.x86_64 as install for modcluster-0.16.2-28.el6.x86_64
---> Package module-init-tools.x86_64 0:3.9-21.el6_4 set to be updated
Checking deps for module-init-tools.x86_64 0-3.9-21.el6_4 - u
---> Package mpfr.x86_64 0:2.4.1-6.el6 set to be updated
Checking deps for mpfr.x86_64 0-2.4.1-6.el6 - u
---> Package murano.noarch 0:2014.2.rc1-fuel6.0.mira6 set to be updated
Checking deps for murano.noarch 0-2014.2.rc1-fuel6.0.mira6 - u
murano-2014.2.rc1-fuel6.0.mira6.noarch requires: python-psutil >= 1.1.1
--> Processing Dependency: python-psutil >= 1.1.1 for package: murano-2014.2.rc1-fuel6.0.mira6.noarch
Searching pkgSack for dep: python-psutil
Potential match for python-psutil from python-psutil-1.2.1-1.mira1.x86_64
Matched python-psutil-1.2.1-1.mira1.x86_64 to require for python-psutil
TSINFO: Marking python-psutil-1.2.1-1.mira1.x86_64 as install for murano-2014.2.rc1-fuel6.0.mira6.noarch
---> Package mysql-libs.x86_64 0:5.1.73-3.el6_5 set to be updated
Checking deps for mysql-libs.x86_64 0-5.1.73-3.el6_5 - u
---> Package nailgun.noarch 0:0.1.0-603 set to be updated
Checking deps for nailgun.noarch 0-0.1.0-603 - u
nailgun-0.1.0-603.noarch requires: python-simplejson = 3.3.0
--> Processing Dependency: python-simplejson = 3.3.0 for package: nailgun-0.1.0-603.noarch
Searching pkgSack for dep: python-simplejson
Potential match for python-simplejson from python-simplejson-3.5.3-2.mira1.x86_64
nailgun-0.1.0-603.noarch requires: python-netifaces = 0.8
--> Processing Dependency: python-netifaces = 0.8 for package: nailgun-0.1.0-603.noarch
Searching pkgSack for dep: python-netifaces
Potential match for python-netifaces from python-netifaces-0.10.4-1.el6.x86_64
nailgun-0.1.0-603.noarch requires: python-alembic = 0.6.2
--> Processing Dependency: python-alembic = 0.6.2 for package: nailgun-0.1.0-603.noarch
Searching pkgSack for dep: python-alembic
Potential match for python-alembic from python-alembic-0.6.7-3.mira1.noarch
nailgun-0.1.0-603.noarch requires: python-netaddr = 0.7.10
--> Processing Dependency: python-netaddr = 0.7.10 for package: nailgun-0.1.0-603.noarch
Searching pkgSack for dep: python-netaddr
Potential match for python-netaddr from python-netaddr-0.7.12-6.2.mira1.x86_64
Potential match for python-netaddr from python-netaddr-0.7.5-4.el6.noarch
nailgun-0.1.0-603.noarch requires: python-oslo-config = 1:1.2.1
--> Processing Dependency: python-oslo-config = 1:1.2.1 for package: nailgun-0.1.0-603.noarch
Searching pkgSack for dep: python-oslo-config
Potential match for python-oslo-config from 1:python-oslo-config-1.4.0-fuel6.0.mira22.noarch
nailgun-0.1.0-603.noarch requires: python-sqlalchemy = 0.7.9
--> Processing Dependency: python-sqlalchemy = 0.7.9 for package: nailgun-0.1.0-603.noarch
Searching pkgSack for dep: python-sqlalchemy
Potential match for python-sqlalchemy from python-sqlalchemy-0.5.5-3.el6_2.noarch
Potential match for python-sqlalchemy from python-sqlalchemy-0.9.7-2.mira1.x86_64
---> Package ncurses-libs.x86_64 0:5.7-3.20090208.el6 set to be updated
Checking deps for ncurses-libs.x86_64 0-5.7-3.20090208.el6 - u
ncurses-libs-5.7-3.20090208.el6.x86_64 requires: ncurses-base = 5.7-3.20090208.el6
--> Processing Dependency: ncurses-base = 5.7-3.20090208.el6 for package: ncurses-libs-5.7-3.20090208.el6.x86_64
Searching pkgSack for dep: ncurses-base
Potential match for ncurses-base from ncurses-base-5.7-3.20090208.el6.x86_64
Matched ncurses-base-5.7-3.20090208.el6.x86_64 to require for ncurses-base
TSINFO: Marking ncurses-base-5.7-3.20090208.el6.x86_64 as install for ncurses-libs-5.7-3.20090208.el6.x86_64
---> Package net-snmp.x86_64 1:5.5-49.el6_5.1 set to be updated
Checking deps for net-snmp.x86_64 1-5.5-49.el6_5.1 - u
---> Package net-snmp-libs.x86_64 1:5.5-49.el6_5.1 set to be updated
Checking deps for net-snmp-libs.x86_64 1-5.5-49.el6_5.1 - u
---> Package net-snmp-utils.x86_64 1:5.5-49.el6_5.1 set to be updated
Checking deps for net-snmp-utils.x86_64 1-5.5-49.el6_5.1 - u
---> Package net-tools.x86_64 0:1.60-110.el6_2 set to be updated
Checking deps for net-tools.x86_64 0-1.60-110.el6_2 - u
---> Package newt.x86_64 0:0.52.11-3.el6 set to be updated
Checking deps for newt.x86_64 0-0.52.11-3.el6 - u
---> Package newt-python.x86_64 0:0.52.11-3.el6 set to be updated
Checking deps for newt-python.x86_64 0-0.52.11-3.el6 - u
---> Package nfs-utils-lib.x86_64 0:1.1.5-6.el6 set to be updated
Checking deps for nfs-utils-lib.x86_64 0-1.1.5-6.el6 - u
---> Package nspr.x86_64 0:4.10.2-1.el6_5 set to be updated
Checking deps for nspr.x86_64 0-4.10.2-1.el6_5 - u
---> Package nss.x86_64 0:3.15.3-6.el6_5 set to be updated
Checking deps for nss.x86_64 0-3.15.3-6.el6_5 - u
nss-3.15.3-6.el6_5.x86_64 requires: nss-softokn(x86-64) >= 3.14.3
--> Processing Dependency: nss-softokn(x86-64) >= 3.14.3 for package: nss-3.15.3-6.el6_5.x86_64
Searching pkgSack for dep: nss-softokn(x86-64)
Potential match for nss-softokn(x86-64) from nss-softokn-3.14.3-10.el6_5.x86_64
Matched nss-softokn-3.14.3-10.el6_5.x86_64 to require for nss-softokn(x86-64)
TSINFO: Marking nss-softokn-3.14.3-10.el6_5.x86_64 as install for nss-3.15.3-6.el6_5.x86_64
nss-3.15.3-6.el6_5.x86_64 requires: nss-system-init
--> Processing Dependency: nss-system-init for package: nss-3.15.3-6.el6_5.x86_64
Searching pkgSack for dep: nss-system-init
Potential match for nss-system-init from nss-sysinit-3.15.3-6.el6_5.x86_64
Matched nss-sysinit-3.15.3-6.el6_5.x86_64 to require for nss-system-init
TSINFO: Marking nss-sysinit-3.15.3-6.el6_5.x86_64 as install for nss-3.15.3-6.el6_5.x86_64
nss-3.15.3-6.el6_5.x86_64 requires: libsoftokn3.so()(64bit)
--> Processing Dependency: libsoftokn3.so()(64bit) for package: nss-3.15.3-6.el6_5.x86_64
Searching pkgSack for dep: libsoftokn3.so()(64bit)
Potential match for libsoftokn3.so()(64bit) from nss-softokn-3.14.3-10.el6_5.x86_64
Matched nss-softokn-3.14.3-10.el6_5.x86_64 to require for libsoftokn3.so()(64bit)
nss-softokn-3.14.3-10.el6_5.x86_64 already in ts, skipping this one
---> Package nss-softokn-freebl.x86_64 0:3.14.3-10.el6_5 set to be updated
Checking deps for nss-softokn-freebl.x86_64 0-3.14.3-10.el6_5 - u
---> Package nss-util.x86_64 0:3.15.3-1.el6_5 set to be updated
Checking deps for nss-util.x86_64 0-3.15.3-1.el6_5 - u
---> Package numactl.x86_64 0:2.0.7-8.el6 set to be updated
Checking deps for numactl.x86_64 0-2.0.7-8.el6 - u
---> Package openais.x86_64 0:1.1.4-47.3 set to be updated
Checking deps for openais.x86_64 0-1.1.4-47.3 - u
---> Package openaislib.x86_64 0:1.1.4-47.3 set to be updated
Checking deps for openaislib.x86_64 0-1.1.4-47.3 - u
---> Package openldap.x86_64 0:2.4.23-34.el6_5.1 set to be updated
Checking deps for openldap.x86_64 0-2.4.23-34.el6_5.1 - u
openldap-2.4.23-34.el6_5.1.x86_64 requires: nss-tools
--> Processing Dependency: nss-tools for package: openldap-2.4.23-34.el6_5.1.x86_64
Searching pkgSack for dep: nss-tools
Potential match for nss-tools from nss-tools-3.15.3-6.el6_5.x86_64
Matched nss-tools-3.15.3-6.el6_5.x86_64 to require for nss-tools
TSINFO: Marking nss-tools-3.15.3-6.el6_5.x86_64 as install for openldap-2.4.23-34.el6_5.1.x86_64
---> Package openssh.x86_64 0:5.3p1-94.el6 set to be updated
Checking deps for openssh.x86_64 0-5.3p1-94.el6 - u
---> Package openssl.x86_64 0:1.0.1e-16.el6_5.14 set to be updated
Checking deps for openssl.x86_64 0-1.0.1e-16.el6_5.14 - u
---> Package openstack-neutron-metaplugin.noarch 0:2014.2.b3-fuel6.0.mira1 set to be updated
Checking deps for openstack-neutron-metaplugin.noarch 0-2014.2.b3-fuel6.0.mira1 - u
---> Package pacemaker-cli.x86_64 0:1.1.10-14.el6_5.3 set to be updated
Checking deps for pacemaker-cli.x86_64 0-1.1.10-14.el6_5.3 - u
---> Package pacemaker-cluster-libs.x86_64 0:1.1.10-14.el6_5.3 set to be updated
Checking deps for pacemaker-cluster-libs.x86_64 0-1.1.10-14.el6_5.3 - u
---> Package pacemaker-libs.x86_64 0:1.1.10-14.el6_5.3 set to be updated
Checking deps for pacemaker-libs.x86_64 0-1.1.10-14.el6_5.3 - u
---> Package pam.x86_64 0:1.1.1-17.el6 set to be updated
Checking deps for pam.x86_64 0-1.1.1-17.el6 - u
pam-1.1.1-17.el6.x86_64 requires: cracklib-dicts >= 2.8
--> Processing Dependency: cracklib-dicts >= 2.8 for package: pam-1.1.1-17.el6.x86_64
Searching pkgSack for dep: cracklib-dicts
Potential match for cracklib-dicts from cracklib-dicts-2.8.16-4.el6.x86_64
Matched cracklib-dicts-2.8.16-4.el6.x86_64 to require for cracklib-dicts
TSINFO: Marking cracklib-dicts-2.8.16-4.el6.x86_64 as install for pam-1.1.1-17.el6.x86_64
pam-1.1.1-17.el6.x86_64 requires: cracklib
--> Processing Dependency: cracklib for package: pam-1.1.1-17.el6.x86_64
Searching pkgSack for dep: cracklib
Potential match for cracklib from cracklib-2.8.16-4.el6.x86_64
Matched cracklib-2.8.16-4.el6.x86_64 to require for cracklib
TSINFO: Marking cracklib-2.8.16-4.el6.x86_64 as install for pam-1.1.1-17.el6.x86_64
pam-1.1.1-17.el6.x86_64 requires: libcrack.so.2()(64bit)
--> Processing Dependency: libcrack.so.2()(64bit) for package: pam-1.1.1-17.el6.x86_64
Quick matched cracklib-2.8.16-4.el6.x86_64 to require for libcrack.so.2()(64bit)
---> Package pango.x86_64 0:1.28.1-7.el6_3 set to be updated
Checking deps for pango.x86_64 0-1.28.1-7.el6_3 - u
pango-1.28.1-7.el6_3.x86_64 requires: libthai >= 0.1.9
--> Processing Dependency: libthai >= 0.1.9 for package: pango-1.28.1-7.el6_3.x86_64
Searching pkgSack for dep: libthai
Potential match for libthai from libthai-0.1.12-3.el6.x86_64
Matched libthai-0.1.12-3.el6.x86_64 to require for libthai
TSINFO: Marking libthai-0.1.12-3.el6.x86_64 as install for pango-1.28.1-7.el6_3.x86_64
pango-1.28.1-7.el6_3.x86_64 requires: libthai.so.0(LIBTHAI_0.1)(64bit)
--> Processing Dependency: libthai.so.0(LIBTHAI_0.1)(64bit) for package: pango-1.28.1-7.el6_3.x86_64
Quick matched libthai-0.1.12-3.el6.x86_64 to require for libthai.so.0(LIBTHAI_0.1)(64bit)
pango-1.28.1-7.el6_3.x86_64 requires: libthai.so.0()(64bit)
--> Processing Dependency: libthai.so.0()(64bit) for package: pango-1.28.1-7.el6_3.x86_64
Quick matched libthai-0.1.12-3.el6.x86_64 to require for libthai.so.0()(64bit)
pango-1.28.1-7.el6_3.x86_64 requires: libXft.so.2()(64bit)
--> Processing Dependency: libXft.so.2()(64bit) for package: pango-1.28.1-7.el6_3.x86_64
Searching pkgSack for dep: libXft.so.2()(64bit)
Potential match for libXft.so.2()(64bit) from libXft-2.3.1-2.el6.x86_64
Matched libXft-2.3.1-2.el6.x86_64 to require for libXft.so.2()(64bit)
TSINFO: Marking libXft-2.3.1-2.el6.x86_64 as install for pango-1.28.1-7.el6_3.x86_64
---> Package pciutils-libs.x86_64 0:3.1.10-2.el6 set to be updated
Checking deps for pciutils-libs.x86_64 0-3.1.10-2.el6 - u
---> Package pcre.x86_64 0:7.8-6.el6 set to be updated
Checking deps for pcre.x86_64 0-7.8-6.el6 - u
---> Package perl.x86_64 4:5.10.1-136.el6 set to be updated
Checking deps for perl.x86_64 4-5.10.1-136.el6 - u
4:perl-5.10.1-136.el6.x86_64 requires: perl(Pod::Simple)
--> Processing Dependency: perl(Pod::Simple) for package: 4:perl-5.10.1-136.el6.x86_64
Searching pkgSack for dep: perl(Pod::Simple)
Potential match for perl(Pod::Simple) from 1:perl-Pod-Simple-3.13-136.el6.x86_64
Matched 1:perl-Pod-Simple-3.13-136.el6.x86_64 to require for perl(Pod::Simple)
TSINFO: Marking 1:perl-Pod-Simple-3.13-136.el6.x86_64 as install for 4:perl-5.10.1-136.el6.x86_64
4:perl-5.10.1-136.el6.x86_64 requires: perl(Module::Pluggable)
--> Processing Dependency: perl(Module::Pluggable) for package: 4:perl-5.10.1-136.el6.x86_64
Searching pkgSack for dep: perl(Module::Pluggable)
Potential match for perl(Module::Pluggable) from 1:perl-Module-Pluggable-3.90-136.el6.x86_64
Matched 1:perl-Module-Pluggable-3.90-136.el6.x86_64 to require for perl(Module::Pluggable)
TSINFO: Marking 1:perl-Module-Pluggable-3.90-136.el6.x86_64 as install for 4:perl-5.10.1-136.el6.x86_64
4:perl-5.10.1-136.el6.x86_64 requires: perl(version)
--> Processing Dependency: perl(version) for package: 4:perl-5.10.1-136.el6.x86_64
Searching pkgSack for dep: perl(version)
Potential match for perl(version) from 3:perl-version-0.77-136.el6.x86_64
Matched 3:perl-version-0.77-136.el6.x86_64 to require for perl(version)
TSINFO: Marking 3:perl-version-0.77-136.el6.x86_64 as install for 4:perl-5.10.1-136.el6.x86_64
---> Package perl-CGI.x86_64 0:3.51-136.el6 set to be updated
Checking deps for perl-CGI.x86_64 0-3.51-136.el6 - u
---> Package perl-DBI.x86_64 0:1.609-4.el6 set to be updated
Checking deps for perl-DBI.x86_64 0-1.609-4.el6 - u
---> Package perl-Error.noarch 1:0.17015-4.el6 set to be updated
Checking deps for perl-Error.noarch 1-0.17015-4.el6 - u
---> Package perl-ExtUtils-MakeMaker.x86_64 0:6.55-136.el6 set to be updated
Checking deps for perl-ExtUtils-MakeMaker.x86_64 0-6.55-136.el6 - u
---> Package perl-ExtUtils-ParseXS.x86_64 1:2.2003.0-136.el6 set to be updated
Checking deps for perl-ExtUtils-ParseXS.x86_64 1-2.2003.0-136.el6 - u
---> Package perl-Git.noarch 0:1.7.1-3.el6_4.1 set to be updated
Checking deps for perl-Git.noarch 0-1.7.1-3.el6_4.1 - u
---> Package perl-Net-Telnet.noarch 0:3.03-11.el6 set to be updated
Checking deps for perl-Net-Telnet.noarch 0-3.03-11.el6 - u
---> Package perl-TermReadKey.x86_64 0:2.30-13.el6 set to be updated
Checking deps for perl-TermReadKey.x86_64 0-2.30-13.el6 - u
---> Package perl-Test-Harness.x86_64 0:3.17-136.el6 set to be updated
Checking deps for perl-Test-Harness.x86_64 0-3.17-136.el6 - u
---> Package perl-Test-Simple.x86_64 0:0.92-136.el6 set to be updated
Checking deps for perl-Test-Simple.x86_64 0-0.92-136.el6 - u
---> Package perl-Time-HiRes.x86_64 4:1.9721-136.el6 set to be updated
Checking deps for perl-Time-HiRes.x86_64 4-1.9721-136.el6 - u
---> Package perl-TimeDate.noarch 1:1.16-11.1.el6 set to be updated
Checking deps for perl-TimeDate.noarch 1-1.16-11.1.el6 - u
---> Package perl-hivex.x86_64 0:1.3.3-4.2.mira1 set to be updated
Checking deps for perl-hivex.x86_64 0-1.3.3-4.2.mira1 - u
---> Package perl-libs.x86_64 4:5.10.1-136.el6 set to be updated
Checking deps for perl-libs.x86_64 4-5.10.1-136.el6 - u
---> Package pexpect.noarch 0:2.3-6.el6 set to be updated
Checking deps for pexpect.noarch 0-2.3-6.el6 - u
---> Package php.x86_64 0:5.3.3-27.el6_5 set to be updated
Checking deps for php.x86_64 0-5.3.3-27.el6_5 - u
php-5.3.3-27.el6_5.x86_64 requires: php-cli(x86-64) = 5.3.3-27.el6_5
--> Processing Dependency: php-cli(x86-64) = 5.3.3-27.el6_5 for package: php-5.3.3-27.el6_5.x86_64
Searching pkgSack for dep: php-cli(x86-64)
Potential match for php-cli(x86-64) from php-cli-5.3.3-27.el6_5.x86_64
Matched php-cli-5.3.3-27.el6_5.x86_64 to require for php-cli(x86-64)
TSINFO: Marking php-cli-5.3.3-27.el6_5.x86_64 as install for php-5.3.3-27.el6_5.x86_64
php-5.3.3-27.el6_5.x86_64 requires: php-common(x86-64) = 5.3.3-27.el6_5
--> Processing Dependency: php-common(x86-64) = 5.3.3-27.el6_5 for package: php-5.3.3-27.el6_5.x86_64
Searching pkgSack for dep: php-common(x86-64)
Potential match for php-common(x86-64) from php-common-5.3.3-27.el6_5.x86_64
Matched php-common-5.3.3-27.el6_5.x86_64 to require for php-common(x86-64)
TSINFO: Marking php-common-5.3.3-27.el6_5.x86_64 as install for php-5.3.3-27.el6_5.x86_64
---> Package php-bcmath.x86_64 0:5.3.3-27.el6_5 set to be updated
Checking deps for php-bcmath.x86_64 0-5.3.3-27.el6_5 - u
---> Package php-gd.x86_64 0:5.3.3-27.el6_5 set to be updated
Checking deps for php-gd.x86_64 0-5.3.3-27.el6_5 - u
---> Package php-mbstring.x86_64 0:5.3.3-27.el6_5 set to be updated
Checking deps for php-mbstring.x86_64 0-5.3.3-27.el6_5 - u
---> Package php-mysql.x86_64 0:5.3.3-27.el6_5 set to be updated
Checking deps for php-mysql.x86_64 0-5.3.3-27.el6_5 - u
php-mysql-5.3.3-27.el6_5.x86_64 requires: php-pdo(x86-64)
--> Processing Dependency: php-pdo(x86-64) for package: php-mysql-5.3.3-27.el6_5.x86_64
Searching pkgSack for dep: php-pdo(x86-64)
Potential match for php-pdo(x86-64) from php-pdo-5.3.3-27.el6_5.x86_64
Matched php-pdo-5.3.3-27.el6_5.x86_64 to require for php-pdo(x86-64)
TSINFO: Marking php-pdo-5.3.3-27.el6_5.x86_64 as install for php-mysql-5.3.3-27.el6_5.x86_64
---> Package php-pgsql.x86_64 0:5.3.3-27.el6_5 set to be updated
Checking deps for php-pgsql.x86_64 0-5.3.3-27.el6_5 - u
---> Package php-xml.x86_64 0:5.3.3-27.el6_5 set to be updated
Checking deps for php-xml.x86_64 0-5.3.3-27.el6_5 - u
---> Package pinentry.x86_64 0:0.7.6-6.el6 set to be updated
Checking deps for pinentry.x86_64 0-0.7.6-6.el6 - u
---> Package pkgconfig.x86_64 1:0.23-9.1.el6 set to be updated
Checking deps for pkgconfig.x86_64 1-0.23-9.1.el6 - u
---> Package plymouth-core-libs.x86_64 0:0.8.3-27.el6.centos set to be updated
Checking deps for plymouth-core-libs.x86_64 0-0.8.3-27.el6.centos - u
---> Package plymouth-scripts.x86_64 0:0.8.3-27.el6.centos set to be updated
Checking deps for plymouth-scripts.x86_64 0-0.8.3-27.el6.centos - u
---> Package policycoreutils-python.x86_64 0:2.0.83-19.39.el6 set to be updated
Checking deps for policycoreutils-python.x86_64 0-2.0.83-19.39.el6 - u
policycoreutils-python-2.0.83-19.39.el6.x86_64 requires: libsemanage-python >= 2.0.43-4
--> Processing Dependency: libsemanage-python >= 2.0.43-4 for package: policycoreutils-python-2.0.83-19.39.el6.x86_64
Searching pkgSack for dep: libsemanage-python
Potential match for libsemanage-python from libsemanage-python-2.0.43-4.2.el6.x86_64
Matched libsemanage-python-2.0.43-4.2.el6.x86_64 to require for libsemanage-python
TSINFO: Marking libsemanage-python-2.0.43-4.2.el6.x86_64 as install for policycoreutils-python-2.0.83-19.39.el6.x86_64
policycoreutils-python-2.0.83-19.39.el6.x86_64 requires: audit-libs-python >= 1.4.2-1
--> Processing Dependency: audit-libs-python >= 1.4.2-1 for package: policycoreutils-python-2.0.83-19.39.el6.x86_64
Searching pkgSack for dep: audit-libs-python
Potential match for audit-libs-python from audit-libs-python-2.2-4.el6_5.x86_64
Matched audit-libs-python-2.2-4.el6_5.x86_64 to require for audit-libs-python
TSINFO: Marking audit-libs-python-2.2-4.el6_5.x86_64 as install for policycoreutils-python-2.0.83-19.39.el6.x86_64
policycoreutils-python-2.0.83-19.39.el6.x86_64 requires: setools-libs-python
--> Processing Dependency: setools-libs-python for package: policycoreutils-python-2.0.83-19.39.el6.x86_64
Searching pkgSack for dep: setools-libs-python
Potential match for setools-libs-python from setools-libs-python-3.3.7-4.el6.x86_64
Matched setools-libs-python-3.3.7-4.el6.x86_64 to require for setools-libs-python
TSINFO: Marking setools-libs-python-3.3.7-4.el6.x86_64 as install for policycoreutils-python-2.0.83-19.39.el6.x86_64
---> Package popt.x86_64 0:1.13-7.el6 set to be updated
Checking deps for popt.x86_64 0-1.13-7.el6 - u
---> Package portreserve.x86_64 0:0.0.4-9.el6 set to be updated
Checking deps for portreserve.x86_64 0-0.0.4-9.el6 - u
---> Package psmisc.x86_64 0:22.6-19.el6_5 set to be updated
Checking deps for psmisc.x86_64 0-22.6-19.el6_5 - u
---> Package pth.x86_64 0:2.0.7-9.3.el6 set to be updated
Checking deps for pth.x86_64 0-2.0.7-9.3.el6 - u
---> Package pyOpenSSL.x86_64 0:0.13.1-1.el6 set to be updated
Checking deps for pyOpenSSL.x86_64 0-0.13.1-1.el6 - u
---> Package pygpgme.x86_64 0:0.1-18.20090824bzr68.el6 set to be updated
Checking deps for pygpgme.x86_64 0-0.1-18.20090824bzr68.el6 - u
pygpgme-0.1-18.20090824bzr68.el6.x86_64 requires: libgpgme.so.11(GPGME_1.1)(64bit)
--> Processing Dependency: libgpgme.so.11(GPGME_1.1)(64bit) for package: pygpgme-0.1-18.20090824bzr68.el6.x86_64
Searching pkgSack for dep: libgpgme.so.11(GPGME_1.1)(64bit)
Potential match for libgpgme.so.11(GPGME_1.1)(64bit) from gpgme-1.1.8-3.el6.x86_64
Matched gpgme-1.1.8-3.el6.x86_64 to require for libgpgme.so.11(GPGME_1.1)(64bit)
TSINFO: Marking gpgme-1.1.8-3.el6.x86_64 as install for pygpgme-0.1-18.20090824bzr68.el6.x86_64
pygpgme-0.1-18.20090824bzr68.el6.x86_64 requires: libgpgme.so.11(GPGME_1.0)(64bit)
--> Processing Dependency: libgpgme.so.11(GPGME_1.0)(64bit) for package: pygpgme-0.1-18.20090824bzr68.el6.x86_64
Quick matched gpgme-1.1.8-3.el6.x86_64 to require for libgpgme.so.11(GPGME_1.0)(64bit)
pygpgme-0.1-18.20090824bzr68.el6.x86_64 requires: libgpgme.so.11()(64bit)
--> Processing Dependency: libgpgme.so.11()(64bit) for package: pygpgme-0.1-18.20090824bzr68.el6.x86_64
Quick matched gpgme-1.1.8-3.el6.x86_64 to require for libgpgme.so.11()(64bit)
---> Package pykickstart.noarch 0:1.74.14-1.el6 set to be updated
Checking deps for pykickstart.noarch 0-1.74.14-1.el6 - u
---> Package pysnmp.noarch 0:4.2.4-1.el6 set to be updated
Checking deps for pysnmp.noarch 0-4.2.4-1.el6 - u
---> Package python.x86_64 0:2.6.6-52.el6 set to be updated
Checking deps for python.x86_64 0-2.6.6-52.el6 - u
---> Package python-MarkupSafe.x86_64 0:0.18-24.2 set to be updated
Checking deps for python-MarkupSafe.x86_64 0-0.18-24.2 - u
---> Package python-PrettyTable.noarch 0:0.7.2-5.1 set to be updated
Checking deps for python-PrettyTable.noarch 0-0.7.2-5.1 - u
---> Package python-XStatic.noarch 0:1.0.1-1.mira1 set to be updated
Checking deps for python-XStatic.noarch 0-1.0.1-1.mira1 - u
---> Package python-XStatic-Angular.noarch 0:1.2.1.1-1.mira1 set to be updated
Checking deps for python-XStatic-Angular.noarch 0-1.2.1.1-1.mira1 - u
---> Package python-XStatic-Angular-Cookies.noarch 0:1.2.1.1-1.mira1 set to be updated
Checking deps for python-XStatic-Angular-Cookies.noarch 0-1.2.1.1-1.mira1 - u
---> Package python-XStatic-Angular-Mock.noarch 0:1.2.1.1-1.mira1 set to be updated
Checking deps for python-XStatic-Angular-Mock.noarch 0-1.2.1.1-1.mira1 - u
---> Package python-XStatic-Bootstrap-Datepicker.noarch 0:1.3.1.0-1.mira1 set to be updated
Checking deps for python-XStatic-Bootstrap-Datepicker.noarch 0-1.3.1.0-1.mira1 - u
---> Package python-XStatic-Bootstrap-SCSS.noarch 0:3.2.0.0-1.mira1 set to be updated
Checking deps for python-XStatic-Bootstrap-SCSS.noarch 0-3.2.0.0-1.mira1 - u
python-XStatic-Bootstrap-SCSS-3.2.0.0-1.mira1.noarch requires: web-assets-filesystem
--> Processing Dependency: web-assets-filesystem for package: python-XStatic-Bootstrap-SCSS-3.2.0.0-1.mira1.noarch
Searching pkgSack for dep: web-assets-filesystem
Potential match for web-assets-filesystem from web-assets-filesystem-5-2.mira1.noarch
Matched web-assets-filesystem-5-2.mira1.noarch to require for web-assets-filesystem
TSINFO: Marking web-assets-filesystem-5-2.mira1.noarch as install for python-XStatic-Bootstrap-SCSS-3.2.0.0-1.mira1.noarch
---> Package python-XStatic-D3.noarch 0:3.1.6.2-1.mira1 set to be updated
Checking deps for python-XStatic-D3.noarch 0-3.1.6.2-1.mira1 - u
---> Package python-XStatic-Font-Awesome.noarch 0:4.1.0.0-1.mira1 set to be updated
Checking deps for python-XStatic-Font-Awesome.noarch 0-4.1.0.0-1.mira1 - u
---> Package python-XStatic-Hogan.noarch 0:2.0.0.2-1.mira1 set to be updated
Checking deps for python-XStatic-Hogan.noarch 0-2.0.0.2-1.mira1 - u
---> Package python-XStatic-JQuery-Migrate.noarch 0:1.2.1.1-1.mira1 set to be updated
Checking deps for python-XStatic-JQuery-Migrate.noarch 0-1.2.1.1-1.mira1 - u
---> Package python-XStatic-JQuery.TableSorter.noarch 0:2.14.5.1-1.mira1 set to be updated
Checking deps for python-XStatic-JQuery.TableSorter.noarch 0-2.14.5.1-1.mira1 - u
---> Package python-XStatic-JQuery.quicksearch.noarch 0:2.0.3.1-1.mira1 set to be updated
Checking deps for python-XStatic-JQuery.quicksearch.noarch 0-2.0.3.1-1.mira1 - u
---> Package python-XStatic-JSEncrypt.noarch 0:2.0.0.2-2.mira1 set to be updated
Checking deps for python-XStatic-JSEncrypt.noarch 0-2.0.0.2-2.mira1 - u
---> Package python-XStatic-Jasmine.noarch 0:1.3.1.1-1.mira1 set to be updated
Checking deps for python-XStatic-Jasmine.noarch 0-1.3.1.1-1.mira1 - u
---> Package python-XStatic-QUnit.noarch 0:1.14.0.2-2.mira1 set to be updated
Checking deps for python-XStatic-QUnit.noarch 0-1.14.0.2-2.mira1 - u
---> Package python-XStatic-Rickshaw.noarch 0:1.5.0.0-2.mira1 set to be updated
Checking deps for python-XStatic-Rickshaw.noarch 0-1.5.0.0-2.mira1 - u
---> Package python-XStatic-Spin.noarch 0:1.2.5.2-2.mira1 set to be updated
Checking deps for python-XStatic-Spin.noarch 0-1.2.5.2-2.mira1 - u
---> Package python-XStatic-jQuery.noarch 0:1.10.2.1-1.mira1 set to be updated
Checking deps for python-XStatic-jQuery.noarch 0-1.10.2.1-1.mira1 - u
---> Package python-XStatic-jquery-ui.noarch 0:1.10.4.1-1.mira1 set to be updated
Checking deps for python-XStatic-jquery-ui.noarch 0-1.10.4.1-1.mira1 - u
---> Package python-barbicanclient.noarch 0:2.2.1-fuel6.0.mira14 set to be updated
Checking deps for python-barbicanclient.noarch 0-2.2.1-fuel6.0.mira14 - u
---> Package python-beautifulsoup4.noarch 0:4.2.1-1.el6 set to be updated
Checking deps for python-beautifulsoup4.noarch 0-4.2.1-1.el6 - u
python-beautifulsoup4-4.2.1-1.el6.noarch requires: python-html5lib
--> Processing Dependency: python-html5lib for package: python-beautifulsoup4-4.2.1-1.el6.noarch
Searching pkgSack for dep: python-html5lib
Potential match for python-html5lib from python-html5lib-0.90-1.el6.noarch
Matched python-html5lib-0.90-1.el6.noarch to require for python-html5lib
TSINFO: Marking python-html5lib-0.90-1.el6.noarch as install for python-beautifulsoup4-4.2.1-1.el6.noarch
---> Package python-boto.noarch 0:2.32.1-1.mira1 set to be updated
Checking deps for python-boto.noarch 0-2.32.1-1.mira1 - u
---> Package python-chardet.noarch 0:2.0.1-1.el6 set to be updated
Checking deps for python-chardet.noarch 0-2.0.1-1.el6 - u
---> Package python-cm-api.noarch 0:7.0-2.mira1 set to be updated
Checking deps for python-cm-api.noarch 0-7.0-2.mira1 - u
---> Package python-configobj.noarch 0:4.6.0-3.el6 set to be updated
Checking deps for python-configobj.noarch 0-4.6.0-3.el6 - u
---> Package python-croniter.noarch 0:0.3.4-2.el6 set to be updated
Checking deps for python-croniter.noarch 0-0.3.4-2.el6 - u
---> Package python-dateutil.noarch 0:1.4.1-6.el6 set to be updated
Checking deps for python-dateutil.noarch 0-1.4.1-6.el6 - u
---> Package python-decorator.x86_64 0:3.4.0-3.2.mira1 set to be updated
Checking deps for python-decorator.x86_64 0-3.4.0-3.2.mira1 - u
---> Package python-distribute.noarch 0:0.7.3-1 set to be updated
Checking deps for python-distribute.noarch 0-0.7.3-1 - u
---> Package python-django.noarch 0:1.5-4.el6 set to be updated
Checking deps for python-django.noarch 0-1.5-4.el6 - u
---> Package python-django-floppyforms.noarch 0:1.1-3.el6.mira1 set to be updated
Checking deps for python-django-floppyforms.noarch 0-1.1-3.el6.mira1 - u
---> Package python-django-pyscss.noarch 0:1.0.3-1.mira1 set to be updated
Checking deps for python-django-pyscss.noarch 0-1.0.3-1.mira1 - u
python-django-pyscss-1.0.3-1.mira1.noarch requires: python-scss >= 1.2.0
--> Processing Dependency: python-scss >= 1.2.0 for package: python-django-pyscss-1.0.3-1.mira1.noarch
Searching pkgSack for dep: python-scss
Potential match for python-scss from python-pyscss-1.2.1-5.mira1.x86_64
Matched python-pyscss-1.2.1-5.mira1.x86_64 to require for python-scss
TSINFO: Marking python-pyscss-1.2.1-5.mira1.x86_64 as install for python-django-pyscss-1.0.3-1.mira1.noarch
---> Package python-dns.noarch 0:1.11.1-2.mira1 set to be updated
Checking deps for python-dns.noarch 0-1.11.1-2.mira1 - u
---> Package python-docutils.noarch 0:0.11-1.mira1 set to be updated
Checking deps for python-docutils.noarch 0-0.11-1.mira1 - u
python-docutils-0.11-1.mira1.noarch requires: python-imaging
--> Processing Dependency: python-imaging for package: python-docutils-0.11-1.mira1.noarch
Searching pkgSack for dep: python-imaging
Potential match for python-imaging from python-imaging-1.1.6-19.el6.x86_64
Matched python-imaging-1.1.6-19.el6.x86_64 to require for python-imaging
TSINFO: Marking python-imaging-1.1.6-19.el6.x86_64 as install for python-docutils-0.11-1.mira1.noarch
---> Package python-dogpile-cache.noarch 0:0.5.3-3.el6 set to be updated
Checking deps for python-dogpile-cache.noarch 0-0.5.3-3.el6 - u
python-dogpile-cache-0.5.3-3.el6.noarch requires: python-dogpile-core >= 0.4.1
--> Processing Dependency: python-dogpile-core >= 0.4.1 for package: python-dogpile-cache-0.5.3-3.el6.noarch
Searching pkgSack for dep: python-dogpile-core
Potential match for python-dogpile-core from python-dogpile-core-0.4.1-1.el6.noarch
Matched python-dogpile-core-0.4.1-1.el6.noarch to require for python-dogpile-core
TSINFO: Marking python-dogpile-core-0.4.1-1.el6.noarch as install for python-dogpile-cache-0.5.3-3.el6.noarch
---> Package python-ecdsa.noarch 0:0.10-1 set to be updated
Checking deps for python-ecdsa.noarch 0-0.10-1 - u
---> Package python-extras.noarch 0:0.0.3-2.el6 set to be updated
Checking deps for python-extras.noarch 0-0.0.3-2.el6 - u
---> Package python-fabric.noarch 0:1.7.0-1.el6 set to be updated
Checking deps for python-fabric.noarch 0-1.7.0-1.el6 - u
---> Package python-flask.noarch 1:0.10.1-8.mira5 set to be updated
Checking deps for python-flask.noarch 1-0.10.1-8.mira5 - u
1:python-flask-0.10.1-8.mira5.noarch requires: python-itsdangerous
--> Processing Dependency: python-itsdangerous for package: 1:python-flask-0.10.1-8.mira5.noarch
Searching pkgSack for dep: python-itsdangerous
Potential match for python-itsdangerous from python-itsdangerous-0.22-1.el6.noarch
Matched python-itsdangerous-0.22-1.el6.noarch to require for python-itsdangerous
TSINFO: Marking python-itsdangerous-0.22-1.el6.noarch as install for 1:python-flask-0.10.1-8.mira5.noarch
---> Package python-futures.noarch 0:2.1.6-1.el6 set to be updated
Checking deps for python-futures.noarch 0-2.1.6-1.el6 - u
---> Package python-fysom.noarch 0:1.0.11-1.el6 set to be updated
Checking deps for python-fysom.noarch 0-1.0.11-1.el6 - u
---> Package python-gevent.x86_64 0:0.13.8-3.el6 set to be updated
Checking deps for python-gevent.x86_64 0-0.13.8-3.el6 - u
---> Package python-glance-store.noarch 0:0.1.7-fuel6.0.mira0 set to be updated
Checking deps for python-glance-store.noarch 0-0.1.7-fuel6.0.mira0 - u
---> Package python-happybase.noarch 0:0.6-1.el6 set to be updated
Checking deps for python-happybase.noarch 0-0.6-1.el6 - u
python-happybase-0.6-1.el6.noarch requires: python-thrift
--> Processing Dependency: python-thrift for package: python-happybase-0.6-1.el6.noarch
Searching pkgSack for dep: python-thrift
Potential match for python-thrift from python-thrift-0.9.0-1.el6.x86_64
Matched python-thrift-0.9.0-1.el6.x86_64 to require for python-thrift
TSINFO: Marking python-thrift-0.9.0-1.el6.x86_64 as install for python-happybase-0.6-1.el6.noarch
---> Package python-iniparse.noarch 0:0.3.1-2.1.el6 set to be updated
Checking deps for python-iniparse.noarch 0-0.3.1-2.1.el6 - u
---> Package python-iwlib.x86_64 0:0.1-1.2.el6 set to be updated
Checking deps for python-iwlib.x86_64 0-0.1-1.2.el6 - u
---> Package python-jinja2.noarch 0:2.7-1.el6 set to be updated
Checking deps for python-jinja2.noarch 0-2.7-1.el6 - u
---> Package python-jsonpatch.noarch 0:1.2-2.el6 set to be updated
Checking deps for python-jsonpatch.noarch 0-1.2-2.el6 - u
---> Package python-jsonpath-rw.noarch 0:1.2.3-1.el6 set to be updated
Checking deps for python-jsonpath-rw.noarch 0-1.2.3-1.el6 - u
---> Package python-jsonpointer.noarch 0:1.0-2.el6 set to be updated
Checking deps for python-jsonpointer.noarch 0-1.0-2.el6 - u
---> Package python-jsonrpclib.noarch 0:0.1.3-1.el6 set to be updated
Checking deps for python-jsonrpclib.noarch 0-0.1.3-1.el6 - u
---> Package python-keystonemiddleware.noarch 0:1.1.1-1.mira1 set to be updated
Checking deps for python-keystonemiddleware.noarch 0-1.1.1-1.mira1 - u
---> Package python-ldap.x86_64 0:2.3.10-1.el6 set to be updated
Checking deps for python-ldap.x86_64 0-2.3.10-1.el6 - u
---> Package python-lesscpy.noarch 0:0.9j-3.el6 set to be updated
Checking deps for python-lesscpy.noarch 0-0.9j-3.el6 - u
---> Package python-libguestfs.x86_64 1:1.20.11-2.mira3 set to be updated
Checking deps for python-libguestfs.x86_64 1-1.20.11-2.mira3 - u
---> Package python-libs.x86_64 0:2.6.6-52.el6 set to be updated
Checking deps for python-libs.x86_64 0-2.6.6-52.el6 - u
python-libs-2.6.6-52.el6.x86_64 requires: libffi.so.5()(64bit)
--> Processing Dependency: libffi.so.5()(64bit) for package: python-libs-2.6.6-52.el6.x86_64
Searching pkgSack for dep: libffi.so.5()(64bit)
Potential match for libffi.so.5()(64bit) from libffi-3.0.5-3.2.el6.x86_64
Matched libffi-3.0.5-3.2.el6.x86_64 to require for libffi.so.5()(64bit)
TSINFO: Marking libffi-3.0.5-3.2.el6.x86_64 as install for python-libs-2.6.6-52.el6.x86_64
---> Package python-logutils.noarch 0:0.3.3-3.el6 set to be updated
Checking deps for python-logutils.noarch 0-0.3.3-3.el6 - u
---> Package python-lxml.x86_64 0:3.2.3-1.el6 set to be updated
Checking deps for python-lxml.x86_64 0-3.2.3-1.el6 - u
---> Package python-mako.noarch 0:0.9.1-5.el6 set to be updated
Checking deps for python-mako.noarch 0-0.9.1-5.el6 - u
python-mako-0.9.1-5.el6.noarch requires: python-beaker
--> Processing Dependency: python-beaker for package: python-mako-0.9.1-5.el6.noarch
Searching pkgSack for dep: python-beaker
Potential match for python-beaker from python-beaker-1.3.1-7.el6.noarch
Matched python-beaker-1.3.1-7.el6.noarch to require for python-beaker
TSINFO: Marking python-beaker-1.3.1-7.el6.noarch as install for python-mako-0.9.1-5.el6.noarch
---> Package python-memcached.noarch 0:1.53-1.el6 set to be updated
Checking deps for python-memcached.noarch 0-1.53-1.el6 - u
---> Package python-mimeparse.noarch 0:0.1.4-1.el6 set to be updated
Checking deps for python-mimeparse.noarch 0-0.1.4-1.el6 - u
---> Package python-msgpack.x86_64 0:0.4.2-2.el6 set to be updated
Checking deps for python-msgpack.x86_64 0-0.4.2-2.el6 - u
---> Package python-netaddr.x86_64 0:0.7.12-6.2.mira1 set to be updated
Checking deps for python-netaddr.x86_64 0-0.7.12-6.2.mira1 - u
---> Package python-nose.noarch 0:1.3.0-2.el6 set to be updated
Checking deps for python-nose.noarch 0-1.3.0-2.el6 - u
---> Package python-oauthlib.noarch 0:0.6.0-2.el6 set to be updated
Checking deps for python-oauthlib.noarch 0-0.6.0-2.el6 - u
---> Package python-oslo-db.noarch 0:1.0.1-fuel6.0.mira18 set to be updated
Checking deps for python-oslo-db.noarch 0-1.0.1-fuel6.0.mira18 - u
---> Package python-oslo-i18n.noarch 0:1.0.0-fuel6.0.mira19 set to be updated
Checking deps for python-oslo-i18n.noarch 0-1.0.0-fuel6.0.mira19 - u
---> Package python-oslo-messaging.noarch 0:1.4.1-fuel6.0.mira15 set to be updated
Checking deps for python-oslo-messaging.noarch 0-1.4.1-fuel6.0.mira15 - u
---> Package python-oslo-rootwrap.noarch 0:1.3.0-fuel6.0.mira19 set to be updated
Checking deps for python-oslo-rootwrap.noarch 0-1.3.0-fuel6.0.mira19 - u
---> Package python-oslo-serialization.noarch 0:1.0.0-fuel6.0.mira20 set to be updated
Checking deps for python-oslo-serialization.noarch 0-1.0.0-fuel6.0.mira20 - u
---> Package python-oslo-utils.noarch 0:1.0.0-fuel6.0.mira20 set to be updated
Checking deps for python-oslo-utils.noarch 0-1.0.0-fuel6.0.mira20 - u
---> Package python-oslo-vmware.noarch 0:0.6.0-fuel6.0.mira19 set to be updated
Checking deps for python-oslo-vmware.noarch 0-0.6.0-fuel6.0.mira19 - u
---> Package python-osprofiler.noarch 0:0.3.0-1.mira1 set to be updated
Checking deps for python-osprofiler.noarch 0-0.3.0-1.mira1 - u
---> Package python-paste-deploy.noarch 0:1.5.0-10.mira2 set to be updated
Checking deps for python-paste-deploy.noarch 0-1.5.0-10.mira2 - u
---> Package python-pecan.noarch 0:0.5.0-3.mira1 set to be updated
Checking deps for python-pecan.noarch 0-0.5.0-3.mira1 - u
python-pecan-0.5.0-3.mira1.noarch requires: python-singledispatch
--> Processing Dependency: python-singledispatch for package: python-pecan-0.5.0-3.mira1.noarch
Searching pkgSack for dep: python-singledispatch
Potential match for python-singledispatch from python-singledispatch-3.4.0.2-2.el6.noarch
Matched python-singledispatch-3.4.0.2-2.el6.noarch to require for python-singledispatch
TSINFO: Marking python-singledispatch-3.4.0.2-2.el6.noarch as install for python-pecan-0.5.0-3.mira1.noarch
---> Package python-ply.noarch 0:3.4-4.el6 set to be updated
Checking deps for python-ply.noarch 0-3.4-4.el6 - u
---> Package python-posix_ipc.x86_64 0:0.9.8-3.mira2 set to be updated
Checking deps for python-posix_ipc.x86_64 0-0.9.8-3.mira2 - u
---> Package python-psycopg2.x86_64 0:2.5.1-0 set to be updated
Checking deps for python-psycopg2.x86_64 0-2.5.1-0 - u
---> Package python-pyasn1.noarch 0:0.0.12a-1.el6 set to be updated
Checking deps for python-pyasn1.noarch 0-0.0.12a-1.el6 - u
---> Package python-pycadf.noarch 0:0.6.0-1.mira1 set to be updated
Checking deps for python-pycadf.noarch 0-0.6.0-1.mira1 - u
---> Package python-pycurl.x86_64 0:7.19.0-8.el6 set to be updated
Checking deps for python-pycurl.x86_64 0-7.19.0-8.el6 - u
---> Package python-pymongo.x86_64 0:2.5.2-3.el6 set to be updated
Checking deps for python-pymongo.x86_64 0-2.5.2-3.el6 - u
python-pymongo-2.5.2-3.el6.x86_64 requires: python-bson = 2.5.2-3.el6
--> Processing Dependency: python-bson = 2.5.2-3.el6 for package: python-pymongo-2.5.2-3.el6.x86_64
Searching pkgSack for dep: python-bson
Potential match for python-bson from python-bson-2.5.2-3.el6.x86_64
Matched python-bson-2.5.2-3.el6.x86_64 to require for python-bson
TSINFO: Marking python-bson-2.5.2-3.el6.x86_64 as install for python-pymongo-2.5.2-3.el6.x86_64
---> Package python-qpid.noarch 0:0.14-11.el6_3 set to be updated
Checking deps for python-qpid.noarch 0-0.14-11.el6_3 - u
python-qpid-0.14-11.el6_3.noarch requires: python-saslwrapper >= 0.10
--> Processing Dependency: python-saslwrapper >= 0.10 for package: python-qpid-0.14-11.el6_3.noarch
Searching pkgSack for dep: python-saslwrapper
Potential match for python-saslwrapper from python-saslwrapper-0.14-1.el6.x86_64
Matched python-saslwrapper-0.14-1.el6.x86_64 to require for python-saslwrapper
TSINFO: Marking python-saslwrapper-0.14-1.el6.x86_64 as install for python-qpid-0.14-11.el6_3.noarch
---> Package python-reportlab.x86_64 0:2.3-3.el6 set to be updated
Checking deps for python-reportlab.x86_64 0-2.3-3.el6 - u
---> Package python-repoze-lru.noarch 0:0.3-1.el6 set to be updated
Checking deps for python-repoze-lru.noarch 0-0.3-1.el6 - u
---> Package python-retrying.noarch 0:1.2.2-1.mira1 set to be updated
Checking deps for python-retrying.noarch 0-1.2.2-1.mira1 - u
---> Package python-rfc3986.noarch 0:0.2.0-1.mira1 set to be updated
Checking deps for python-rfc3986.noarch 0-0.2.0-1.mira1 - u
---> Package python-rtslib-fb.noarch 0:2.1.fb39-5.2.mira1 set to be updated
Checking deps for python-rtslib-fb.noarch 0-2.1.fb39-5.2.mira1 - u
---> Package python-simplegeneric.noarch 0:0.8.1-1.el6 set to be updated
Checking deps for python-simplegeneric.noarch 0-0.8.1-1.el6 - u
---> Package python-suds.noarch 0:0.4.1-3.mira1 set to be updated
Checking deps for python-suds.noarch 0-0.4.1-3.mira1 - u
---> Package python-taskflow.noarch 0:0.4.0-1.mira1 set to be updated
Checking deps for python-taskflow.noarch 0-0.4.0-1.mira1 - u
python-taskflow-0.4.0-1.mira1.noarch requires: python-networkx-core
--> Processing Dependency: python-networkx-core for package: python-taskflow-0.4.0-1.mira1.noarch
Searching pkgSack for dep: python-networkx-core
Potential match for python-networkx-core from python-networkx-core-1.8.1-12.el6.noarch
Matched python-networkx-core-1.8.1-12.el6.noarch to require for python-networkx-core
TSINFO: Marking python-networkx-core-1.8.1-12.el6.noarch as install for python-taskflow-0.4.0-1.mira1.noarch
---> Package python-tempita.noarch 0:0.4-2.el6 set to be updated
Checking deps for python-tempita.noarch 0-0.4-2.el6 - u
---> Package python-testresources.noarch 0:0.2.7-4.el6 set to be updated
Checking deps for python-testresources.noarch 0-0.2.7-4.el6 - u
---> Package python-testtools.noarch 0:0.9.35-1.el6 set to be updated
Checking deps for python-testtools.noarch 0-0.9.35-1.el6 - u
---> Package python-tooz.noarch 0:0.3-2.mira1.mira1 set to be updated
Checking deps for python-tooz.noarch 0-0.3-2.mira1.mira1 - u
python-tooz-0.3-2.mira1.mira1.noarch requires: python-kazoo >= 1.3.1
--> Processing Dependency: python-kazoo >= 1.3.1 for package: python-tooz-0.3-2.mira1.mira1.noarch
Searching pkgSack for dep: python-kazoo
Potential match for python-kazoo from python-kazoo-2.0-2.mira1.noarch
Matched python-kazoo-2.0-2.mira1.noarch to require for python-kazoo
TSINFO: Marking python-kazoo-2.0-2.mira1.noarch as install for python-tooz-0.3-2.mira1.mira1.noarch
python-tooz-0.3-2.mira1.mira1.noarch requires: python-pymemcache >= 1.2
--> Processing Dependency: python-pymemcache >= 1.2 for package: python-tooz-0.3-2.mira1.mira1.noarch
Searching pkgSack for dep: python-pymemcache
Potential match for python-pymemcache from python-pymemcache-1.2.5-2.el6.noarch
Matched python-pymemcache-1.2.5-2.el6.noarch to require for python-pymemcache
TSINFO: Marking python-pymemcache-1.2.5-2.el6.noarch as install for python-tooz-0.3-2.mira1.mira1.noarch
---> Package python-troveclient.noarch 0:1.0.7-fuel6.0.mira13 set to be updated
Checking deps for python-troveclient.noarch 0-1.0.7-fuel6.0.mira13 - u
---> Package python-urlgrabber.noarch 0:3.9.1-9.el6 set to be updated
Checking deps for python-urlgrabber.noarch 0-3.9.1-9.el6 - u
---> Package python-urllib3.noarch 0:1.7-4.el6 set to be updated
Checking deps for python-urllib3.noarch 0-1.7-4.el6 - u
python-urllib3-1.7-4.el6.noarch requires: python-backports-ssl_match_hostname
--> Processing Dependency: python-backports-ssl_match_hostname for package: python-urllib3-1.7-4.el6.noarch
Searching pkgSack for dep: python-backports-ssl_match_hostname
Potential match for python-backports-ssl_match_hostname from python-backports-ssl_match_hostname-3.4.0.1-1.el6.noarch
Matched python-backports-ssl_match_hostname-3.4.0.1-1.el6.noarch to require for python-backports-ssl_match_hostname
TSINFO: Marking python-backports-ssl_match_hostname-3.4.0.1-1.el6.noarch as install for python-urllib3-1.7-4.el6.noarch
---> Package python-waitress.noarch 0:0.8.5-1.el6 set to be updated
Checking deps for python-waitress.noarch 0-0.8.5-1.el6 - u
---> Package python-webpy.noarch 0:0.37-2.el6 set to be updated
Checking deps for python-webpy.noarch 0-0.37-2.el6 - u
python-webpy-0.37-2.el6.noarch requires: python-cherrypy
--> Processing Dependency: python-cherrypy for package: python-webpy-0.37-2.el6.noarch
Searching pkgSack for dep: python-cherrypy
Potential match for python-cherrypy from python-cherrypy-3.2.2-3.el6.noarch
Matched python-cherrypy-3.2.2-3.el6.noarch to require for python-cherrypy
TSINFO: Marking python-cherrypy-3.2.2-3.el6.noarch as install for python-webpy-0.37-2.el6.noarch
---> Package python-webtest.noarch 0:2.0.9-1.el6 set to be updated
Checking deps for python-webtest.noarch 0-2.0.9-1.el6 - u
---> Package python-wsme.noarch 0:0.6-2.el6 set to be updated
Checking deps for python-wsme.noarch 0-0.6-2.el6 - u
---> Package python-yaql.noarch 0:0.2.3-1.el6.mira1 set to be updated
Checking deps for python-yaql.noarch 0-0.2.3-1.el6.mira1 - u
---> Package pytz.noarch 0:2010h-2.el6 set to be updated
Checking deps for pytz.noarch 0-2010h-2.el6 - u
---> Package qemu-img.x86_64 2:2.0.0-4.mira2 set to be updated
Checking deps for qemu-img.x86_64 2-2.0.0-4.mira2 - u
2:qemu-img-2.0.0-4.mira2.x86_64 requires: libiscsi.so.1()(64bit)
--> Processing Dependency: libiscsi.so.1()(64bit) for package: 2:qemu-img-2.0.0-4.mira2.x86_64
Searching pkgSack for dep: libiscsi.so.1()(64bit)
Potential match for libiscsi.so.1()(64bit) from libiscsi-1.7.0-5.mira1.x86_64
Matched libiscsi-1.7.0-5.mira1.x86_64 to require for libiscsi.so.1()(64bit)
TSINFO: Marking libiscsi-1.7.0-5.mira1.x86_64 as install for 2:qemu-img-2.0.0-4.mira2.x86_64
---> Package qemu-kvm.x86_64 2:2.0.0-4.mira2 set to be updated
Checking deps for qemu-kvm.x86_64 2-2.0.0-4.mira2 - u
2:qemu-kvm-2.0.0-4.mira2.x86_64 requires: qemu-common = 2:2.0.0-4.mira2
--> Processing Dependency: qemu-common = 2:2.0.0-4.mira2 for package: 2:qemu-kvm-2.0.0-4.mira2.x86_64
Searching pkgSack for dep: qemu-common
Potential match for qemu-common from 2:qemu-common-2.0.0-4.mira2.x86_64
Matched 2:qemu-common-2.0.0-4.mira2.x86_64 to require for qemu-common
TSINFO: Marking 2:qemu-common-2.0.0-4.mira2.x86_64 as install for 2:qemu-kvm-2.0.0-4.mira2.x86_64
2:qemu-kvm-2.0.0-4.mira2.x86_64 requires: seabios-bin >= 1.7.4-3
--> Processing Dependency: seabios-bin >= 1.7.4-3 for package: 2:qemu-kvm-2.0.0-4.mira2.x86_64
Searching pkgSack for dep: seabios-bin
Potential match for seabios-bin from seabios-bin-1.7.4-5.mira2.noarch
Matched seabios-bin-1.7.4-5.mira2.noarch to require for seabios-bin
TSINFO: Marking seabios-bin-1.7.4-5.mira2.noarch as install for 2:qemu-kvm-2.0.0-4.mira2.x86_64
2:qemu-kvm-2.0.0-4.mira2.x86_64 requires: ipxe-roms-qemu >= 20130517-2.gitc4bce43
--> Processing Dependency: ipxe-roms-qemu >= 20130517-2.gitc4bce43 for package: 2:qemu-kvm-2.0.0-4.mira2.x86_64
Searching pkgSack for dep: ipxe-roms-qemu
Potential match for ipxe-roms-qemu from ipxe-roms-qemu-20140303-1.gitff1e7fc7.mira1.noarch
Matched ipxe-roms-qemu-20140303-1.gitff1e7fc7.mira1.noarch to require for ipxe-roms-qemu
TSINFO: Marking ipxe-roms-qemu-20140303-1.gitff1e7fc7.mira1.noarch as install for 2:qemu-kvm-2.0.0-4.mira2.x86_64
2:qemu-kvm-2.0.0-4.mira2.x86_64 requires: libspice-server.so.1(SPICE_SERVER_0.8.3)(64bit)
--> Processing Dependency: libspice-server.so.1(SPICE_SERVER_0.8.3)(64bit) for package: 2:qemu-kvm-2.0.0-4.mira2.x86_64
Searching pkgSack for dep: libspice-server.so.1(SPICE_SERVER_0.8.3)(64bit)
Potential match for libspice-server.so.1(SPICE_SERVER_0.8.3)(64bit) from spice-server-0.12.4-6.el6_5.2.x86_64
Matched spice-server-0.12.4-6.el6_5.2.x86_64 to require for libspice-server.so.1(SPICE_SERVER_0.8.3)(64bit)
TSINFO: Marking spice-server-0.12.4-6.el6_5.2.x86_64 as install for 2:qemu-kvm-2.0.0-4.mira2.x86_64
2:qemu-kvm-2.0.0-4.mira2.x86_64 requires: sgabios-bin
--> Processing Dependency: sgabios-bin for package: 2:qemu-kvm-2.0.0-4.mira2.x86_64
Searching pkgSack for dep: sgabios-bin
Potential match for sgabios-bin from 1:sgabios-bin-0.20110622svn-3.el6.noarch
Matched 1:sgabios-bin-0.20110622svn-3.el6.noarch to require for sgabios-bin
TSINFO: Marking 1:sgabios-bin-0.20110622svn-3.el6.noarch as install for 2:qemu-kvm-2.0.0-4.mira2.x86_64
2:qemu-kvm-2.0.0-4.mira2.x86_64 requires: libspice-server.so.1(SPICE_SERVER_0.8.1)(64bit)
--> Processing Dependency: libspice-server.so.1(SPICE_SERVER_0.8.1)(64bit) for package: 2:qemu-kvm-2.0.0-4.mira2.x86_64
Searching pkgSack for dep: libspice-server.so.1(SPICE_SERVER_0.8.1)(64bit)
Potential match for libspice-server.so.1(SPICE_SERVER_0.8.1)(64bit) from spice-server-0.12.4-6.el6_5.2.x86_64
Matched spice-server-0.12.4-6.el6_5.2.x86_64 to require for libspice-server.so.1(SPICE_SERVER_0.8.1)(64bit)
spice-server-0.12.4-6.el6_5.2.x86_64 already in ts, skipping this one
2:qemu-kvm-2.0.0-4.mira2.x86_64 requires: seavgabios-bin
--> Processing Dependency: seavgabios-bin for package: 2:qemu-kvm-2.0.0-4.mira2.x86_64
Searching pkgSack for dep: seavgabios-bin
Potential match for seavgabios-bin from seavgabios-bin-1.7.4-5.mira2.noarch
Matched seavgabios-bin-1.7.4-5.mira2.noarch to require for seavgabios-bin
TSINFO: Marking seavgabios-bin-1.7.4-5.mira2.noarch as install for 2:qemu-kvm-2.0.0-4.mira2.x86_64
2:qemu-kvm-2.0.0-4.mira2.x86_64 requires: libspice-server.so.1(SPICE_SERVER_0.10.3)(64bit)
--> Processing Dependency: libspice-server.so.1(SPICE_SERVER_0.10.3)(64bit) for package: 2:qemu-kvm-2.0.0-4.mira2.x86_64
Searching pkgSack for dep: libspice-server.so.1(SPICE_SERVER_0.10.3)(64bit)
Potential match for libspice-server.so.1(SPICE_SERVER_0.10.3)(64bit) from spice-server-0.12.4-6.el6_5.2.x86_64
Matched spice-server-0.12.4-6.el6_5.2.x86_64 to require for libspice-server.so.1(SPICE_SERVER_0.10.3)(64bit)
spice-server-0.12.4-6.el6_5.2.x86_64 already in ts, skipping this one
2:qemu-kvm-2.0.0-4.mira2.x86_64 requires: libspice-server.so.1(SPICE_SERVER_0.8.2)(64bit)
--> Processing Dependency: libspice-server.so.1(SPICE_SERVER_0.8.2)(64bit) for package: 2:qemu-kvm-2.0.0-4.mira2.x86_64
Quick matched spice-server-0.12.4-6.el6_5.2.x86_64 to require for libspice-server.so.1(SPICE_SERVER_0.8.2)(64bit)
2:qemu-kvm-2.0.0-4.mira2.x86_64 requires: libspice-server.so.1(SPICE_SERVER_0.10.4)(64bit)
--> Processing Dependency: libspice-server.so.1(SPICE_SERVER_0.10.4)(64bit) for package: 2:qemu-kvm-2.0.0-4.mira2.x86_64
Quick matched spice-server-0.12.4-6.el6_5.2.x86_64 to require for libspice-server.so.1(SPICE_SERVER_0.10.4)(64bit)
2:qemu-kvm-2.0.0-4.mira2.x86_64 requires: libspice-server.so.1(SPICE_SERVER_0.11.2)(64bit)
--> Processing Dependency: libspice-server.so.1(SPICE_SERVER_0.11.2)(64bit) for package: 2:qemu-kvm-2.0.0-4.mira2.x86_64
Quick matched spice-server-0.12.4-6.el6_5.2.x86_64 to require for libspice-server.so.1(SPICE_SERVER_0.11.2)(64bit)
2:qemu-kvm-2.0.0-4.mira2.x86_64 requires: librdmacm.so.1(RDMACM_1.0)(64bit)
--> Processing Dependency: librdmacm.so.1(RDMACM_1.0)(64bit) for package: 2:qemu-kvm-2.0.0-4.mira2.x86_64
Searching pkgSack for dep: librdmacm.so.1(RDMACM_1.0)(64bit)
Potential match for librdmacm.so.1(RDMACM_1.0)(64bit) from librdmacm-1.0.17-1.el6.x86_64
Matched librdmacm-1.0.17-1.el6.x86_64 to require for librdmacm.so.1(RDMACM_1.0)(64bit)
TSINFO: Marking librdmacm-1.0.17-1.el6.x86_64 as install for 2:qemu-kvm-2.0.0-4.mira2.x86_64
2:qemu-kvm-2.0.0-4.mira2.x86_64 requires: libspice-server.so.1(SPICE_SERVER_0.6.0)(64bit)
--> Processing Dependency: libspice-server.so.1(SPICE_SERVER_0.6.0)(64bit) for package: 2:qemu-kvm-2.0.0-4.mira2.x86_64
Searching pkgSack for dep: libspice-server.so.1(SPICE_SERVER_0.6.0)(64bit)
Potential match for libspice-server.so.1(SPICE_SERVER_0.6.0)(64bit) from spice-server-0.12.4-6.el6_5.2.x86_64
Matched spice-server-0.12.4-6.el6_5.2.x86_64 to require for libspice-server.so.1(SPICE_SERVER_0.6.0)(64bit)
spice-server-0.12.4-6.el6_5.2.x86_64 already in ts, skipping this one
2:qemu-kvm-2.0.0-4.mira2.x86_64 requires: libspice-server.so.1(SPICE_SERVER_0.10.0)(64bit)
--> Processing Dependency: libspice-server.so.1(SPICE_SERVER_0.10.0)(64bit) for package: 2:qemu-kvm-2.0.0-4.mira2.x86_64
Quick matched spice-server-0.12.4-6.el6_5.2.x86_64 to require for libspice-server.so.1(SPICE_SERVER_0.10.0)(64bit)
2:qemu-kvm-2.0.0-4.mira2.x86_64 requires: libspice-server.so.1(SPICE_SERVER_0.10.2)(64bit)
--> Processing Dependency: libspice-server.so.1(SPICE_SERVER_0.10.2)(64bit) for package: 2:qemu-kvm-2.0.0-4.mira2.x86_64
Quick matched spice-server-0.12.4-6.el6_5.2.x86_64 to require for libspice-server.so.1(SPICE_SERVER_0.10.2)(64bit)
2:qemu-kvm-2.0.0-4.mira2.x86_64 requires: libspice-server.so.1(SPICE_SERVER_0.10.1)(64bit)
--> Processing Dependency: libspice-server.so.1(SPICE_SERVER_0.10.1)(64bit) for package: 2:qemu-kvm-2.0.0-4.mira2.x86_64
Quick matched spice-server-0.12.4-6.el6_5.2.x86_64 to require for libspice-server.so.1(SPICE_SERVER_0.10.1)(64bit)
2:qemu-kvm-2.0.0-4.mira2.x86_64 requires: libspice-server.so.1()(64bit)
--> Processing Dependency: libspice-server.so.1()(64bit) for package: 2:qemu-kvm-2.0.0-4.mira2.x86_64
Quick matched spice-server-0.12.4-6.el6_5.2.x86_64 to require for libspice-server.so.1()(64bit)
2:qemu-kvm-2.0.0-4.mira2.x86_64 requires: libbluetooth.so.3()(64bit)
--> Processing Dependency: libbluetooth.so.3()(64bit) for package: 2:qemu-kvm-2.0.0-4.mira2.x86_64
Searching pkgSack for dep: libbluetooth.so.3()(64bit)
Potential match for libbluetooth.so.3()(64bit) from bluez-libs-4.66-1.el6.x86_64
Matched bluez-libs-4.66-1.el6.x86_64 to require for libbluetooth.so.3()(64bit)
TSINFO: Marking bluez-libs-4.66-1.el6.x86_64 as install for 2:qemu-kvm-2.0.0-4.mira2.x86_64
2:qemu-kvm-2.0.0-4.mira2.x86_64 requires: libbrlapi.so.0.5()(64bit)
--> Processing Dependency: libbrlapi.so.0.5()(64bit) for package: 2:qemu-kvm-2.0.0-4.mira2.x86_64
Searching pkgSack for dep: libbrlapi.so.0.5()(64bit)
Potential match for libbrlapi.so.0.5()(64bit) from brlapi-0.5.4-7.el6.x86_64
Matched brlapi-0.5.4-7.el6.x86_64 to require for libbrlapi.so.0.5()(64bit)
TSINFO: Marking brlapi-0.5.4-7.el6.x86_64 as install for 2:qemu-kvm-2.0.0-4.mira2.x86_64
2:qemu-kvm-2.0.0-4.mira2.x86_64 requires: librdmacm.so.1()(64bit)
--> Processing Dependency: librdmacm.so.1()(64bit) for package: 2:qemu-kvm-2.0.0-4.mira2.x86_64
Searching pkgSack for dep: librdmacm.so.1()(64bit)
Potential match for librdmacm.so.1()(64bit) from librdmacm-1.0.17-1.el6.x86_64
Matched librdmacm-1.0.17-1.el6.x86_64 to require for librdmacm.so.1()(64bit)
librdmacm-1.0.17-1.el6.x86_64 already in ts, skipping this one
2:qemu-kvm-2.0.0-4.mira2.x86_64 requires: libpixman-1.so.0()(64bit)
--> Processing Dependency: libpixman-1.so.0()(64bit) for package: 2:qemu-kvm-2.0.0-4.mira2.x86_64
Searching pkgSack for dep: libpixman-1.so.0()(64bit)
Potential match for libpixman-1.so.0()(64bit) from pixman-0.26.2-5.1.el6_5.x86_64
Matched pixman-0.26.2-5.1.el6_5.x86_64 to require for libpixman-1.so.0()(64bit)
TSINFO: Marking pixman-0.26.2-5.1.el6_5.x86_64 as install for 2:qemu-kvm-2.0.0-4.mira2.x86_64
---> Package qpid-cpp-client.x86_64 0:0.14-22.el6_3 set to be updated
Checking deps for qpid-cpp-client.x86_64 0-0.14-22.el6_3 - u
---> Package qpid-cpp-client-ssl.x86_64 0:0.14-22.el6_3 set to be updated
Checking deps for qpid-cpp-client-ssl.x86_64 0-0.14-22.el6_3 - u
---> Package qpid-cpp-server.x86_64 0:0.14-22.el6_3 set to be updated
Checking deps for qpid-cpp-server.x86_64 0-0.14-22.el6_3 - u
---> Package radvd.x86_64 0:1.6-1.el6 set to be updated
Checking deps for radvd.x86_64 0-1.6-1.el6 - u
---> Package readline.x86_64 0:6.0-4.el6 set to be updated
Checking deps for readline.x86_64 0-6.0-4.el6 - u
---> Package redhat-logos.noarch 0:60.0.14-12.el6.centos set to be updated
Checking deps for redhat-logos.noarch 0-60.0.14-12.el6.centos - u
---> Package ricci.x86_64 0:0.16.2-69.el6_5.1 set to be updated
Checking deps for ricci.x86_64 0-0.16.2-69.el6_5.1 - u
---> Package rpcbind.x86_64 0:0.2.0-11.el6 set to be updated
Checking deps for rpcbind.x86_64 0-0.2.0-11.el6 - u
---> Package rpm-libs.x86_64 0:4.8.0-37.el6 set to be updated
Checking deps for rpm-libs.x86_64 0-4.8.0-37.el6 - u
---> Package rpm-python.x86_64 0:4.8.0-37.el6 set to be updated
Checking deps for rpm-python.x86_64 0-4.8.0-37.el6 - u
---> Package ruby-rgen.noarch 0:0.6.5-1.el6 set to be updated
Checking deps for ruby-rgen.noarch 0-0.6.5-1.el6 - u
---> Package ruby21-rubygem-amq-client.noarch 0:1.0.4-1.mira1 set to be updated
Checking deps for ruby21-rubygem-amq-client.noarch 0-1.0.4-1.mira1 - u
---> Package ruby21-rubygem-astute.noarch 0:0.0.2-9 set to be updated
Checking deps for ruby21-rubygem-astute.noarch 0-0.0.2-9 - u
ruby21-rubygem-astute-0.0.2-9.noarch requires: ruby21-rubygem-amqp = 0.9.10
--> Processing Dependency: ruby21-rubygem-amqp = 0.9.10 for package: ruby21-rubygem-astute-0.0.2-9.noarch
Searching pkgSack for dep: ruby21-rubygem-amqp
Potential match for ruby21-rubygem-amqp from ruby21-rubygem-amqp-1.4.1-1.el6.mira1.noarch
---> Package ruby21-rubygem-net-ssh.noarch 0:2.8.0-1.el6 set to be updated
Checking deps for ruby21-rubygem-net-ssh.noarch 0-2.8.0-1.el6 - u
---> Package ruby21-rubygem-net-ssh-gateway.noarch 0:1.2.0-1.el6 set to be updated
Checking deps for ruby21-rubygem-net-ssh-gateway.noarch 0-1.2.0-1.el6 - u
---> Package ruby21-rubygem-net-ssh-multi.noarch 0:1.2.0-1.el6 set to be updated
Checking deps for ruby21-rubygem-net-ssh-multi.noarch 0-1.2.0-1.el6 - u
---> Package ruby21-rubygem-netaddr.noarch 0:1.5.0-2.el6 set to be updated
Checking deps for ruby21-rubygem-netaddr.noarch 0-1.5.0-2.el6 - u
---> Package ruby21-rubygem-popen4.noarch 0:0.1.2-1.1 set to be updated
Checking deps for ruby21-rubygem-popen4.noarch 0-0.1.2-1.1 - u
ruby21-rubygem-popen4-0.1.2-1.1.noarch requires: ruby21-rubygem(Platform) >= 0.4.0
--> Processing Dependency: ruby21-rubygem(Platform) >= 0.4.0 for package: ruby21-rubygem-popen4-0.1.2-1.1.noarch
Searching pkgSack for dep: ruby21-rubygem(Platform)
Potential match for ruby21-rubygem(Platform) from ruby21-rubygem-Platform-0.4.0-1.el6.noarch
Matched ruby21-rubygem-Platform-0.4.0-1.el6.noarch to require for ruby21-rubygem(Platform)
TSINFO: Marking ruby21-rubygem-Platform-0.4.0-1.el6.noarch as install for ruby21-rubygem-popen4-0.1.2-1.1.noarch
---> Package ruby21-rubygem-systemu.noarch 0:2.6.4-1.el6 set to be updated
Checking deps for ruby21-rubygem-systemu.noarch 0-2.6.4-1.el6 - u
---> Package samba-client.x86_64 0:3.6.9-168.el6_5 set to be updated
Checking deps for samba-client.x86_64 0-3.6.9-168.el6_5 - u
samba-client-3.6.9-168.el6_5.x86_64 requires: samba-common = 3.6.9-168.el6_5
--> Processing Dependency: samba-common = 3.6.9-168.el6_5 for package: samba-client-3.6.9-168.el6_5.x86_64
Searching pkgSack for dep: samba-common
Potential match for samba-common from samba-common-3.6.9-168.el6_5.x86_64
Matched samba-common-3.6.9-168.el6_5.x86_64 to require for samba-common
TSINFO: Marking samba-common-3.6.9-168.el6_5.x86_64 as install for samba-client-3.6.9-168.el6_5.x86_64
samba-client-3.6.9-168.el6_5.x86_64 requires: libtdb.so.1(TDB_1.2.2)(64bit)
--> Processing Dependency: libtdb.so.1(TDB_1.2.2)(64bit) for package: samba-client-3.6.9-168.el6_5.x86_64
Searching pkgSack for dep: libtdb.so.1(TDB_1.2.2)(64bit)
Potential match for libtdb.so.1(TDB_1.2.2)(64bit) from libtdb-1.2.10-1.el6.x86_64
Matched libtdb-1.2.10-1.el6.x86_64 to require for libtdb.so.1(TDB_1.2.2)(64bit)
TSINFO: Marking libtdb-1.2.10-1.el6.x86_64 as install for samba-client-3.6.9-168.el6_5.x86_64
samba-client-3.6.9-168.el6_5.x86_64 requires: libtdb.so.1(TDB_1.2.5)(64bit)
--> Processing Dependency: libtdb.so.1(TDB_1.2.5)(64bit) for package: samba-client-3.6.9-168.el6_5.x86_64
Quick matched libtdb-1.2.10-1.el6.x86_64 to require for libtdb.so.1(TDB_1.2.5)(64bit)
samba-client-3.6.9-168.el6_5.x86_64 requires: libtevent.so.0(TEVENT_0.9.9)(64bit)
--> Processing Dependency: libtevent.so.0(TEVENT_0.9.9)(64bit) for package: samba-client-3.6.9-168.el6_5.x86_64
Searching pkgSack for dep: libtevent.so.0(TEVENT_0.9.9)(64bit)
Potential match for libtevent.so.0(TEVENT_0.9.9)(64bit) from libtevent-0.9.18-3.el6.x86_64
Matched libtevent-0.9.18-3.el6.x86_64 to require for libtevent.so.0(TEVENT_0.9.9)(64bit)
TSINFO: Marking libtevent-0.9.18-3.el6.x86_64 as install for samba-client-3.6.9-168.el6_5.x86_64
samba-client-3.6.9-168.el6_5.x86_64 requires: libtdb.so.1(TDB_1.2.1)(64bit)
--> Processing Dependency: libtdb.so.1(TDB_1.2.1)(64bit) for package: samba-client-3.6.9-168.el6_5.x86_64
Searching pkgSack for dep: libtdb.so.1(TDB_1.2.1)(64bit)
Potential match for libtdb.so.1(TDB_1.2.1)(64bit) from libtdb-1.2.10-1.el6.x86_64
Matched libtdb-1.2.10-1.el6.x86_64 to require for libtdb.so.1(TDB_1.2.1)(64bit)
libtdb-1.2.10-1.el6.x86_64 already in ts, skipping this one
samba-client-3.6.9-168.el6_5.x86_64 requires: libtevent.so.0()(64bit)
--> Processing Dependency: libtevent.so.0()(64bit) for package: samba-client-3.6.9-168.el6_5.x86_64
Searching pkgSack for dep: libtevent.so.0()(64bit)
Potential match for libtevent.so.0()(64bit) from libtevent-0.9.18-3.el6.x86_64
Matched libtevent-0.9.18-3.el6.x86_64 to require for libtevent.so.0()(64bit)
libtevent-0.9.18-3.el6.x86_64 already in ts, skipping this one
samba-client-3.6.9-168.el6_5.x86_64 requires: libtdb.so.1()(64bit)
--> Processing Dependency: libtdb.so.1()(64bit) for package: samba-client-3.6.9-168.el6_5.x86_64
Searching pkgSack for dep: libtdb.so.1()(64bit)
Potential match for libtdb.so.1()(64bit) from libtdb-1.2.10-1.el6.x86_64
Matched libtdb-1.2.10-1.el6.x86_64 to require for libtdb.so.1()(64bit)
libtdb-1.2.10-1.el6.x86_64 already in ts, skipping this one
---> Package scsi-target-utils.x86_64 0:1.0.38-13.21b1f2.ceph.el6 set to be updated
Checking deps for scsi-target-utils.x86_64 0-1.0.38-13.21b1f2.ceph.el6 - u
scsi-target-utils-1.0.38-13.21b1f2.ceph.el6.x86_64 requires: perl(Config::General)
--> Processing Dependency: perl(Config::General) for package: scsi-target-utils-1.0.38-13.21b1f2.ceph.el6.x86_64
Searching pkgSack for dep: perl(Config::General)
Potential match for perl(Config::General) from perl-Config-General-2.52-1.el6.noarch
Matched perl-Config-General-2.52-1.el6.noarch to require for perl(Config::General)
TSINFO: Marking perl-Config-General-2.52-1.el6.noarch as install for scsi-target-utils-1.0.38-13.21b1f2.ceph.el6.x86_64
---> Package sed.x86_64 0:4.2.1-10.el6 set to be updated
Checking deps for sed.x86_64 0-4.2.1-10.el6 - u
---> Package sg3_utils.x86_64 0:1.28-5.el6 set to be updated
Checking deps for sg3_utils.x86_64 0-1.28-5.el6 - u
---> Package sg3_utils-libs.x86_64 0:1.28-5.el6 set to be updated
Checking deps for sg3_utils-libs.x86_64 0-1.28-5.el6 - u
---> Package slang.x86_64 0:2.2.1-1.el6 set to be updated
Checking deps for slang.x86_64 0-2.2.1-1.el6 - u
---> Package sqlite.x86_64 0:3.6.20-1.el6 set to be updated
Checking deps for sqlite.x86_64 0-3.6.20-1.el6 - u
---> Package squashfs-tools.x86_64 0:4.0-5.el6 set to be updated
Checking deps for squashfs-tools.x86_64 0-4.0-5.el6 - u
---> Package sysfsutils.x86_64 0:2.1.0-7.el6 set to be updated
Checking deps for sysfsutils.x86_64 0-2.1.0-7.el6 - u
sysfsutils-2.1.0-7.el6.x86_64 requires: libsysfs.so.2()(64bit)
--> Processing Dependency: libsysfs.so.2()(64bit) for package: sysfsutils-2.1.0-7.el6.x86_64
Searching pkgSack for dep: libsysfs.so.2()(64bit)
Potential match for libsysfs.so.2()(64bit) from libsysfs-2.1.0-7.el6.x86_64
Matched libsysfs-2.1.0-7.el6.x86_64 to require for libsysfs.so.2()(64bit)
TSINFO: Marking libsysfs-2.1.0-7.el6.x86_64 as install for sysfsutils-2.1.0-7.el6.x86_64
---> Package system-config-keyboard.x86_64 0:1.3.1-5.el6 set to be updated
Checking deps for system-config-keyboard.x86_64 0-1.3.1-5.el6 - u
system-config-keyboard-1.3.1-5.el6.x86_64 requires: system-config-keyboard-base = 1.3.1-5.el6
--> Processing Dependency: system-config-keyboard-base = 1.3.1-5.el6 for package: system-config-keyboard-1.3.1-5.el6.x86_64
Searching pkgSack for dep: system-config-keyboard-base
Potential match for system-config-keyboard-base from system-config-keyboard-base-1.3.1-5.el6.x86_64
Matched system-config-keyboard-base-1.3.1-5.el6.x86_64 to require for system-config-keyboard-base
TSINFO: Marking system-config-keyboard-base-1.3.1-5.el6.x86_64 as install for system-config-keyboard-1.3.1-5.el6.x86_64
system-config-keyboard-1.3.1-5.el6.x86_64 requires: pyxf86config
--> Processing Dependency: pyxf86config for package: system-config-keyboard-1.3.1-5.el6.x86_64
Searching pkgSack for dep: pyxf86config
Potential match for pyxf86config from pyxf86config-0.3.37-7.1.el6.x86_64
Matched pyxf86config-0.3.37-7.1.el6.x86_64 to require for pyxf86config
TSINFO: Marking pyxf86config-0.3.37-7.1.el6.x86_64 as install for system-config-keyboard-1.3.1-5.el6.x86_64
---> Package sysvinit-tools.x86_64 0:2.87-5.dsf.el6 set to be updated
Checking deps for sysvinit-tools.x86_64 0-2.87-5.dsf.el6 - u
---> Package tar.x86_64 2:1.23-11.el6 set to be updated
Checking deps for tar.x86_64 2-1.23-11.el6 - u
---> Package tcl.x86_64 1:8.5.7-6.el6 set to be updated
Checking deps for tcl.x86_64 1-8.5.7-6.el6 - u
---> Package tcp_wrappers.x86_64 0:7.6-57.el6 set to be updated
Checking deps for tcp_wrappers.x86_64 0-7.6-57.el6 - u
---> Package tcp_wrappers-libs.x86_64 0:7.6-57.el6 set to be updated
Checking deps for tcp_wrappers-libs.x86_64 0-7.6-57.el6 - u
---> Package telnet.x86_64 1:0.17-47.el6_3.1 set to be updated
Checking deps for telnet.x86_64 1-0.17-47.el6_3.1 - u
---> Package tk.x86_64 1:8.5.7-5.el6 set to be updated
Checking deps for tk.x86_64 1-8.5.7-5.el6 - u
---> Package tunctl.x86_64 0:1.5-3.el6 set to be updated
Checking deps for tunctl.x86_64 0-1.5-3.el6 - u
---> Package udev.x86_64 0:147-2.51.el6 set to be updated
Checking deps for udev.x86_64 0-147-2.51.el6 - u
udev-147-2.51.el6.x86_64 requires: MAKEDEV >= 3.11
--> Processing Dependency: MAKEDEV >= 3.11 for package: udev-147-2.51.el6.x86_64
Searching pkgSack for dep: MAKEDEV
Potential match for MAKEDEV from MAKEDEV-3.24-6.el6.x86_64
Matched MAKEDEV-3.24-6.el6.x86_64 to require for MAKEDEV
TSINFO: Marking MAKEDEV-3.24-6.el6.x86_64 as install for udev-147-2.51.el6.x86_64
---> Package unixODBC.x86_64 0:2.2.14-12.el6_3 set to be updated
Checking deps for unixODBC.x86_64 0-2.2.14-12.el6_3 - u
---> Package upstart.x86_64 0:0.6.5-13.el6_5.3 set to be updated
Checking deps for upstart.x86_64 0-0.6.5-13.el6_5.3 - u
upstart-0.6.5-13.el6_5.3.x86_64 requires: libnih.so.1(LIBNIH_1_0)(64bit)
--> Processing Dependency: libnih.so.1(LIBNIH_1_0)(64bit) for package: upstart-0.6.5-13.el6_5.3.x86_64
Searching pkgSack for dep: libnih.so.1(LIBNIH_1_0)(64bit)
Potential match for libnih.so.1(LIBNIH_1_0)(64bit) from libnih-1.0.1-7.el6.x86_64
Matched libnih-1.0.1-7.el6.x86_64 to require for libnih.so.1(LIBNIH_1_0)(64bit)
TSINFO: Marking libnih-1.0.1-7.el6.x86_64 as install for upstart-0.6.5-13.el6_5.3.x86_64
upstart-0.6.5-13.el6_5.3.x86_64 requires: libnih-dbus.so.1(LIBNIH_DBUS_1_0)(64bit)
--> Processing Dependency: libnih-dbus.so.1(LIBNIH_DBUS_1_0)(64bit) for package: upstart-0.6.5-13.el6_5.3.x86_64
Quick matched libnih-1.0.1-7.el6.x86_64 to require for libnih-dbus.so.1(LIBNIH_DBUS_1_0)(64bit)
upstart-0.6.5-13.el6_5.3.x86_64 requires: libnih-dbus.so.1()(64bit)
--> Processing Dependency: libnih-dbus.so.1()(64bit) for package: upstart-0.6.5-13.el6_5.3.x86_64
Quick matched libnih-1.0.1-7.el6.x86_64 to require for libnih-dbus.so.1()(64bit)
upstart-0.6.5-13.el6_5.3.x86_64 requires: libnih.so.1()(64bit)
--> Processing Dependency: libnih.so.1()(64bit) for package: upstart-0.6.5-13.el6_5.3.x86_64
Quick matched libnih-1.0.1-7.el6.x86_64 to require for libnih.so.1()(64bit)
---> Package vim-common.x86_64 2:7.2.411-1.8.el6 set to be updated
Checking deps for vim-common.x86_64 2-7.2.411-1.8.el6 - u
---> Package xdg-utils.noarch 0:1.0.2-17.20091016cvs.el6 set to be updated
Checking deps for xdg-utils.noarch 0-1.0.2-17.20091016cvs.el6 - u
xdg-utils-1.0.2-17.20091016cvs.el6.noarch requires: desktop-file-utils
--> Processing Dependency: desktop-file-utils for package: xdg-utils-1.0.2-17.20091016cvs.el6.noarch
Searching pkgSack for dep: desktop-file-utils
Potential match for desktop-file-utils from desktop-file-utils-0.15-9.el6.x86_64
Matched desktop-file-utils-0.15-9.el6.x86_64 to require for desktop-file-utils
TSINFO: Marking desktop-file-utils-0.15-9.el6.x86_64 as install for xdg-utils-1.0.2-17.20091016cvs.el6.noarch
---> Package xz-libs.x86_64 0:4.999.9-0.3.beta.20091007git.el6 set to be updated
Checking deps for xz-libs.x86_64 0-4.999.9-0.3.beta.20091007git.el6 - u
---> Package xz-lzma-compat.x86_64 0:4.999.9-0.3.beta.20091007git.el6 set to be updated
Checking deps for xz-lzma-compat.x86_64 0-4.999.9-0.3.beta.20091007git.el6 - u
---> Package yum-metadata-parser.x86_64 0:1.1.2-16.el6 set to be updated
Checking deps for yum-metadata-parser.x86_64 0-1.1.2-16.el6 - u
---> Package yum-plugin-fastestmirror.noarch 0:1.1.30-17.el6_5 set to be updated
Checking deps for yum-plugin-fastestmirror.noarch 0-1.1.30-17.el6_5 - u
---> Package zlib.x86_64 0:1.2.3-29.el6 set to be updated
Checking deps for zlib.x86_64 0-1.2.3-29.el6 - u
--> Running transaction check
---> Package ConsoleKit.x86_64 0:0.4.1-3.el6 set to be updated
Checking deps for ConsoleKit.x86_64 0-0.4.1-3.el6 - u
ConsoleKit-0.4.1-3.el6.x86_64 requires: libck-connector.so.0()(64bit)
--> Processing Dependency: libck-connector.so.0()(64bit) for package: ConsoleKit-0.4.1-3.el6.x86_64
Searching pkgSack for dep: libck-connector.so.0()(64bit)
Potential match for libck-connector.so.0()(64bit) from ConsoleKit-libs-0.4.1-3.el6.x86_64
Matched ConsoleKit-libs-0.4.1-3.el6.x86_64 to require for libck-connector.so.0()(64bit)
TSINFO: Marking ConsoleKit-libs-0.4.1-3.el6.x86_64 as install for ConsoleKit-0.4.1-3.el6.x86_64
---> Package MAKEDEV.x86_64 0:3.24-6.el6 set to be updated
Checking deps for MAKEDEV.x86_64 0-3.24-6.el6 - u
---> Package audit-libs-python.x86_64 0:2.2-4.el6_5 set to be updated
Checking deps for audit-libs-python.x86_64 0-2.2-4.el6_5 - u
---> Package bluez-libs.x86_64 0:4.66-1.el6 set to be updated
Checking deps for bluez-libs.x86_64 0-4.66-1.el6 - u
---> Package brlapi.x86_64 0:0.5.4-7.el6 set to be updated
Checking deps for brlapi.x86_64 0-0.5.4-7.el6 - u
brlapi-0.5.4-7.el6.x86_64 requires: brltty = 4.1-7.el6
--> Processing Dependency: brltty = 4.1-7.el6 for package: brlapi-0.5.4-7.el6.x86_64
Searching pkgSack for dep: brltty
Potential match for brltty from brltty-4.1-7.el6.x86_64
Matched brltty-4.1-7.el6.x86_64 to require for brltty
TSINFO: Marking brltty-4.1-7.el6.x86_64 as install for brlapi-0.5.4-7.el6.x86_64
---> Package cairo.x86_64 0:1.8.8-3.1.el6 set to be updated
Checking deps for cairo.x86_64 0-1.8.8-3.1.el6 - u
---> Package cracklib.x86_64 0:2.8.16-4.el6 set to be updated
Checking deps for cracklib.x86_64 0-2.8.16-4.el6 - u
---> Package cracklib-dicts.x86_64 0:2.8.16-4.el6 set to be updated
Checking deps for cracklib-dicts.x86_64 0-2.8.16-4.el6 - u
---> Package cups-libs.x86_64 1:1.4.2-50.el6_4.5 set to be updated
Checking deps for cups-libs.x86_64 1-1.4.2-50.el6_4.5 - u
---> Package cvs.x86_64 0:1.11.23-16.el6 set to be updated
Checking deps for cvs.x86_64 0-1.11.23-16.el6 - u
---> Package cyrus-sasl-md5.x86_64 0:2.1.23-13.el6_3.1 set to be updated
Checking deps for cyrus-sasl-md5.x86_64 0-2.1.23-13.el6_3.1 - u
---> Package dash.x86_64 0:0.5.5.1-4.el6 set to be updated
Checking deps for dash.x86_64 0-0.5.5.1-4.el6 - u
---> Package dejavu-fonts-common.noarch 0:2.30-2.el6 set to be updated
Checking deps for dejavu-fonts-common.noarch 0-2.30-2.el6 - u
dejavu-fonts-common-2.30-2.el6.noarch requires: fontpackages-filesystem
--> Processing Dependency: fontpackages-filesystem for package: dejavu-fonts-common-2.30-2.el6.noarch
Searching pkgSack for dep: fontpackages-filesystem
Potential match for fontpackages-filesystem from fontpackages-filesystem-1.41-1.1.el6.noarch
Matched fontpackages-filesystem-1.41-1.1.el6.noarch to require for fontpackages-filesystem
TSINFO: Marking fontpackages-filesystem-1.41-1.1.el6.noarch as install for dejavu-fonts-common-2.30-2.el6.noarch
---> Package desktop-file-utils.x86_64 0:0.15-9.el6 set to be updated
Checking deps for desktop-file-utils.x86_64 0-0.15-9.el6 - u
---> Package device-mapper-event.x86_64 0:1.02.79-8.el6 set to be updated
Checking deps for device-mapper-event.x86_64 0-1.02.79-8.el6 - u
---> Package fipscheck.x86_64 0:1.2.0-7.el6 set to be updated
Checking deps for fipscheck.x86_64 0-1.2.0-7.el6 - u
---> Package fuel-ostf.noarch 0:0.1-1 set to be updated
Checking deps for fuel-ostf.noarch 0-0.1-1 - u
fuel-ostf-0.1-1.noarch requires: python-pyopenssl >= 0.13
--> Processing Dependency: python-pyopenssl >= 0.13 for package: fuel-ostf-0.1-1.noarch
Searching pkgSack for dep: python-pyopenssl
fuel-ostf-0.1-1.noarch requires: python-psycogreen >= 1.0
--> Processing Dependency: python-psycogreen >= 1.0 for package: fuel-ostf-0.1-1.noarch
Searching pkgSack for dep: python-psycogreen
fuel-ostf-0.1-1.noarch requires: python-setuptools-git >= 1.0
--> Processing Dependency: python-setuptools-git >= 1.0 for package: fuel-ostf-0.1-1.noarch
Searching pkgSack for dep: python-setuptools-git
---> Package gamin.x86_64 0:0.1.10-9.el6 set to be updated
Checking deps for gamin.x86_64 0-0.1.10-9.el6 - u
---> Package giflib.x86_64 0:4.1.6-3.1.el6 set to be updated
Checking deps for giflib.x86_64 0-4.1.6-3.1.el6 - u
---> Package glibc-headers.x86_64 0:2.12-1.132.el6_5.2 set to be updated
Checking deps for glibc-headers.x86_64 0-2.12-1.132.el6_5.2 - u
---> Package gnutls-utils.x86_64 0:2.8.5-14.el6_5 set to be updated
Checking deps for gnutls-utils.x86_64 0-2.8.5-14.el6_5 - u
---> Package gpgme.x86_64 0:1.1.8-3.el6 set to be updated
Checking deps for gpgme.x86_64 0-1.1.8-3.el6 - u
---> Package hal-info.noarch 0:20090716-3.1.el6 set to be updated
Checking deps for hal-info.noarch 0-20090716-3.1.el6 - u
---> Package hal-libs.x86_64 0:0.5.14-11.el6 set to be updated
Checking deps for hal-libs.x86_64 0-0.5.14-11.el6 - u
---> Package hicolor-icon-theme.noarch 0:0.11-1.1.el6 set to be updated
Checking deps for hicolor-icon-theme.noarch 0-0.11-1.1.el6 - u
---> Package ipxe-roms-qemu.noarch 0:20140303-1.gitff1e7fc7.mira1 set to be updated
Checking deps for ipxe-roms-qemu.noarch 0-20140303-1.gitff1e7fc7.mira1 - u
---> Package iw.x86_64 0:3.10-1.1.el6 set to be updated
Checking deps for iw.x86_64 0-3.10-1.1.el6 - u
---> Package jasper-libs.x86_64 0:1.900.1-15.el6_1.1 set to be updated
Checking deps for jasper-libs.x86_64 0-1.900.1-15.el6_1.1 - u
---> Package jpackage-utils.noarch 0:1.7.5-3.12.el6 set to be updated
Checking deps for jpackage-utils.noarch 0-1.7.5-3.12.el6 - u
---> Package keyutils-libs-devel.x86_64 0:1.4-4.el6 set to be updated
Checking deps for keyutils-libs-devel.x86_64 0-1.4-4.el6 - u
---> Package libICE.x86_64 0:1.0.6-1.el6 set to be updated
Checking deps for libICE.x86_64 0-1.0.6-1.el6 - u
---> Package libX11.x86_64 0:1.5.0-4.el6 set to be updated
Checking deps for libX11.x86_64 0-1.5.0-4.el6 - u
libX11-1.5.0-4.el6.x86_64 requires: libX11-common = 1.5.0-4.el6
--> Processing Dependency: libX11-common = 1.5.0-4.el6 for package: libX11-1.5.0-4.el6.x86_64
Searching pkgSack for dep: libX11-common
Potential match for libX11-common from libX11-common-1.5.0-4.el6.noarch
Matched libX11-common-1.5.0-4.el6.noarch to require for libX11-common
TSINFO: Marking libX11-common-1.5.0-4.el6.noarch as install for libX11-1.5.0-4.el6.x86_64
---> Package libXcomposite.x86_64 0:0.4.3-4.el6 set to be updated
Checking deps for libXcomposite.x86_64 0-0.4.3-4.el6 - u
---> Package libXcursor.x86_64 0:1.1.13-6.20130524git8f677eaea.el6 set to be updated
Checking deps for libXcursor.x86_64 0-1.1.13-6.20130524git8f677eaea.el6 - u
---> Package libXdamage.x86_64 0:1.1.3-4.el6 set to be updated
Checking deps for libXdamage.x86_64 0-1.1.3-4.el6 - u
---> Package libXext.x86_64 0:1.3.1-2.el6 set to be updated
Checking deps for libXext.x86_64 0-1.3.1-2.el6 - u
---> Package libXfixes.x86_64 0:5.0-3.el6 set to be updated
Checking deps for libXfixes.x86_64 0-5.0-3.el6 - u
---> Package libXft.x86_64 0:2.3.1-2.el6 set to be updated
Checking deps for libXft.x86_64 0-2.3.1-2.el6 - u
---> Package libXi.x86_64 0:1.6.1-3.el6 set to be updated
Checking deps for libXi.x86_64 0-1.6.1-3.el6 - u
---> Package libXpm.x86_64 0:3.5.10-2.el6 set to be updated
Checking deps for libXpm.x86_64 0-3.5.10-2.el6 - u
---> Package libXrandr.x86_64 0:1.4.0-1.el6 set to be updated
Checking deps for libXrandr.x86_64 0-1.4.0-1.el6 - u
---> Package libXrender.x86_64 0:0.9.7-2.el6 set to be updated
Checking deps for libXrender.x86_64 0-0.9.7-2.el6 - u
---> Package libXtst.x86_64 0:1.2.1-2.el6 set to be updated
Checking deps for libXtst.x86_64 0-1.2.1-2.el6 - u
---> Package libcom_err-devel.x86_64 0:1.41.12-18.el6 set to be updated
Checking deps for libcom_err-devel.x86_64 0-1.41.12-18.el6 - u
---> Package libffi.x86_64 0:3.0.5-3.2.el6 set to be updated
Checking deps for libffi.x86_64 0-3.0.5-3.2.el6 - u
---> Package libfprint.x86_64 0:0.1.0-19.pre2.el6 set to be updated
Checking deps for libfprint.x86_64 0-0.1.0-19.pre2.el6 - u
---> Package libguestfs.x86_64 1:1.20.11-2.mira3 set to be updated
Checking deps for libguestfs.x86_64 1-1.20.11-2.mira3 - u
1:libguestfs-1.20.11-2.mira3.x86_64 requires: febootstrap-supermin-helper >= 3.21-4
--> Processing Dependency: febootstrap-supermin-helper >= 3.21-4 for package: 1:libguestfs-1.20.11-2.mira3.x86_64
Searching pkgSack for dep: febootstrap-supermin-helper
Potential match for febootstrap-supermin-helper from febootstrap-supermin-helper-3.21-4.mira1.x86_64
Matched febootstrap-supermin-helper-3.21-4.mira1.x86_64 to require for febootstrap-supermin-helper
TSINFO: Marking febootstrap-supermin-helper-3.21-4.mira1.x86_64 as install for 1:libguestfs-1.20.11-2.mira3.x86_64
1:libguestfs-1.20.11-2.mira3.x86_64 requires: btrfs-progs
--> Processing Dependency: btrfs-progs for package: 1:libguestfs-1.20.11-2.mira3.x86_64
Searching pkgSack for dep: btrfs-progs
Potential match for btrfs-progs from btrfs-progs-0.20-0.2.git91d9eec.el6.x86_64
Matched btrfs-progs-0.20-0.2.git91d9eec.el6.x86_64 to require for btrfs-progs
TSINFO: Marking btrfs-progs-0.20-0.2.git91d9eec.el6.x86_64 as install for 1:libguestfs-1.20.11-2.mira3.x86_64
1:libguestfs-1.20.11-2.mira3.x86_64 requires: netpbm-progs
--> Processing Dependency: netpbm-progs for package: 1:libguestfs-1.20.11-2.mira3.x86_64
Searching pkgSack for dep: netpbm-progs
Potential match for netpbm-progs from netpbm-progs-10.47.05-11.el6.x86_64
Matched netpbm-progs-10.47.05-11.el6.x86_64 to require for netpbm-progs
TSINFO: Marking netpbm-progs-10.47.05-11.el6.x86_64 as install for 1:libguestfs-1.20.11-2.mira3.x86_64
1:libguestfs-1.20.11-2.mira3.x86_64 requires: libconfig
--> Processing Dependency: libconfig for package: 1:libguestfs-1.20.11-2.mira3.x86_64
Searching pkgSack for dep: libconfig
Potential match for libconfig from libconfig-1.3.2-1.1.el6.x86_64
Matched libconfig-1.3.2-1.1.el6.x86_64 to require for libconfig
TSINFO: Marking libconfig-1.3.2-1.1.el6.x86_64 as install for 1:libguestfs-1.20.11-2.mira3.x86_64
1:libguestfs-1.20.11-2.mira3.x86_64 requires: scrub
--> Processing Dependency: scrub for package: 1:libguestfs-1.20.11-2.mira3.x86_64
Searching pkgSack for dep: scrub
Potential match for scrub from scrub-2.2-1.el6.x86_64
Matched scrub-2.2-1.el6.x86_64 to require for scrub
TSINFO: Marking scrub-2.2-1.el6.x86_64 as install for 1:libguestfs-1.20.11-2.mira3.x86_64
---> Package libiscsi.x86_64 0:1.7.0-5.mira1 set to be updated
Checking deps for libiscsi.x86_64 0-1.7.0-5.mira1 - u
---> Package libmnl.x86_64 0:1.0.2-3.el6 set to be updated
Checking deps for libmnl.x86_64 0-1.0.2-3.el6 - u
---> Package libnih.x86_64 0:1.0.1-7.el6 set to be updated
Checking deps for libnih.x86_64 0-1.0.1-7.el6 - u
---> Package libpciaccess.x86_64 0:0.13.1-2.el6 set to be updated
Checking deps for libpciaccess.x86_64 0-0.13.1-2.el6 - u
---> Package libproxy.x86_64 0:0.3.0-4.el6_3 set to be updated
Checking deps for libproxy.x86_64 0-0.3.0-4.el6_3 - u
libproxy-0.3.0-4.el6_3.x86_64 requires: libproxy-bin = 0.3.0-4.el6_3
--> Processing Dependency: libproxy-bin = 0.3.0-4.el6_3 for package: libproxy-0.3.0-4.el6_3.x86_64
Searching pkgSack for dep: libproxy-bin
Potential match for libproxy-bin from libproxy-bin-0.3.0-4.el6_3.x86_64
Matched libproxy-bin-0.3.0-4.el6_3.x86_64 to require for libproxy-bin
TSINFO: Marking libproxy-bin-0.3.0-4.el6_3.x86_64 as install for libproxy-0.3.0-4.el6_3.x86_64
libproxy-0.3.0-4.el6_3.x86_64 requires: libproxy-python = 0.3.0-4.el6_3
--> Processing Dependency: libproxy-python = 0.3.0-4.el6_3 for package: libproxy-0.3.0-4.el6_3.x86_64
Searching pkgSack for dep: libproxy-python
Potential match for libproxy-python from libproxy-python-0.3.0-4.el6_3.x86_64
Matched libproxy-python-0.3.0-4.el6_3.x86_64 to require for libproxy-python
TSINFO: Marking libproxy-python-0.3.0-4.el6_3.x86_64 as install for libproxy-0.3.0-4.el6_3.x86_64
---> Package librdmacm.x86_64 0:1.0.17-1.el6 set to be updated
Checking deps for librdmacm.x86_64 0-1.0.17-1.el6 - u
---> Package libreport-compat.x86_64 0:2.0.9-19.el6.centos set to be updated
Checking deps for libreport-compat.x86_64 0-2.0.9-19.el6.centos - u
---> Package libreport-plugin-reportuploader.x86_64 0:2.0.9-19.el6.centos set to be updated
Checking deps for libreport-plugin-reportuploader.x86_64 0-2.0.9-19.el6.centos - u
---> Package libreport-python.x86_64 0:2.0.9-19.el6.centos set to be updated
Checking deps for libreport-python.x86_64 0-2.0.9-19.el6.centos - u
---> Package libselinux-devel.x86_64 0:2.0.94-5.3.el6_4.1 set to be updated
Checking deps for libselinux-devel.x86_64 0-2.0.94-5.3.el6_4.1 - u
libselinux-devel-2.0.94-5.3.el6_4.1.x86_64 requires: libsepol-devel >= 2.0.32-1
--> Processing Dependency: libsepol-devel >= 2.0.32-1 for package: libselinux-devel-2.0.94-5.3.el6_4.1.x86_64
Searching pkgSack for dep: libsepol-devel
Potential match for libsepol-devel from libsepol-devel-2.0.41-4.el6.x86_64
Matched libsepol-devel-2.0.41-4.el6.x86_64 to require for libsepol-devel
TSINFO: Marking libsepol-devel-2.0.41-4.el6.x86_64 as install for libselinux-devel-2.0.94-5.3.el6_4.1.x86_64
libselinux-devel-2.0.94-5.3.el6_4.1.x86_64 requires: pkgconfig(libsepol)
--> Processing Dependency: pkgconfig(libsepol) for package: libselinux-devel-2.0.94-5.3.el6_4.1.x86_64
Quick matched libsepol-devel-2.0.41-4.el6.x86_64 to require for pkgconfig(libsepol)
---> Package libsemanage-python.x86_64 0:2.0.43-4.2.el6 set to be updated
Checking deps for libsemanage-python.x86_64 0-2.0.43-4.2.el6 - u
---> Package libsysfs.x86_64 0:2.1.0-7.el6 set to be updated
Checking deps for libsysfs.x86_64 0-2.1.0-7.el6 - u
---> Package libtalloc.x86_64 0:2.0.7-2.el6 set to be updated
Checking deps for libtalloc.x86_64 0-2.0.7-2.el6 - u
---> Package libtar.x86_64 0:1.2.11-17.el6_4.1 set to be updated
Checking deps for libtar.x86_64 0-1.2.11-17.el6_4.1 - u
---> Package libtasn1.x86_64 0:2.3-6.el6_5 set to be updated
Checking deps for libtasn1.x86_64 0-2.3-6.el6_5 - u
---> Package libtdb.x86_64 0:1.2.10-1.el6 set to be updated
Checking deps for libtdb.x86_64 0-1.2.10-1.el6 - u
---> Package libtevent.x86_64 0:0.9.18-3.el6 set to be updated
Checking deps for libtevent.x86_64 0-0.9.18-3.el6 - u
---> Package libthai.x86_64 0:0.1.12-3.el6 set to be updated
Checking deps for libthai.x86_64 0-0.1.12-3.el6 - u
---> Package libusb.x86_64 0:0.1.12-23.el6 set to be updated
Checking deps for libusb.x86_64 0-0.1.12-23.el6 - u
---> Package libvirt-daemon.x86_64 0:1.2.5-1.mira1 set to be updated
Checking deps for libvirt-daemon.x86_64 0-1.2.5-1.mira1 - u
libvirt-daemon-1.2.5-1.mira1.x86_64 requires: numad
--> Processing Dependency: numad for package: libvirt-daemon-1.2.5-1.mira1.x86_64
Searching pkgSack for dep: numad
Potential match for numad from numad-0.5-9.20130814git.el6.x86_64
Matched numad-0.5-9.20130814git.el6.x86_64 to require for numad
TSINFO: Marking numad-0.5-9.20130814git.el6.x86_64 as install for libvirt-daemon-1.2.5-1.mira1.x86_64
---> Package libvirt-daemon-config-network.x86_64 0:1.2.5-1.mira1 set to be updated
Checking deps for libvirt-daemon-config-network.x86_64 0-1.2.5-1.mira1 - u
---> Package libvirt-daemon-config-nwfilter.x86_64 0:1.2.5-1.mira1 set to be updated
Checking deps for libvirt-daemon-config-nwfilter.x86_64 0-1.2.5-1.mira1 - u
---> Package libvirt-daemon-driver-interface.x86_64 0:1.2.5-1.mira1 set to be updated
Checking deps for libvirt-daemon-driver-interface.x86_64 0-1.2.5-1.mira1 - u
libvirt-daemon-driver-interface-1.2.5-1.mira1.x86_64 requires: libnetcf.so.1(NETCF_1.0.0)(64bit)
--> Processing Dependency: libnetcf.so.1(NETCF_1.0.0)(64bit) for package: libvirt-daemon-driver-interface-1.2.5-1.mira1.x86_64
Searching pkgSack for dep: libnetcf.so.1(NETCF_1.0.0)(64bit)
Potential match for libnetcf.so.1(NETCF_1.0.0)(64bit) from netcf-libs-0.1.9-4.el6_5.2.x86_64
Matched netcf-libs-0.1.9-4.el6_5.2.x86_64 to require for libnetcf.so.1(NETCF_1.0.0)(64bit)
TSINFO: Marking netcf-libs-0.1.9-4.el6_5.2.x86_64 as install for libvirt-daemon-driver-interface-1.2.5-1.mira1.x86_64
libvirt-daemon-driver-interface-1.2.5-1.mira1.x86_64 requires: libnetcf.so.1(NETCF_1.4.0)(64bit)
--> Processing Dependency: libnetcf.so.1(NETCF_1.4.0)(64bit) for package: libvirt-daemon-driver-interface-1.2.5-1.mira1.x86_64
Quick matched netcf-libs-0.1.9-4.el6_5.2.x86_64 to require for libnetcf.so.1(NETCF_1.4.0)(64bit)
libvirt-daemon-driver-interface-1.2.5-1.mira1.x86_64 requires: libnetcf.so.1(NETCF_1.2.0)(64bit)
--> Processing Dependency: libnetcf.so.1(NETCF_1.2.0)(64bit) for package: libvirt-daemon-driver-interface-1.2.5-1.mira1.x86_64
Quick matched netcf-libs-0.1.9-4.el6_5.2.x86_64 to require for libnetcf.so.1(NETCF_1.2.0)(64bit)
libvirt-daemon-driver-interface-1.2.5-1.mira1.x86_64 requires: libnetcf.so.1(NETCF_1.3.0)(64bit)
--> Processing Dependency: libnetcf.so.1(NETCF_1.3.0)(64bit) for package: libvirt-daemon-driver-interface-1.2.5-1.mira1.x86_64
Quick matched netcf-libs-0.1.9-4.el6_5.2.x86_64 to require for libnetcf.so.1(NETCF_1.3.0)(64bit)
libvirt-daemon-driver-interface-1.2.5-1.mira1.x86_64 requires: libnetcf.so.1()(64bit)
--> Processing Dependency: libnetcf.so.1()(64bit) for package: libvirt-daemon-driver-interface-1.2.5-1.mira1.x86_64
Quick matched netcf-libs-0.1.9-4.el6_5.2.x86_64 to require for libnetcf.so.1()(64bit)
---> Package libvirt-daemon-driver-lxc.x86_64 0:1.2.5-1.mira1 set to be updated
Checking deps for libvirt-daemon-driver-lxc.x86_64 0-1.2.5-1.mira1 - u
---> Package libvirt-daemon-driver-network.x86_64 0:1.2.5-1.mira1 set to be updated
Checking deps for libvirt-daemon-driver-network.x86_64 0-1.2.5-1.mira1 - u
---> Package libvirt-daemon-driver-nodedev.x86_64 0:1.2.5-1.mira1 set to be updated
Checking deps for libvirt-daemon-driver-nodedev.x86_64 0-1.2.5-1.mira1 - u
---> Package libvirt-daemon-driver-nwfilter.x86_64 0:1.2.5-1.mira1 set to be updated
Checking deps for libvirt-daemon-driver-nwfilter.x86_64 0-1.2.5-1.mira1 - u
---> Package libvirt-daemon-driver-qemu.x86_64 0:1.2.5-1.mira1 set to be updated
Checking deps for libvirt-daemon-driver-qemu.x86_64 0-1.2.5-1.mira1 - u
---> Package libvirt-daemon-driver-secret.x86_64 0:1.2.5-1.mira1 set to be updated
Checking deps for libvirt-daemon-driver-secret.x86_64 0-1.2.5-1.mira1 - u
---> Package libvirt-daemon-driver-storage.x86_64 0:1.2.5-1.mira1 set to be updated
Checking deps for libvirt-daemon-driver-storage.x86_64 0-1.2.5-1.mira1 - u
---> Package libxcb.x86_64 0:1.8.1-1.el6 set to be updated
Checking deps for libxcb.x86_64 0-1.8.1-1.el6 - u
libxcb-1.8.1-1.el6.x86_64 requires: libXau.so.6()(64bit)
--> Processing Dependency: libXau.so.6()(64bit) for package: libxcb-1.8.1-1.el6.x86_64
Searching pkgSack for dep: libXau.so.6()(64bit)
Potential match for libXau.so.6()(64bit) from libXau-1.0.6-4.el6.x86_64
Matched libXau-1.0.6-4.el6.x86_64 to require for libXau.so.6()(64bit)
TSINFO: Marking libXau-1.0.6-4.el6.x86_64 as install for libxcb-1.8.1-1.el6.x86_64
---> Package lm_sensors-libs.x86_64 0:3.1.1-17.el6 set to be updated
Checking deps for lm_sensors-libs.x86_64 0-3.1.1-17.el6 - u
---> Package mesa-dri-drivers.x86_64 0:9.2-0.5.el6_5.2 set to be updated
Checking deps for mesa-dri-drivers.x86_64 0-9.2-0.5.el6_5.2 - u
mesa-dri-drivers-9.2-0.5.el6_5.2.x86_64 requires: mesa-dri1-drivers >= 7.11-6
--> Processing Dependency: mesa-dri1-drivers >= 7.11-6 for package: mesa-dri-drivers-9.2-0.5.el6_5.2.x86_64
Searching pkgSack for dep: mesa-dri1-drivers
Potential match for mesa-dri1-drivers from mesa-dri1-drivers-7.11-8.el6.x86_64
Matched mesa-dri1-drivers-7.11-8.el6.x86_64 to require for mesa-dri1-drivers
TSINFO: Marking mesa-dri1-drivers-7.11-8.el6.x86_64 as install for mesa-dri-drivers-9.2-0.5.el6_5.2.x86_64
mesa-dri-drivers-9.2-0.5.el6_5.2.x86_64 requires: libLLVM-3.3-mesa.so(libLLVM-3.3-mesa.so)(64bit)
--> Processing Dependency: libLLVM-3.3-mesa.so(libLLVM-3.3-mesa.so)(64bit) for package: mesa-dri-drivers-9.2-0.5.el6_5.2.x86_64
Searching pkgSack for dep: libLLVM-3.3-mesa.so(libLLVM-3.3-mesa.so)(64bit)
Potential match for libLLVM-3.3-mesa.so(libLLVM-3.3-mesa.so)(64bit) from mesa-private-llvm-3.3-0.3.rc3.el6.x86_64
Matched mesa-private-llvm-3.3-0.3.rc3.el6.x86_64 to require for libLLVM-3.3-mesa.so(libLLVM-3.3-mesa.so)(64bit)
TSINFO: Marking mesa-private-llvm-3.3-0.3.rc3.el6.x86_64 as install for mesa-dri-drivers-9.2-0.5.el6_5.2.x86_64
mesa-dri-drivers-9.2-0.5.el6_5.2.x86_64 requires: mesa-dri-filesystem(x86-64)
--> Processing Dependency: mesa-dri-filesystem(x86-64) for package: mesa-dri-drivers-9.2-0.5.el6_5.2.x86_64
Searching pkgSack for dep: mesa-dri-filesystem(x86-64)
Potential match for mesa-dri-filesystem(x86-64) from mesa-dri-filesystem-9.2-0.5.el6_5.2.x86_64
Matched mesa-dri-filesystem-9.2-0.5.el6_5.2.x86_64 to require for mesa-dri-filesystem(x86-64)
TSINFO: Marking mesa-dri-filesystem-9.2-0.5.el6_5.2.x86_64 as install for mesa-dri-drivers-9.2-0.5.el6_5.2.x86_64
mesa-dri-drivers-9.2-0.5.el6_5.2.x86_64 requires: libLLVM-3.3-mesa.so()(64bit)
--> Processing Dependency: libLLVM-3.3-mesa.so()(64bit) for package: mesa-dri-drivers-9.2-0.5.el6_5.2.x86_64
Searching pkgSack for dep: libLLVM-3.3-mesa.so()(64bit)
Potential match for libLLVM-3.3-mesa.so()(64bit) from mesa-private-llvm-3.3-0.3.rc3.el6.x86_64
Matched mesa-private-llvm-3.3-0.3.rc3.el6.x86_64 to require for libLLVM-3.3-mesa.so()(64bit)
mesa-private-llvm-3.3-0.3.rc3.el6.x86_64 already in ts, skipping this one
---> Package nailgun.noarch 0:0.1.0-603 set to be updated
Checking deps for nailgun.noarch 0-0.1.0-603 - u
nailgun-0.1.0-603.noarch requires: python-simplejson = 3.3.0
--> Processing Dependency: python-simplejson = 3.3.0 for package: nailgun-0.1.0-603.noarch
Searching pkgSack for dep: python-simplejson
Potential match for python-simplejson from python-simplejson-3.5.3-2.mira1.x86_64
nailgun-0.1.0-603.noarch requires: python-netifaces = 0.8
--> Processing Dependency: python-netifaces = 0.8 for package: nailgun-0.1.0-603.noarch
Searching pkgSack for dep: python-netifaces
Potential match for python-netifaces from python-netifaces-0.10.4-1.el6.x86_64
nailgun-0.1.0-603.noarch requires: python-alembic = 0.6.2
--> Processing Dependency: python-alembic = 0.6.2 for package: nailgun-0.1.0-603.noarch
Searching pkgSack for dep: python-alembic
Potential match for python-alembic from python-alembic-0.6.7-3.mira1.noarch
nailgun-0.1.0-603.noarch requires: python-netaddr = 0.7.10
--> Processing Dependency: python-netaddr = 0.7.10 for package: nailgun-0.1.0-603.noarch
Searching pkgSack for dep: python-netaddr
Potential match for python-netaddr from python-netaddr-0.7.12-6.2.mira1.x86_64
Potential match for python-netaddr from python-netaddr-0.7.5-4.el6.noarch
nailgun-0.1.0-603.noarch requires: python-oslo-config = 1:1.2.1
--> Processing Dependency: python-oslo-config = 1:1.2.1 for package: nailgun-0.1.0-603.noarch
Searching pkgSack for dep: python-oslo-config
Potential match for python-oslo-config from 1:python-oslo-config-1.4.0-fuel6.0.mira22.noarch
nailgun-0.1.0-603.noarch requires: python-sqlalchemy = 0.7.9
--> Processing Dependency: python-sqlalchemy = 0.7.9 for package: nailgun-0.1.0-603.noarch
Searching pkgSack for dep: python-sqlalchemy
Potential match for python-sqlalchemy from python-sqlalchemy-0.5.5-3.el6_2.noarch
Potential match for python-sqlalchemy from python-sqlalchemy-0.9.7-2.mira1.x86_64
---> Package ncurses-base.x86_64 0:5.7-3.20090208.el6 set to be updated
Checking deps for ncurses-base.x86_64 0-5.7-3.20090208.el6 - u
---> Package nmap-ncat.x86_64 2:6.40-3.el6 set to be updated
Checking deps for nmap-ncat.x86_64 2-6.40-3.el6 - u
---> Package nss-softokn.x86_64 0:3.14.3-10.el6_5 set to be updated
Checking deps for nss-softokn.x86_64 0-3.14.3-10.el6_5 - u
---> Package nss-sysinit.x86_64 0:3.15.3-6.el6_5 set to be updated
Checking deps for nss-sysinit.x86_64 0-3.15.3-6.el6_5 - u
---> Package nss-tools.x86_64 0:3.15.3-6.el6_5 set to be updated
Checking deps for nss-tools.x86_64 0-3.15.3-6.el6_5 - u
---> Package oddjob.x86_64 0:0.30-5.el6 set to be updated
Checking deps for oddjob.x86_64 0-0.30-5.el6 - u
---> Package p11-kit.x86_64 0:0.18.5-2.el6_5.2 set to be updated
Checking deps for p11-kit.x86_64 0-0.18.5-2.el6_5.2 - u
---> Package p11-kit-trust.x86_64 0:0.18.5-2.el6_5.2 set to be updated
Checking deps for p11-kit-trust.x86_64 0-0.18.5-2.el6_5.2 - u
---> Package perl-Config-General.noarch 0:2.52-1.el6 set to be updated
Checking deps for perl-Config-General.noarch 0-2.52-1.el6 - u
---> Package perl-Module-Pluggable.x86_64 1:3.90-136.el6 set to be updated
Checking deps for perl-Module-Pluggable.x86_64 1-3.90-136.el6 - u
---> Package perl-Pod-Simple.x86_64 1:3.13-136.el6 set to be updated
Checking deps for perl-Pod-Simple.x86_64 1-3.13-136.el6 - u
1:perl-Pod-Simple-3.13-136.el6.x86_64 requires: perl(Pod::Escapes) >= 1.04
--> Processing Dependency: perl(Pod::Escapes) >= 1.04 for package: 1:perl-Pod-Simple-3.13-136.el6.x86_64
Searching pkgSack for dep: perl(Pod::Escapes)
Potential match for perl(Pod::Escapes) from 1:perl-Pod-Escapes-1.04-136.el6.x86_64
Matched 1:perl-Pod-Escapes-1.04-136.el6.x86_64 to require for perl(Pod::Escapes)
TSINFO: Marking 1:perl-Pod-Escapes-1.04-136.el6.x86_64 as install for 1:perl-Pod-Simple-3.13-136.el6.x86_64
---> Package perl-version.x86_64 3:0.77-136.el6 set to be updated
Checking deps for perl-version.x86_64 3-0.77-136.el6 - u
---> Package php-cli.x86_64 0:5.3.3-27.el6_5 set to be updated
Checking deps for php-cli.x86_64 0-5.3.3-27.el6_5 - u
---> Package php-common.x86_64 0:5.3.3-27.el6_5 set to be updated
Checking deps for php-common.x86_64 0-5.3.3-27.el6_5 - u
---> Package php-pdo.x86_64 0:5.3.3-27.el6_5 set to be updated
Checking deps for php-pdo.x86_64 0-5.3.3-27.el6_5 - u
---> Package pixman.x86_64 0:0.26.2-5.1.el6_5 set to be updated
Checking deps for pixman.x86_64 0-0.26.2-5.1.el6_5 - u
---> Package polkit.x86_64 0:0.96-5.el6_4 set to be updated
Checking deps for polkit.x86_64 0-0.96-5.el6_4 - u
polkit-0.96-5.el6_4.x86_64 requires: libeggdbus-1.so.0()(64bit)
--> Processing Dependency: libeggdbus-1.so.0()(64bit) for package: polkit-0.96-5.el6_4.x86_64
Searching pkgSack for dep: libeggdbus-1.so.0()(64bit)
Potential match for libeggdbus-1.so.0()(64bit) from eggdbus-0.6-3.el6.x86_64
Matched eggdbus-0.6-3.el6.x86_64 to require for libeggdbus-1.so.0()(64bit)
TSINFO: Marking eggdbus-0.6-3.el6.x86_64 as install for polkit-0.96-5.el6_4.x86_64
---> Package ppl.x86_64 0:0.10.2-11.el6 set to be updated
Checking deps for ppl.x86_64 0-0.10.2-11.el6 - u
---> Package pulseaudio-libs.x86_64 0:0.9.21-14.el6_3 set to be updated
Checking deps for pulseaudio-libs.x86_64 0-0.9.21-14.el6_3 - u
pulseaudio-libs-0.9.21-14.el6_3.x86_64 requires: libsndfile.so.1(libsndfile.so.1.0)(64bit)
--> Processing Dependency: libsndfile.so.1(libsndfile.so.1.0)(64bit) for package: pulseaudio-libs-0.9.21-14.el6_3.x86_64
Searching pkgSack for dep: libsndfile.so.1(libsndfile.so.1.0)(64bit)
Potential match for libsndfile.so.1(libsndfile.so.1.0)(64bit) from libsndfile-1.0.20-5.el6.x86_64
Matched libsndfile-1.0.20-5.el6.x86_64 to require for libsndfile.so.1(libsndfile.so.1.0)(64bit)
TSINFO: Marking libsndfile-1.0.20-5.el6.x86_64 as install for pulseaudio-libs-0.9.21-14.el6_3.x86_64
pulseaudio-libs-0.9.21-14.el6_3.x86_64 requires: libsndfile.so.1()(64bit)
--> Processing Dependency: libsndfile.so.1()(64bit) for package: pulseaudio-libs-0.9.21-14.el6_3.x86_64
Quick matched libsndfile-1.0.20-5.el6.x86_64 to require for libsndfile.so.1()(64bit)
pulseaudio-libs-0.9.21-14.el6_3.x86_64 requires: libasyncns.so.0()(64bit)
--> Processing Dependency: libasyncns.so.0()(64bit) for package: pulseaudio-libs-0.9.21-14.el6_3.x86_64
Searching pkgSack for dep: libasyncns.so.0()(64bit)
Potential match for libasyncns.so.0()(64bit) from libasyncns-0.8-1.1.el6.x86_64
Matched libasyncns-0.8-1.1.el6.x86_64 to require for libasyncns.so.0()(64bit)
TSINFO: Marking libasyncns-0.8-1.1.el6.x86_64 as install for pulseaudio-libs-0.9.21-14.el6_3.x86_64
---> Package python-backports-ssl_match_hostname.noarch 0:3.4.0.1-1.el6 set to be updated
Checking deps for python-backports-ssl_match_hostname.noarch 0-3.4.0.1-1.el6 - u
python-backports-ssl_match_hostname-3.4.0.1-1.el6.noarch requires: python-backports
--> Processing Dependency: python-backports for package: python-backports-ssl_match_hostname-3.4.0.1-1.el6.noarch
Searching pkgSack for dep: python-backports
Potential match for python-backports from python-backports-1.0-3.el6.x86_64
Matched python-backports-1.0-3.el6.x86_64 to require for python-backports
TSINFO: Marking python-backports-1.0-3.el6.x86_64 as install for python-backports-ssl_match_hostname-3.4.0.1-1.el6.noarch
---> Package python-beaker.noarch 0:1.3.1-7.el6 set to be updated
Checking deps for python-beaker.noarch 0-1.3.1-7.el6 - u
---> Package python-bson.x86_64 0:2.5.2-3.el6 set to be updated
Checking deps for python-bson.x86_64 0-2.5.2-3.el6 - u
---> Package python-cherrypy.noarch 0:3.2.2-3.el6 set to be updated
Checking deps for python-cherrypy.noarch 0-3.2.2-3.el6 - u
---> Package python-dogpile-core.noarch 0:0.4.1-1.el6 set to be updated
Checking deps for python-dogpile-core.noarch 0-0.4.1-1.el6 - u
---> Package python-html5lib.noarch 0:0.90-1.el6 set to be updated
Checking deps for python-html5lib.noarch 0-0.90-1.el6 - u
---> Package python-imaging.x86_64 0:1.1.6-19.el6 set to be updated
Checking deps for python-imaging.x86_64 0-1.1.6-19.el6 - u
---> Package python-itsdangerous.noarch 0:0.22-1.el6 set to be updated
Checking deps for python-itsdangerous.noarch 0-0.22-1.el6 - u
---> Package python-kazoo.noarch 0:2.0-2.mira1 set to be updated
Checking deps for python-kazoo.noarch 0-2.0-2.mira1 - u
---> Package python-networkx-core.noarch 0:1.8.1-12.el6 set to be updated
Checking deps for python-networkx-core.noarch 0-1.8.1-12.el6 - u
python-networkx-core-1.8.1-12.el6.noarch requires: scipy
--> Processing Dependency: scipy for package: python-networkx-core-1.8.1-12.el6.noarch
Searching pkgSack for dep: scipy
Potential match for scipy from scipy-0.7.2-8.el6.x86_64
Matched scipy-0.7.2-8.el6.x86_64 to require for scipy
TSINFO: Marking scipy-0.7.2-8.el6.x86_64 as install for python-networkx-core-1.8.1-12.el6.noarch
---> Package python-psutil.x86_64 0:1.2.1-1.mira1 set to be updated
Checking deps for python-psutil.x86_64 0-1.2.1-1.mira1 - u
---> Package python-pymemcache.noarch 0:1.2.5-2.el6 set to be updated
Checking deps for python-pymemcache.noarch 0-1.2.5-2.el6 - u
---> Package python-pyscss.x86_64 0:1.2.1-5.mira1 set to be updated
Checking deps for python-pyscss.x86_64 0-1.2.1-5.mira1 - u
---> Package python-saslwrapper.x86_64 0:0.14-1.el6 set to be updated
Checking deps for python-saslwrapper.x86_64 0-0.14-1.el6 - u
python-saslwrapper-0.14-1.el6.x86_64 requires: saslwrapper = 0.14-1.el6
--> Processing Dependency: saslwrapper = 0.14-1.el6 for package: python-saslwrapper-0.14-1.el6.x86_64
Searching pkgSack for dep: saslwrapper
Potential match for saslwrapper from saslwrapper-0.14-1.el6.x86_64
Matched saslwrapper-0.14-1.el6.x86_64 to require for saslwrapper
TSINFO: Marking saslwrapper-0.14-1.el6.x86_64 as install for python-saslwrapper-0.14-1.el6.x86_64
python-saslwrapper-0.14-1.el6.x86_64 requires: libsaslwrapper.so.1()(64bit)
--> Processing Dependency: libsaslwrapper.so.1()(64bit) for package: python-saslwrapper-0.14-1.el6.x86_64
Quick matched saslwrapper-0.14-1.el6.x86_64 to require for libsaslwrapper.so.1()(64bit)
---> Package python-singledispatch.noarch 0:3.4.0.2-2.el6 set to be updated
Checking deps for python-singledispatch.noarch 0-3.4.0.2-2.el6 - u
---> Package python-thrift.x86_64 0:0.9.0-1.el6 set to be updated
Checking deps for python-thrift.x86_64 0-0.9.0-1.el6 - u
---> Package pyxf86config.x86_64 0:0.3.37-7.1.el6 set to be updated
Checking deps for pyxf86config.x86_64 0-0.3.37-7.1.el6 - u
---> Package qemu-common.x86_64 2:2.0.0-4.mira2 set to be updated
Checking deps for qemu-common.x86_64 2-2.0.0-4.mira2 - u
---> Package rhino.noarch 0:1.7-0.7.r2.2.el6 set to be updated
Checking deps for rhino.noarch 0-1.7-0.7.r2.2.el6 - u
rhino-1.7-0.7.r2.2.el6.noarch requires: jline
--> Processing Dependency: jline for package: rhino-1.7-0.7.r2.2.el6.noarch
Searching pkgSack for dep: jline
Potential match for jline from jline-0.9.94-0.8.el6.noarch
Matched jline-0.9.94-0.8.el6.noarch to require for jline
TSINFO: Marking jline-0.9.94-0.8.el6.noarch as install for rhino-1.7-0.7.r2.2.el6.noarch
---> Package ruby21-rubygem-Platform.noarch 0:0.4.0-1.el6 set to be updated
Checking deps for ruby21-rubygem-Platform.noarch 0-0.4.0-1.el6 - u
---> Package ruby21-rubygem-astute.noarch 0:0.0.2-9 set to be updated
Checking deps for ruby21-rubygem-astute.noarch 0-0.0.2-9 - u
ruby21-rubygem-astute-0.0.2-9.noarch requires: ruby21-rubygem-amqp = 0.9.10
--> Processing Dependency: ruby21-rubygem-amqp = 0.9.10 for package: ruby21-rubygem-astute-0.0.2-9.noarch
Searching pkgSack for dep: ruby21-rubygem-amqp
Potential match for ruby21-rubygem-amqp from ruby21-rubygem-amqp-1.4.1-1.el6.mira1.noarch
---> Package samba-common.x86_64 0:3.6.9-168.el6_5 set to be updated
Checking deps for samba-common.x86_64 0-3.6.9-168.el6_5 - u
---> Package samba-winbind-clients.x86_64 0:3.6.9-168.el6_5 set to be updated
Checking deps for samba-winbind-clients.x86_64 0-3.6.9-168.el6_5 - u
samba-winbind-clients-3.6.9-168.el6_5.x86_64 requires: samba-winbind = 3.6.9-168.el6_5
--> Processing Dependency: samba-winbind = 3.6.9-168.el6_5 for package: samba-winbind-clients-3.6.9-168.el6_5.x86_64
Searching pkgSack for dep: samba-winbind
Potential match for samba-winbind from samba-winbind-3.6.9-168.el6_5.x86_64
Matched samba-winbind-3.6.9-168.el6_5.x86_64 to require for samba-winbind
TSINFO: Marking samba-winbind-3.6.9-168.el6_5.x86_64 as install for samba-winbind-clients-3.6.9-168.el6_5.x86_64
---> Package seabios-bin.noarch 0:1.7.4-5.mira2 set to be updated
Checking deps for seabios-bin.noarch 0-1.7.4-5.mira2 - u
---> Package seavgabios-bin.noarch 0:1.7.4-5.mira2 set to be updated
Checking deps for seavgabios-bin.noarch 0-1.7.4-5.mira2 - u
---> Package setools-libs-python.x86_64 0:3.3.7-4.el6 set to be updated
Checking deps for setools-libs-python.x86_64 0-3.3.7-4.el6 - u
setools-libs-python-3.3.7-4.el6.x86_64 requires: setools-libs = 3.3.7-4.el6
--> Processing Dependency: setools-libs = 3.3.7-4.el6 for package: setools-libs-python-3.3.7-4.el6.x86_64
Searching pkgSack for dep: setools-libs
Potential match for setools-libs from setools-libs-3.3.7-4.el6.x86_64
Matched setools-libs-3.3.7-4.el6.x86_64 to require for setools-libs
TSINFO: Marking setools-libs-3.3.7-4.el6.x86_64 as install for setools-libs-python-3.3.7-4.el6.x86_64
setools-libs-python-3.3.7-4.el6.x86_64 requires: libapol.so.4(VERS_4.0)(64bit)
--> Processing Dependency: libapol.so.4(VERS_4.0)(64bit) for package: setools-libs-python-3.3.7-4.el6.x86_64
Quick matched setools-libs-3.3.7-4.el6.x86_64 to require for libapol.so.4(VERS_4.0)(64bit)
setools-libs-python-3.3.7-4.el6.x86_64 requires: libseaudit.so.4(VERS_4.2)(64bit)
--> Processing Dependency: libseaudit.so.4(VERS_4.2)(64bit) for package: setools-libs-python-3.3.7-4.el6.x86_64
Quick matched setools-libs-3.3.7-4.el6.x86_64 to require for libseaudit.so.4(VERS_4.2)(64bit)
setools-libs-python-3.3.7-4.el6.x86_64 requires: libsefs.so.4(VERS_4.0)(64bit)
--> Processing Dependency: libsefs.so.4(VERS_4.0)(64bit) for package: setools-libs-python-3.3.7-4.el6.x86_64
Quick matched setools-libs-3.3.7-4.el6.x86_64 to require for libsefs.so.4(VERS_4.0)(64bit)
setools-libs-python-3.3.7-4.el6.x86_64 requires: libqpol.so.1(VERS_1.4)(64bit)
--> Processing Dependency: libqpol.so.1(VERS_1.4)(64bit) for package: setools-libs-python-3.3.7-4.el6.x86_64
Quick matched setools-libs-3.3.7-4.el6.x86_64 to require for libqpol.so.1(VERS_1.4)(64bit)
setools-libs-python-3.3.7-4.el6.x86_64 requires: libseaudit.so.4(VERS_4.1)(64bit)
--> Processing Dependency: libseaudit.so.4(VERS_4.1)(64bit) for package: setools-libs-python-3.3.7-4.el6.x86_64
Quick matched setools-libs-3.3.7-4.el6.x86_64 to require for libseaudit.so.4(VERS_4.1)(64bit)
setools-libs-python-3.3.7-4.el6.x86_64 requires: libpoldiff.so.1(VERS_1.2)(64bit)
--> Processing Dependency: libpoldiff.so.1(VERS_1.2)(64bit) for package: setools-libs-python-3.3.7-4.el6.x86_64
Quick matched setools-libs-3.3.7-4.el6.x86_64 to require for libpoldiff.so.1(VERS_1.2)(64bit)
setools-libs-python-3.3.7-4.el6.x86_64 requires: libpoldiff.so.1(VERS_1.3)(64bit)
--> Processing Dependency: libpoldiff.so.1(VERS_1.3)(64bit) for package: setools-libs-python-3.3.7-4.el6.x86_64
Quick matched setools-libs-3.3.7-4.el6.x86_64 to require for libpoldiff.so.1(VERS_1.3)(64bit)
setools-libs-python-3.3.7-4.el6.x86_64 requires: libapol.so.4(VERS_4.1)(64bit)
--> Processing Dependency: libapol.so.4(VERS_4.1)(64bit) for package: setools-libs-python-3.3.7-4.el6.x86_64
Quick matched setools-libs-3.3.7-4.el6.x86_64 to require for libapol.so.4(VERS_4.1)(64bit)
setools-libs-python-3.3.7-4.el6.x86_64 requires: libqpol.so.1(VERS_1.3)(64bit)
--> Processing Dependency: libqpol.so.1(VERS_1.3)(64bit) for package: setools-libs-python-3.3.7-4.el6.x86_64
Quick matched setools-libs-3.3.7-4.el6.x86_64 to require for libqpol.so.1(VERS_1.3)(64bit)
setools-libs-python-3.3.7-4.el6.x86_64 requires: libqpol.so.1(VERS_1.2)(64bit)
--> Processing Dependency: libqpol.so.1(VERS_1.2)(64bit) for package: setools-libs-python-3.3.7-4.el6.x86_64
Quick matched setools-libs-3.3.7-4.el6.x86_64 to require for libqpol.so.1(VERS_1.2)(64bit)
setools-libs-python-3.3.7-4.el6.x86_64 requires: libsefs.so.4()(64bit)
--> Processing Dependency: libsefs.so.4()(64bit) for package: setools-libs-python-3.3.7-4.el6.x86_64
Quick matched setools-libs-3.3.7-4.el6.x86_64 to require for libsefs.so.4()(64bit)
setools-libs-python-3.3.7-4.el6.x86_64 requires: libseaudit.so.4()(64bit)
--> Processing Dependency: libseaudit.so.4()(64bit) for package: setools-libs-python-3.3.7-4.el6.x86_64
Quick matched setools-libs-3.3.7-4.el6.x86_64 to require for libseaudit.so.4()(64bit)
setools-libs-python-3.3.7-4.el6.x86_64 requires: libapol.so.4()(64bit)
--> Processing Dependency: libapol.so.4()(64bit) for package: setools-libs-python-3.3.7-4.el6.x86_64
Quick matched setools-libs-3.3.7-4.el6.x86_64 to require for libapol.so.4()(64bit)
setools-libs-python-3.3.7-4.el6.x86_64 requires: libqpol.so.1()(64bit)
--> Processing Dependency: libqpol.so.1()(64bit) for package: setools-libs-python-3.3.7-4.el6.x86_64
Quick matched setools-libs-3.3.7-4.el6.x86_64 to require for libqpol.so.1()(64bit)
setools-libs-python-3.3.7-4.el6.x86_64 requires: libpoldiff.so.1()(64bit)
--> Processing Dependency: libpoldiff.so.1()(64bit) for package: setools-libs-python-3.3.7-4.el6.x86_64
Quick matched setools-libs-3.3.7-4.el6.x86_64 to require for libpoldiff.so.1()(64bit)
---> Package sgabios-bin.noarch 1:0.20110622svn-3.el6 set to be updated
Checking deps for sgabios-bin.noarch 1-0.20110622svn-3.el6 - u
---> Package sgpio.x86_64 0:1.2.0.10-5.el6 set to be updated
Checking deps for sgpio.x86_64 0-1.2.0.10-5.el6 - u
---> Package shared-mime-info.x86_64 0:0.70-4.el6 set to be updated
Checking deps for shared-mime-info.x86_64 0-0.70-4.el6 - u
---> Package spice-server.x86_64 0:0.12.4-6.el6_5.2 set to be updated
Checking deps for spice-server.x86_64 0-0.12.4-6.el6_5.2 - u
spice-server-0.12.4-6.el6_5.2.x86_64 requires: libcelt051.so.0()(64bit)
--> Processing Dependency: libcelt051.so.0()(64bit) for package: spice-server-0.12.4-6.el6_5.2.x86_64
Searching pkgSack for dep: libcelt051.so.0()(64bit)
Potential match for libcelt051.so.0()(64bit) from celt051-0.5.1.3-0.el6.x86_64
Matched celt051-0.5.1.3-0.el6.x86_64 to require for libcelt051.so.0()(64bit)
TSINFO: Marking celt051-0.5.1.3-0.el6.x86_64 as install for spice-server-0.12.4-6.el6_5.2.x86_64
---> Package system-config-keyboard-base.x86_64 0:1.3.1-5.el6 set to be updated
Checking deps for system-config-keyboard-base.x86_64 0-1.3.1-5.el6 - u
---> Package tzdata.noarch 0:2014e-1.el6 set to be updated
Checking deps for tzdata.noarch 0-2014e-1.el6 - u
---> Package tzdata-java.noarch 0:2014e-1.el6 set to be updated
Checking deps for tzdata-java.noarch 0-2014e-1.el6 - u
---> Package ustr.x86_64 0:1.0.4-9.1.el6 set to be updated
Checking deps for ustr.x86_64 0-1.0.4-9.1.el6 - u
---> Package web-assets-filesystem.noarch 0:5-2.mira1 set to be updated
Checking deps for web-assets-filesystem.noarch 0-5-2.mira1 - u
---> Package xmlrpc-c.x86_64 0:1.16.24-1210.1840.el6 set to be updated
Checking deps for xmlrpc-c.x86_64 0-1.16.24-1210.1840.el6 - u
---> Package xmlrpc-c-client.x86_64 0:1.16.24-1210.1840.el6 set to be updated
Checking deps for xmlrpc-c-client.x86_64 0-1.16.24-1210.1840.el6 - u
---> Package yajl.x86_64 0:1.0.7-3.el6 set to be updated
Checking deps for yajl.x86_64 0-1.0.7-3.el6 - u
--> Running transaction check
---> Package ConsoleKit-libs.x86_64 0:0.4.1-3.el6 set to be updated
Checking deps for ConsoleKit-libs.x86_64 0-0.4.1-3.el6 - u
---> Package brltty.x86_64 0:4.1-7.el6 set to be updated
Checking deps for brltty.x86_64 0-4.1-7.el6 - u
---> Package btrfs-progs.x86_64 0:0.20-0.2.git91d9eec.el6 set to be updated
Checking deps for btrfs-progs.x86_64 0-0.20-0.2.git91d9eec.el6 - u
---> Package celt051.x86_64 0:0.5.1.3-0.el6 set to be updated
Checking deps for celt051.x86_64 0-0.5.1.3-0.el6 - u
celt051-0.5.1.3-0.el6.x86_64 requires: libogg.so.0()(64bit)
--> Processing Dependency: libogg.so.0()(64bit) for package: celt051-0.5.1.3-0.el6.x86_64
Searching pkgSack for dep: libogg.so.0()(64bit)
Potential match for libogg.so.0()(64bit) from 2:libogg-1.1.4-2.1.el6.x86_64
Matched 2:libogg-1.1.4-2.1.el6.x86_64 to require for libogg.so.0()(64bit)
TSINFO: Marking 2:libogg-1.1.4-2.1.el6.x86_64 as install for celt051-0.5.1.3-0.el6.x86_64
---> Package eggdbus.x86_64 0:0.6-3.el6 set to be updated
Checking deps for eggdbus.x86_64 0-0.6-3.el6 - u
---> Package febootstrap-supermin-helper.x86_64 0:3.21-4.mira1 set to be updated
Checking deps for febootstrap-supermin-helper.x86_64 0-3.21-4.mira1 - u
---> Package fontpackages-filesystem.noarch 0:1.41-1.1.el6 set to be updated
Checking deps for fontpackages-filesystem.noarch 0-1.41-1.1.el6 - u
---> Package fuel-ostf.noarch 0:0.1-1 set to be updated
Checking deps for fuel-ostf.noarch 0-0.1-1 - u
fuel-ostf-0.1-1.noarch requires: python-pyopenssl >= 0.13
--> Processing Dependency: python-pyopenssl >= 0.13 for package: fuel-ostf-0.1-1.noarch
Searching pkgSack for dep: python-pyopenssl
fuel-ostf-0.1-1.noarch requires: python-psycogreen >= 1.0
--> Processing Dependency: python-psycogreen >= 1.0 for package: fuel-ostf-0.1-1.noarch
Searching pkgSack for dep: python-psycogreen
fuel-ostf-0.1-1.noarch requires: python-setuptools-git >= 1.0
--> Processing Dependency: python-setuptools-git >= 1.0 for package: fuel-ostf-0.1-1.noarch
Searching pkgSack for dep: python-setuptools-git
---> Package jline.noarch 0:0.9.94-0.8.el6 set to be updated
Checking deps for jline.noarch 0-0.9.94-0.8.el6 - u
---> Package libX11-common.noarch 0:1.5.0-4.el6 set to be updated
Checking deps for libX11-common.noarch 0-1.5.0-4.el6 - u
---> Package libXau.x86_64 0:1.0.6-4.el6 set to be updated
Checking deps for libXau.x86_64 0-1.0.6-4.el6 - u
---> Package libasyncns.x86_64 0:0.8-1.1.el6 set to be updated
Checking deps for libasyncns.x86_64 0-0.8-1.1.el6 - u
---> Package libconfig.x86_64 0:1.3.2-1.1.el6 set to be updated
Checking deps for libconfig.x86_64 0-1.3.2-1.1.el6 - u
---> Package libproxy-bin.x86_64 0:0.3.0-4.el6_3 set to be updated
Checking deps for libproxy-bin.x86_64 0-0.3.0-4.el6_3 - u
---> Package libproxy-python.x86_64 0:0.3.0-4.el6_3 set to be updated
Checking deps for libproxy-python.x86_64 0-0.3.0-4.el6_3 - u
---> Package libsepol-devel.x86_64 0:2.0.41-4.el6 set to be updated
Checking deps for libsepol-devel.x86_64 0-2.0.41-4.el6 - u
---> Package libsndfile.x86_64 0:1.0.20-5.el6 set to be updated
Checking deps for libsndfile.x86_64 0-1.0.20-5.el6 - u
libsndfile-1.0.20-5.el6.x86_64 requires: libvorbisenc.so.2()(64bit)
--> Processing Dependency: libvorbisenc.so.2()(64bit) for package: libsndfile-1.0.20-5.el6.x86_64
Searching pkgSack for dep: libvorbisenc.so.2()(64bit)
Potential match for libvorbisenc.so.2()(64bit) from 1:libvorbis-1.2.3-4.el6_2.1.x86_64
Matched 1:libvorbis-1.2.3-4.el6_2.1.x86_64 to require for libvorbisenc.so.2()(64bit)
TSINFO: Marking 1:libvorbis-1.2.3-4.el6_2.1.x86_64 as install for libsndfile-1.0.20-5.el6.x86_64
libsndfile-1.0.20-5.el6.x86_64 requires: libFLAC.so.8()(64bit)
--> Processing Dependency: libFLAC.so.8()(64bit) for package: libsndfile-1.0.20-5.el6.x86_64
Searching pkgSack for dep: libFLAC.so.8()(64bit)
Potential match for libFLAC.so.8()(64bit) from flac-1.2.1-6.1.el6.x86_64
Matched flac-1.2.1-6.1.el6.x86_64 to require for libFLAC.so.8()(64bit)
TSINFO: Marking flac-1.2.1-6.1.el6.x86_64 as install for libsndfile-1.0.20-5.el6.x86_64
libsndfile-1.0.20-5.el6.x86_64 requires: libvorbis.so.0()(64bit)
--> Processing Dependency: libvorbis.so.0()(64bit) for package: libsndfile-1.0.20-5.el6.x86_64
Searching pkgSack for dep: libvorbis.so.0()(64bit)
Potential match for libvorbis.so.0()(64bit) from 1:libvorbis-1.2.3-4.el6_2.1.x86_64
Matched 1:libvorbis-1.2.3-4.el6_2.1.x86_64 to require for libvorbis.so.0()(64bit)
1:libvorbis-1.2.3-4.el6_2.1.x86_64 already in ts, skipping this one
---> Package mesa-dri-filesystem.x86_64 0:9.2-0.5.el6_5.2 set to be updated
Checking deps for mesa-dri-filesystem.x86_64 0-9.2-0.5.el6_5.2 - u
---> Package mesa-dri1-drivers.x86_64 0:7.11-8.el6 set to be updated
Checking deps for mesa-dri1-drivers.x86_64 0-7.11-8.el6 - u
---> Package mesa-private-llvm.x86_64 0:3.3-0.3.rc3.el6 set to be updated
Checking deps for mesa-private-llvm.x86_64 0-3.3-0.3.rc3.el6 - u
---> Package nailgun.noarch 0:0.1.0-603 set to be updated
Checking deps for nailgun.noarch 0-0.1.0-603 - u
nailgun-0.1.0-603.noarch requires: python-simplejson = 3.3.0
--> Processing Dependency: python-simplejson = 3.3.0 for package: nailgun-0.1.0-603.noarch
Searching pkgSack for dep: python-simplejson
Potential match for python-simplejson from python-simplejson-3.5.3-2.mira1.x86_64
nailgun-0.1.0-603.noarch requires: python-netifaces = 0.8
--> Processing Dependency: python-netifaces = 0.8 for package: nailgun-0.1.0-603.noarch
Searching pkgSack for dep: python-netifaces
Potential match for python-netifaces from python-netifaces-0.10.4-1.el6.x86_64
nailgun-0.1.0-603.noarch requires: python-alembic = 0.6.2
--> Processing Dependency: python-alembic = 0.6.2 for package: nailgun-0.1.0-603.noarch
Searching pkgSack for dep: python-alembic
Potential match for python-alembic from python-alembic-0.6.7-3.mira1.noarch
nailgun-0.1.0-603.noarch requires: python-netaddr = 0.7.10
--> Processing Dependency: python-netaddr = 0.7.10 for package: nailgun-0.1.0-603.noarch
Searching pkgSack for dep: python-netaddr
Potential match for python-netaddr from python-netaddr-0.7.12-6.2.mira1.x86_64
Potential match for python-netaddr from python-netaddr-0.7.5-4.el6.noarch
nailgun-0.1.0-603.noarch requires: python-oslo-config = 1:1.2.1
--> Processing Dependency: python-oslo-config = 1:1.2.1 for package: nailgun-0.1.0-603.noarch
Searching pkgSack for dep: python-oslo-config
Potential match for python-oslo-config from 1:python-oslo-config-1.4.0-fuel6.0.mira22.noarch
nailgun-0.1.0-603.noarch requires: python-sqlalchemy = 0.7.9
--> Processing Dependency: python-sqlalchemy = 0.7.9 for package: nailgun-0.1.0-603.noarch
Searching pkgSack for dep: python-sqlalchemy
Potential match for python-sqlalchemy from python-sqlalchemy-0.5.5-3.el6_2.noarch
Potential match for python-sqlalchemy from python-sqlalchemy-0.9.7-2.mira1.x86_64
---> Package netcf-libs.x86_64 0:0.1.9-4.el6_5.2 set to be updated
Checking deps for netcf-libs.x86_64 0-0.1.9-4.el6_5.2 - u
---> Package netpbm-progs.x86_64 0:10.47.05-11.el6 set to be updated
Checking deps for netpbm-progs.x86_64 0-10.47.05-11.el6 - u
netpbm-progs-10.47.05-11.el6.x86_64 requires: netpbm = 10.47.05-11.el6
--> Processing Dependency: netpbm = 10.47.05-11.el6 for package: netpbm-progs-10.47.05-11.el6.x86_64
Searching pkgSack for dep: netpbm
Potential match for netpbm from netpbm-10.47.05-11.el6.x86_64
Matched netpbm-10.47.05-11.el6.x86_64 to require for netpbm
TSINFO: Marking netpbm-10.47.05-11.el6.x86_64 as install for netpbm-progs-10.47.05-11.el6.x86_64
netpbm-progs-10.47.05-11.el6.x86_64 requires: ghostscript
--> Processing Dependency: ghostscript for package: netpbm-progs-10.47.05-11.el6.x86_64
Searching pkgSack for dep: ghostscript
Potential match for ghostscript from ghostscript-8.70-19.el6.x86_64
Matched ghostscript-8.70-19.el6.x86_64 to require for ghostscript
TSINFO: Marking ghostscript-8.70-19.el6.x86_64 as install for netpbm-progs-10.47.05-11.el6.x86_64
netpbm-progs-10.47.05-11.el6.x86_64 requires: libnetpbm.so.10()(64bit)
--> Processing Dependency: libnetpbm.so.10()(64bit) for package: netpbm-progs-10.47.05-11.el6.x86_64
Searching pkgSack for dep: libnetpbm.so.10()(64bit)
Potential match for libnetpbm.so.10()(64bit) from netpbm-10.47.05-11.el6.x86_64
Matched netpbm-10.47.05-11.el6.x86_64 to require for libnetpbm.so.10()(64bit)
netpbm-10.47.05-11.el6.x86_64 already in ts, skipping this one
---> Package numad.x86_64 0:0.5-9.20130814git.el6 set to be updated
Checking deps for numad.x86_64 0-0.5-9.20130814git.el6 - u
---> Package perl-Pod-Escapes.x86_64 1:1.04-136.el6 set to be updated
Checking deps for perl-Pod-Escapes.x86_64 1-1.04-136.el6 - u
---> Package python-backports.x86_64 0:1.0-3.el6 set to be updated
Checking deps for python-backports.x86_64 0-1.0-3.el6 - u
---> Package ruby21-rubygem-astute.noarch 0:0.0.2-9 set to be updated
Checking deps for ruby21-rubygem-astute.noarch 0-0.0.2-9 - u
ruby21-rubygem-astute-0.0.2-9.noarch requires: ruby21-rubygem-amqp = 0.9.10
--> Processing Dependency: ruby21-rubygem-amqp = 0.9.10 for package: ruby21-rubygem-astute-0.0.2-9.noarch
Searching pkgSack for dep: ruby21-rubygem-amqp
Potential match for ruby21-rubygem-amqp from ruby21-rubygem-amqp-1.4.1-1.el6.mira1.noarch
---> Package samba-winbind.x86_64 0:3.6.9-168.el6_5 set to be updated
Checking deps for samba-winbind.x86_64 0-3.6.9-168.el6_5 - u
---> Package saslwrapper.x86_64 0:0.14-1.el6 set to be updated
Checking deps for saslwrapper.x86_64 0-0.14-1.el6 - u
---> Package scipy.x86_64 0:0.7.2-8.el6 set to be updated
Checking deps for scipy.x86_64 0-0.7.2-8.el6 - u
scipy-0.7.2-8.el6.x86_64 requires: f2py
--> Processing Dependency: f2py for package: scipy-0.7.2-8.el6.x86_64
Searching pkgSack for dep: f2py
Potential match for f2py from numpy-f2py-1.4.1-9.el6.x86_64
Matched numpy-f2py-1.4.1-9.el6.x86_64 to require for f2py
TSINFO: Marking numpy-f2py-1.4.1-9.el6.x86_64 as install for scipy-0.7.2-8.el6.x86_64
scipy-0.7.2-8.el6.x86_64 requires: libumfpack.so.5()(64bit)
--> Processing Dependency: libumfpack.so.5()(64bit) for package: scipy-0.7.2-8.el6.x86_64
Searching pkgSack for dep: libumfpack.so.5()(64bit)
Potential match for libumfpack.so.5()(64bit) from suitesparse-3.4.0-8.el6.x86_64
Matched suitesparse-3.4.0-8.el6.x86_64 to require for libumfpack.so.5()(64bit)
TSINFO: Marking suitesparse-3.4.0-8.el6.x86_64 as install for scipy-0.7.2-8.el6.x86_64
scipy-0.7.2-8.el6.x86_64 requires: libamd.so.2()(64bit)
--> Processing Dependency: libamd.so.2()(64bit) for package: scipy-0.7.2-8.el6.x86_64
Quick matched suitesparse-3.4.0-8.el6.x86_64 to require for libamd.so.2()(64bit)
---> Package scrub.x86_64 0:2.2-1.el6 set to be updated
Checking deps for scrub.x86_64 0-2.2-1.el6 - u
---> Package setools-libs.x86_64 0:3.3.7-4.el6 set to be updated
Checking deps for setools-libs.x86_64 0-3.3.7-4.el6 - u
--> Running transaction check
---> Package flac.x86_64 0:1.2.1-6.1.el6 set to be updated
Checking deps for flac.x86_64 0-1.2.1-6.1.el6 - u
---> Package fuel-ostf.noarch 0:0.1-1 set to be updated
Checking deps for fuel-ostf.noarch 0-0.1-1 - u
fuel-ostf-0.1-1.noarch requires: python-pyopenssl >= 0.13
--> Processing Dependency: python-pyopenssl >= 0.13 for package: fuel-ostf-0.1-1.noarch
Searching pkgSack for dep: python-pyopenssl
fuel-ostf-0.1-1.noarch requires: python-psycogreen >= 1.0
--> Processing Dependency: python-psycogreen >= 1.0 for package: fuel-ostf-0.1-1.noarch
Searching pkgSack for dep: python-psycogreen
fuel-ostf-0.1-1.noarch requires: python-setuptools-git >= 1.0
--> Processing Dependency: python-setuptools-git >= 1.0 for package: fuel-ostf-0.1-1.noarch
Searching pkgSack for dep: python-setuptools-git
---> Package ghostscript.x86_64 0:8.70-19.el6 set to be updated
Checking deps for ghostscript.x86_64 0-8.70-19.el6 - u
ghostscript-8.70-19.el6.x86_64 requires: urw-fonts >= 1.1
--> Processing Dependency: urw-fonts >= 1.1 for package: ghostscript-8.70-19.el6.x86_64
Searching pkgSack for dep: urw-fonts
Potential match for urw-fonts from urw-fonts-2.4-10.el6.noarch
Matched urw-fonts-2.4-10.el6.noarch to require for urw-fonts
TSINFO: Marking urw-fonts-2.4-10.el6.noarch as install for ghostscript-8.70-19.el6.x86_64
ghostscript-8.70-19.el6.x86_64 requires: ghostscript-fonts
--> Processing Dependency: ghostscript-fonts for package: ghostscript-8.70-19.el6.x86_64
Searching pkgSack for dep: ghostscript-fonts
Potential match for ghostscript-fonts from ghostscript-fonts-5.50-23.1.el6.noarch
Matched ghostscript-fonts-5.50-23.1.el6.noarch to require for ghostscript-fonts
TSINFO: Marking ghostscript-fonts-5.50-23.1.el6.noarch as install for ghostscript-8.70-19.el6.x86_64
ghostscript-8.70-19.el6.x86_64 requires: libXt.so.6()(64bit)
--> Processing Dependency: libXt.so.6()(64bit) for package: ghostscript-8.70-19.el6.x86_64
Searching pkgSack for dep: libXt.so.6()(64bit)
Potential match for libXt.so.6()(64bit) from libXt-1.1.3-1.el6.x86_64
Matched libXt-1.1.3-1.el6.x86_64 to require for libXt.so.6()(64bit)
TSINFO: Marking libXt-1.1.3-1.el6.x86_64 as install for ghostscript-8.70-19.el6.x86_64
---> Package libogg.x86_64 2:1.1.4-2.1.el6 set to be updated
Checking deps for libogg.x86_64 2-1.1.4-2.1.el6 - u
---> Package libvorbis.x86_64 1:1.2.3-4.el6_2.1 set to be updated
Checking deps for libvorbis.x86_64 1-1.2.3-4.el6_2.1 - u
---> Package nailgun.noarch 0:0.1.0-603 set to be updated
Checking deps for nailgun.noarch 0-0.1.0-603 - u
nailgun-0.1.0-603.noarch requires: python-simplejson = 3.3.0
--> Processing Dependency: python-simplejson = 3.3.0 for package: nailgun-0.1.0-603.noarch
Searching pkgSack for dep: python-simplejson
Potential match for python-simplejson from python-simplejson-3.5.3-2.mira1.x86_64
nailgun-0.1.0-603.noarch requires: python-netifaces = 0.8
--> Processing Dependency: python-netifaces = 0.8 for package: nailgun-0.1.0-603.noarch
Searching pkgSack for dep: python-netifaces
Potential match for python-netifaces from python-netifaces-0.10.4-1.el6.x86_64
nailgun-0.1.0-603.noarch requires: python-alembic = 0.6.2
--> Processing Dependency: python-alembic = 0.6.2 for package: nailgun-0.1.0-603.noarch
Searching pkgSack for dep: python-alembic
Potential match for python-alembic from python-alembic-0.6.7-3.mira1.noarch
nailgun-0.1.0-603.noarch requires: python-netaddr = 0.7.10
--> Processing Dependency: python-netaddr = 0.7.10 for package: nailgun-0.1.0-603.noarch
Searching pkgSack for dep: python-netaddr
Potential match for python-netaddr from python-netaddr-0.7.12-6.2.mira1.x86_64
Potential match for python-netaddr from python-netaddr-0.7.5-4.el6.noarch
nailgun-0.1.0-603.noarch requires: python-oslo-config = 1:1.2.1
--> Processing Dependency: python-oslo-config = 1:1.2.1 for package: nailgun-0.1.0-603.noarch
Searching pkgSack for dep: python-oslo-config
Potential match for python-oslo-config from 1:python-oslo-config-1.4.0-fuel6.0.mira22.noarch
nailgun-0.1.0-603.noarch requires: python-sqlalchemy = 0.7.9
--> Processing Dependency: python-sqlalchemy = 0.7.9 for package: nailgun-0.1.0-603.noarch
Searching pkgSack for dep: python-sqlalchemy
Potential match for python-sqlalchemy from python-sqlalchemy-0.5.5-3.el6_2.noarch
Potential match for python-sqlalchemy from python-sqlalchemy-0.9.7-2.mira1.x86_64
---> Package netpbm.x86_64 0:10.47.05-11.el6 set to be updated
Checking deps for netpbm.x86_64 0-10.47.05-11.el6 - u
---> Package numpy-f2py.x86_64 0:1.4.1-9.el6 set to be updated
Checking deps for numpy-f2py.x86_64 0-1.4.1-9.el6 - u
---> Package ruby21-rubygem-astute.noarch 0:0.0.2-9 set to be updated
Checking deps for ruby21-rubygem-astute.noarch 0-0.0.2-9 - u
ruby21-rubygem-astute-0.0.2-9.noarch requires: ruby21-rubygem-amqp = 0.9.10
--> Processing Dependency: ruby21-rubygem-amqp = 0.9.10 for package: ruby21-rubygem-astute-0.0.2-9.noarch
Searching pkgSack for dep: ruby21-rubygem-amqp
Potential match for ruby21-rubygem-amqp from ruby21-rubygem-amqp-1.4.1-1.el6.mira1.noarch
---> Package suitesparse.x86_64 0:3.4.0-8.el6 set to be updated
Checking deps for suitesparse.x86_64 0-3.4.0-8.el6 - u
--> Running transaction check
---> Package fuel-ostf.noarch 0:0.1-1 set to be updated
Checking deps for fuel-ostf.noarch 0-0.1-1 - u
fuel-ostf-0.1-1.noarch requires: python-pyopenssl >= 0.13
--> Processing Dependency: python-pyopenssl >= 0.13 for package: fuel-ostf-0.1-1.noarch
Searching pkgSack for dep: python-pyopenssl
fuel-ostf-0.1-1.noarch requires: python-psycogreen >= 1.0
--> Processing Dependency: python-psycogreen >= 1.0 for package: fuel-ostf-0.1-1.noarch
Searching pkgSack for dep: python-psycogreen
fuel-ostf-0.1-1.noarch requires: python-setuptools-git >= 1.0
--> Processing Dependency: python-setuptools-git >= 1.0 for package: fuel-ostf-0.1-1.noarch
Searching pkgSack for dep: python-setuptools-git
---> Package ghostscript-fonts.noarch 0:5.50-23.1.el6 set to be updated
Checking deps for ghostscript-fonts.noarch 0-5.50-23.1.el6 - u
ghostscript-fonts-5.50-23.1.el6.noarch requires: xorg-x11-font-utils
--> Processing Dependency: xorg-x11-font-utils for package: ghostscript-fonts-5.50-23.1.el6.noarch
Searching pkgSack for dep: xorg-x11-font-utils
Potential match for xorg-x11-font-utils from 1:xorg-x11-font-utils-7.2-11.el6.x86_64
Matched 1:xorg-x11-font-utils-7.2-11.el6.x86_64 to require for xorg-x11-font-utils
TSINFO: Marking 1:xorg-x11-font-utils-7.2-11.el6.x86_64 as install for ghostscript-fonts-5.50-23.1.el6.noarch
---> Package libXt.x86_64 0:1.1.3-1.el6 set to be updated
Checking deps for libXt.x86_64 0-1.1.3-1.el6 - u
---> Package nailgun.noarch 0:0.1.0-603 set to be updated
Checking deps for nailgun.noarch 0-0.1.0-603 - u
nailgun-0.1.0-603.noarch requires: python-simplejson = 3.3.0
--> Processing Dependency: python-simplejson = 3.3.0 for package: nailgun-0.1.0-603.noarch
Searching pkgSack for dep: python-simplejson
Potential match for python-simplejson from python-simplejson-3.5.3-2.mira1.x86_64
nailgun-0.1.0-603.noarch requires: python-netifaces = 0.8
--> Processing Dependency: python-netifaces = 0.8 for package: nailgun-0.1.0-603.noarch
Searching pkgSack for dep: python-netifaces
Potential match for python-netifaces from python-netifaces-0.10.4-1.el6.x86_64
nailgun-0.1.0-603.noarch requires: python-alembic = 0.6.2
--> Processing Dependency: python-alembic = 0.6.2 for package: nailgun-0.1.0-603.noarch
Searching pkgSack for dep: python-alembic
Potential match for python-alembic from python-alembic-0.6.7-3.mira1.noarch
nailgun-0.1.0-603.noarch requires: python-netaddr = 0.7.10
--> Processing Dependency: python-netaddr = 0.7.10 for package: nailgun-0.1.0-603.noarch
Searching pkgSack for dep: python-netaddr
Potential match for python-netaddr from python-netaddr-0.7.12-6.2.mira1.x86_64
Potential match for python-netaddr from python-netaddr-0.7.5-4.el6.noarch
nailgun-0.1.0-603.noarch requires: python-oslo-config = 1:1.2.1
--> Processing Dependency: python-oslo-config = 1:1.2.1 for package: nailgun-0.1.0-603.noarch
Searching pkgSack for dep: python-oslo-config
Potential match for python-oslo-config from 1:python-oslo-config-1.4.0-fuel6.0.mira22.noarch
nailgun-0.1.0-603.noarch requires: python-sqlalchemy = 0.7.9
--> Processing Dependency: python-sqlalchemy = 0.7.9 for package: nailgun-0.1.0-603.noarch
Searching pkgSack for dep: python-sqlalchemy
Potential match for python-sqlalchemy from python-sqlalchemy-0.5.5-3.el6_2.noarch
Potential match for python-sqlalchemy from python-sqlalchemy-0.9.7-2.mira1.x86_64
---> Package ruby21-rubygem-astute.noarch 0:0.0.2-9 set to be updated
Checking deps for ruby21-rubygem-astute.noarch 0-0.0.2-9 - u
ruby21-rubygem-astute-0.0.2-9.noarch requires: ruby21-rubygem-amqp = 0.9.10
--> Processing Dependency: ruby21-rubygem-amqp = 0.9.10 for package: ruby21-rubygem-astute-0.0.2-9.noarch
Searching pkgSack for dep: ruby21-rubygem-amqp
Potential match for ruby21-rubygem-amqp from ruby21-rubygem-amqp-1.4.1-1.el6.mira1.noarch
---> Package urw-fonts.noarch 0:2.4-10.el6 set to be updated
Checking deps for urw-fonts.noarch 0-2.4-10.el6 - u
--> Running transaction check
---> Package fuel-ostf.noarch 0:0.1-1 set to be updated
Checking deps for fuel-ostf.noarch 0-0.1-1 - u
fuel-ostf-0.1-1.noarch requires: python-pyopenssl >= 0.13
--> Processing Dependency: python-pyopenssl >= 0.13 for package: fuel-ostf-0.1-1.noarch
Searching pkgSack for dep: python-pyopenssl
fuel-ostf-0.1-1.noarch requires: python-psycogreen >= 1.0
--> Processing Dependency: python-psycogreen >= 1.0 for package: fuel-ostf-0.1-1.noarch
Searching pkgSack for dep: python-psycogreen
fuel-ostf-0.1-1.noarch requires: python-setuptools-git >= 1.0
--> Processing Dependency: python-setuptools-git >= 1.0 for package: fuel-ostf-0.1-1.noarch
Searching pkgSack for dep: python-setuptools-git
---> Package nailgun.noarch 0:0.1.0-603 set to be updated
Checking deps for nailgun.noarch 0-0.1.0-603 - u
nailgun-0.1.0-603.noarch requires: python-simplejson = 3.3.0
--> Processing Dependency: python-simplejson = 3.3.0 for package: nailgun-0.1.0-603.noarch
Searching pkgSack for dep: python-simplejson
Potential match for python-simplejson from python-simplejson-3.5.3-2.mira1.x86_64
nailgun-0.1.0-603.noarch requires: python-netifaces = 0.8
--> Processing Dependency: python-netifaces = 0.8 for package: nailgun-0.1.0-603.noarch
Searching pkgSack for dep: python-netifaces
Potential match for python-netifaces from python-netifaces-0.10.4-1.el6.x86_64
nailgun-0.1.0-603.noarch requires: python-alembic = 0.6.2
--> Processing Dependency: python-alembic = 0.6.2 for package: nailgun-0.1.0-603.noarch
Searching pkgSack for dep: python-alembic
Potential match for python-alembic from python-alembic-0.6.7-3.mira1.noarch
nailgun-0.1.0-603.noarch requires: python-netaddr = 0.7.10
--> Processing Dependency: python-netaddr = 0.7.10 for package: nailgun-0.1.0-603.noarch
Searching pkgSack for dep: python-netaddr
Potential match for python-netaddr from python-netaddr-0.7.12-6.2.mira1.x86_64
Potential match for python-netaddr from python-netaddr-0.7.5-4.el6.noarch
nailgun-0.1.0-603.noarch requires: python-oslo-config = 1:1.2.1
--> Processing Dependency: python-oslo-config = 1:1.2.1 for package: nailgun-0.1.0-603.noarch
Searching pkgSack for dep: python-oslo-config
Potential match for python-oslo-config from 1:python-oslo-config-1.4.0-fuel6.0.mira22.noarch
nailgun-0.1.0-603.noarch requires: python-sqlalchemy = 0.7.9
--> Processing Dependency: python-sqlalchemy = 0.7.9 for package: nailgun-0.1.0-603.noarch
Searching pkgSack for dep: python-sqlalchemy
Potential match for python-sqlalchemy from python-sqlalchemy-0.5.5-3.el6_2.noarch
Potential match for python-sqlalchemy from python-sqlalchemy-0.9.7-2.mira1.x86_64
---> Package ruby21-rubygem-astute.noarch 0:0.0.2-9 set to be updated
Checking deps for ruby21-rubygem-astute.noarch 0-0.0.2-9 - u
ruby21-rubygem-astute-0.0.2-9.noarch requires: ruby21-rubygem-amqp = 0.9.10
--> Processing Dependency: ruby21-rubygem-amqp = 0.9.10 for package: ruby21-rubygem-astute-0.0.2-9.noarch
Searching pkgSack for dep: ruby21-rubygem-amqp
Potential match for ruby21-rubygem-amqp from ruby21-rubygem-amqp-1.4.1-1.el6.mira1.noarch
---> Package xorg-x11-font-utils.x86_64 1:7.2-11.el6 set to be updated
Checking deps for xorg-x11-font-utils.x86_64 1-7.2-11.el6 - u
1:xorg-x11-font-utils-7.2-11.el6.x86_64 requires: libfontenc.so.1()(64bit)
--> Processing Dependency: libfontenc.so.1()(64bit) for package: 1:xorg-x11-font-utils-7.2-11.el6.x86_64
Searching pkgSack for dep: libfontenc.so.1()(64bit)
Potential match for libfontenc.so.1()(64bit) from libfontenc-1.0.5-2.el6.x86_64
Matched libfontenc-1.0.5-2.el6.x86_64 to require for libfontenc.so.1()(64bit)
TSINFO: Marking libfontenc-1.0.5-2.el6.x86_64 as install for 1:xorg-x11-font-utils-7.2-11.el6.x86_64
1:xorg-x11-font-utils-7.2-11.el6.x86_64 requires: libXfont.so.1()(64bit)
--> Processing Dependency: libXfont.so.1()(64bit) for package: 1:xorg-x11-font-utils-7.2-11.el6.x86_64
Searching pkgSack for dep: libXfont.so.1()(64bit)
Potential match for libXfont.so.1()(64bit) from libXfont-1.4.5-3.el6_5.x86_64
Matched libXfont-1.4.5-3.el6_5.x86_64 to require for libXfont.so.1()(64bit)
TSINFO: Marking libXfont-1.4.5-3.el6_5.x86_64 as install for 1:xorg-x11-font-utils-7.2-11.el6.x86_64
--> Running transaction check
---> Package fuel-ostf.noarch 0:0.1-1 set to be updated
Checking deps for fuel-ostf.noarch 0-0.1-1 - u
fuel-ostf-0.1-1.noarch requires: python-pyopenssl >= 0.13
--> Processing Dependency: python-pyopenssl >= 0.13 for package: fuel-ostf-0.1-1.noarch
Searching pkgSack for dep: python-pyopenssl
fuel-ostf-0.1-1.noarch requires: python-psycogreen >= 1.0
--> Processing Dependency: python-psycogreen >= 1.0 for package: fuel-ostf-0.1-1.noarch
Searching pkgSack for dep: python-psycogreen
fuel-ostf-0.1-1.noarch requires: python-setuptools-git >= 1.0
--> Processing Dependency: python-setuptools-git >= 1.0 for package: fuel-ostf-0.1-1.noarch
Searching pkgSack for dep: python-setuptools-git
---> Package libXfont.x86_64 0:1.4.5-3.el6_5 set to be updated
Checking deps for libXfont.x86_64 0-1.4.5-3.el6_5 - u
---> Package libfontenc.x86_64 0:1.0.5-2.el6 set to be updated
Checking deps for libfontenc.x86_64 0-1.0.5-2.el6 - u
---> Package nailgun.noarch 0:0.1.0-603 set to be updated
Checking deps for nailgun.noarch 0-0.1.0-603 - u
nailgun-0.1.0-603.noarch requires: python-simplejson = 3.3.0
--> Processing Dependency: python-simplejson = 3.3.0 for package: nailgun-0.1.0-603.noarch
Searching pkgSack for dep: python-simplejson
Potential match for python-simplejson from python-simplejson-3.5.3-2.mira1.x86_64
nailgun-0.1.0-603.noarch requires: python-netifaces = 0.8
--> Processing Dependency: python-netifaces = 0.8 for package: nailgun-0.1.0-603.noarch
Searching pkgSack for dep: python-netifaces
Potential match for python-netifaces from python-netifaces-0.10.4-1.el6.x86_64
nailgun-0.1.0-603.noarch requires: python-alembic = 0.6.2
--> Processing Dependency: python-alembic = 0.6.2 for package: nailgun-0.1.0-603.noarch
Searching pkgSack for dep: python-alembic
Potential match for python-alembic from python-alembic-0.6.7-3.mira1.noarch
nailgun-0.1.0-603.noarch requires: python-netaddr = 0.7.10
--> Processing Dependency: python-netaddr = 0.7.10 for package: nailgun-0.1.0-603.noarch
Searching pkgSack for dep: python-netaddr
Potential match for python-netaddr from python-netaddr-0.7.12-6.2.mira1.x86_64
Potential match for python-netaddr from python-netaddr-0.7.5-4.el6.noarch
nailgun-0.1.0-603.noarch requires: python-oslo-config = 1:1.2.1
--> Processing Dependency: python-oslo-config = 1:1.2.1 for package: nailgun-0.1.0-603.noarch
Searching pkgSack for dep: python-oslo-config
Potential match for python-oslo-config from 1:python-oslo-config-1.4.0-fuel6.0.mira22.noarch
nailgun-0.1.0-603.noarch requires: python-sqlalchemy = 0.7.9
--> Processing Dependency: python-sqlalchemy = 0.7.9 for package: nailgun-0.1.0-603.noarch
Searching pkgSack for dep: python-sqlalchemy
Potential match for python-sqlalchemy from python-sqlalchemy-0.5.5-3.el6_2.noarch
Potential match for python-sqlalchemy from python-sqlalchemy-0.9.7-2.mira1.x86_64
---> Package ruby21-rubygem-astute.noarch 0:0.0.2-9 set to be updated
Checking deps for ruby21-rubygem-astute.noarch 0-0.0.2-9 - u
ruby21-rubygem-astute-0.0.2-9.noarch requires: ruby21-rubygem-amqp = 0.9.10
--> Processing Dependency: ruby21-rubygem-amqp = 0.9.10 for package: ruby21-rubygem-astute-0.0.2-9.noarch
Searching pkgSack for dep: ruby21-rubygem-amqp
Potential match for ruby21-rubygem-amqp from ruby21-rubygem-amqp-1.4.1-1.el6.mira1.noarch
--> Processing Conflict: kernel-lt-headers-3.10.55-1.mira1.x86_64 conflicts kernel-headers < 3.10.55-1.mira1
kernel-lt-headers conflicts with kernel-headers
--> Processing Conflict: zabbix-server-mysql-2.2.2-1.el6.x86_64 conflicts zabbix-server-pgsql
zabbix-server-mysql conflicts with zabbix-server-pgsql
--> Processing Conflict: zabbix-web-mysql-2.2.2-1.el6.noarch conflicts zabbix-web-pgsql
zabbix-web-mysql conflicts with zabbix-web-pgsql
--> Processing Conflict: zabbix-web-pgsql-2.2.2-1.el6.noarch conflicts zabbix-web-mysql
zabbix-web-pgsql conflicts with zabbix-web-mysql
--> Processing Conflict: Django14-1.4.8-1.el6.noarch conflicts Django < 1.4.0
Not Updating Package that is obsoleted: Django-1.3.4-1.el6.noarch
Not Updating Package that is obsoleted: Django-1.3.4-1.el6.noarch
Django14 conflicts with Django
--> Processing Conflict: zabbix-server-pgsql-2.2.2-1.el6.x86_64 conflicts zabbix-server-mysql
zabbix-server-pgsql conflicts with zabbix-server-mysql
--> Finished Dependency Resolution
Dependency Process ending
zabbix-web-mysql-2.2.2-1.el6.noarch from proprietary has depsolving problems
  --> zabbix-web-mysql conflicts with zabbix-web-pgsql
zabbix-server-mysql-2.2.2-1.el6.x86_64 from proprietary has depsolving problems
  --> zabbix-server-mysql conflicts with zabbix-server-pgsql
nailgun-0.1.0-603.noarch from proprietary has depsolving problems
  --> Missing Dependency: python-simplejson = 3.3.0 is needed by package nailgun-0.1.0-603.noarch (proprietary)
fuel-ostf-0.1-1.noarch from proprietary has depsolving problems
  --> Missing Dependency: python-setuptools-git >= 1.0 is needed by package fuel-ostf-0.1-1.noarch (proprietary)
kernel-lt-headers-3.10.55-1.mira1.x86_64 from proprietary has depsolving problems
  --> kernel-lt-headers conflicts with kernel-headers
nailgun-0.1.0-603.noarch from proprietary has depsolving problems
  --> Missing Dependency: python-oslo-config = 1:1.2.1 is needed by package nailgun-0.1.0-603.noarch (proprietary)
zabbix-web-pgsql-2.2.2-1.el6.noarch from proprietary has depsolving problems
  --> zabbix-web-pgsql conflicts with zabbix-web-mysql
nailgun-0.1.0-603.noarch from proprietary has depsolving problems
  --> Missing Dependency: python-alembic = 0.6.2 is needed by package nailgun-0.1.0-603.noarch (proprietary)
fuel-ostf-0.1-1.noarch from proprietary has depsolving problems
  --> Missing Dependency: python-pyopenssl >= 0.13 is needed by package fuel-ostf-0.1-1.noarch (proprietary)
zabbix-server-pgsql-2.2.2-1.el6.x86_64 from proprietary has depsolving problems
  --> zabbix-server-pgsql conflicts with zabbix-server-mysql
nailgun-0.1.0-603.noarch from proprietary has depsolving problems
  --> Missing Dependency: python-netaddr = 0.7.10 is needed by package nailgun-0.1.0-603.noarch (proprietary)
ruby21-rubygem-astute-0.0.2-9.noarch from proprietary has depsolving problems
  --> Missing Dependency: ruby21-rubygem-amqp = 0.9.10 is needed by package ruby21-rubygem-astute-0.0.2-9.noarch (proprietary)
nailgun-0.1.0-603.noarch from proprietary has depsolving problems
  --> Missing Dependency: python-netifaces = 0.8 is needed by package nailgun-0.1.0-603.noarch (proprietary)
Django14-1.4.8-1.el6.noarch from proprietary has depsolving problems
  --> Django14 conflicts with Django
fuel-ostf-0.1-1.noarch from proprietary has depsolving problems
  --> Missing Dependency: python-psycogreen >= 1.0 is needed by package fuel-ostf-0.1-1.noarch (proprietary)
nailgun-0.1.0-603.noarch from proprietary has depsolving problems
  --> Missing Dependency: python-sqlalchemy = 0.7.9 is needed by package nailgun-0.1.0-603.noarch (proprietary)
/home/fuel/fuel-main/local_mirror/centos/os/x86_64/Packages/cpuspeed-1.5-20.el6_4.x86_64.rpm already exists and appears to be complete
/home/fuel/fuel-main/local_mirror/centos/os/x86_64/Packages/mlocate-0.22.2-4.el6.x86_64.rpm already exists and appears to be complete
/home/fuel/fuel-main/local_mirror/centos/os/x86_64/Packages/which-2.19-6.el6.x86_64.rpm already exists and appears to be complete
/home/fuel/fuel-main/local_mirror/centos/os/x86_64/Packages/system-config-network-tui-1.6.0.el6.2-1.el6.noarch.rpm already exists and appears to be complete
/home/fuel/fuel-main/local_mirror/centos/os/x86_64/Packages/wireless-tools-29-5.1.1.el6.x86_64.rpm already exists and appears to be complete
/home/fuel/fuel-main/local_mirror/centos/os/x86_64/Packages/bind-utils-9.8.2-0.23.rc1.el6_5.1.x86_64.rpm already exists and appears to be complete
/home/fuel/fuel-main/local_mirror/centos/os/x86_64/Packages/bridge-utils-1.2-10.el6.x86_64.rpm already exists and appears to be complete
/home/fuel/fuel-main/local_mirror/centos/os/x86_64/Packages/parted-2.1-21.el6.x86_64.rpm already exists and appears to be complete
/home/fuel/fuel-main/local_mirror/centos/os/x86_64/Packages/yum-plugin-security-1.1.30-17.el6_5.noarch.rpm already exists and appears to be complete
/home/fuel/fuel-main/local_mirror/centos/os/x86_64/Packages/virt-what-1.11-1.2.el6.x86_64.rpm already exists and appears to be complete
/home/fuel/fuel-main/local_mirror/centos/os/x86_64/Packages/pinfo-0.6.9-12.el6.x86_64.rpm already exists and appears to be complete
/home/fuel/fuel-main/local_mirror/centos/os/x86_64/Packages/biosdevname-0.5.0-2.el6.x86_64.rpm already exists and appears to be complete
/home/fuel/fuel-main/local_mirror/centos/os/x86_64/Packages/pciutils-3.1.10-2.el6.x86_64.rpm already exists and appears to be complete
/home/fuel/fuel-main/local_mirror/centos/os/x86_64/Packages/rsync-3.0.6-9.el6_4.1.x86_64.rpm already exists and appears to be complete
/home/fuel/fuel-main/local_mirror/centos/os/x86_64/Packages/words-3.0-17.el6.noarch.rpm already exists and appears to be complete
/home/fuel/fuel-main/local_mirror/centos/os/x86_64/Packages/vconfig-1.9-8.1.el6.x86_64.rpm already exists and appears to be complete
/home/fuel/fuel-main/local_mirror/centos/os/x86_64/Packages/pm-utils-1.2.5-10.el6_5.1.x86_64.rpm already exists and appears to be complete
/home/fuel/fuel-main/local_mirror/centos/os/x86_64/Packages/pam_passwdqc-1.0.5-6.el6.x86_64.rpm already exists and appears to be complete
/home/fuel/fuel-main/local_mirror/centos/os/x86_64/Packages/ledmon-0.78-1.el6.x86_64.rpm already exists and appears to be complete
/home/fuel/fuel-main/local_mirror/centos/os/x86_64/Packages/strace-4.5.19-1.17.el6.x86_64.rpm already exists and appears to be complete
/home/fuel/fuel-main/local_mirror/centos/os/x86_64/Packages/wget-1.12-1.11.el6_5.x86_64.rpm already exists and appears to be complete
/home/fuel/fuel-main/local_mirror/centos/os/x86_64/Packages/man-1.6f-32.el6.x86_64.rpm already exists and appears to be complete
/home/fuel/fuel-main/local_mirror/centos/os/x86_64/Packages/logrotate-3.8.7-1.el6.x86_64.rpm already exists and appears to be complete
/home/fuel/fuel-main/local_mirror/centos/os/x86_64/Packages/ntsysv-1.3.49.3-2.el6_4.1.x86_64.rpm already exists and appears to be complete
/home/fuel/fuel-main/local_mirror/centos/os/x86_64/Packages/openssh-clients-5.3p1-94.el6.x86_64.rpm already exists and appears to be complete
/home/fuel/fuel-main/local_mirror/centos/os/x86_64/Packages/dosfstools-3.0.9-4.el6.x86_64.rpm already exists and appears to be complete
/home/fuel/fuel-main/local_mirror/centos/os/x86_64/Packages/ed-1.1-3.3.el6.x86_64.rpm already exists and appears to be complete
/home/fuel/fuel-main/local_mirror/centos/os/x86_64/Packages/blktrace-1.0.1-6.el6.x86_64.rpm already exists and appears to be complete
/home/fuel/fuel-main/local_mirror/centos/os/x86_64/Packages/scl-utils-20120927-8.el6.x86_64.rpm already exists and appears to be complete
/home/fuel/fuel-main/local_mirror/centos/os/x86_64/Packages/sos-2.2-47.el6.centos.1.noarch.rpm already exists and appears to be complete
/home/fuel/fuel-main/local_mirror/centos/os/x86_64/Packages/zip-3.0-1.el6.x86_64.rpm already exists and appears to be complete
/home/fuel/fuel-main/local_mirror/centos/os/x86_64/Packages/dmraid-1.0.0.rc16-11.el6.x86_64.rpm already exists and appears to be complete
/home/fuel/fuel-main/local_mirror/centos/os/x86_64/Packages/mtr-0.75-5.el6.x86_64.rpm already exists and appears to be complete
/home/fuel/fuel-main/local_mirror/centos/os/x86_64/Packages/pcmciautils-015-4.2.el6.x86_64.rpm already exists and appears to be complete
/home/fuel/fuel-main/local_mirror/centos/os/x86_64/Packages/ethtool-3.5-1.4.el6_5.x86_64.rpm already exists and appears to be complete
/home/fuel/fuel-main/local_mirror/centos/os/x86_64/Packages/man-pages-overrides-6.5.3-1.el6_5.noarch.rpm already exists and appears to be complete
/home/fuel/fuel-main/local_mirror/centos/os/x86_64/Packages/lvm2-2.02.100-8.el6.x86_64.rpm already exists and appears to be complete
/home/fuel/fuel-main/local_mirror/centos/os/x86_64/Packages/setuptool-1.19.9-4.el6.x86_64.rpm already exists and appears to be complete
/home/fuel/fuel-main/local_mirror/centos/os/x86_64/Packages/readahead-1.5.6-2.el6.x86_64.rpm already exists and appears to be complete
/home/fuel/fuel-main/local_mirror/centos/os/x86_64/Packages/sysstat-9.0.4-22.el6.x86_64.rpm already exists and appears to be complete
/home/fuel/fuel-main/local_mirror/centos/os/x86_64/Packages/tmpwatch-2.9.16-4.el6.x86_64.rpm already exists and appears to be complete
/home/fuel/fuel-main/local_mirror/centos/os/x86_64/Packages/crontabs-1.10-33.el6.noarch.rpm already exists and appears to be complete
/home/fuel/fuel-main/local_mirror/centos/os/x86_64/Packages/eject-2.1.5-17.el6.x86_64.rpm already exists and appears to be complete
/home/fuel/fuel-main/local_mirror/centos/os/x86_64/Packages/rdate-1.4-16.el6.x86_64.rpm already exists and appears to be complete
/home/fuel/fuel-main/local_mirror/centos/os/x86_64/Packages/irqbalance-1.0.4-9.el6_5.x86_64.rpm already exists and appears to be complete
/home/fuel/fuel-main/local_mirror/centos/os/x86_64/Packages/gnupg2-2.0.14-6.el6_4.x86_64.rpm already exists and appears to be complete
/home/fuel/fuel-main/local_mirror/centos/os/x86_64/Packages/microcode_ctl-1.17-17.el6.x86_64.rpm already exists and appears to be complete
/home/fuel/fuel-main/local_mirror/centos/os/x86_64/Packages/psacct-6.3.2-63.el6_3.3.x86_64.rpm already exists and appears to be complete
/home/fuel/fuel-main/local_mirror/centos/os/x86_64/Packages/man-pages-3.22-20.el6.noarch.rpm already exists and appears to be complete
/home/fuel/fuel-main/local_mirror/centos/os/x86_64/Packages/usbutils-003-4.el6.x86_64.rpm already exists and appears to be complete
/home/fuel/fuel-main/local_mirror/centos/os/x86_64/Packages/rng-tools-2-13.el6_2.x86_64.rpm already exists and appears to be complete
/home/fuel/fuel-main/local_mirror/centos/os/x86_64/Packages/systemtap-runtime-2.3-4.el6_5.x86_64.rpm already exists and appears to be complete
/home/fuel/fuel-main/local_mirror/centos/os/x86_64/Packages/authconfig-6.1.12-13.el6.x86_64.rpm already exists and appears to be complete
/home/fuel/fuel-main/local_mirror/centos/os/x86_64/Packages/ntpdate-4.2.6p5-1.el6.centos.x86_64.rpm already exists and appears to be complete
/home/fuel/fuel-main/local_mirror/centos/os/x86_64/Packages/mdadm-3.2.6-7.el6_5.2.x86_64.rpm already exists and appears to be complete
/home/fuel/fuel-main/local_mirror/centos/os/x86_64/Packages/centos-indexhtml-6-1.el6.centos.noarch.rpm already exists and appears to be complete
/home/fuel/fuel-main/local_mirror/centos/os/x86_64/Packages/quota-3.17-21.el6_5.x86_64.rpm already exists and appears to be complete
/home/fuel/fuel-main/local_mirror/centos/os/x86_64/Packages/bc-1.06.95-1.el6.x86_64.rpm already exists and appears to be complete
/home/fuel/fuel-main/local_mirror/centos/os/x86_64/Packages/acpid-1.0.10-2.1.el6.x86_64.rpm already exists and appears to be complete
/home/fuel/fuel-main/local_mirror/centos/os/x86_64/Packages/fprintd-pam-0.1-21.git04fd09cfa.el6.x86_64.rpm already exists and appears to be complete
/home/fuel/fuel-main/local_mirror/centos/os/x86_64/Packages/ntp-4.2.6p5-1.el6.centos.x86_64.rpm already exists and appears to be complete
/home/fuel/fuel-main/local_mirror/centos/os/x86_64/Packages/hunspell-en-0.20090216-7.1.el6.noarch.rpm already exists and appears to be complete
/home/fuel/fuel-main/local_mirror/centos/os/x86_64/Packages/file-5.04-15.el6.x86_64.rpm already exists and appears to be complete
/home/fuel/fuel-main/local_mirror/centos/os/x86_64/Packages/bzip2-1.0.5-7.el6_0.x86_64.rpm already exists and appears to be complete
/home/fuel/fuel-main/local_mirror/centos/os/x86_64/Packages/yum-utils-1.1.30-17.el6_5.noarch.rpm already exists and appears to be complete
/home/fuel/fuel-main/local_mirror/centos/os/x86_64/Packages/prelink-0.4.6-3.1.el6_4.x86_64.rpm already exists and appears to be complete
/home/fuel/fuel-main/local_mirror/centos/os/x86_64/Packages/libaio-0.3.107-10.el6.x86_64.rpm already exists and appears to be complete
/home/fuel/fuel-main/local_mirror/centos/os/x86_64/Packages/abrt-addon-ccpp-2.0.8-21.el6.centos.x86_64.rpm already exists and appears to be complete
/home/fuel/fuel-main/local_mirror/centos/os/x86_64/Packages/tcsh-6.17-24.el6.x86_64.rpm already exists and appears to be complete
/home/fuel/fuel-main/local_mirror/centos/os/x86_64/Packages/hunspell-1.2.8-16.el6.x86_64.rpm already exists and appears to be complete
/home/fuel/fuel-main/local_mirror/centos/os/x86_64/Packages/at-3.1.10-43.el6_2.1.x86_64.rpm already exists and appears to be complete
/home/fuel/fuel-main/local_mirror/centos/os/x86_64/Packages/lsof-4.82-4.el6.x86_64.rpm already exists and appears to be complete
/home/fuel/fuel-main/local_mirror/centos/os/x86_64/Packages/vim-enhanced-7.2.411-1.8.el6.x86_64.rpm already exists and appears to be complete
/home/fuel/fuel-main/local_mirror/centos/os/x86_64/Packages/cyrus-sasl-plain-2.1.23-13.el6_3.1.x86_64.rpm already exists and appears to be complete
/home/fuel/fuel-main/local_mirror/centos/os/x86_64/Packages/abrt-cli-2.0.8-21.el6.centos.x86_64.rpm already exists and appears to be complete
/home/fuel/fuel-main/local_mirror/centos/os/x86_64/Packages/alsa-utils-1.0.22-5.el6.x86_64.rpm already exists and appears to be complete
/home/fuel/fuel-main/local_mirror/centos/os/x86_64/Packages/cryptsetup-luks-1.2.0-7.el6.x86_64.rpm already exists and appears to be complete
/home/fuel/fuel-main/local_mirror/centos/os/x86_64/Packages/smartmontools-5.43-1.el6.x86_64.rpm already exists and appears to be complete
/home/fuel/fuel-main/local_mirror/centos/os/x86_64/Packages/unzip-6.0-1.el6.x86_64.rpm already exists and appears to be complete
/home/fuel/fuel-main/local_mirror/centos/os/x86_64/Packages/plymouth-0.8.3-27.el6.centos.x86_64.rpm already exists and appears to be complete
/home/fuel/fuel-main/local_mirror/centos/os/x86_64/Packages/kexec-tools-2.0.0-273.el6.x86_64.rpm already exists and appears to be complete
/home/fuel/fuel-main/local_mirror/centos/os/x86_64/Packages/setserial-2.17-25.el6.x86_64.rpm already exists and appears to be complete
/home/fuel/fuel-main/local_mirror/centos/os/x86_64/Packages/xz-4.999.9-0.3.beta.20091007git.el6.x86_64.rpm already exists and appears to be complete
/home/fuel/fuel-main/local_mirror/centos/os/x86_64/Packages/time-1.7-37.1.el6.x86_64.rpm already exists and appears to be complete
/home/fuel/fuel-main/local_mirror/centos/os/x86_64/Packages/dbus-1.2.24-7.el6_3.x86_64.rpm already exists and appears to be complete
/home/fuel/fuel-main/local_mirror/centos/os/x86_64/Packages/tcpdump-4.0.0-3.20090921gitdf3cb4.2.el6.x86_64.rpm already exists and appears to be complete
/home/fuel/fuel-main/local_mirror/centos/os/x86_64/Packages/abrt-addon-python-2.0.8-21.el6.centos.x86_64.rpm already exists and appears to be complete
/home/fuel/fuel-main/local_mirror/centos/os/x86_64/Packages/rfkill-0.3-4.el6.x86_64.rpm already exists and appears to be complete
/home/fuel/fuel-main/local_mirror/centos/os/x86_64/Packages/traceroute-2.0.14-2.el6.x86_64.rpm already exists and appears to be complete
/home/fuel/fuel-main/local_mirror/centos/os/x86_64/Packages/system-config-firewall-tui-1.2.27-5.el6.noarch.rpm already exists and appears to be complete
/home/fuel/fuel-main/local_mirror/centos/os/x86_64/Packages/nano-2.0.9-7.el6.x86_64.rpm already exists and appears to be complete
/home/fuel/fuel-main/local_mirror/centos/os/x86_64/Packages/abrt-addon-kerneloops-2.0.8-21.el6.centos.x86_64.rpm already exists and appears to be complete
/home/fuel/fuel-main/local_mirror/centos/os/x86_64/Packages/b43-fwcutter-012-2.2.el6.x86_64.rpm already exists and appears to be complete
/home/fuel/fuel-main/local_mirror/centos/os/x86_64/Packages/audit-2.2-4.el6_5.x86_64.rpm already exists and appears to be complete
/home/fuel/fuel-main/local_mirror/centos/os/x86_64/Packages/iputils-20071127-17.el6_4.2.x86_64.rpm already exists and appears to be complete
/home/fuel/fuel-main/local_mirror/centos/os/x86_64/Packages/efibootmgr-0.5.4-11.el6.x86_64.rpm already exists and appears to be complete
/home/fuel/fuel-main/local_mirror/centos/os/x86_64/Packages/aic94xx-firmware-30-2.el6.noarch.rpm already exists and appears to be complete
/home/fuel/fuel-main/local_mirror/centos/os/x86_64/Packages/rt73usb-firmware-1.8-7.el6.noarch.rpm already exists and appears to be complete
/home/fuel/fuel-main/local_mirror/centos/os/x86_64/Packages/ql2400-firmware-20140317-35.gitdec41bce.mira1.noarch.rpm already exists and appears to be complete
/home/fuel/fuel-main/local_mirror/centos/os/x86_64/Packages/ql2500-firmware-20140317-35.gitdec41bce.mira1.noarch.rpm already exists and appears to be complete
/home/fuel/fuel-main/local_mirror/centos/os/x86_64/Packages/glibc-2.12-1.132.el6_5.2.x86_64.rpm already exists and appears to be complete
/home/fuel/fuel-main/local_mirror/centos/os/x86_64/Packages/iwl6000-firmware-9.221.4.1-35.gitdec41bce.mira1.noarch.rpm already exists and appears to be complete
/home/fuel/fuel-main/local_mirror/centos/os/x86_64/Packages/grub-0.97-83.el6.x86_64.rpm already exists and appears to be complete
/home/fuel/fuel-main/local_mirror/centos/os/x86_64/Packages/procps-3.2.8-25.el6.x86_64.rpm already exists and appears to be complete
/home/fuel/fuel-main/local_mirror/centos/os/x86_64/Packages/acl-2.2.49-6.el6.x86_64.rpm already exists and appears to be complete
/home/fuel/fuel-main/local_mirror/centos/os/x86_64/Packages/rootfiles-8.1-6.1.el6.noarch.rpm already exists and appears to be complete
/home/fuel/fuel-main/local_mirror/centos/os/x86_64/Packages/ipw2100-firmware-1.3-11.el6.noarch.rpm already exists and appears to be complete
/home/fuel/fuel-main/local_mirror/centos/os/x86_64/Packages/iptables-ipv6-1.4.7-11.mira2.x86_64.rpm already exists and appears to be complete
/home/fuel/fuel-main/local_mirror/centos/os/x86_64/Packages/iproute-2.6.32-130.el6.netns.2.mira1.x86_64.rpm already exists and appears to be complete
/home/fuel/fuel-main/local_mirror/centos/os/x86_64/Packages/zd1211-firmware-1.4-4.el6.noarch.rpm already exists and appears to be complete
/home/fuel/fuel-main/local_mirror/centos/os/x86_64/Packages/selinux-policy-targeted-3.7.19-231.el6_5.3.noarch.rpm already exists and appears to be complete
/home/fuel/fuel-main/local_mirror/centos/os/x86_64/Packages/attr-2.4.44-7.el6.x86_64.rpm already exists and appears to be complete
/home/fuel/fuel-main/local_mirror/centos/os/x86_64/Packages/iwl6050-firmware-41.28.5.1-35.gitdec41bce.mira1.noarch.rpm already exists and appears to be complete
/home/fuel/fuel-main/local_mirror/centos/os/x86_64/Packages/rpm-4.8.0-37.el6.x86_64.rpm already exists and appears to be complete
/home/fuel/fuel-main/local_mirror/centos/os/x86_64/Packages/filesystem-2.4.30-3.el6.x86_64.rpm already exists and appears to be complete
/home/fuel/fuel-main/local_mirror/centos/os/x86_64/Packages/kernel-firmware-2.6.32-431.20.3.el6.noarch.rpm already exists and appears to be complete
/home/fuel/fuel-main/local_mirror/centos/os/x86_64/Packages/coreutils-8.4-31.el6_5.2.x86_64.rpm already exists and appears to be complete
/home/fuel/fuel-main/local_mirror/centos/os/x86_64/Packages/kbd-1.15-11.el6.x86_64.rpm already exists and appears to be complete
/home/fuel/fuel-main/local_mirror/centos/os/x86_64/Packages/iwl100-firmware-39.31.5.1-35.gitdec41bce.mira1.noarch.rpm already exists and appears to be complete
/home/fuel/fuel-main/local_mirror/centos/os/x86_64/Packages/kernel-firmware-2.6.32-431.20.3.el6.x86_64.rpm already exists and appears to be complete
/home/fuel/fuel-main/local_mirror/centos/os/x86_64/Packages/libertas-usb8388-firmware-20140317-35.gitdec41bce.mira1.noarch.rpm already exists and appears to be complete
/home/fuel/fuel-main/local_mirror/centos/os/x86_64/Packages/setup-2.8.14-20.el6_4.1.noarch.rpm already exists and appears to be complete
/home/fuel/fuel-main/local_mirror/centos/os/x86_64/Packages/openssh-server-5.3p1-94.el6.x86_64.rpm already exists and appears to be complete
/home/fuel/fuel-main/local_mirror/centos/os/x86_64/Packages/sudo-1.8.6p3-12.el6.x86_64.rpm already exists and appears to be complete
/home/fuel/fuel-main/local_mirror/centos/os/x86_64/Packages/policycoreutils-2.0.83-19.39.el6.x86_64.rpm already exists and appears to be complete
/home/fuel/fuel-main/local_mirror/centos/os/x86_64/Packages/iwl4965-firmware-228.61.2.24-35.gitdec41bce.mira1.noarch.rpm already exists and appears to be complete
/home/fuel/fuel-main/local_mirror/centos/os/x86_64/Packages/iwl5150-firmware-8.24.2.2-35.gitdec41bce.mira1.noarch.rpm already exists and appears to be complete
/home/fuel/fuel-main/local_mirror/centos/os/x86_64/Packages/yum-3.2.29-43.el6.centos.noarch.rpm already exists and appears to be complete
/home/fuel/fuel-main/local_mirror/centos/os/x86_64/Packages/iwl5000-firmware-8.83.5.1_1-35.gitdec41bce.mira1.noarch.rpm already exists and appears to be complete
/home/fuel/fuel-main/local_mirror/centos/os/x86_64/Packages/ivtv-firmware-20080701-20.2.noarch.rpm already exists and appears to be complete
/home/fuel/fuel-main/local_mirror/centos/os/x86_64/Packages/vim-minimal-7.2.411-1.8.el6.x86_64.rpm already exists and appears to be complete
/home/fuel/fuel-main/local_mirror/centos/os/x86_64/Packages/util-linux-ng-2.17.2-12.14.el6_5.x86_64.rpm already exists and appears to be complete
/home/fuel/fuel-main/local_mirror/centos/os/x86_64/Packages/shadow-utils-4.1.4.2-13.el6.x86_64.rpm already exists and appears to be complete
/home/fuel/fuel-main/local_mirror/centos/os/x86_64/Packages/dhclient-4.1.1-38.P1.el6.centos.x86_64.rpm already exists and appears to be complete
/home/fuel/fuel-main/local_mirror/centos/os/x86_64/Packages/postfix-2.6.6-6.el6_5.x86_64.rpm already exists and appears to be complete
/home/fuel/fuel-main/local_mirror/centos/os/x86_64/Packages/iwl3945-firmware-15.32.2.9-35.gitdec41bce.mira1.noarch.rpm already exists and appears to be complete
/home/fuel/fuel-main/local_mirror/centos/os/x86_64/Packages/initscripts-9.03.40-2.el6.centos.1.x86_64.rpm already exists and appears to be complete
/home/fuel/fuel-main/local_mirror/centos/os/x86_64/Packages/atmel-firmware-1.3-7.el6.noarch.rpm already exists and appears to be complete
/home/fuel/fuel-main/local_mirror/centos/os/x86_64/Packages/b43-openfwwf-5.2-4.el6.noarch.rpm already exists and appears to be complete
/home/fuel/fuel-main/local_mirror/centos/os/x86_64/Packages/ql23xx-firmware-20140317-35.gitdec41bce.mira1.noarch.rpm already exists and appears to be complete
/home/fuel/fuel-main/local_mirror/centos/os/x86_64/Packages/ipw2200-firmware-3.1-4.el6.noarch.rpm already exists and appears to be complete
/home/fuel/fuel-main/local_mirror/centos/os/x86_64/Packages/basesystem-10.0-4.el6.noarch.rpm already exists and appears to be complete
/home/fuel/fuel-main/local_mirror/centos/os/x86_64/Packages/iptables-1.4.7-11.mira2.x86_64.rpm already exists and appears to be complete
/home/fuel/fuel-main/local_mirror/centos/os/x86_64/Packages/bfa-firmware-3.2.21.1-2.el6.noarch.rpm already exists and appears to be complete
/home/fuel/fuel-main/local_mirror/centos/os/x86_64/Packages/cpio-2.10-11.el6_3.x86_64.rpm already exists and appears to be complete
/home/fuel/fuel-main/local_mirror/centos/os/x86_64/Packages/cronie-1.4.4-12.el6.x86_64.rpm already exists and appears to be complete
/home/fuel/fuel-main/local_mirror/centos/os/x86_64/Packages/ql2100-firmware-20140317-35.gitdec41bce.mira1.noarch.rpm already exists and appears to be complete
/home/fuel/fuel-main/local_mirror/centos/os/x86_64/Packages/bash-4.1.2-15.el6_4.x86_64.rpm already exists and appears to be complete
/home/fuel/fuel-main/local_mirror/centos/os/x86_64/Packages/iwl1000-firmware-39.31.5.1-35.gitdec41bce.mira1.noarch.rpm already exists and appears to be complete
/home/fuel/fuel-main/local_mirror/centos/os/x86_64/Packages/ncurses-5.7-3.20090208.el6.x86_64.rpm already exists and appears to be complete
/home/fuel/fuel-main/local_mirror/centos/os/x86_64/Packages/rsyslog-5.8.10-8.el6.x86_64.rpm already exists and appears to be complete
/home/fuel/fuel-main/local_mirror/centos/os/x86_64/Packages/iwl6000g2a-firmware-17.168.5.3-35.gitdec41bce.mira1.noarch.rpm already exists and appears to be complete
/home/fuel/fuel-main/local_mirror/centos/os/x86_64/Packages/passwd-0.77-4.el6_2.2.x86_64.rpm already exists and appears to be complete
/home/fuel/fuel-main/local_mirror/centos/os/x86_64/Packages/rt61pci-firmware-1.2-7.el6.noarch.rpm already exists and appears to be complete
/home/fuel/fuel-main/local_mirror/centos/os/x86_64/Packages/ql2200-firmware-20140317-35.gitdec41bce.mira1.noarch.rpm already exists and appears to be complete
/home/fuel/fuel-main/local_mirror/centos/os/x86_64/Packages/e2fsprogs-1.41.12-18.el6.x86_64.rpm already exists and appears to be complete
/home/fuel/fuel-main/local_mirror/centos/os/x86_64/Packages/xorg-x11-drv-ati-firmware-20140317-35.gitdec41bce.mira1.noarch.rpm already exists and appears to be complete
/home/fuel/fuel-main/local_mirror/centos/os/x86_64/Packages/Django-1.3.4-1.el6.noarch.rpm already exists and appears to be complete
/home/fuel/fuel-main/local_mirror/centos/os/x86_64/Packages/Django14-1.4.8-1.el6.noarch.rpm already exists and appears to be complete
/home/fuel/fuel-main/local_mirror/centos/os/x86_64/Packages/docker-io-0.10.0-2.mira2.x86_64.rpm already exists and appears to be complete
/home/fuel/fuel-main/local_mirror/centos/os/x86_64/Packages/GeoIP-1.4.8-1.el6.x86_64.rpm already exists and appears to be complete
/home/fuel/fuel-main/local_mirror/centos/os/x86_64/Packages/MySQL-client-5.5.28-7.x86_64.rpm already exists and appears to be complete
/home/fuel/fuel-main/local_mirror/centos/os/x86_64/Packages/MySQL-client-wsrep-5.6.16_wsrep_25.5.mira1-1.mira3.x86_64.rpm already exists and appears to be complete
/home/fuel/fuel-main/local_mirror/centos/os/x86_64/Packages/MySQL-python-1.2.5-1.el6.x86_64.rpm already exists and appears to be complete
/home/fuel/fuel-main/local_mirror/centos/os/x86_64/Packages/MySQL-server-5.5.28-7.x86_64.rpm already exists and appears to be complete
/home/fuel/fuel-main/local_mirror/centos/os/x86_64/Packages/MySQL-server-wsrep-5.6.16_wsrep_25.5.mira1-1.mira3.x86_64.rpm already exists and appears to be complete
/home/fuel/fuel-main/local_mirror/centos/os/x86_64/Packages/MySQL-shared-5.5.28-7.x86_64.rpm already exists and appears to be complete
/home/fuel/fuel-main/local_mirror/centos/os/x86_64/Packages/MySQL-shared-wsrep-5.6.16_wsrep_25.5.mira1-1.mira3.x86_64.rpm already exists and appears to be complete
/home/fuel/fuel-main/local_mirror/centos/os/x86_64/Packages/mongodb-2.4.6-1.mira1.x86_64.rpm already exists and appears to be complete
/home/fuel/fuel-main/local_mirror/centos/os/x86_64/Packages/mongodb-server-2.4.6-1.mira1.x86_64.rpm already exists and appears to be complete
/home/fuel/fuel-main/local_mirror/centos/os/x86_64/Packages/PyYAML-3.10-3.el6.x86_64.rpm already exists and appears to be complete
/home/fuel/fuel-main/local_mirror/centos/os/x86_64/Packages/apr-1.3.9-5.el6.x86_64.rpm already exists and appears to be complete
/home/fuel/fuel-main/local_mirror/centos/os/x86_64/Packages/apr-util-1.3.9-3.el6.1.x86_64.rpm already exists and appears to be complete
/home/fuel/fuel-main/local_mirror/centos/os/x86_64/Packages/apr-util-ldap-1.3.9-3.el6.1.x86_64.rpm already exists and appears to be complete
/home/fuel/fuel-main/local_mirror/centos/os/x86_64/Packages/at-3.1.10-43.el6_2.1.x86_64.rpm already exists and appears to be complete
/home/fuel/fuel-main/local_mirror/centos/os/x86_64/Packages/atop-1.27-1.el6.x86_64.rpm already exists and appears to be complete
/home/fuel/fuel-main/local_mirror/centos/os/x86_64/Packages/authconfig-6.1.12-13.el6.x86_64.rpm already exists and appears to be complete
/home/fuel/fuel-main/local_mirror/centos/os/x86_64/Packages/autoconf-2.63-5.1.el6.noarch.rpm already exists and appears to be complete
/home/fuel/fuel-main/local_mirror/centos/os/x86_64/Packages/automake-1.11.1-4.el6.noarch.rpm already exists and appears to be complete
/home/fuel/fuel-main/local_mirror/centos/os/x86_64/Packages/avahi-0.6.25-12.el6.x86_64.rpm already exists and appears to be complete
/home/fuel/fuel-main/local_mirror/centos/os/x86_64/Packages/bc-1.06.95-1.el6.x86_64.rpm already exists and appears to be complete
/home/fuel/fuel-main/local_mirror/centos/os/x86_64/Packages/bfa-firmware-3.2.21.1-2.el6.noarch.rpm already exists and appears to be complete
/home/fuel/fuel-main/local_mirror/centos/os/x86_64/Packages/ql2100-firmware-20140317-35.gitdec41bce.mira1.noarch.rpm already exists and appears to be complete
/home/fuel/fuel-main/local_mirror/centos/os/x86_64/Packages/ql2200-firmware-20140317-35.gitdec41bce.mira1.noarch.rpm already exists and appears to be complete
/home/fuel/fuel-main/local_mirror/centos/os/x86_64/Packages/ql23xx-firmware-20140317-35.gitdec41bce.mira1.noarch.rpm already exists and appears to be complete
/home/fuel/fuel-main/local_mirror/centos/os/x86_64/Packages/bind-utils-9.8.2-0.23.rc1.el6_5.1.x86_64.rpm already exists and appears to be complete
/home/fuel/fuel-main/local_mirror/centos/os/x86_64/Packages/boost-program-options-1.41.0-18.el6.x86_64.rpm already exists and appears to be complete
/home/fuel/fuel-main/local_mirror/centos/os/x86_64/Packages/boost-system-1.41.0-18.el6.x86_64.rpm already exists and appears to be complete
/home/fuel/fuel-main/local_mirror/centos/os/x86_64/Packages/boost-thread-1.41.0-18.el6.x86_64.rpm already exists and appears to be complete
/home/fuel/fuel-main/local_mirror/centos/os/x86_64/Packages/byacc-1.9.20070509-7.el6.x86_64.rpm already exists and appears to be complete
/home/fuel/fuel-main/local_mirror/centos/os/x86_64/Packages/c-ares19-1.9.1-4.el6.3.x86_64.rpm already exists and appears to be complete
/home/fuel/fuel-main/local_mirror/centos/os/x86_64/Packages/centos-release-6-5.el6.centos.11.2.x86_64.rpm already exists and appears to be complete
/home/fuel/fuel-main/local_mirror/centos/os/x86_64/Packages/ceph-0.80.4-0.mira1.x86_64.rpm already exists and appears to be complete
/home/fuel/fuel-main/local_mirror/centos/os/x86_64/Packages/ceph-deploy-1.5.9-0.mira1.noarch.rpm already exists and appears to be complete
/home/fuel/fuel-main/local_mirror/centos/os/x86_64/Packages/ceph-radosgw-0.80.4-0.mira1.x86_64.rpm already exists and appears to be complete
/home/fuel/fuel-main/local_mirror/centos/os/x86_64/Packages/ceph-test-0.80.4-0.mira1.x86_64.rpm already exists and appears to be complete
/home/fuel/fuel-main/local_mirror/centos/os/x86_64/Packages/cirros-testvm-0.3.2-3.mira1.x86_64.rpm already exists and appears to be complete
/home/fuel/fuel-main/local_mirror/centos/os/x86_64/Packages/cirros-testvm-mellanox-0.3.2-1.mira3.x86_64.rpm already exists and appears to be complete
/home/fuel/fuel-main/local_mirror/centos/os/x86_64/Packages/cirros-testvmware-0.3.1-3.mira3.x86_64.rpm already exists and appears to be complete
/home/fuel/fuel-main/local_mirror/centos/os/x86_64/Packages/cloud-init-0.7.4-2.mira1.noarch.rpm already exists and appears to be complete
/home/fuel/fuel-main/local_mirror/centos/os/x86_64/Packages/cloud-utils-0.27-9.mira2.x86_64.rpm already exists and appears to be complete
/home/fuel/fuel-main/local_mirror/centos/os/x86_64/Packages/cluster-glue-libs-1.0.11-59.1.x86_64.rpm already exists and appears to be complete
/home/fuel/fuel-main/local_mirror/centos/os/x86_64/Packages/cman-3.0.12.1-59.el6_5.2.x86_64.rpm already exists and appears to be complete
/home/fuel/fuel-main/local_mirror/centos/os/x86_64/Packages/cobbler-2.4.4-1.mira1.noarch.rpm already exists and appears to be complete
/home/fuel/fuel-main/local_mirror/centos/os/x86_64/Packages/cobbler-web-2.4.4-1.mira1.noarch.rpm already exists and appears to be complete
/home/fuel/fuel-main/local_mirror/centos/os/x86_64/Packages/corosync-1.4.6-26.2.mira1.x86_64.rpm already exists and appears to be complete
/home/fuel/fuel-main/local_mirror/centos/os/x86_64/Packages/cpufreq-init-1.0.0-0.el6.noarch.rpm already exists and appears to be complete
/home/fuel/fuel-main/local_mirror/centos/os/x86_64/Packages/crmsh-1.2.6-1.mira1.x86_64.rpm already exists and appears to be complete
/home/fuel/fuel-main/local_mirror/centos/os/x86_64/Packages/cronie-1.4.4-12.el6.x86_64.rpm already exists and appears to be complete
/home/fuel/fuel-main/local_mirror/centos/os/x86_64/Packages/cronie-anacron-1.4.4-12.el6.x86_64.rpm already exists and appears to be complete
/home/fuel/fuel-main/local_mirror/centos/os/x86_64/Packages/cronie-noanacron-1.4.4-12.el6.x86_64.rpm already exists and appears to be complete
/home/fuel/fuel-main/local_mirror/centos/os/x86_64/Packages/crontabs-1.10-33.el6.noarch.rpm already exists and appears to be complete
/home/fuel/fuel-main/local_mirror/centos/os/x86_64/Packages/curl-7.19.7-37.el6_5.3.x86_64.rpm already exists and appears to be complete
/home/fuel/fuel-main/local_mirror/centos/os/x86_64/Packages/daemonize-1.7.3-1.el6.x86_64.rpm already exists and appears to be complete
/home/fuel/fuel-main/local_mirror/centos/os/x86_64/Packages/db4-4.7.25-18.el6_4.x86_64.rpm already exists and appears to be complete
/home/fuel/fuel-main/local_mirror/centos/os/x86_64/Packages/db4-cxx-4.7.25-18.el6_4.x86_64.rpm already exists and appears to be complete
/home/fuel/fuel-main/local_mirror/centos/os/x86_64/Packages/db4-utils-4.7.25-18.el6_4.x86_64.rpm already exists and appears to be complete
/home/fuel/fuel-main/local_mirror/centos/os/x86_64/Packages/dbus-python-0.83.0-6.1.el6.x86_64.rpm already exists and appears to be complete
/home/fuel/fuel-main/local_mirror/centos/os/x86_64/Packages/debootstrap-1.0.19-2.el6.noarch.rpm already exists and appears to be complete
/home/fuel/fuel-main/local_mirror/centos/os/x86_64/Packages/deltaiso-3.5-0.5.20090913git.el6.x86_64.rpm already exists and appears to be complete
/home/fuel/fuel-main/local_mirror/centos/os/x86_64/Packages/deltarpm-3.5-0.5.20090913git.el6.x86_64.rpm already exists and appears to be complete
/home/fuel/fuel-main/local_mirror/centos/os/x86_64/Packages/dhclient-4.1.1-38.P1.el6.centos.x86_64.rpm already exists and appears to be complete
/home/fuel/fuel-main/local_mirror/centos/os/x86_64/Packages/dhcp-4.1.1-38.P1.el6.centos.x86_64.rpm already exists and appears to be complete
/home/fuel/fuel-main/local_mirror/centos/os/x86_64/Packages/disktype-9-5.el6.x86_64.rpm already exists and appears to be complete
/home/fuel/fuel-main/local_mirror/centos/os/x86_64/Packages/dmidecode-2.11-2.el6.x86_64.rpm already exists and appears to be complete
/home/fuel/fuel-main/local_mirror/centos/os/x86_64/Packages/dnsmasq-2.68-5.mira1.x86_64.rpm already exists and appears to be complete
/home/fuel/fuel-main/local_mirror/centos/os/x86_64/Packages/dnsmasq-utils-2.68-5.mira1.x86_64.rpm already exists and appears to be complete
/home/fuel/fuel-main/local_mirror/centos/os/x86_64/Packages/dpkg-1.15.5.6-6.mira1.x86_64.rpm already exists and appears to be complete
/home/fuel/fuel-main/local_mirror/centos/os/x86_64/Packages/dpkg-devel-1.15.5.6-6.mira1.noarch.rpm already exists and appears to be complete
/home/fuel/fuel-main/local_mirror/centos/os/x86_64/Packages/dstat-0.7.0-1.el6.noarch.rpm already exists and appears to be complete
/home/fuel/fuel-main/local_mirror/centos/os/x86_64/Packages/ed-1.1-3.3.el6.x86_64.rpm already exists and appears to be complete
/home/fuel/fuel-main/local_mirror/centos/os/x86_64/Packages/erlang-R14B-04.8.el6.x86_64.rpm already exists and appears to be complete
/home/fuel/fuel-main/local_mirror/centos/os/x86_64/Packages/erlang-appmon-R14B-04.8.el6.x86_64.rpm already exists and appears to be complete
/home/fuel/fuel-main/local_mirror/centos/os/x86_64/Packages/erlang-asn1-R14B-04.8.el6.x86_64.rpm already exists and appears to be complete
/home/fuel/fuel-main/local_mirror/centos/os/x86_64/Packages/erlang-common_test-R14B-04.8.el6.x86_64.rpm already exists and appears to be complete
/home/fuel/fuel-main/local_mirror/centos/os/x86_64/Packages/erlang-compiler-R14B-04.8.el6.x86_64.rpm already exists and appears to be complete
/home/fuel/fuel-main/local_mirror/centos/os/x86_64/Packages/erlang-cosEvent-R14B-04.8.el6.x86_64.rpm already exists and appears to be complete
/home/fuel/fuel-main/local_mirror/centos/os/x86_64/Packages/erlang-cosEventDomain-R14B-04.8.el6.x86_64.rpm already exists and appears to be complete
/home/fuel/fuel-main/local_mirror/centos/os/x86_64/Packages/erlang-cosFileTransfer-R14B-04.8.el6.x86_64.rpm already exists and appears to be complete
/home/fuel/fuel-main/local_mirror/centos/os/x86_64/Packages/erlang-cosNotification-R14B-04.8.el6.x86_64.rpm already exists and appears to be complete
/home/fuel/fuel-main/local_mirror/centos/os/x86_64/Packages/erlang-cosProperty-R14B-04.8.el6.x86_64.rpm already exists and appears to be complete
/home/fuel/fuel-main/local_mirror/centos/os/x86_64/Packages/erlang-cosTime-R14B-04.8.el6.x86_64.rpm already exists and appears to be complete
/home/fuel/fuel-main/local_mirror/centos/os/x86_64/Packages/erlang-cosTransactions-R14B-04.8.el6.x86_64.rpm already exists and appears to be complete
/home/fuel/fuel-main/local_mirror/centos/os/x86_64/Packages/erlang-crypto-R14B-04.8.el6.x86_64.rpm already exists and appears to be complete
/home/fuel/fuel-main/local_mirror/centos/os/x86_64/Packages/erlang-debugger-R14B-04.8.el6.x86_64.rpm already exists and appears to be complete
/home/fuel/fuel-main/local_mirror/centos/os/x86_64/Packages/erlang-dialyzer-R14B-04.8.el6.x86_64.rpm already exists and appears to be complete
/home/fuel/fuel-main/local_mirror/centos/os/x86_64/Packages/erlang-diameter-R14B-04.8.el6.x86_64.rpm already exists and appears to be complete
/home/fuel/fuel-main/local_mirror/centos/os/x86_64/Packages/erlang-doc-R14B-04.8.el6.noarch.rpm already exists and appears to be complete
/home/fuel/fuel-main/local_mirror/centos/os/x86_64/Packages/erlang-docbuilder-R14B-04.8.el6.x86_64.rpm already exists and appears to be complete
/home/fuel/fuel-main/local_mirror/centos/os/x86_64/Packages/erlang-edoc-R14B-04.8.el6.x86_64.rpm already exists and appears to be complete
/home/fuel/fuel-main/local_mirror/centos/os/x86_64/Packages/erlang-erl_docgen-R14B-04.8.el6.x86_64.rpm already exists and appears to be complete
/home/fuel/fuel-main/local_mirror/centos/os/x86_64/Packages/erlang-erl_interface-R14B-04.8.el6.x86_64.rpm already exists and appears to be complete
/home/fuel/fuel-main/local_mirror/centos/os/x86_64/Packages/erlang-erts-R14B-04.8.el6.x86_64.rpm already exists and appears to be complete
/home/fuel/fuel-main/local_mirror/centos/os/x86_64/Packages/erlang-et-R14B-04.8.el6.x86_64.rpm already exists and appears to be complete
/home/fuel/fuel-main/local_mirror/centos/os/x86_64/Packages/erlang-eunit-R14B-04.8.el6.x86_64.rpm already exists and appears to be complete
/home/fuel/fuel-main/local_mirror/centos/os/x86_64/Packages/erlang-examples-R14B-04.8.el6.x86_64.rpm already exists and appears to be complete
/home/fuel/fuel-main/local_mirror/centos/os/x86_64/Packages/erlang-gs-R14B-04.8.el6.x86_64.rpm already exists and appears to be complete
/home/fuel/fuel-main/local_mirror/centos/os/x86_64/Packages/erlang-hipe-R14B-04.8.el6.x86_64.rpm already exists and appears to be complete
/home/fuel/fuel-main/local_mirror/centos/os/x86_64/Packages/erlang-ic-R14B-04.8.el6.x86_64.rpm already exists and appears to be complete
/home/fuel/fuel-main/local_mirror/centos/os/x86_64/Packages/erlang-inets-R14B-04.8.el6.x86_64.rpm already exists and appears to be complete
/home/fuel/fuel-main/local_mirror/centos/os/x86_64/Packages/erlang-inviso-R14B-04.8.el6.x86_64.rpm already exists and appears to be complete
/home/fuel/fuel-main/local_mirror/centos/os/x86_64/Packages/erlang-jinterface-R14B-04.8.el6.x86_64.rpm already exists and appears to be complete
/home/fuel/fuel-main/local_mirror/centos/os/x86_64/Packages/erlang-kernel-R14B-04.8.el6.x86_64.rpm already exists and appears to be complete
/home/fuel/fuel-main/local_mirror/centos/os/x86_64/Packages/erlang-megaco-R14B-04.8.el6.x86_64.rpm already exists and appears to be complete
/home/fuel/fuel-main/local_mirror/centos/os/x86_64/Packages/erlang-mnesia-R14B-04.8.el6.x86_64.rpm already exists and appears to be complete
/home/fuel/fuel-main/local_mirror/centos/os/x86_64/Packages/erlang-observer-R14B-04.8.el6.x86_64.rpm already exists and appears to be complete
/home/fuel/fuel-main/local_mirror/centos/os/x86_64/Packages/erlang-odbc-R14B-04.8.el6.x86_64.rpm already exists and appears to be complete
/home/fuel/fuel-main/local_mirror/centos/os/x86_64/Packages/erlang-orber-R14B-04.8.el6.x86_64.rpm already exists and appears to be complete
/home/fuel/fuel-main/local_mirror/centos/os/x86_64/Packages/erlang-os_mon-R14B-04.8.el6.x86_64.rpm already exists and appears to be complete
/home/fuel/fuel-main/local_mirror/centos/os/x86_64/Packages/erlang-otp_mibs-R14B-04.8.el6.x86_64.rpm already exists and appears to be complete
/home/fuel/fuel-main/local_mirror/centos/os/x86_64/Packages/erlang-parsetools-R14B-04.8.el6.x86_64.rpm already exists and appears to be complete
/home/fuel/fuel-main/local_mirror/centos/os/x86_64/Packages/erlang-percept-R14B-04.8.el6.x86_64.rpm already exists and appears to be complete
/home/fuel/fuel-main/local_mirror/centos/os/x86_64/Packages/erlang-pman-R14B-04.8.el6.x86_64.rpm already exists and appears to be complete
/home/fuel/fuel-main/local_mirror/centos/os/x86_64/Packages/erlang-public_key-R14B-04.8.el6.x86_64.rpm already exists and appears to be complete
/home/fuel/fuel-main/local_mirror/centos/os/x86_64/Packages/erlang-reltool-R14B-04.8.el6.x86_64.rpm already exists and appears to be complete
/home/fuel/fuel-main/local_mirror/centos/os/x86_64/Packages/erlang-runtime_tools-R14B-04.8.el6.x86_64.rpm already exists and appears to be complete
/home/fuel/fuel-main/local_mirror/centos/os/x86_64/Packages/erlang-sasl-R14B-04.8.el6.x86_64.rpm already exists and appears to be complete
/home/fuel/fuel-main/local_mirror/centos/os/x86_64/Packages/erlang-snmp-R14B-04.8.el6.x86_64.rpm already exists and appears to be complete
/home/fuel/fuel-main/local_mirror/centos/os/x86_64/Packages/erlang-ssh-R14B-04.8.el6.x86_64.rpm already exists and appears to be complete
/home/fuel/fuel-main/local_mirror/centos/os/x86_64/Packages/erlang-ssl-R14B-04.8.el6.x86_64.rpm already exists and appears to be complete
/home/fuel/fuel-main/local_mirror/centos/os/x86_64/Packages/erlang-stdlib-R14B-04.8.el6.x86_64.rpm already exists and appears to be complete
/home/fuel/fuel-main/local_mirror/centos/os/x86_64/Packages/erlang-syntax_tools-R14B-04.8.el6.x86_64.rpm already exists and appears to be complete
/home/fuel/fuel-main/local_mirror/centos/os/x86_64/Packages/erlang-test_server-R14B-04.8.el6.x86_64.rpm already exists and appears to be complete
/home/fuel/fuel-main/local_mirror/centos/os/x86_64/Packages/erlang-toolbar-R14B-04.8.el6.x86_64.rpm already exists and appears to be complete
/home/fuel/fuel-main/local_mirror/centos/os/x86_64/Packages/erlang-tools-R14B-04.8.el6.x86_64.rpm already exists and appears to be complete
/home/fuel/fuel-main/local_mirror/centos/os/x86_64/Packages/erlang-tv-R14B-04.8.el6.x86_64.rpm already exists and appears to be complete
/home/fuel/fuel-main/local_mirror/centos/os/x86_64/Packages/erlang-typer-R14B-04.8.el6.x86_64.rpm already exists and appears to be complete
/home/fuel/fuel-main/local_mirror/centos/os/x86_64/Packages/erlang-webtool-R14B-04.8.el6.x86_64.rpm already exists and appears to be complete
/home/fuel/fuel-main/local_mirror/centos/os/x86_64/Packages/erlang-wx-R14B-04.8.el6.x86_64.rpm already exists and appears to be complete
/home/fuel/fuel-main/local_mirror/centos/os/x86_64/Packages/erlang-xmerl-R14B-04.8.el6.x86_64.rpm already exists and appears to be complete
/home/fuel/fuel-main/local_mirror/centos/os/x86_64/Packages/eswitchd-0.10-2.el6.mira2.x86_64.rpm already exists and appears to be complete
/home/fuel/fuel-main/local_mirror/centos/os/x86_64/Packages/euca2ools-2.1.3-1.el6.noarch.rpm already exists and appears to be complete
/home/fuel/fuel-main/local_mirror/centos/os/x86_64/Packages/fcgiwrap-1.0.3-2.x86_64.rpm already exists and appears to be complete
/home/fuel/fuel-main/local_mirror/centos/os/x86_64/Packages/fdupes-1.50-8.mira1.x86_64.rpm already exists and appears to be complete
/home/fuel/fuel-main/local_mirror/centos/os/x86_64/Packages/fence-agents-3.1.5-35.el6_5.4.x86_64.rpm already exists and appears to be complete
/home/fuel/fuel-main/local_mirror/centos/os/x86_64/Packages/fencing-agent-0.1.0-3.x86_64.rpm already exists and appears to be complete
/home/fuel/fuel-main/local_mirror/centos/os/x86_64/Packages/flex-2.5.35-8.el6.x86_64.rpm already exists and appears to be complete
/home/fuel/fuel-main/local_mirror/centos/os/x86_64/Packages/fuel-utils-20131119-2.el6.noarch.rpm already exists and appears to be complete
/home/fuel/fuel-main/local_mirror/centos/os/x86_64/Packages/fuse-libs-2.8.3-4.el6.x86_64.rpm already exists and appears to be complete
/home/fuel/fuel-main/local_mirror/centos/os/x86_64/Packages/galera-25.3.5-1.mira1.x86_64.rpm already exists and appears to be complete
/home/fuel/fuel-main/local_mirror/centos/os/x86_64/Packages/gcc-4.4.7-4.el6.x86_64.rpm already exists and appears to be complete
/home/fuel/fuel-main/local_mirror/centos/os/x86_64/Packages/gcc-c++-4.4.7-4.el6.x86_64.rpm already exists and appears to be complete
/home/fuel/fuel-main/local_mirror/centos/os/x86_64/Packages/gcc-gfortran-4.4.7-4.el6.x86_64.rpm already exists and appears to be complete
/home/fuel/fuel-main/local_mirror/centos/os/x86_64/Packages/gdisk-0.8.4-1.el6.x86_64.rpm already exists and appears to be complete
/home/fuel/fuel-main/local_mirror/centos/os/x86_64/Packages/git-1.7.1-3.el6_4.1.x86_64.rpm already exists and appears to be complete
/home/fuel/fuel-main/local_mirror/centos/os/x86_64/Packages/gperftools-libs-2.0-11.el6.3.x86_64.rpm already exists and appears to be complete
/home/fuel/fuel-main/local_mirror/centos/os/x86_64/Packages/gpxe-bootimgs-0.9.7-6.10.el6.noarch.rpm already exists and appears to be complete
/home/fuel/fuel-main/local_mirror/centos/os/x86_64/Packages/haproxy-1.5.3-3.mira3.x86_64.rpm already exists and appears to be complete
/home/fuel/fuel-main/local_mirror/centos/os/x86_64/Packages/hdparm-9.43-4.el6.x86_64.rpm already exists and appears to be complete
/home/fuel/fuel-main/local_mirror/centos/os/x86_64/Packages/hiera-1.3.1-1.mira2.noarch.rpm already exists and appears to be complete
/home/fuel/fuel-main/local_mirror/centos/os/x86_64/Packages/hivex-1.3.3-4.2.mira1.x86_64.rpm already exists and appears to be complete
/home/fuel/fuel-main/local_mirror/centos/os/x86_64/Packages/htop-1.0.1-2.el6.x86_64.rpm already exists and appears to be complete
/home/fuel/fuel-main/local_mirror/centos/os/x86_64/Packages/http-parser-2.0-4.20121128gitcd01361.el6.x86_64.rpm already exists and appears to be complete
/home/fuel/fuel-main/local_mirror/centos/os/x86_64/Packages/httpd-2.2.15-15.el6.1.x86_64.rpm already exists and appears to be complete
/home/fuel/fuel-main/local_mirror/centos/os/x86_64/Packages/httpd-tools-2.2.15-15.el6.1.x86_64.rpm already exists and appears to be complete
/home/fuel/fuel-main/local_mirror/centos/os/x86_64/Packages/iproute-2.6.32-130.el6.netns.2.mira1.x86_64.rpm already exists and appears to be complete
/home/fuel/fuel-main/local_mirror/centos/os/x86_64/Packages/json-c-0.10-2.mira1.x86_64.rpm already exists and appears to be complete
/home/fuel/fuel-main/local_mirror/centos/os/x86_64/Packages/keepalived-1.2.4-1.el6.x86_64.rpm already exists and appears to be complete
/home/fuel/fuel-main/local_mirror/centos/os/x86_64/Packages/kernel-2.6.32-431.20.3.el6.x86_64.rpm already exists and appears to be complete
/home/fuel/fuel-main/local_mirror/centos/os/x86_64/Packages/kernel-devel-2.6.32-431.20.3.el6.x86_64.rpm already exists and appears to be complete
/home/fuel/fuel-main/local_mirror/centos/os/x86_64/Packages/kernel-firmware-2.6.32-431.20.3.el6.x86_64.rpm already exists and appears to be complete
/home/fuel/fuel-main/local_mirror/centos/os/x86_64/Packages/kernel-headers-2.6.32-431.20.3.el6.x86_64.rpm already exists and appears to be complete
/home/fuel/fuel-main/local_mirror/centos/os/x86_64/Packages/kernel-lt-3.10.55-1.mira1.x86_64.rpm already exists and appears to be complete
/home/fuel/fuel-main/local_mirror/centos/os/x86_64/Packages/kernel-lt-devel-3.10.55-1.mira1.x86_64.rpm already exists and appears to be complete
/home/fuel/fuel-main/local_mirror/centos/os/x86_64/Packages/kernel-lt-headers-3.10.55-1.mira1.x86_64.rpm already exists and appears to be complete
/home/fuel/fuel-main/local_mirror/centos/os/x86_64/Packages/leveldb-1.7.0-2.el6.x86_64.rpm already exists and appears to be complete
/home/fuel/fuel-main/local_mirror/centos/os/x86_64/Packages/libaio-0.3.107-10.el6.x86_64.rpm already exists and appears to be complete
/home/fuel/fuel-main/local_mirror/centos/os/x86_64/Packages/libcephfs1-0.80.4-0.mira1.x86_64.rpm already exists and appears to be complete
/home/fuel/fuel-main/local_mirror/centos/os/x86_64/Packages/libevent-devel-1.4.13-4.el6.x86_64.rpm already exists and appears to be complete
/home/fuel/fuel-main/local_mirror/centos/os/x86_64/Packages/libfcgi-2.4.0-alt5.2.x86_64.rpm already exists and appears to be complete
/home/fuel/fuel-main/local_mirror/centos/os/x86_64/Packages/libicu-4.2.1-9.1.el6_2.x86_64.rpm already exists and appears to be complete
/home/fuel/fuel-main/local_mirror/centos/os/x86_64/Packages/libmemcached-1.0.8-1.mira1.x86_64.rpm already exists and appears to be complete
/home/fuel/fuel-main/local_mirror/centos/os/x86_64/Packages/libmlx4-1.0.5-4.el6.1.x86_64.rpm already exists and appears to be complete
/home/fuel/fuel-main/local_mirror/centos/os/x86_64/Packages/libmongodb-2.4.6-1.mira1.x86_64.rpm already exists and appears to be complete
/home/fuel/fuel-main/local_mirror/centos/os/x86_64/Packages/libqb-0.16.0-2.el6.x86_64.rpm already exists and appears to be complete
/home/fuel/fuel-main/local_mirror/centos/os/x86_64/Packages/librados2-0.80.4-0.mira1.x86_64.rpm already exists and appears to be complete
/home/fuel/fuel-main/local_mirror/centos/os/x86_64/Packages/librbd1-0.80.4-0.mira1.x86_64.rpm already exists and appears to be complete
/home/fuel/fuel-main/local_mirror/centos/os/x86_64/Packages/librelp-0.1.1-4.1.el6.x86_64.rpm already exists and appears to be complete
/home/fuel/fuel-main/local_mirror/centos/os/x86_64/Packages/libudev-147-2.51.el6.x86_64.rpm already exists and appears to be complete
/home/fuel/fuel-main/local_mirror/centos/os/x86_64/Packages/libunwind-1.1-2.el6.x86_64.rpm already exists and appears to be complete
/home/fuel/fuel-main/local_mirror/centos/os/x86_64/Packages/libuser-0.56.13-5.el6.x86_64.rpm already exists and appears to be complete
/home/fuel/fuel-main/local_mirror/centos/os/x86_64/Packages/libuv-0.10.4-1.el6.x86_64.rpm already exists and appears to be complete
/home/fuel/fuel-main/local_mirror/centos/os/x86_64/Packages/libuv-devel-0.10.4-1.el6.x86_64.rpm already exists and appears to be complete
/home/fuel/fuel-main/local_mirror/centos/os/x86_64/Packages/libxml2-2.7.6-14.el6_5.2.x86_64.rpm already exists and appears to be complete
/home/fuel/fuel-main/local_mirror/centos/os/x86_64/Packages/libyaml-0.1.3-1.el6.x86_64.rpm already exists and appears to be complete
/home/fuel/fuel-main/local_mirror/centos/os/x86_64/Packages/linux-firmware-20140317-35.gitdec41bce.mira1.noarch.rpm already exists and appears to be complete
/home/fuel/fuel-main/local_mirror/centos/os/x86_64/Packages/lrzip-0.614-1.mira1.x86_64.rpm already exists and appears to be complete
/home/fuel/fuel-main/local_mirror/centos/os/x86_64/Packages/lzop-1.02-0.9.rc1.el6.x86_64.rpm already exists and appears to be complete
/home/fuel/fuel-main/local_mirror/centos/os/x86_64/Packages/lxc-0.9.0-2.mira1.x86_64.rpm already exists and appears to be complete
/home/fuel/fuel-main/local_mirror/centos/os/x86_64/Packages/mailcap-2.1.31-2.el6.noarch.rpm already exists and appears to be complete
/home/fuel/fuel-main/local_mirror/centos/os/x86_64/Packages/mailx-12.4-7.el6.x86_64.rpm already exists and appears to be complete
/home/fuel/fuel-main/local_mirror/centos/os/x86_64/Packages/make-3.81-20.el6.x86_64.rpm already exists and appears to be complete
/home/fuel/fuel-main/local_mirror/centos/os/x86_64/Packages/man-1.6f-32.el6.x86_64.rpm already exists and appears to be complete
/home/fuel/fuel-main/local_mirror/centos/os/x86_64/Packages/mcollective-2.3.3-3.el6.noarch.rpm already exists and appears to be complete
/home/fuel/fuel-main/local_mirror/centos/os/x86_64/Packages/mcollective-client-2.3.3-3.el6.noarch.rpm already exists and appears to be complete
/home/fuel/fuel-main/local_mirror/centos/os/x86_64/Packages/mcollective-common-2.3.3-3.el6.noarch.rpm already exists and appears to be complete
/home/fuel/fuel-main/local_mirror/centos/os/x86_64/Packages/mc-4.7.0.2-3.el6.x86_64.rpm already exists and appears to be complete
/home/fuel/fuel-main/local_mirror/centos/os/x86_64/Packages/memcached-1.4.4-3.el6.x86_64.rpm already exists and appears to be complete
/home/fuel/fuel-main/local_mirror/centos/os/x86_64/Packages/mlocate-0.22.2-4.el6.x86_64.rpm already exists and appears to be complete
/home/fuel/fuel-main/local_mirror/centos/os/x86_64/Packages/mlnxvif-2014.1.1-1.mira1.noarch.rpm already exists and appears to be complete
/home/fuel/fuel-main/local_mirror/centos/os/x86_64/Packages/mlnx-ofed-light-2.2.0-3_5.mira2.x86_64.rpm already exists and appears to be complete
/home/fuel/fuel-main/local_mirror/centos/os/x86_64/Packages/mod_fastcgi-2.4.7-1.ceph.el6.x86_64.rpm already exists and appears to be complete
/home/fuel/fuel-main/local_mirror/centos/os/x86_64/Packages/mod_ssl-2.2.15-15.el6.1.x86_64.rpm already exists and appears to be complete
/home/fuel/fuel-main/local_mirror/centos/os/x86_64/Packages/mod_wsgi-3.2-1.el6.x86_64.rpm already exists and appears to be complete
/home/fuel/fuel-main/local_mirror/centos/os/x86_64/Packages/mtools-4.0.17-3.el6.x86_64.rpm already exists and appears to be complete
/home/fuel/fuel-main/local_mirror/centos/os/x86_64/Packages/murano-dashboard-2014.2.rc1-fuel6.0.mira5.noarch.rpm already exists and appears to be complete
/home/fuel/fuel-main/local_mirror/centos/os/x86_64/Packages/murano-apps-0.5.2-1.mira2.noarch.rpm already exists and appears to be complete
/home/fuel/fuel-main/local_mirror/centos/os/x86_64/Packages/nagios-3.5.0-1.el6.x86_64.rpm already exists and appears to be complete
/home/fuel/fuel-main/local_mirror/centos/os/x86_64/Packages/nagios-common-3.5.0-1.el6.x86_64.rpm already exists and appears to be complete
/home/fuel/fuel-main/local_mirror/centos/os/x86_64/Packages/nagios-plugins-1.4.16-5.el6.x86_64.rpm already exists and appears to be complete
/home/fuel/fuel-main/local_mirror/centos/os/x86_64/Packages/nagios-plugins-apt-1.4.16-5.el6.x86_64.rpm already exists and appears to be complete
/home/fuel/fuel-main/local_mirror/centos/os/x86_64/Packages/nagios-plugins-breeze-1.4.16-5.el6.x86_64.rpm already exists and appears to be complete
/home/fuel/fuel-main/local_mirror/centos/os/x86_64/Packages/nagios-plugins-by_ssh-1.4.16-5.el6.x86_64.rpm already exists and appears to be complete
/home/fuel/fuel-main/local_mirror/centos/os/x86_64/Packages/nagios-plugins-cluster-1.4.16-5.el6.x86_64.rpm already exists and appears to be complete
/home/fuel/fuel-main/local_mirror/centos/os/x86_64/Packages/nagios-plugins-dhcp-1.4.16-5.el6.x86_64.rpm already exists and appears to be complete
/home/fuel/fuel-main/local_mirror/centos/os/x86_64/Packages/nagios-plugins-dig-1.4.16-5.el6.x86_64.rpm already exists and appears to be complete
/home/fuel/fuel-main/local_mirror/centos/os/x86_64/Packages/nagios-plugins-disk-1.4.16-5.el6.x86_64.rpm already exists and appears to be complete
/home/fuel/fuel-main/local_mirror/centos/os/x86_64/Packages/nagios-plugins-disk_smb-1.4.16-5.el6.x86_64.rpm already exists and appears to be complete
/home/fuel/fuel-main/local_mirror/centos/os/x86_64/Packages/nagios-plugins-dns-1.4.16-5.el6.x86_64.rpm already exists and appears to be complete
/home/fuel/fuel-main/local_mirror/centos/os/x86_64/Packages/nagios-plugins-dummy-1.4.16-5.el6.x86_64.rpm already exists and appears to be complete
/home/fuel/fuel-main/local_mirror/centos/os/x86_64/Packages/nagios-plugins-file_age-1.4.16-5.el6.x86_64.rpm already exists and appears to be complete
/home/fuel/fuel-main/local_mirror/centos/os/x86_64/Packages/nagios-plugins-flexlm-1.4.16-5.el6.x86_64.rpm already exists and appears to be complete
/home/fuel/fuel-main/local_mirror/centos/os/x86_64/Packages/nagios-plugins-hpjd-1.4.16-5.el6.x86_64.rpm already exists and appears to be complete
/home/fuel/fuel-main/local_mirror/centos/os/x86_64/Packages/nagios-plugins-http-1.4.16-5.el6.x86_64.rpm already exists and appears to be complete
/home/fuel/fuel-main/local_mirror/centos/os/x86_64/Packages/nagios-plugins-icmp-1.4.16-5.el6.x86_64.rpm already exists and appears to be complete
/home/fuel/fuel-main/local_mirror/centos/os/x86_64/Packages/nagios-plugins-ide_smart-1.4.16-5.el6.x86_64.rpm already exists and appears to be complete
/home/fuel/fuel-main/local_mirror/centos/os/x86_64/Packages/nagios-plugins-ircd-1.4.16-5.el6.x86_64.rpm already exists and appears to be complete
/home/fuel/fuel-main/local_mirror/centos/os/x86_64/Packages/nagios-plugins-ldap-1.4.16-5.el6.x86_64.rpm already exists and appears to be complete
/home/fuel/fuel-main/local_mirror/centos/os/x86_64/Packages/nagios-plugins-linux_raid-1.4.16-5.el6.x86_64.rpm already exists and appears to be complete
/home/fuel/fuel-main/local_mirror/centos/os/x86_64/Packages/nagios-plugins-load-1.4.16-5.el6.x86_64.rpm already exists and appears to be complete
/home/fuel/fuel-main/local_mirror/centos/os/x86_64/Packages/nagios-plugins-log-1.4.16-5.el6.x86_64.rpm already exists and appears to be complete
/home/fuel/fuel-main/local_mirror/centos/os/x86_64/Packages/nagios-plugins-mailq-1.4.16-5.el6.x86_64.rpm already exists and appears to be complete
/home/fuel/fuel-main/local_mirror/centos/os/x86_64/Packages/nagios-plugins-mrtg-1.4.16-5.el6.x86_64.rpm already exists and appears to be complete
/home/fuel/fuel-main/local_mirror/centos/os/x86_64/Packages/nagios-plugins-mrtgtraf-1.4.16-5.el6.x86_64.rpm already exists and appears to be complete
/home/fuel/fuel-main/local_mirror/centos/os/x86_64/Packages/nagios-plugins-mysql-1.4.16-5.el6.x86_64.rpm already exists and appears to be complete
/home/fuel/fuel-main/local_mirror/centos/os/x86_64/Packages/nagios-plugins-nagios-1.4.16-5.el6.x86_64.rpm already exists and appears to be complete
/home/fuel/fuel-main/local_mirror/centos/os/x86_64/Packages/nagios-plugins-nrpe-2.14-3.el6.x86_64.rpm already exists and appears to be complete
/home/fuel/fuel-main/local_mirror/centos/os/x86_64/Packages/nagios-plugins-nt-1.4.16-5.el6.x86_64.rpm already exists and appears to be complete
/home/fuel/fuel-main/local_mirror/centos/os/x86_64/Packages/nagios-plugins-ntp-1.4.16-5.el6.x86_64.rpm already exists and appears to be complete
/home/fuel/fuel-main/local_mirror/centos/os/x86_64/Packages/nagios-plugins-ntp-perl-1.4.16-5.el6.x86_64.rpm already exists and appears to be complete
/home/fuel/fuel-main/local_mirror/centos/os/x86_64/Packages/nagios-plugins-nwstat-1.4.16-5.el6.x86_64.rpm already exists and appears to be complete
/home/fuel/fuel-main/local_mirror/centos/os/x86_64/Packages/nagios-plugins-oracle-1.4.16-5.el6.x86_64.rpm already exists and appears to be complete
/home/fuel/fuel-main/local_mirror/centos/os/x86_64/Packages/nagios-plugins-os-libvirt-1.0.0-2.el6.x86_64.rpm already exists and appears to be complete
/home/fuel/fuel-main/local_mirror/centos/os/x86_64/Packages/nagios-plugins-os-rabbitmq-1.0.0-2.el6.x86_64.rpm already exists and appears to be complete
/home/fuel/fuel-main/local_mirror/centos/os/x86_64/Packages/nagios-plugins-os-swift-1.0.0-1.el6.x86_64.rpm already exists and appears to be complete
/home/fuel/fuel-main/local_mirror/centos/os/x86_64/Packages/nagios-plugins-overcr-1.4.16-5.el6.x86_64.rpm already exists and appears to be complete
/home/fuel/fuel-main/local_mirror/centos/os/x86_64/Packages/nagios-plugins-perl-1.4.16-5.el6.x86_64.rpm already exists and appears to be complete
/home/fuel/fuel-main/local_mirror/centos/os/x86_64/Packages/nagios-plugins-pgsql-1.4.16-5.el6.x86_64.rpm already exists and appears to be complete
/home/fuel/fuel-main/local_mirror/centos/os/x86_64/Packages/nagios-plugins-ping-1.4.16-5.el6.x86_64.rpm already exists and appears to be complete
/home/fuel/fuel-main/local_mirror/centos/os/x86_64/Packages/nagios-plugins-procs-1.4.16-5.el6.x86_64.rpm already exists and appears to be complete
/home/fuel/fuel-main/local_mirror/centos/os/x86_64/Packages/nagios-plugins-real-1.4.16-5.el6.x86_64.rpm already exists and appears to be complete
/home/fuel/fuel-main/local_mirror/centos/os/x86_64/Packages/nagios-plugins-rpc-1.4.16-5.el6.x86_64.rpm already exists and appears to be complete
/home/fuel/fuel-main/local_mirror/centos/os/x86_64/Packages/nagios-plugins-sensors-1.4.16-5.el6.x86_64.rpm already exists and appears to be complete
/home/fuel/fuel-main/local_mirror/centos/os/x86_64/Packages/nagios-plugins-smtp-1.4.16-5.el6.x86_64.rpm already exists and appears to be complete
/home/fuel/fuel-main/local_mirror/centos/os/x86_64/Packages/nagios-plugins-snmp-1.4.16-5.el6.x86_64.rpm already exists and appears to be complete
/home/fuel/fuel-main/local_mirror/centos/os/x86_64/Packages/nagios-plugins-ssh-1.4.16-5.el6.x86_64.rpm already exists and appears to be complete
/home/fuel/fuel-main/local_mirror/centos/os/x86_64/Packages/nagios-plugins-swap-1.4.16-5.el6.x86_64.rpm already exists and appears to be complete
/home/fuel/fuel-main/local_mirror/centos/os/x86_64/Packages/nagios-plugins-tcp-1.4.16-5.el6.x86_64.rpm already exists and appears to be complete
/home/fuel/fuel-main/local_mirror/centos/os/x86_64/Packages/nagios-plugins-time-1.4.16-5.el6.x86_64.rpm already exists and appears to be complete
/home/fuel/fuel-main/local_mirror/centos/os/x86_64/Packages/nagios-plugins-ups-1.4.16-5.el6.x86_64.rpm already exists and appears to be complete
/home/fuel/fuel-main/local_mirror/centos/os/x86_64/Packages/nagios-plugins-users-1.4.16-5.el6.x86_64.rpm already exists and appears to be complete
/home/fuel/fuel-main/local_mirror/centos/os/x86_64/Packages/nagios-plugins-wave-1.4.16-5.el6.x86_64.rpm already exists and appears to be complete
/home/fuel/fuel-main/local_mirror/centos/os/x86_64/Packages/nfs-utils-1.2.3-39.el6.x86_64.rpm already exists and appears to be complete
/home/fuel/fuel-main/local_mirror/centos/os/x86_64/Packages/nginx-1.0.15-4.el6.x86_64.rpm already exists and appears to be complete
/home/fuel/fuel-main/local_mirror/centos/os/x86_64/Packages/nodejs-0.10.4-1.el6.x86_64.rpm already exists and appears to be complete
/home/fuel/fuel-main/local_mirror/centos/os/x86_64/Packages/nodejs-less-1.3.3-3.el6.noarch.rpm already exists and appears to be complete
/home/fuel/fuel-main/local_mirror/centos/os/x86_64/Packages/novnc-0.4-8.el6.noarch.rpm already exists and appears to be complete
/home/fuel/fuel-main/local_mirror/centos/os/x86_64/Packages/nrpe-2.14-3.el6.x86_64.rpm already exists and appears to be complete
/home/fuel/fuel-main/local_mirror/centos/os/x86_64/Packages/ntp-4.2.6p5-1.el6.centos.x86_64.rpm already exists and appears to be complete
/home/fuel/fuel-main/local_mirror/centos/os/x86_64/Packages/numpy-1.4.1-9.el6.x86_64.rpm already exists and appears to be complete
/home/fuel/fuel-main/local_mirror/centos/os/x86_64/Packages/openssh-clients-5.3p1-94.el6.x86_64.rpm already exists and appears to be complete
/home/fuel/fuel-main/local_mirror/centos/os/x86_64/Packages/openssh-server-5.3p1-94.el6.x86_64.rpm already exists and appears to be complete
/home/fuel/fuel-main/local_mirror/centos/os/x86_64/Packages/openssl-devel-1.0.1e-16.el6_5.14.x86_64.rpm already exists and appears to be complete
/home/fuel/fuel-main/local_mirror/centos/os/x86_64/Packages/openstack-ceilometer-api-2014.2.rc1-fuel6.0.mira6.noarch.rpm already exists and appears to be complete
/home/fuel/fuel-main/local_mirror/centos/os/x86_64/Packages/openstack-ceilometer-alarm-2014.2.rc1-fuel6.0.mira6.noarch.rpm already exists and appears to be complete
/home/fuel/fuel-main/local_mirror/centos/os/x86_64/Packages/openstack-ceilometer-central-2014.2.rc1-fuel6.0.mira6.noarch.rpm already exists and appears to be complete
/home/fuel/fuel-main/local_mirror/centos/os/x86_64/Packages/openstack-ceilometer-collector-2014.2.rc1-fuel6.0.mira6.noarch.rpm already exists and appears to be complete
/home/fuel/fuel-main/local_mirror/centos/os/x86_64/Packages/openstack-ceilometer-common-2014.2.rc1-fuel6.0.mira6.noarch.rpm already exists and appears to be complete
/home/fuel/fuel-main/local_mirror/centos/os/x86_64/Packages/openstack-ceilometer-compute-2014.2.rc1-fuel6.0.mira6.noarch.rpm already exists and appears to be complete
/home/fuel/fuel-main/local_mirror/centos/os/x86_64/Packages/openstack-ceilometer-notification-2014.2.rc1-fuel6.0.mira6.noarch.rpm already exists and appears to be complete
/home/fuel/fuel-main/local_mirror/centos/os/x86_64/Packages/openstack-cinder-2014.2.rc1-fuel6.0.mira7.noarch.rpm already exists and appears to be complete
/home/fuel/fuel-main/local_mirror/centos/os/x86_64/Packages/openstack-dashboard-2014.2.b3-fuel6.0.mira1.noarch.rpm already exists and appears to be complete
/home/fuel/fuel-main/local_mirror/centos/os/x86_64/Packages/openstack-glance-2014.2.rc1-fuel6.0.mira6.noarch.rpm already exists and appears to be complete
/home/fuel/fuel-main/local_mirror/centos/os/x86_64/Packages/openstack-heat-api-2014.2.b3-fuel6.0.mira0.noarch.rpm already exists and appears to be complete
/home/fuel/fuel-main/local_mirror/centos/os/x86_64/Packages/openstack-heat-api-cfn-2014.2.b3-fuel6.0.mira0.noarch.rpm already exists and appears to be complete
/home/fuel/fuel-main/local_mirror/centos/os/x86_64/Packages/openstack-heat-api-cloudwatch-2014.2.b3-fuel6.0.mira0.noarch.rpm already exists and appears to be complete
/home/fuel/fuel-main/local_mirror/centos/os/x86_64/Packages/openstack-heat-common-2014.2.b3-fuel6.0.mira0.noarch.rpm already exists and appears to be complete
/home/fuel/fuel-main/local_mirror/centos/os/x86_64/Packages/openstack-heat-engine-2014.2.b3-fuel6.0.mira0.noarch.rpm already exists and appears to be complete
/home/fuel/fuel-main/local_mirror/centos/os/x86_64/Packages/openstack-keystone-2014.2.rc1-fuel6.0.mira6.noarch.rpm already exists and appears to be complete
/home/fuel/fuel-main/local_mirror/centos/os/x86_64/Packages/openstack-neutron-2014.2.b3-fuel6.0.mira1.noarch.rpm already exists and appears to be complete
/home/fuel/fuel-main/local_mirror/centos/os/x86_64/Packages/openstack-neutron-bigswitch-2014.2.b3-fuel6.0.mira1.noarch.rpm already exists and appears to be complete
/home/fuel/fuel-main/local_mirror/centos/os/x86_64/Packages/openstack-neutron-brocade-2014.2.b3-fuel6.0.mira1.noarch.rpm already exists and appears to be complete
/home/fuel/fuel-main/local_mirror/centos/os/x86_64/Packages/openstack-neutron-cisco-2014.2.b3-fuel6.0.mira1.noarch.rpm already exists and appears to be complete
/home/fuel/fuel-main/local_mirror/centos/os/x86_64/Packages/openstack-neutron-hyperv-2014.2.b3-fuel6.0.mira1.noarch.rpm already exists and appears to be complete
/home/fuel/fuel-main/local_mirror/centos/os/x86_64/Packages/openstack-neutron-ibm-2014.2.b3-fuel6.0.mira1.noarch.rpm already exists and appears to be complete
/home/fuel/fuel-main/local_mirror/centos/os/x86_64/Packages/openstack-neutron-linuxbridge-2014.2.b3-fuel6.0.mira1.noarch.rpm already exists and appears to be complete
/home/fuel/fuel-main/local_mirror/centos/os/x86_64/Packages/openstack-neutron-mellanox-2014.2.b3-fuel6.0.mira1.noarch.rpm already exists and appears to be complete
/home/fuel/fuel-main/local_mirror/centos/os/x86_64/Packages/openstack-neutron-metering-agent-2014.2.b3-fuel6.0.mira1.noarch.rpm already exists and appears to be complete
/home/fuel/fuel-main/local_mirror/centos/os/x86_64/Packages/openstack-neutron-midonet-2014.2.b3-fuel6.0.mira1.noarch.rpm already exists and appears to be complete
/home/fuel/fuel-main/local_mirror/centos/os/x86_64/Packages/openstack-neutron-ml2-2014.2.b3-fuel6.0.mira1.noarch.rpm already exists and appears to be complete
/home/fuel/fuel-main/local_mirror/centos/os/x86_64/Packages/openstack-neutron-nec-2014.2.b3-fuel6.0.mira1.noarch.rpm already exists and appears to be complete
/home/fuel/fuel-main/local_mirror/centos/os/x86_64/Packages/openstack-neutron-nuage-2014.2.b3-fuel6.0.mira1.noarch.rpm already exists and appears to be complete
/home/fuel/fuel-main/local_mirror/centos/os/x86_64/Packages/openstack-neutron-ofagent-2014.2.b3-fuel6.0.mira1.noarch.rpm already exists and appears to be complete
/home/fuel/fuel-main/local_mirror/centos/os/x86_64/Packages/openstack-neutron-oneconvergence-nvsd-2014.2.b3-fuel6.0.mira1.noarch.rpm already exists and appears to be complete
/home/fuel/fuel-main/local_mirror/centos/os/x86_64/Packages/openstack-neutron-openvswitch-2014.2.b3-fuel6.0.mira1.noarch.rpm already exists and appears to be complete
/home/fuel/fuel-main/local_mirror/centos/os/x86_64/Packages/openstack-neutron-plumgrid-2014.2.b3-fuel6.0.mira1.noarch.rpm already exists and appears to be complete
/home/fuel/fuel-main/local_mirror/centos/os/x86_64/Packages/openstack-neutron-ryu-2014.2.b3-fuel6.0.mira1.noarch.rpm already exists and appears to be complete
/home/fuel/fuel-main/local_mirror/centos/os/x86_64/Packages/openstack-neutron-vmware-2014.2.b3-fuel6.0.mira1.noarch.rpm already exists and appears to be complete
/home/fuel/fuel-main/local_mirror/centos/os/x86_64/Packages/openstack-neutron-vpn-agent-2014.2.b3-fuel6.0.mira1.noarch.rpm already exists and appears to be complete
/home/fuel/fuel-main/local_mirror/centos/os/x86_64/Packages/openstack-nova-2014.2.rc1-fuel6.0.mira7.noarch.rpm already exists and appears to be complete
/home/fuel/fuel-main/local_mirror/centos/os/x86_64/Packages/openstack-nova-api-2014.2.rc1-fuel6.0.mira7.noarch.rpm already exists and appears to be complete
/home/fuel/fuel-main/local_mirror/centos/os/x86_64/Packages/openstack-nova-cells-2014.2.rc1-fuel6.0.mira7.noarch.rpm already exists and appears to be complete
/home/fuel/fuel-main/local_mirror/centos/os/x86_64/Packages/openstack-nova-cert-2014.2.rc1-fuel6.0.mira7.noarch.rpm already exists and appears to be complete
/home/fuel/fuel-main/local_mirror/centos/os/x86_64/Packages/openstack-nova-common-2014.2.rc1-fuel6.0.mira7.noarch.rpm already exists and appears to be complete
/home/fuel/fuel-main/local_mirror/centos/os/x86_64/Packages/openstack-nova-compute-2014.2.rc1-fuel6.0.mira7.noarch.rpm already exists and appears to be complete
/home/fuel/fuel-main/local_mirror/centos/os/x86_64/Packages/openstack-nova-conductor-2014.2.rc1-fuel6.0.mira7.noarch.rpm already exists and appears to be complete
/home/fuel/fuel-main/local_mirror/centos/os/x86_64/Packages/openstack-nova-console-2014.2.rc1-fuel6.0.mira7.noarch.rpm already exists and appears to be complete
/home/fuel/fuel-main/local_mirror/centos/os/x86_64/Packages/openstack-nova-network-2014.2.rc1-fuel6.0.mira7.noarch.rpm already exists and appears to be complete
/home/fuel/fuel-main/local_mirror/centos/os/x86_64/Packages/openstack-nova-novncproxy-2014.2.rc1-fuel6.0.mira7.noarch.rpm already exists and appears to be complete
/home/fuel/fuel-main/local_mirror/centos/os/x86_64/Packages/openstack-nova-objectstore-2014.2.rc1-fuel6.0.mira7.noarch.rpm already exists and appears to be complete
/home/fuel/fuel-main/local_mirror/centos/os/x86_64/Packages/openstack-nova-scheduler-2014.2.rc1-fuel6.0.mira7.noarch.rpm already exists and appears to be complete
/home/fuel/fuel-main/local_mirror/centos/os/x86_64/Packages/openstack-swift-2.1.0-fuel6.0.mira0.noarch.rpm already exists and appears to be complete
/home/fuel/fuel-main/local_mirror/centos/os/x86_64/Packages/openstack-swift-account-2.1.0-fuel6.0.mira0.noarch.rpm already exists and appears to be complete
/home/fuel/fuel-main/local_mirror/centos/os/x86_64/Packages/openstack-swift-container-2.1.0-fuel6.0.mira0.noarch.rpm already exists and appears to be complete
/home/fuel/fuel-main/local_mirror/centos/os/x86_64/Packages/openstack-swift-object-2.1.0-fuel6.0.mira0.noarch.rpm already exists and appears to be complete
/home/fuel/fuel-main/local_mirror/centos/os/x86_64/Packages/openstack-swift-plugin-swift3-1.0.0-0.20120711git.el6.noarch.rpm already exists and appears to be complete
/home/fuel/fuel-main/local_mirror/centos/os/x86_64/Packages/openstack-swift-proxy-2.1.0-fuel6.0.mira0.noarch.rpm already exists and appears to be complete
/home/fuel/fuel-main/local_mirror/centos/os/x86_64/Packages/openstack-utils-2013.1-8.el6.noarch.rpm already exists and appears to be complete
/home/fuel/fuel-main/local_mirror/centos/os/x86_64/Packages/openvswitch-1.10.2-1.x86_64.rpm already exists and appears to be complete
/home/fuel/fuel-main/local_mirror/centos/os/x86_64/Packages/openpgm-5.1.118-3.mira1.x86_64.rpm already exists and appears to be complete
/home/fuel/fuel-main/local_mirror/centos/os/x86_64/Packages/kmod-openvswitch-1.10.2-1.el6.x86_64.rpm already exists and appears to be complete
/home/fuel/fuel-main/local_mirror/centos/os/x86_64/Packages/pacemaker-1.1.10-14.el6_5.3.x86_64.rpm already exists and appears to be complete
/home/fuel/fuel-main/local_mirror/centos/os/x86_64/Packages/parted-2.1-21.el6.x86_64.rpm already exists and appears to be complete
/home/fuel/fuel-main/local_mirror/centos/os/x86_64/Packages/passwd-0.77-4.el6_2.2.x86_64.rpm already exists and appears to be complete
/home/fuel/fuel-main/local_mirror/centos/os/x86_64/Packages/patch-2.6-6.el6.x86_64.rpm already exists and appears to be complete
/home/fuel/fuel-main/local_mirror/centos/os/x86_64/Packages/pax-3.4-10.1.el6.x86_64.rpm already exists and appears to be complete
/home/fuel/fuel-main/local_mirror/centos/os/x86_64/Packages/pcapy-0.10.8-2.el6.x86_64.rpm already exists and appears to be complete
/home/fuel/fuel-main/local_mirror/centos/os/x86_64/Packages/percona-toolkit-2.2.6-1.noarch.rpm already exists and appears to be complete
/home/fuel/fuel-main/local_mirror/centos/os/x86_64/Packages/perl-DBD-MySQL-4.022-1.el6.x86_64.rpm already exists and appears to be complete
/home/fuel/fuel-main/local_mirror/centos/os/x86_64/Packages/perl-LockFile-Simple-0.207-2.el6.noarch.rpm already exists and appears to be complete
/home/fuel/fuel-main/local_mirror/centos/os/x86_64/Packages/perl-devel-5.10.1-136.el6.x86_64.rpm already exists and appears to be complete
/home/fuel/fuel-main/local_mirror/centos/os/x86_64/Packages/policycoreutils-2.0.83-19.39.el6.x86_64.rpm already exists and appears to be complete
/home/fuel/fuel-main/local_mirror/centos/os/x86_64/Packages/postgresql-9.2.5-3.mira1.x86_64.rpm already exists and appears to be complete
/home/fuel/fuel-main/local_mirror/centos/os/x86_64/Packages/postgresql-devel-9.2.5-3.mira1.x86_64.rpm already exists and appears to be complete
/home/fuel/fuel-main/local_mirror/centos/os/x86_64/Packages/postgresql-libs-9.2.5-3.mira1.x86_64.rpm already exists and appears to be complete
/home/fuel/fuel-main/local_mirror/centos/os/x86_64/Packages/postgresql-server-9.2.5-3.mira1.x86_64.rpm already exists and appears to be complete
/home/fuel/fuel-main/local_mirror/centos/os/x86_64/Packages/pssh-2.3.1-15.2.x86_64.rpm already exists and appears to be complete
/home/fuel/fuel-main/local_mirror/centos/os/x86_64/Packages/pcs-0.9.90-2.el6.centos.3.noarch.rpm already exists and appears to be complete
/home/fuel/fuel-main/local_mirror/centos/os/x86_64/Packages/pcs-0.9.103-2.el6.x86_64.rpm already exists and appears to be complete
/home/fuel/fuel-main/local_mirror/centos/os/x86_64/Packages/puppet-3.4.2-1.mira2.noarch.rpm already exists and appears to be complete
/home/fuel/fuel-main/local_mirror/centos/os/x86_64/Packages/puppet-server-3.4.2-1.mira2.noarch.rpm already exists and appears to be complete
/home/fuel/fuel-main/local_mirror/centos/os/x86_64/Packages/puppetdb-1.2.0-1.el6.noarch.rpm already exists and appears to be complete
/home/fuel/fuel-main/local_mirror/centos/os/x86_64/Packages/puppetdb-terminus-1.2.0-1.el6.noarch.rpm already exists and appears to be complete
/home/fuel/fuel-main/local_mirror/centos/os/x86_64/Packages/puppetlabs-release-6-6.noarch.rpm already exists and appears to be complete
/home/fuel/fuel-main/local_mirror/centos/os/x86_64/Packages/pushy-0.5.3-1.noarch.rpm already exists and appears to be complete
/home/fuel/fuel-main/local_mirror/centos/os/x86_64/Packages/pygobject2-2.20.0-5.el6.x86_64.rpm already exists and appears to be complete
/home/fuel/fuel-main/local_mirror/centos/os/x86_64/Packages/pyparsing-2.0.1-3.el6.noarch.rpm already exists and appears to be complete
/home/fuel/fuel-main/local_mirror/centos/os/x86_64/Packages/pyparsing-doc-2.0.1-3.el6.noarch.rpm already exists and appears to be complete
/home/fuel/fuel-main/local_mirror/centos/os/x86_64/Packages/pysendfile-2.0.0-3.el6.x86_64.rpm already exists and appears to be complete
/home/fuel/fuel-main/local_mirror/centos/os/x86_64/Packages/python-actdiag-0.4.3-1.noarch.rpm already exists and appears to be complete
/home/fuel/fuel-main/local_mirror/centos/os/x86_64/Packages/python-alembic-0.6.7-3.mira1.noarch.rpm already exists and appears to be complete
/home/fuel/fuel-main/local_mirror/centos/os/x86_64/Packages/python-amqp-1.4.5-2.mira1.noarch.rpm already exists and appears to be complete
/home/fuel/fuel-main/local_mirror/centos/os/x86_64/Packages/python-amqplib-1.0.2-1.el6.noarch.rpm already exists and appears to be complete
/home/fuel/fuel-main/local_mirror/centos/os/x86_64/Packages/python-anyjson-0.3.3-2.el6.noarch.rpm already exists and appears to be complete
/home/fuel/fuel-main/local_mirror/centos/os/x86_64/Packages/python-argparse-1.2.1-2.el6.noarch.rpm already exists and appears to be complete
/home/fuel/fuel-main/local_mirror/centos/os/x86_64/Packages/python-babel-1.3-2.mira2.noarch.rpm already exists and appears to be complete
/home/fuel/fuel-main/local_mirror/centos/os/x86_64/Packages/python-blockdiag-1.2.4-1.noarch.rpm already exists and appears to be complete
/home/fuel/fuel-main/local_mirror/centos/os/x86_64/Packages/python-ceilometer-2014.2.rc1-fuel6.0.mira6.noarch.rpm already exists and appears to be complete
/home/fuel/fuel-main/local_mirror/centos/os/x86_64/Packages/python-ceilometerclient-1.0.11-fuel6.0.mira14.noarch.rpm already exists and appears to be complete
/home/fuel/fuel-main/local_mirror/centos/os/x86_64/Packages/python-ceph-0.80.4-0.mira1.x86_64.rpm already exists and appears to be complete
/home/fuel/fuel-main/local_mirror/centos/os/x86_64/Packages/python-cheetah-2.4.1-1.el6.x86_64.rpm already exists and appears to be complete
/home/fuel/fuel-main/local_mirror/centos/os/x86_64/Packages/python-cinder-2014.2.rc1-fuel6.0.mira7.noarch.rpm already exists and appears to be complete
/home/fuel/fuel-main/local_mirror/centos/os/x86_64/Packages/python-cinderclient-1.1.1-fuel6.0.mira10.noarch.rpm already exists and appears to be complete
/home/fuel/fuel-main/local_mirror/centos/os/x86_64/Packages/python-cliff-1.6.1-3.mira1.noarch.rpm already exists and appears to be complete
/home/fuel/fuel-main/local_mirror/centos/os/x86_64/Packages/python-cliff-tablib-1.1-1.2.noarch.rpm already exists and appears to be complete
/home/fuel/fuel-main/local_mirror/centos/os/x86_64/Packages/python-cloudfiles-1.7.9.3-1.el6.noarch.rpm already exists and appears to be complete
/home/fuel/fuel-main/local_mirror/centos/os/x86_64/Packages/python-cmd2-0.6.7-5.el6.noarch.rpm already exists and appears to be complete
/home/fuel/fuel-main/local_mirror/centos/os/x86_64/Packages/python-crypto-2.6.1-1.el6.x86_64.rpm already exists and appears to be complete
/home/fuel/fuel-main/local_mirror/centos/os/x86_64/Packages/python-d2to1-0.2.10-1.el6.noarch.rpm already exists and appears to be complete
/home/fuel/fuel-main/local_mirror/centos/os/x86_64/Packages/python-daemon-1.5.2-1.el6.noarch.rpm already exists and appears to be complete
/home/fuel/fuel-main/local_mirror/centos/os/x86_64/Packages/python-daemonize-2.2.1-0.mira1.noarch.rpm already exists and appears to be complete
/home/fuel/fuel-main/local_mirror/centos/os/x86_64/Packages/python-deltarpm-3.5-0.5.20090913git.el6.x86_64.rpm already exists and appears to be complete
/home/fuel/fuel-main/local_mirror/centos/os/x86_64/Packages/python-devel-2.6.6-52.el6.x86_64.rpm already exists and appears to be complete
/home/fuel/fuel-main/local_mirror/centos/os/x86_64/Packages/python-django-appconf-0.5-3.el6.noarch.rpm already exists and appears to be complete
/home/fuel/fuel-main/local_mirror/centos/os/x86_64/Packages/python-django-compressor-1.4-2.el6.noarch.rpm already exists and appears to be complete
/home/fuel/fuel-main/local_mirror/centos/os/x86_64/Packages/python-django-horizon-2014.2.b3-fuel6.0.mira1.noarch.rpm already exists and appears to be complete
/home/fuel/fuel-main/local_mirror/centos/os/x86_64/Packages/python-django-horizon-doc-2014.2.b3-fuel6.0.mira1.noarch.rpm already exists and appears to be complete
/home/fuel/fuel-main/local_mirror/centos/os/x86_64/Packages/python-django-openstack-auth-1.1.7-1.mira1.noarch.rpm already exists and appears to be complete
/home/fuel/fuel-main/local_mirror/centos/os/x86_64/Packages/python-dmidecode-3.10.13-3.el6_4.x86_64.rpm already exists and appears to be complete
/home/fuel/fuel-main/local_mirror/centos/os/x86_64/Packages/python-ethtool-0.6-5.el6.x86_64.rpm already exists and appears to be complete
/home/fuel/fuel-main/local_mirror/centos/os/x86_64/Packages/python-eventlet-0.15.2-1.mira1.noarch.rpm already exists and appears to be complete
/home/fuel/fuel-main/local_mirror/centos/os/x86_64/Packages/python-funcparserlib-0.3.5-1.noarch.rpm already exists and appears to be complete
/home/fuel/fuel-main/local_mirror/centos/os/x86_64/Packages/python-gflags-1.4-3.el6.noarch.rpm already exists and appears to be complete
/home/fuel/fuel-main/local_mirror/centos/os/x86_64/Packages/python-glance-2014.2.rc1-fuel6.0.mira6.noarch.rpm already exists and appears to be complete
/home/fuel/fuel-main/local_mirror/centos/os/x86_64/Packages/python-glanceclient-0.14.1-fuel6.0.mira19.noarch.rpm already exists and appears to be complete
/home/fuel/fuel-main/local_mirror/centos/os/x86_64/Packages/python-greenlet-0.4.1-1.el6.x86_64.rpm already exists and appears to be complete
/home/fuel/fuel-main/local_mirror/centos/os/x86_64/Packages/python-greenlet-devel-0.4.1-1.el6.x86_64.rpm already exists and appears to be complete
/home/fuel/fuel-main/local_mirror/centos/os/x86_64/Packages/python-heatclient-0.2.12-fuel6.0.mira9.noarch.rpm already exists and appears to be complete
/home/fuel/fuel-main/local_mirror/centos/os/x86_64/Packages/python-httplib2-0.8-1.el6.noarch.rpm already exists and appears to be complete
/home/fuel/fuel-main/local_mirror/centos/os/x86_64/Packages/python-imgcreate-13.4.5-1.mira1.x86_64.rpm already exists and appears to be complete
/home/fuel/fuel-main/local_mirror/centos/os/x86_64/Packages/python-importlib-1.0.2-1.el6.noarch.rpm already exists and appears to be complete
/home/fuel/fuel-main/local_mirror/centos/os/x86_64/Packages/python-ipaddr-2.1.9-1.el6.noarch.rpm already exists and appears to be complete
/home/fuel/fuel-main/local_mirror/centos/os/x86_64/Packages/python-iso8601-0.1.9-1.el6.noarch.rpm already exists and appears to be complete
/home/fuel/fuel-main/local_mirror/centos/os/x86_64/Packages/python-jsonschema-2.3.0-1.0.noarch.rpm already exists and appears to be complete
/home/fuel/fuel-main/local_mirror/centos/os/x86_64/Packages/python-keyring-3.4-1.el6.noarch.rpm already exists and appears to be complete
/home/fuel/fuel-main/local_mirror/centos/os/x86_64/Packages/python-keystone-2014.2.rc1-fuel6.0.mira6.noarch.rpm already exists and appears to be complete
/home/fuel/fuel-main/local_mirror/centos/os/x86_64/Packages/python-keystoneclient-0.11.1-fuel6.0.mira12.noarch.rpm already exists and appears to be complete
/home/fuel/fuel-main/local_mirror/centos/os/x86_64/Packages/python-keystoneclient-doc-0.11.1-fuel6.0.mira12.noarch.rpm already exists and appears to be complete
/home/fuel/fuel-main/local_mirror/centos/os/x86_64/Packages/python-kombu-3.0.16-1.mira1.noarch.rpm already exists and appears to be complete
/home/fuel/fuel-main/local_mirror/centos/os/x86_64/Packages/python-lockfile-0.8-3.el6.noarch.rpm already exists and appears to be complete
/home/fuel/fuel-main/local_mirror/centos/os/x86_64/Packages/python-markdown-2.0.1-3.1.el6.noarch.rpm already exists and appears to be complete
/home/fuel/fuel-main/local_mirror/centos/os/x86_64/Packages/python-meld3-0.6.7-1.el6.x86_64.rpm already exists and appears to be complete
/home/fuel/fuel-main/local_mirror/centos/os/x86_64/Packages/python-migrate-0.9.1-1.mira1.noarch.rpm already exists and appears to be complete
/home/fuel/fuel-main/local_mirror/centos/os/x86_64/Packages/python-muranoclient-0.5.5-fuel6.0.mira22.noarch.rpm already exists and appears to be complete
/home/fuel/fuel-main/local_mirror/centos/os/x86_64/Packages/python-netaddr-0.7.5-4.el6.noarch.rpm already exists and appears to be complete
/home/fuel/fuel-main/local_mirror/centos/os/x86_64/Packages/python-netifaces-0.10.4-1.el6.x86_64.rpm already exists and appears to be complete
/home/fuel/fuel-main/local_mirror/centos/os/x86_64/Packages/python-neutron-2014.2.b3-fuel6.0.mira1.noarch.rpm already exists and appears to be complete
/home/fuel/fuel-main/local_mirror/centos/os/x86_64/Packages/python-neutronclient-2.3.9-fuel6.0.mira21.noarch.rpm already exists and appears to be complete
/home/fuel/fuel-main/local_mirror/centos/os/x86_64/Packages/python-nose-cover3-0.1.0-6.el6.noarch.rpm already exists and appears to be complete
/home/fuel/fuel-main/local_mirror/centos/os/x86_64/Packages/python-nova-2014.2.rc1-fuel6.0.mira7.noarch.rpm already exists and appears to be complete
/home/fuel/fuel-main/local_mirror/centos/os/x86_64/Packages/python-novaclient-2.20.0-fuel6.0.mira16.noarch.rpm already exists and appears to be complete
/home/fuel/fuel-main/local_mirror/centos/os/x86_64/Packages/python-novaclient-doc-2.20.0-fuel6.0.mira16.noarch.rpm already exists and appears to be complete
/home/fuel/fuel-main/local_mirror/centos/os/x86_64/Packages/python-nwdiag-0.9.4-1.noarch.rpm already exists and appears to be complete
/home/fuel/fuel-main/local_mirror/centos/os/x86_64/Packages/python-ordereddict-1.1-2.el6.noarch.rpm already exists and appears to be complete
/home/fuel/fuel-main/local_mirror/centos/os/x86_64/Packages/python-oslo-config-1.4.0-fuel6.0.mira22.noarch.rpm already exists and appears to be complete
/home/fuel/fuel-main/local_mirror/centos/os/x86_64/Packages/python-oslo-config-doc-1.4.0-fuel6.0.mira22.noarch.rpm already exists and appears to be complete
/home/fuel/fuel-main/local_mirror/centos/os/x86_64/Packages/python-osnagios-1.1-5.el6.x86_64.rpm already exists and appears to be complete
/home/fuel/fuel-main/local_mirror/centos/os/x86_64/Packages/python-paramiko-1.13.0-1.el6.noarch.rpm already exists and appears to be complete
/home/fuel/fuel-main/local_mirror/centos/os/x86_64/Packages/python-passlib-1.5.3-1.el6.noarch.rpm already exists and appears to be complete
/home/fuel/fuel-main/local_mirror/centos/os/x86_64/Packages/python-paste-1.7.5.1-4.20111221hg1498.el6.noarch.rpm already exists and appears to be complete
/home/fuel/fuel-main/local_mirror/centos/os/x86_64/Packages/python-paste-deploy1.5-1.5.0-5.el6.noarch.rpm already exists and appears to be complete
/home/fuel/fuel-main/local_mirror/centos/os/x86_64/Packages/python-pbr-0.8.0-1.el6.noarch.rpm already exists and appears to be complete
/home/fuel/fuel-main/local_mirror/centos/os/x86_64/Packages/python-pip-1.4.1-1.el6.noarch.rpm already exists and appears to be complete
/home/fuel/fuel-main/local_mirror/centos/os/x86_64/Packages/python-py-1.4.15-1.el6.noarch.rpm already exists and appears to be complete
/home/fuel/fuel-main/local_mirror/centos/os/x86_64/Packages/python-pylibmc-1.2.3-4.mira1.x86_64.rpm already exists and appears to be complete
/home/fuel/fuel-main/local_mirror/centos/os/x86_64/Packages/python-pygments-1.1.1-1.el6.noarch.rpm already exists and appears to be complete
/home/fuel/fuel-main/local_mirror/centos/os/x86_64/Packages/python-pyudev-0.15-1.el6.noarch.rpm already exists and appears to be complete
/home/fuel/fuel-main/local_mirror/centos/os/x86_64/Packages/python-qpid-qmf-0.14-14.el6_3.x86_64.rpm already exists and appears to be complete
/home/fuel/fuel-main/local_mirror/centos/os/x86_64/Packages/python-rabbit-1.0.1-1.mira1.noarch.rpm already exists and appears to be complete
/home/fuel/fuel-main/local_mirror/centos/os/x86_64/Packages/python-requests-1.2.3-5.el6.noarch.rpm already exists and appears to be complete
/home/fuel/fuel-main/local_mirror/centos/os/x86_64/Packages/python-rhsm-1.1.8-1.el6.x86_64.rpm already exists and appears to be complete
/home/fuel/fuel-main/local_mirror/centos/os/x86_64/Packages/python-routes-1.13-3.mira1.noarch.rpm already exists and appears to be complete
/home/fuel/fuel-main/local_mirror/centos/os/x86_64/Packages/python-routes1.12-1.12.3-4.el6.noarch.rpm already exists and appears to be complete
/home/fuel/fuel-main/local_mirror/centos/os/x86_64/Packages/python-saharaclient-0.7.4-fuel6.0.mira12.noarch.rpm already exists and appears to be complete
/home/fuel/fuel-main/local_mirror/centos/os/x86_64/Packages/python-seqdiag-0.8.2-1.noarch.rpm already exists and appears to be complete
/home/fuel/fuel-main/local_mirror/centos/os/x86_64/Packages/python-setuptools-0.7.2-7.mira1.noarch.rpm already exists and appears to be complete
/home/fuel/fuel-main/local_mirror/centos/os/x86_64/Packages/python-simplejson-3.5.3-2.mira1.x86_64.rpm already exists and appears to be complete
/home/fuel/fuel-main/local_mirror/centos/os/x86_64/Packages/python-six-1.7.0-1.el6.noarch.rpm already exists and appears to be complete
/home/fuel/fuel-main/local_mirror/centos/os/x86_64/Packages/python-sphinx10-1.0.8-1.el6.noarch.rpm already exists and appears to be complete
/home/fuel/fuel-main/local_mirror/centos/os/x86_64/Packages/python-sphinx10-doc-1.0.8-1.el6.noarch.rpm already exists and appears to be complete
/home/fuel/fuel-main/local_mirror/centos/os/x86_64/Packages/python-sqlalchemy-0.5.5-3.el6_2.noarch.rpm already exists and appears to be complete
/home/fuel/fuel-main/local_mirror/centos/os/x86_64/Packages/python-sqlalchemy-0.9.7-2.mira1.x86_64.rpm already exists and appears to be complete
/home/fuel/fuel-main/local_mirror/centos/os/x86_64/Packages/python-stevedore-1.0.0-3.mira1.noarch.rpm already exists and appears to be complete
/home/fuel/fuel-main/local_mirror/centos/os/x86_64/Packages/python-swiftclient-2.3.1-fuel6.0.mira8.noarch.rpm already exists and appears to be complete
/home/fuel/fuel-main/local_mirror/centos/os/x86_64/Packages/python-swiftclient-doc-2.3.1-fuel6.0.mira8.noarch.rpm already exists and appears to be complete
/home/fuel/fuel-main/local_mirror/centos/os/x86_64/Packages/python-tablib-0.9.11.20120702git752443f-5.el6.noarch.rpm already exists and appears to be complete
/home/fuel/fuel-main/local_mirror/centos/os/x86_64/Packages/python-unittest2-0.5.1-3.el6.noarch.rpm already exists and appears to be complete
/home/fuel/fuel-main/local_mirror/centos/os/x86_64/Packages/python-urwid-1.1.1-1.el6.x86_64.rpm already exists and appears to be complete
/home/fuel/fuel-main/local_mirror/centos/os/x86_64/Packages/python-versiontools-1.9.1-3.el6.noarch.rpm already exists and appears to be complete
/home/fuel/fuel-main/local_mirror/centos/os/x86_64/Packages/python-virtualenv-1.7.2-1.el6.noarch.rpm already exists and appears to be complete
/home/fuel/fuel-main/local_mirror/centos/os/x86_64/Packages/python-warlock-1.0.1-1.el6.noarch.rpm already exists and appears to be complete
/home/fuel/fuel-main/local_mirror/centos/os/x86_64/Packages/python-webcolors-1.4-1.noarch.rpm already exists and appears to be complete
/home/fuel/fuel-main/local_mirror/centos/os/x86_64/Packages/python-webob-1.2.3-4.el6.noarch.rpm already exists and appears to be complete
/home/fuel/fuel-main/local_mirror/centos/os/x86_64/Packages/python-websockify-0.6.0-1.mira1.noarch.rpm already exists and appears to be complete
/home/fuel/fuel-main/local_mirror/centos/os/x86_64/Packages/python-werkzeug-0.8.3-2.el6.noarch.rpm already exists and appears to be complete
/home/fuel/fuel-main/local_mirror/centos/os/x86_64/Packages/python-wsgilog-0.3-1.noarch.rpm already exists and appears to be complete
/home/fuel/fuel-main/local_mirror/centos/os/x86_64/Packages/python-wsgiref-0.1.2-6.el6.noarch.rpm already exists and appears to be complete
/home/fuel/fuel-main/local_mirror/centos/os/x86_64/Packages/python-zmq-2.2.0.1-1.mira1.x86_64.rpm already exists and appears to be complete
/home/fuel/fuel-main/local_mirror/centos/os/x86_64/Packages/pyxattr-0.5.0-1.el6.x86_64.rpm already exists and appears to be complete
/home/fuel/fuel-main/local_mirror/centos/os/x86_64/Packages/qemu-2.0.0-4.mira2.x86_64.rpm already exists and appears to be complete
/home/fuel/fuel-main/local_mirror/centos/os/x86_64/Packages/qpid-cpp-server-ssl-0.14-22.el6_3.x86_64.rpm already exists and appears to be complete
/home/fuel/fuel-main/local_mirror/centos/os/x86_64/Packages/qpid-qmf-0.14-14.el6_3.x86_64.rpm already exists and appears to be complete
/home/fuel/fuel-main/local_mirror/centos/os/x86_64/Packages/qpid-tests-0.14-1.el6_2.noarch.rpm already exists and appears to be complete
/home/fuel/fuel-main/local_mirror/centos/os/x86_64/Packages/qpid-tools-0.14-6.el6_3.noarch.rpm already exists and appears to be complete
/home/fuel/fuel-main/local_mirror/centos/os/x86_64/Packages/rabbitmq-server-3.3.5-1.mira1.noarch.rpm already exists and appears to be complete
/home/fuel/fuel-main/local_mirror/centos/os/x86_64/Packages/rbd-fuse-0.80.4-0.mira1.x86_64.rpm already exists and appears to be complete
/home/fuel/fuel-main/local_mirror/centos/os/x86_64/Packages/resource-agents-3.9.5-56.1.x86_64.rpm already exists and appears to be complete
/home/fuel/fuel-main/local_mirror/centos/os/x86_64/Packages/redhat-lsb-core-4.0-7.el6.centos.x86_64.rpm already exists and appears to be complete
/home/fuel/fuel-main/local_mirror/centos/os/x86_64/Packages/rpm-build-4.8.0-37.el6.x86_64.rpm already exists and appears to be complete
/home/fuel/fuel-main/local_mirror/centos/os/x86_64/Packages/rst2pdf-0.16-1.el6.noarch.rpm already exists and appears to be complete
/home/fuel/fuel-main/local_mirror/centos/os/x86_64/Packages/rsync-3.0.6-9.el6_4.1.x86_64.rpm already exists and appears to be complete
/home/fuel/fuel-main/local_mirror/centos/os/x86_64/Packages/rsyslog-5.8.10-8.el6.x86_64.rpm already exists and appears to be complete
/home/fuel/fuel-main/local_mirror/centos/os/x86_64/Packages/rsyslog-relp-5.8.10-8.el6.x86_64.rpm already exists and appears to be complete
/home/fuel/fuel-main/local_mirror/centos/os/x86_64/Packages/ruby-1.8.7.352-13.el6.x86_64.rpm already exists and appears to be complete
/home/fuel/fuel-main/local_mirror/centos/os/x86_64/Packages/ruby-irb-1.8.7.352-13.el6.x86_64.rpm already exists and appears to be complete
/home/fuel/fuel-main/local_mirror/centos/os/x86_64/Packages/ruby-augeas-0.5.0-17.3.x86_64.rpm already exists and appears to be complete
/home/fuel/fuel-main/local_mirror/centos/os/x86_64/Packages/ruby-devel-1.8.7.352-13.el6.x86_64.rpm already exists and appears to be complete
/home/fuel/fuel-main/local_mirror/centos/os/x86_64/Packages/ruby-extlib-0.9.13-5.el6.noarch.rpm already exists and appears to be complete
/home/fuel/fuel-main/local_mirror/centos/os/x86_64/Packages/ruby-libs-1.8.7.352-13.el6.x86_64.rpm already exists and appears to be complete
/home/fuel/fuel-main/local_mirror/centos/os/x86_64/Packages/ruby-mysql-2.8.2-1.el6.x86_64.rpm already exists and appears to be complete
/home/fuel/fuel-main/local_mirror/centos/os/x86_64/Packages/ruby-rdoc-1.8.7.352-13.el6.x86_64.rpm already exists and appears to be complete
/home/fuel/fuel-main/local_mirror/centos/os/x86_64/Packages/ruby-ri-1.8.7.352-13.el6.x86_64.rpm already exists and appears to be complete
/home/fuel/fuel-main/local_mirror/centos/os/x86_64/Packages/ruby-shadow-1.4.1-13.el6.x86_64.rpm already exists and appears to be complete
/home/fuel/fuel-main/local_mirror/centos/os/x86_64/Packages/rubygem-abstract-1.0.0-1.el6.noarch.rpm already exists and appears to be complete
/home/fuel/fuel-main/local_mirror/centos/os/x86_64/Packages/rubygem-activesupport-3.0.10-1.el6.noarch.rpm already exists and appears to be complete
/home/fuel/fuel-main/local_mirror/centos/os/x86_64/Packages/rubygem-arel-2.0.10-1.el6.noarch.rpm already exists and appears to be complete
/home/fuel/fuel-main/local_mirror/centos/os/x86_64/Packages/rubygem-builder-2.1.2-1.el6.noarch.rpm already exists and appears to be complete
/home/fuel/fuel-main/local_mirror/centos/os/x86_64/Packages/rubygem-bundler-1.3.4-1.el6.noarch.rpm already exists and appears to be complete
/home/fuel/fuel-main/local_mirror/centos/os/x86_64/Packages/rubygem-bunny-0.8.0-1.el6.noarch.rpm already exists and appears to be complete
/home/fuel/fuel-main/local_mirror/centos/os/x86_64/Packages/rubygem-cstruct-1.0.1-1.el6.noarch.rpm already exists and appears to be complete
/home/fuel/fuel-main/local_mirror/centos/os/x86_64/Packages/rubygem-daemons-1.0.10-2.el6.noarch.rpm already exists and appears to be complete
/home/fuel/fuel-main/local_mirror/centos/os/x86_64/Packages/rubygem-erubis-2.6.6-1.el6.noarch.rpm already exists and appears to be complete
/home/fuel/fuel-main/local_mirror/centos/os/x86_64/Packages/rubygem-eventmachine-0.12.10-4.el6.x86_64.rpm already exists and appears to be complete
/home/fuel/fuel-main/local_mirror/centos/os/x86_64/Packages/rubygem-eventmachine-doc-0.12.10-4.el6.x86_64.rpm already exists and appears to be complete
/home/fuel/fuel-main/local_mirror/centos/os/x86_64/Packages/rubygem-extlib-0.9.13-5.el6.noarch.rpm already exists and appears to be complete
/home/fuel/fuel-main/local_mirror/centos/os/x86_64/Packages/rubygem-extlib-doc-0.9.13-5.el6.noarch.rpm already exists and appears to be complete
/home/fuel/fuel-main/local_mirror/centos/os/x86_64/Packages/rubygem-fastthread-1.0.7-2.el6.x86_64.rpm already exists and appears to be complete
/home/fuel/fuel-main/local_mirror/centos/os/x86_64/Packages/rubygem-gem_plugin-0.2.3-3.el6.noarch.rpm already exists and appears to be complete
/home/fuel/fuel-main/local_mirror/centos/os/x86_64/Packages/rubygem-highline-1.6.13-1.el6.noarch.rpm already exists and appears to be complete
/home/fuel/fuel-main/local_mirror/centos/os/x86_64/Packages/rubygem-httpclient-2.3.2-5.el6.noarch.rpm already exists and appears to be complete
/home/fuel/fuel-main/local_mirror/centos/os/x86_64/Packages/rubygem-httpclient-doc-2.3.2-5.el6.noarch.rpm already exists and appears to be complete
/home/fuel/fuel-main/local_mirror/centos/os/x86_64/Packages/rubygem-i18n-0.6.4-1.el6.noarch.rpm already exists and appears to be complete
/home/fuel/fuel-main/local_mirror/centos/os/x86_64/Packages/rubygem-ipaddress-0.8.0-3.el6.noarch.rpm already exists and appears to be complete
/home/fuel/fuel-main/local_mirror/centos/os/x86_64/Packages/rubygem-ipaddress-doc-0.8.0-3.el6.noarch.rpm already exists and appears to be complete
/home/fuel/fuel-main/local_mirror/centos/os/x86_64/Packages/rubygem-json-1.7.7-101.el6.x86_64.rpm already exists and appears to be complete
/home/fuel/fuel-main/local_mirror/centos/os/x86_64/Packages/rubygem-json-doc-1.7.7-101.el6.x86_64.rpm already exists and appears to be complete
/home/fuel/fuel-main/local_mirror/centos/os/x86_64/Packages/rubygem-json_pure-1.7.7-1.el6.noarch.rpm already exists and appears to be complete
/home/fuel/fuel-main/local_mirror/centos/os/x86_64/Packages/rubygem-json_pure-doc-1.7.7-1.el6.noarch.rpm already exists and appears to be complete
/home/fuel/fuel-main/local_mirror/centos/os/x86_64/Packages/rubygem-mail-2.2.19-1.el6.noarch.rpm already exists and appears to be complete
/home/fuel/fuel-main/local_mirror/centos/os/x86_64/Packages/rubygem-mime-types-1.16-mira.5.noarch.rpm already exists and appears to be complete
/home/fuel/fuel-main/local_mirror/centos/os/x86_64/Packages/rubygem-mime-types-doc-1.16-mira.5.noarch.rpm already exists and appears to be complete
/home/fuel/fuel-main/local_mirror/centos/os/x86_64/Packages/rubygem-mixlib-authentication-1.1.4-1.el6.noarch.rpm already exists and appears to be complete
/home/fuel/fuel-main/local_mirror/centos/os/x86_64/Packages/rubygem-mixlib-cli-1.2.2-3.el6.noarch.rpm already exists and appears to be complete
/home/fuel/fuel-main/local_mirror/centos/os/x86_64/Packages/rubygem-mixlib-cli-doc-1.2.2-3.el6.noarch.rpm already exists and appears to be complete
/home/fuel/fuel-main/local_mirror/centos/os/x86_64/Packages/rubygem-mixlib-config-1.1.2-1.el6.noarch.rpm already exists and appears to be complete
/home/fuel/fuel-main/local_mirror/centos/os/x86_64/Packages/rubygem-mixlib-log-1.4.1-1.el6.noarch.rpm already exists and appears to be complete
/home/fuel/fuel-main/local_mirror/centos/os/x86_64/Packages/rubygem-mixlib-shellout-1.0.0-1.el6.noarch.rpm already exists and appears to be complete
/home/fuel/fuel-main/local_mirror/centos/os/x86_64/Packages/rubygem-moneta-0.6.0-1.el6.noarch.rpm already exists and appears to be complete
/home/fuel/fuel-main/local_mirror/centos/os/x86_64/Packages/rubygem-mongrel-1.1.5-3.el6.x86_64.rpm already exists and appears to be complete
/home/fuel/fuel-main/local_mirror/centos/os/x86_64/Packages/rubygem-net-ssh-2.2.2-1.el6.noarch.rpm already exists and appears to be complete
/home/fuel/fuel-main/local_mirror/centos/os/x86_64/Packages/rubygem-net-ssh-gateway-1.1.0-1.el6.mira1.noarch.rpm already exists and appears to be complete
/home/fuel/fuel-main/local_mirror/centos/os/x86_64/Packages/rubygem-net-ssh-multi-1.1-1.el6.noarch.rpm already exists and appears to be complete
/home/fuel/fuel-main/local_mirror/centos/os/x86_64/Packages/rubygem-netaddr-1.5.0-2.el6.noarch.rpm already exists and appears to be complete
/home/fuel/fuel-main/local_mirror/centos/os/x86_64/Packages/rubygem-openstack-1.1.2-2.el6.noarch.rpm already exists and appears to be complete
/home/fuel/fuel-main/local_mirror/centos/os/x86_64/Packages/rubygem-polyglot-0.3.3-1.el6.noarch.rpm already exists and appears to be complete
/home/fuel/fuel-main/local_mirror/centos/os/x86_64/Packages/rubygem-rack-1.1.0-2.el6.noarch.rpm already exists and appears to be complete
/home/fuel/fuel-main/local_mirror/centos/os/x86_64/Packages/rubygem-rack-mount-0.6.14-1.el6.noarch.rpm already exists and appears to be complete
/home/fuel/fuel-main/local_mirror/centos/os/x86_64/Packages/rubygem-rack-test-0.5.7-1.el6.noarch.rpm already exists and appears to be complete
/home/fuel/fuel-main/local_mirror/centos/os/x86_64/Packages/rubygem-raemon-0.3.0-1.el6.noarch.rpm already exists and appears to be complete
/home/fuel/fuel-main/local_mirror/centos/os/x86_64/Packages/rubygem-rake-0.8.7-2.1.el6.noarch.rpm already exists and appears to be complete
/home/fuel/fuel-main/local_mirror/centos/os/x86_64/Packages/rubygem-rdoc-3.12.2-1.el6.noarch.rpm already exists and appears to be complete
/home/fuel/fuel-main/local_mirror/centos/os/x86_64/Packages/rubygem-rest-client-1.6.1-2.el6.noarch.rpm already exists and appears to be complete
/home/fuel/fuel-main/local_mirror/centos/os/x86_64/Packages/rubygem-stomp-1.2.16-1.el6.noarch.rpm already exists and appears to be complete
/home/fuel/fuel-main/local_mirror/centos/os/x86_64/Packages/rubygem-stomp-doc-1.2.16-1.el6.noarch.rpm already exists and appears to be complete
/home/fuel/fuel-main/local_mirror/centos/os/x86_64/Packages/rubygem-symboltable-1.0.2-1.noarch.rpm already exists and appears to be complete
/home/fuel/fuel-main/local_mirror/centos/os/x86_64/Packages/rubygem-systemu-2.5.2-1.el6.noarch.rpm already exists and appears to be complete
/home/fuel/fuel-main/local_mirror/centos/os/x86_64/Packages/rubygem-thin-1.2.8-4.el6.x86_64.rpm already exists and appears to be complete
/home/fuel/fuel-main/local_mirror/centos/os/x86_64/Packages/rubygem-thin-doc-1.2.8-4.el6.x86_64.rpm already exists and appears to be complete
/home/fuel/fuel-main/local_mirror/centos/os/x86_64/Packages/rubygem-thor-0.14.6-1.el6.noarch.rpm already exists and appears to be complete
/home/fuel/fuel-main/local_mirror/centos/os/x86_64/Packages/rubygem-treetop-1.4.10-1.el6.noarch.rpm already exists and appears to be complete
/home/fuel/fuel-main/local_mirror/centos/os/x86_64/Packages/rubygem-tzinfo-0.3.37-1.el6.noarch.rpm already exists and appears to be complete
/home/fuel/fuel-main/local_mirror/centos/os/x86_64/Packages/rubygem-uuidtools-2.1.2-1.el6.noarch.rpm already exists and appears to be complete
/home/fuel/fuel-main/local_mirror/centos/os/x86_64/Packages/rubygem-yajl-ruby-1.1.0-1.el6.x86_64.rpm already exists and appears to be complete
/home/fuel/fuel-main/local_mirror/centos/os/x86_64/Packages/rubygems-1.3.7-5.el6.noarch.rpm already exists and appears to be complete
/home/fuel/fuel-main/local_mirror/centos/os/x86_64/Packages/augeas-libs-1.0.0-5.mira1.x86_64.rpm already exists and appears to be complete
/home/fuel/fuel-main/local_mirror/centos/os/x86_64/Packages/libyaml-0.1.3-1.el6.x86_64.rpm already exists and appears to be complete
/home/fuel/fuel-main/local_mirror/centos/os/x86_64/Packages/ruby-2.1.1-1.1.x86_64.rpm already exists and appears to be complete
/home/fuel/fuel-main/local_mirror/centos/os/x86_64/Packages/ruby21-nailgun-mcagents-0.1.0-15.x86_64.rpm already exists and appears to be complete
/home/fuel/fuel-main/local_mirror/centos/os/x86_64/Packages/ruby21-rubygem-json-1.6.1-4.6.x86_64.rpm already exists and appears to be complete
/home/fuel/fuel-main/local_mirror/centos/os/x86_64/Packages/ruby21-puppet-3.4.2-1.mira1.noarch.rpm already exists and appears to be complete
/home/fuel/fuel-main/local_mirror/centos/os/x86_64/Packages/ruby21-rubygem-eventmachine-1.0.3-4.el6.x86_64.rpm already exists and appears to be complete
/home/fuel/fuel-main/local_mirror/centos/os/x86_64/Packages/ruby21-rubygem-amqp-1.4.1-1.el6.mira1.noarch.rpm already exists and appears to be complete
/home/fuel/fuel-main/local_mirror/centos/os/x86_64/Packages/ruby21-rubygem-rest-client-1.6.7-2.el6.noarch.rpm already exists and appears to be complete
/home/fuel/fuel-main/local_mirror/centos/os/x86_64/Packages/ruby21-rubygem-symboltable-1.0.2-1.noarch.rpm already exists and appears to be complete
/home/fuel/fuel-main/local_mirror/centos/os/x86_64/Packages/ruby21-rubygem-open4-1.3.3-2.el6.noarch.rpm already exists and appears to be complete
/home/fuel/fuel-main/local_mirror/centos/os/x86_64/Packages/ruby21-rubygem-json_pure-1.8.1-1.el6.noarch.rpm already exists and appears to be complete
/home/fuel/fuel-main/local_mirror/centos/os/x86_64/Packages/ruby21-facter-1.7.0-1.el6.x86_64.rpm already exists and appears to be complete
/home/fuel/fuel-main/local_mirror/centos/os/x86_64/Packages/ruby21-hiera-1.3.2-1.el6.noarch.rpm already exists and appears to be complete
/home/fuel/fuel-main/local_mirror/centos/os/x86_64/Packages/ruby21-rubygem-rgen-0.6.6-1.el6.noarch.rpm already exists and appears to be complete
/home/fuel/fuel-main/local_mirror/centos/os/x86_64/Packages/ruby21-rubygem-stomp-1.3.2-1.el6.noarch.rpm already exists and appears to be complete
/home/fuel/fuel-main/local_mirror/centos/os/x86_64/Packages/ruby21-rubygem-raemon-0.3.0-1.el6.noarch.rpm already exists and appears to be complete
/home/fuel/fuel-main/local_mirror/centos/os/x86_64/Packages/ruby21-rubygem-mcollective-client-2.4.1-1.el6.noarch.rpm already exists and appears to be complete
/home/fuel/fuel-main/local_mirror/centos/os/x86_64/Packages/ruby21-rubygem-astute-0.0.2-9.noarch.rpm already exists and appears to be complete
/home/fuel/fuel-main/local_mirror/centos/os/x86_64/Packages/ruby21-rubygem-openstack-1.1.2-2.el6.noarch.rpm already exists and appears to be complete
/home/fuel/fuel-main/local_mirror/centos/os/x86_64/Packages/ruby21-mcollective-2.4.1-1.el6.noarch.rpm already exists and appears to be complete
/home/fuel/fuel-main/local_mirror/centos/os/x86_64/Packages/ruby21-rubygem-amq-protocol-1.9.2-1.mira1.noarch.rpm already exists and appears to be complete
/home/fuel/fuel-main/local_mirror/centos/os/x86_64/Packages/ruby21-rubygem-mime-types-2.2-3.el6.noarch.rpm already exists and appears to be complete
/home/fuel/fuel-main/local_mirror/centos/os/x86_64/Packages/ruby21-rubygem-i18n-0.6.9-1.el6.noarch.rpm already exists and appears to be complete
/home/fuel/fuel-main/local_mirror/centos/os/x86_64/Packages/ruby21-rubygem-activesupport-3.0.10-1.el6.noarch.rpm already exists and appears to be complete
/home/fuel/fuel-main/local_mirror/centos/os/x86_64/Packages/ruby21-mcollective-common-2.4.1-1.el6.noarch.rpm already exists and appears to be complete
/home/fuel/fuel-main/local_mirror/centos/os/x86_64/Packages/libselinux-ruby-2.0.94-5.3.el6_4.1.x86_64.rpm already exists and appears to be complete
/home/fuel/fuel-main/local_mirror/centos/os/x86_64/Packages/ruby21-augeas-0.5.0-17.3.x86_64.rpm already exists and appears to be complete
/home/fuel/fuel-main/local_mirror/centos/os/x86_64/Packages/ruby21-rubygem-shadow-1.4.1-21.el6.x86_64.rpm already exists and appears to be complete
/home/fuel/fuel-main/local_mirror/centos/os/x86_64/Packages/sahara-2014.2.rc1-fuel6.0.mira5.noarch.rpm already exists and appears to be complete
/home/fuel/fuel-main/local_mirror/centos/os/x86_64/Packages/scapy-2.0.0.10-5.el6.noarch.rpm already exists and appears to be complete
/home/fuel/fuel-main/local_mirror/centos/os/x86_64/Packages/screen-4.0.3-16.el6.x86_64.rpm already exists and appears to be complete
/home/fuel/fuel-main/local_mirror/centos/os/x86_64/Packages/selinux-policy-3.7.19-231.el6_5.3.noarch.rpm already exists and appears to be complete
/home/fuel/fuel-main/local_mirror/centos/os/x86_64/Packages/selinux-policy-targeted-3.7.19-231.el6_5.3.noarch.rpm already exists and appears to be complete
/home/fuel/fuel-main/local_mirror/centos/os/x86_64/Packages/send2syslog-0.1-1.el6.x86_64.rpm already exists and appears to be complete
/home/fuel/fuel-main/local_mirror/centos/os/x86_64/Packages/snappy-1.0.5-1.el6.x86_64.rpm already exists and appears to be complete
/home/fuel/fuel-main/local_mirror/centos/os/x86_64/Packages/socat-1.7.2.2-1.el6.x86_64.rpm already exists and appears to be complete
/home/fuel/fuel-main/local_mirror/centos/os/x86_64/Packages/sphinxcontrib-actdiag-0.5.1-3.noarch.rpm already exists and appears to be complete
/home/fuel/fuel-main/local_mirror/centos/os/x86_64/Packages/sphinxcontrib-blockdiag-1.2.0-3.noarch.rpm already exists and appears to be complete
/home/fuel/fuel-main/local_mirror/centos/os/x86_64/Packages/sphinxcontrib-nwdiag-0.6.1-3.noarch.rpm already exists and appears to be complete
/home/fuel/fuel-main/local_mirror/centos/os/x86_64/Packages/sphinxcontrib-seqdiag-0.5.1-3.noarch.rpm already exists and appears to be complete
/home/fuel/fuel-main/local_mirror/centos/os/x86_64/Packages/subscription-manager-1.1.23.1-1.el6.x86_64.rpm already exists and appears to be complete
/home/fuel/fuel-main/local_mirror/centos/os/x86_64/Packages/supervisor-3.0a12-0.12.el6.noarch.rpm already exists and appears to be complete
/home/fuel/fuel-main/local_mirror/centos/os/x86_64/Packages/syslinux-4.02-8.el6.x86_64.rpm already exists and appears to be complete
/home/fuel/fuel-main/local_mirror/centos/os/x86_64/Packages/system-config-firewall-base-1.2.27-5.el6.noarch.rpm already exists and appears to be complete
/home/fuel/fuel-main/local_mirror/centos/os/x86_64/Packages/sheepdog-0.2.3-2.el6.x86_64.rpm already exists and appears to be complete
/home/fuel/fuel-main/local_mirror/centos/os/x86_64/Packages/tcpdump-4.0.0-3.20090921gitdf3cb4.2.el6.x86_64.rpm already exists and appears to be complete
/home/fuel/fuel-main/local_mirror/centos/os/x86_64/Packages/tftp-server-0.49-7.el6.x86_64.rpm already exists and appears to be complete
/home/fuel/fuel-main/local_mirror/centos/os/x86_64/Packages/time-1.7-37.1.el6.x86_64.rpm already exists and appears to be complete
/home/fuel/fuel-main/local_mirror/centos/os/x86_64/Packages/tinyproxy-1.8.2-1.el6.x86_64.rpm already exists and appears to be complete
/home/fuel/fuel-main/local_mirror/centos/os/x86_64/Packages/tmux-1.6-3.el6.x86_64.rpm already exists and appears to be complete
/home/fuel/fuel-main/local_mirror/centos/os/x86_64/Packages/unzip-6.0-1.el6.x86_64.rpm already exists and appears to be complete
/home/fuel/fuel-main/local_mirror/centos/os/x86_64/Packages/usermode-1.102-3.el6.x86_64.rpm already exists and appears to be complete
/home/fuel/fuel-main/local_mirror/centos/os/x86_64/Packages/uwsgi-2.0.3-1.mw.mira1.x86_64.rpm already exists and appears to be complete
/home/fuel/fuel-main/local_mirror/centos/os/x86_64/Packages/uwsgi-plugin-common-2.0.3-1.mw.mira1.x86_64.rpm already exists and appears to be complete
/home/fuel/fuel-main/local_mirror/centos/os/x86_64/Packages/uwsgi-plugin-python-2.0.3-1.mw.mira1.x86_64.rpm already exists and appears to be complete
/home/fuel/fuel-main/local_mirror/centos/os/x86_64/Packages/v8-3.14.5.7-3.el6.x86_64.rpm already exists and appears to be complete
/home/fuel/fuel-main/local_mirror/centos/os/x86_64/Packages/vim-enhanced-7.2.411-1.8.el6.x86_64.rpm already exists and appears to be complete
/home/fuel/fuel-main/local_mirror/centos/os/x86_64/Packages/virt-what-1.11-1.2.el6.x86_64.rpm already exists and appears to be complete
/home/fuel/fuel-main/local_mirror/centos/os/x86_64/Packages/wget-1.12-1.11.el6_5.x86_64.rpm already exists and appears to be complete
/home/fuel/fuel-main/local_mirror/centos/os/x86_64/Packages/whatmask-1.2-7.el6.x86_64.rpm already exists and appears to be complete
/home/fuel/fuel-main/local_mirror/centos/os/x86_64/Packages/wireshark-1.8.10-7.el6_5.x86_64.rpm already exists and appears to be complete
/home/fuel/fuel-main/local_mirror/centos/os/x86_64/Packages/wxBase-2.8.12-2.el6.x86_64.rpm already exists and appears to be complete
/home/fuel/fuel-main/local_mirror/centos/os/x86_64/Packages/wxGTK-2.8.12-2.el6.x86_64.rpm already exists and appears to be complete
/home/fuel/fuel-main/local_mirror/centos/os/x86_64/Packages/wxGTK-gl-2.8.12-2.el6.x86_64.rpm already exists and appears to be complete
/home/fuel/fuel-main/local_mirror/centos/os/x86_64/Packages/xfsprogs-3.1.1-14.el6.x86_64.rpm already exists and appears to be complete
/home/fuel/fuel-main/local_mirror/centos/os/x86_64/Packages/xinetd-2.3.14-39.el6_4.x86_64.rpm already exists and appears to be complete
/home/fuel/fuel-main/local_mirror/centos/os/x86_64/Packages/percona-xtrabackup-2.1.6-1.el6.mira1.mira1.x86_64.rpm already exists and appears to be complete
/home/fuel/fuel-main/local_mirror/centos/os/x86_64/Packages/yum-3.2.29-40.el6.centos.noarch.rpm already exists and appears to be complete
/home/fuel/fuel-main/local_mirror/centos/os/x86_64/Packages/yum-utils-1.1.30-14.el6.noarch.rpm already exists and appears to be complete
/home/fuel/fuel-main/local_mirror/centos/os/x86_64/Packages/zeromq-2.2.0-4.mira1.x86_64.rpm already exists and appears to be complete
/home/fuel/fuel-main/local_mirror/centos/os/x86_64/Packages/zeromq3-3.2.4-1.mira1.x86_64.rpm already exists and appears to be complete
/home/fuel/fuel-main/local_mirror/centos/os/x86_64/Packages/zlib-devel-1.2.3-29.el6.x86_64.rpm already exists and appears to be complete
/home/fuel/fuel-main/local_mirror/centos/os/x86_64/Packages/python-pypcap-1.1-15.1.x86_64.rpm already exists and appears to be complete
/home/fuel/fuel-main/local_mirror/centos/os/x86_64/Packages/nailgun-0.1.0-603.noarch.rpm already exists and appears to be complete
/home/fuel/fuel-main/local_mirror/centos/os/x86_64/Packages/fuel-ostf-0.1-1.noarch.rpm already exists and appears to be complete
/home/fuel/fuel-main/local_mirror/centos/os/x86_64/Packages/shotgun-0.1.0-177.noarch.rpm already exists and appears to be complete
/home/fuel/fuel-main/local_mirror/centos/os/x86_64/Packages/fuelmenu-0.1-453.noarch.rpm already exists and appears to be complete
/home/fuel/fuel-main/local_mirror/centos/os/x86_64/Packages/nailgun-agent-0.1.0-1.x86_64.rpm already exists and appears to be complete
/home/fuel/fuel-main/local_mirror/centos/os/x86_64/Packages/nailgun-mcagents-0.1.0-219.x86_64.rpm already exists and appears to be complete
/home/fuel/fuel-main/local_mirror/centos/os/x86_64/Packages/nailgun-net-check-0.2-468.x86_64.rpm already exists and appears to be complete
/home/fuel/fuel-main/local_mirror/centos/os/x86_64/Packages/python-fuelclient-0.2-349.noarch.rpm already exists and appears to be complete
/home/fuel/fuel-main/local_mirror/centos/os/x86_64/Packages/zabbix-2.2.2-1.el6.x86_64.rpm already exists and appears to be complete
/home/fuel/fuel-main/local_mirror/centos/os/x86_64/Packages/zabbix-agent-2.2.2-1.el6.x86_64.rpm already exists and appears to be complete
/home/fuel/fuel-main/local_mirror/centos/os/x86_64/Packages/zabbix-sender-2.2.2-1.el6.x86_64.rpm already exists and appears to be complete
/home/fuel/fuel-main/local_mirror/centos/os/x86_64/Packages/zabbix-server-2.2.2-1.el6.x86_64.rpm already exists and appears to be complete
/home/fuel/fuel-main/local_mirror/centos/os/x86_64/Packages/zabbix-server-mysql-2.2.2-1.el6.x86_64.rpm already exists and appears to be complete
/home/fuel/fuel-main/local_mirror/centos/os/x86_64/Packages/zabbix-server-pgsql-2.2.2-1.el6.x86_64.rpm already exists and appears to be complete
/home/fuel/fuel-main/local_mirror/centos/os/x86_64/Packages/zabbix-web-2.2.2-1.el6.noarch.rpm already exists and appears to be complete
/home/fuel/fuel-main/local_mirror/centos/os/x86_64/Packages/zabbix-web-mysql-2.2.2-1.el6.noarch.rpm already exists and appears to be complete
/home/fuel/fuel-main/local_mirror/centos/os/x86_64/Packages/zabbix-web-pgsql-2.2.2-1.el6.noarch.rpm already exists and appears to be complete
/home/fuel/fuel-main/local_mirror/centos/os/x86_64/Packages/rubygem-rethtool-0.0.3-2.mira1.noarch.rpm already exists and appears to be complete
/home/fuel/fuel-main/local_mirror/centos/os/x86_64/Packages/rubygem-ohai-6.14.0-1.el6.noarch.rpm already exists and appears to be complete
/home/fuel/fuel-main/local_mirror/centos/os/x86_64/Packages/python-repoze-lru-0.3-1.el6.noarch.rpm already exists and appears to be complete
/home/fuel/fuel-main/local_mirror/centos/os/x86_64/Packages/libnih-1.0.1-7.el6.x86_64.rpm already exists and appears to be complete
/home/fuel/fuel-main/local_mirror/centos/os/x86_64/Packages/libSM-1.2.1-2.el6.x86_64.rpm already exists and appears to be complete
/home/fuel/fuel-main/local_mirror/centos/os/x86_64/Packages/python-tempita-0.4-2.el6.noarch.rpm already exists and appears to be complete
/home/fuel/fuel-main/local_mirror/centos/os/x86_64/Packages/cloud-utils-growpart-0.27-9.mira2.x86_64.rpm already exists and appears to be complete
/home/fuel/fuel-main/local_mirror/centos/os/x86_64/Packages/python-tooz-0.3-2.mira1.mira1.noarch.rpm already exists and appears to be complete
/home/fuel/fuel-main/local_mirror/centos/os/x86_64/Packages/python-ecdsa-0.10-1.noarch.rpm already exists and appears to be complete
/home/fuel/fuel-main/local_mirror/centos/os/x86_64/Packages/python-jsonpatch-1.2-2.el6.noarch.rpm already exists and appears to be complete
/home/fuel/fuel-main/local_mirror/centos/os/x86_64/Packages/diffutils-2.8.1-28.el6.x86_64.rpm already exists and appears to be complete
/home/fuel/fuel-main/local_mirror/centos/os/x86_64/Packages/libvirt-daemon-driver-lxc-1.2.5-1.mira1.x86_64.rpm already exists and appears to be complete
/home/fuel/fuel-main/local_mirror/centos/os/x86_64/Packages/kbd-misc-1.15-11.el6.noarch.rpm already exists and appears to be complete
/home/fuel/fuel-main/local_mirror/centos/os/x86_64/Packages/pacemaker-cli-1.1.10-14.el6_5.3.x86_64.rpm already exists and appears to be complete
/home/fuel/fuel-main/local_mirror/centos/os/x86_64/Packages/nss-3.15.3-6.el6_5.x86_64.rpm already exists and appears to be complete
/home/fuel/fuel-main/local_mirror/centos/os/x86_64/Packages/python-XStatic-Angular-1.2.1.1-1.mira1.noarch.rpm already exists and appears to be complete
/home/fuel/fuel-main/local_mirror/centos/os/x86_64/Packages/libtevent-0.9.18-3.el6.x86_64.rpm already exists and appears to be complete
/home/fuel/fuel-main/local_mirror/centos/os/x86_64/Packages/libcap-2.16-5.5.el6.x86_64.rpm already exists and appears to be complete
/home/fuel/fuel-main/local_mirror/centos/os/x86_64/Packages/yum-metadata-parser-1.1.2-16.el6.x86_64.rpm already exists and appears to be complete
/home/fuel/fuel-main/local_mirror/centos/os/x86_64/Packages/xorg-x11-font-utils-7.2-11.el6.x86_64.rpm already exists and appears to be complete
/home/fuel/fuel-main/local_mirror/centos/os/x86_64/Packages/btparser-0.17-2.el6.x86_64.rpm already exists and appears to be complete
/home/fuel/fuel-main/local_mirror/centos/os/x86_64/Packages/gzip-1.3.12-19.el6_4.x86_64.rpm already exists and appears to be complete
/home/fuel/fuel-main/local_mirror/centos/os/x86_64/Packages/python-kazoo-2.0-2.mira1.noarch.rpm already exists and appears to be complete
/home/fuel/fuel-main/local_mirror/centos/os/x86_64/Packages/python-cm-api-7.0-2.mira1.noarch.rpm already exists and appears to be complete
/home/fuel/fuel-main/local_mirror/centos/os/x86_64/Packages/libtdb-1.2.10-1.el6.x86_64.rpm already exists and appears to be complete
/home/fuel/fuel-main/local_mirror/centos/os/x86_64/Packages/hal-0.5.14-11.el6.x86_64.rpm already exists and appears to be complete
/home/fuel/fuel-main/local_mirror/centos/os/x86_64/Packages/python-testtools-0.9.35-1.el6.noarch.rpm already exists and appears to be complete
/home/fuel/fuel-main/local_mirror/centos/os/x86_64/Packages/xdg-utils-1.0.2-17.20091016cvs.el6.noarch.rpm already exists and appears to be complete
/home/fuel/fuel-main/local_mirror/centos/os/x86_64/Packages/glibc-headers-2.12-1.132.el6_5.2.x86_64.rpm already exists and appears to be complete
/home/fuel/fuel-main/local_mirror/centos/os/x86_64/Packages/libuuid-2.17.2-12.14.el6_5.x86_64.rpm already exists and appears to be complete
/home/fuel/fuel-main/local_mirror/centos/os/x86_64/Packages/ca-certificates-2013.1.95-65.1.el6_5.noarch.rpm already exists and appears to be complete
/home/fuel/fuel-main/local_mirror/centos/os/x86_64/Packages/pth-2.0.7-9.3.el6.x86_64.rpm already exists and appears to be complete
/home/fuel/fuel-main/local_mirror/centos/os/x86_64/Packages/pyxf86config-0.3.37-7.1.el6.x86_64.rpm already exists and appears to be complete
/home/fuel/fuel-main/local_mirror/centos/os/x86_64/Packages/python-simplegeneric-0.8.1-1.el6.noarch.rpm already exists and appears to be complete
/home/fuel/fuel-main/local_mirror/centos/os/x86_64/Packages/perl-Git-1.7.1-3.el6_4.1.noarch.rpm already exists and appears to be complete
/home/fuel/fuel-main/local_mirror/centos/os/x86_64/Packages/python-configobj-4.6.0-3.el6.noarch.rpm already exists and appears to be complete
/home/fuel/fuel-main/local_mirror/centos/os/x86_64/Packages/OpenIPMI-libs-2.0.16-14.el6.x86_64.rpm already exists and appears to be complete
/home/fuel/fuel-main/local_mirror/centos/os/x86_64/Packages/fuse-2.8.3-4.el6.x86_64.rpm already exists and appears to be complete
/home/fuel/fuel-main/local_mirror/centos/os/x86_64/Packages/febootstrap-supermin-helper-3.21-4.mira1.x86_64.rpm already exists and appears to be complete
/home/fuel/fuel-main/local_mirror/centos/os/x86_64/Packages/python-psutil-1.2.1-1.mira1.x86_64.rpm already exists and appears to be complete
/home/fuel/fuel-main/local_mirror/centos/os/x86_64/Packages/info-4.13a-8.el6.x86_64.rpm already exists and appears to be complete
/home/fuel/fuel-main/local_mirror/centos/os/x86_64/Packages/python-oslo-vmware-0.6.0-fuel6.0.mira19.noarch.rpm already exists and appears to be complete
/home/fuel/fuel-main/local_mirror/centos/os/x86_64/Packages/libselinux-python-2.0.94-5.3.el6_4.1.x86_64.rpm already exists and appears to be complete
/home/fuel/fuel-main/local_mirror/centos/os/x86_64/Packages/device-mapper-1.02.79-8.el6.x86_64.rpm already exists and appears to be complete
/home/fuel/fuel-main/local_mirror/centos/os/x86_64/Packages/cracklib-dicts-2.8.16-4.el6.x86_64.rpm already exists and appears to be complete
/home/fuel/fuel-main/local_mirror/centos/os/x86_64/Packages/yajl-1.0.7-3.el6.x86_64.rpm already exists and appears to be complete
/home/fuel/fuel-main/local_mirror/centos/os/x86_64/Packages/python-troveclient-1.0.7-fuel6.0.mira13.noarch.rpm already exists and appears to be complete
/home/fuel/fuel-main/local_mirror/centos/os/x86_64/Packages/elfutils-0.152-1.el6.x86_64.rpm already exists and appears to be complete
/home/fuel/fuel-main/local_mirror/centos/os/x86_64/Packages/psmisc-22.6-19.el6_5.x86_64.rpm already exists and appears to be complete
/home/fuel/fuel-main/local_mirror/centos/os/x86_64/Packages/python-PrettyTable-0.7.2-5.1.noarch.rpm already exists and appears to be complete
/home/fuel/fuel-main/local_mirror/centos/os/x86_64/Packages/qpid-cpp-client-0.14-22.el6_3.x86_64.rpm already exists and appears to be complete
/home/fuel/fuel-main/local_mirror/centos/os/x86_64/Packages/python-XStatic-JQuery.TableSorter-2.14.5.1-1.mira1.noarch.rpm already exists and appears to be complete
/home/fuel/fuel-main/local_mirror/centos/os/x86_64/Packages/python-libs-2.6.6-52.el6.x86_64.rpm already exists and appears to be complete
/home/fuel/fuel-main/local_mirror/centos/os/x86_64/Packages/netcf-libs-0.1.9-4.el6_5.2.x86_64.rpm already exists and appears to be complete
/home/fuel/fuel-main/local_mirror/centos/os/x86_64/Packages/libproxy-python-0.3.0-4.el6_3.x86_64.rpm already exists and appears to be complete
/home/fuel/fuel-main/local_mirror/centos/os/x86_64/Packages/perl-Pod-Simple-3.13-136.el6.x86_64.rpm already exists and appears to be complete
/home/fuel/fuel-main/local_mirror/centos/os/x86_64/Packages/python-pycadf-0.6.0-1.mira1.noarch.rpm already exists and appears to be complete
/home/fuel/fuel-main/local_mirror/centos/os/x86_64/Packages/ipset-6.11-1.mira1.x86_64.rpm already exists and appears to be complete
/home/fuel/fuel-main/local_mirror/centos/os/x86_64/Packages/php-bcmath-5.3.3-27.el6_5.x86_64.rpm already exists and appears to be complete
/home/fuel/fuel-main/local_mirror/centos/os/x86_64/Packages/libtirpc-0.2.1-6.el6_5.2.x86_64.rpm already exists and appears to be complete
/home/fuel/fuel-main/local_mirror/centos/os/x86_64/Packages/php-cli-5.3.3-27.el6_5.x86_64.rpm already exists and appears to be complete
/home/fuel/fuel-main/local_mirror/centos/os/x86_64/Packages/libXrender-0.9.7-2.el6.x86_64.rpm already exists and appears to be complete
/home/fuel/fuel-main/local_mirror/centos/os/x86_64/Packages/libvirt-daemon-driver-qemu-1.2.5-1.mira1.x86_64.rpm already exists and appears to be complete
/home/fuel/fuel-main/local_mirror/centos/os/x86_64/Packages/PyPAM-0.5.0-12.el6.x86_64.rpm already exists and appears to be complete
/home/fuel/fuel-main/local_mirror/centos/os/x86_64/Packages/openssl-1.0.1e-16.el6_5.14.x86_64.rpm already exists and appears to be complete
/home/fuel/fuel-main/local_mirror/centos/os/x86_64/Packages/grubby-7.0.15-5.el6.x86_64.rpm already exists and appears to be complete
/home/fuel/fuel-main/local_mirror/centos/os/x86_64/Packages/python-bson-2.5.2-3.el6.x86_64.rpm already exists and appears to be complete
/home/fuel/fuel-main/local_mirror/centos/os/x86_64/Packages/pacemaker-libs-1.1.10-14.el6_5.3.x86_64.rpm already exists and appears to be complete
/home/fuel/fuel-main/local_mirror/centos/os/x86_64/Packages/ncurses-libs-5.7-3.20090208.el6.x86_64.rpm already exists and appears to be complete
/home/fuel/fuel-main/local_mirror/centos/os/x86_64/Packages/gdb-7.2-60.el6_4.1.x86_64.rpm already exists and appears to be complete
/home/fuel/fuel-main/local_mirror/centos/os/x86_64/Packages/newt-python-0.52.11-3.el6.x86_64.rpm already exists and appears to be complete
/home/fuel/fuel-main/local_mirror/centos/os/x86_64/Packages/libsmi-0.4.8-4.el6.x86_64.rpm already exists and appears to be complete
/home/fuel/fuel-main/local_mirror/centos/os/x86_64/Packages/libibverbs-1.1.7-1.el6.x86_64.rpm already exists and appears to be complete
/home/fuel/fuel-main/local_mirror/centos/os/x86_64/Packages/libselinux-utils-2.0.94-5.3.el6_4.1.x86_64.rpm already exists and appears to be complete
/home/fuel/fuel-main/local_mirror/centos/os/x86_64/Packages/udev-147-2.51.el6.x86_64.rpm already exists and appears to be complete
/home/fuel/fuel-main/local_mirror/centos/os/x86_64/Packages/grep-2.6.3-4.el6_5.1.x86_64.rpm already exists and appears to be complete
/home/fuel/fuel-main/local_mirror/centos/os/x86_64/Packages/pacemaker-cluster-libs-1.1.10-14.el6_5.3.x86_64.rpm already exists and appears to be complete
/home/fuel/fuel-main/local_mirror/centos/os/x86_64/Packages/xmlrpc-c-1.16.24-1210.1840.el6.x86_64.rpm already exists and appears to be complete
/home/fuel/fuel-main/local_mirror/centos/os/x86_64/Packages/m2crypto-0.20.2-9.el6.x86_64.rpm already exists and appears to be complete
/home/fuel/fuel-main/local_mirror/centos/os/x86_64/Packages/seabios-bin-1.7.4-5.mira2.noarch.rpm already exists and appears to be complete
/home/fuel/fuel-main/local_mirror/centos/os/x86_64/Packages/pinentry-0.7.6-6.el6.x86_64.rpm already exists and appears to be complete
/home/fuel/fuel-main/local_mirror/centos/os/x86_64/Packages/netpbm-progs-10.47.05-11.el6.x86_64.rpm already exists and appears to be complete
/home/fuel/fuel-main/local_mirror/centos/os/x86_64/Packages/libtalloc-2.0.7-2.el6.x86_64.rpm already exists and appears to be complete
/home/fuel/fuel-main/local_mirror/centos/os/x86_64/Packages/pygpgme-0.1-18.20090824bzr68.el6.x86_64.rpm already exists and appears to be complete
/home/fuel/fuel-main/local_mirror/centos/os/x86_64/Packages/urw-fonts-2.4-10.el6.noarch.rpm already exists and appears to be complete
/home/fuel/fuel-main/local_mirror/centos/os/x86_64/Packages/telnet-0.17-47.el6_3.1.x86_64.rpm already exists and appears to be complete
/home/fuel/fuel-main/local_mirror/centos/os/x86_64/Packages/iscsi-initiator-utils-6.2.0.873-10.el6.x86_64.rpm already exists and appears to be complete
/home/fuel/fuel-main/local_mirror/centos/os/x86_64/Packages/bluez-libs-4.66-1.el6.x86_64.rpm already exists and appears to be complete
/home/fuel/fuel-main/local_mirror/centos/os/x86_64/Packages/openaislib-1.1.4-47.3.x86_64.rpm already exists and appears to be complete
/home/fuel/fuel-main/local_mirror/centos/os/x86_64/Packages/pysnmp-4.2.4-1.el6.noarch.rpm already exists and appears to be complete
/home/fuel/fuel-main/local_mirror/centos/os/x86_64/Packages/tcp_wrappers-7.6-57.el6.x86_64.rpm already exists and appears to be complete
/home/fuel/fuel-main/local_mirror/centos/os/x86_64/Packages/jpackage-utils-1.7.5-3.12.el6.noarch.rpm already exists and appears to be complete
/home/fuel/fuel-main/local_mirror/centos/os/x86_64/Packages/perl-Test-Simple-0.92-136.el6.x86_64.rpm already exists and appears to be complete
/home/fuel/fuel-main/local_mirror/centos/os/x86_64/Packages/librdmacm-1.0.17-1.el6.x86_64.rpm already exists and appears to be complete
/home/fuel/fuel-main/local_mirror/centos/os/x86_64/Packages/celt051-0.5.1.3-0.el6.x86_64.rpm already exists and appears to be complete
/home/fuel/fuel-main/local_mirror/centos/os/x86_64/Packages/mesa-dri-drivers-9.2-0.5.el6_5.2.x86_64.rpm already exists and appears to be complete
/home/fuel/fuel-main/local_mirror/centos/os/x86_64/Packages/dmraid-events-1.0.0.rc16-11.el6.x86_64.rpm already exists and appears to be complete
/home/fuel/fuel-main/local_mirror/centos/os/x86_64/Packages/perl-Time-HiRes-1.9721-136.el6.x86_64.rpm already exists and appears to be complete
/home/fuel/fuel-main/local_mirror/centos/os/x86_64/Packages/gamin-0.1.10-9.el6.x86_64.rpm already exists and appears to be complete
/home/fuel/fuel-main/local_mirror/centos/os/x86_64/Packages/policycoreutils-python-2.0.83-19.39.el6.x86_64.rpm already exists and appears to be complete
/home/fuel/fuel-main/local_mirror/centos/os/x86_64/Packages/python-paste-deploy-1.5.0-10.mira2.noarch.rpm already exists and appears to be complete
/home/fuel/fuel-main/local_mirror/centos/os/x86_64/Packages/libcom_err-1.41.12-18.el6.x86_64.rpm already exists and appears to be complete
/home/fuel/fuel-main/local_mirror/centos/os/x86_64/Packages/libvirt-daemon-config-nwfilter-1.2.5-1.mira1.x86_64.rpm already exists and appears to be complete
/home/fuel/fuel-main/local_mirror/centos/os/x86_64/Packages/libsysfs-2.1.0-7.el6.x86_64.rpm already exists and appears to be complete
/home/fuel/fuel-main/local_mirror/centos/os/x86_64/Packages/libevent-doc-1.4.13-4.el6.noarch.rpm already exists and appears to be complete
/home/fuel/fuel-main/local_mirror/centos/os/x86_64/Packages/python-ldap-2.3.10-1.el6.x86_64.rpm already exists and appears to be complete
/home/fuel/fuel-main/local_mirror/centos/os/x86_64/Packages/perl-libs-5.10.1-136.el6.x86_64.rpm already exists and appears to be complete
/home/fuel/fuel-main/local_mirror/centos/os/x86_64/Packages/python-html5lib-0.90-1.el6.noarch.rpm already exists and appears to be complete
/home/fuel/fuel-main/local_mirror/centos/os/x86_64/Packages/mesa-libGL-9.2-0.5.el6_5.2.x86_64.rpm already exists and appears to be complete
/home/fuel/fuel-main/local_mirror/centos/os/x86_64/Packages/python-croniter-0.3.4-2.el6.noarch.rpm already exists and appears to be complete
/home/fuel/fuel-main/local_mirror/centos/os/x86_64/Packages/xmlrpc-c-client-1.16.24-1210.1840.el6.x86_64.rpm already exists and appears to be complete
/home/fuel/fuel-main/local_mirror/centos/os/x86_64/Packages/device-mapper-event-1.02.79-8.el6.x86_64.rpm already exists and appears to be complete
/home/fuel/fuel-main/local_mirror/centos/os/x86_64/Packages/pango-1.28.1-7.el6_3.x86_64.rpm already exists and appears to be complete
/home/fuel/fuel-main/local_mirror/centos/os/x86_64/Packages/libXt-1.1.3-1.el6.x86_64.rpm already exists and appears to be complete
/home/fuel/fuel-main/local_mirror/centos/os/x86_64/Packages/qemu-kvm-2.0.0-4.mira2.x86_64.rpm already exists and appears to be complete
/home/fuel/fuel-main/local_mirror/centos/os/x86_64/Packages/abrt-libs-2.0.8-21.el6.centos.x86_64.rpm already exists and appears to be complete
/home/fuel/fuel-main/local_mirror/centos/os/x86_64/Packages/lzo-2.03-3.1.el6.x86_64.rpm already exists and appears to be complete
/home/fuel/fuel-main/local_mirror/centos/os/x86_64/Packages/python-XStatic-Angular-Mock-1.2.1.1-1.mira1.noarch.rpm already exists and appears to be complete
/home/fuel/fuel-main/local_mirror/centos/os/x86_64/Packages/python-netaddr-0.7.12-6.2.mira1.x86_64.rpm already exists and appears to be complete
/home/fuel/fuel-main/local_mirror/centos/os/x86_64/Packages/net-snmp-libs-5.5-49.el6_5.1.x86_64.rpm already exists and appears to be complete
/home/fuel/fuel-main/local_mirror/centos/os/x86_64/Packages/scsi-target-utils-1.0.38-13.21b1f2.ceph.el6.x86_64.rpm already exists and appears to be complete
/home/fuel/fuel-main/local_mirror/centos/os/x86_64/Packages/gdbm-1.8.0-36.el6.x86_64.rpm already exists and appears to be complete
/home/fuel/fuel-main/local_mirror/centos/os/x86_64/Packages/rpm-python-4.8.0-37.el6.x86_64.rpm already exists and appears to be complete
/home/fuel/fuel-main/local_mirror/centos/os/x86_64/Packages/python-django-pyscss-1.0.3-1.mira1.noarch.rpm already exists and appears to be complete
/home/fuel/fuel-main/local_mirror/centos/os/x86_64/Packages/python-waitress-0.8.5-1.el6.noarch.rpm already exists and appears to be complete
/home/fuel/fuel-main/local_mirror/centos/os/x86_64/Packages/python-barbicanclient-2.2.1-fuel6.0.mira14.noarch.rpm already exists and appears to be complete
/home/fuel/fuel-main/local_mirror/centos/os/x86_64/Packages/ruby21-rubygem-net-ssh-gateway-1.2.0-1.el6.noarch.rpm already exists and appears to be complete
/home/fuel/fuel-main/local_mirror/centos/os/x86_64/Packages/glib2-2.26.1-7.el6_5.x86_64.rpm already exists and appears to be complete
/home/fuel/fuel-main/local_mirror/centos/os/x86_64/Packages/mesa-libGLU-9.2-0.5.el6_5.2.x86_64.rpm already exists and appears to be complete
/home/fuel/fuel-main/local_mirror/centos/os/x86_64/Packages/python-chardet-2.0.1-1.el6.noarch.rpm already exists and appears to be complete
/home/fuel/fuel-main/local_mirror/centos/os/x86_64/Packages/python-beaker-1.3.1-7.el6.noarch.rpm already exists and appears to be complete
/home/fuel/fuel-main/local_mirror/centos/os/x86_64/Packages/fipscheck-lib-1.2.0-7.el6.x86_64.rpm already exists and appears to be complete
/home/fuel/fuel-main/local_mirror/centos/os/x86_64/Packages/libpcap-1.4.0-1.20130826git2dbcaa1.el6.x86_64.rpm already exists and appears to be complete
/home/fuel/fuel-main/local_mirror/centos/os/x86_64/Packages/python-oauthlib-0.6.0-2.el6.noarch.rpm already exists and appears to be complete
/home/fuel/fuel-main/local_mirror/centos/os/x86_64/Packages/mysql-libs-5.1.73-3.el6_5.x86_64.rpm already exists and appears to be complete
/home/fuel/fuel-main/local_mirror/centos/os/x86_64/Packages/ceph-common-0.80.4-0.mira1.x86_64.rpm already exists and appears to be complete
/home/fuel/fuel-main/local_mirror/centos/os/x86_64/Packages/qemu-common-2.0.0-4.mira2.x86_64.rpm already exists and appears to be complete
/home/fuel/fuel-main/local_mirror/centos/os/x86_64/Packages/mesa-dri-filesystem-9.2-0.5.el6_5.2.x86_64.rpm already exists and appears to be complete
/home/fuel/fuel-main/local_mirror/centos/os/x86_64/Packages/libXrandr-1.4.0-1.el6.x86_64.rpm already exists and appears to be complete
/home/fuel/fuel-main/local_mirror/centos/os/x86_64/Packages/libXi-1.6.1-3.el6.x86_64.rpm already exists and appears to be complete
/home/fuel/fuel-main/local_mirror/centos/os/x86_64/Packages/libedit-2.11-4.20080712cvs.1.el6.x86_64.rpm already exists and appears to be complete
/home/fuel/fuel-main/local_mirror/centos/os/x86_64/Packages/libreport-plugin-kerneloops-2.0.9-19.el6.centos.x86_64.rpm already exists and appears to be complete
/home/fuel/fuel-main/local_mirror/centos/os/x86_64/Packages/libcurl-7.19.7-37.el6_5.3.x86_64.rpm already exists and appears to be complete
/home/fuel/fuel-main/local_mirror/centos/os/x86_64/Packages/java-1.6.0-openjdk-1.6.0.0-5.1.13.3.el6_5.x86_64.rpm already exists and appears to be complete
/home/fuel/fuel-main/local_mirror/centos/os/x86_64/Packages/python-mimeparse-0.1.4-1.el6.noarch.rpm already exists and appears to be complete
/home/fuel/fuel-main/local_mirror/centos/os/x86_64/Packages/python-dateutil-1.4.1-6.el6.noarch.rpm already exists and appears to be complete
/home/fuel/fuel-main/local_mirror/centos/os/x86_64/Packages/libX11-common-1.5.0-4.el6.noarch.rpm already exists and appears to be complete
/home/fuel/fuel-main/local_mirror/centos/os/x86_64/Packages/mingetty-1.08-5.el6.x86_64.rpm already exists and appears to be complete
/home/fuel/fuel-main/local_mirror/centos/os/x86_64/Packages/findutils-4.4.2-6.el6.x86_64.rpm already exists and appears to be complete
/home/fuel/fuel-main/local_mirror/centos/os/x86_64/Packages/python-iwlib-0.1-1.2.el6.x86_64.rpm already exists and appears to be complete
/home/fuel/fuel-main/local_mirror/centos/os/x86_64/Packages/tar-1.23-11.el6.x86_64.rpm already exists and appears to be complete
/home/fuel/fuel-main/local_mirror/centos/os/x86_64/Packages/libtiff-3.9.4-10.el6_5.x86_64.rpm already exists and appears to be complete
/home/fuel/fuel-main/local_mirror/centos/os/x86_64/Packages/perl-Error-0.17015-4.el6.noarch.rpm already exists and appears to be complete
/home/fuel/fuel-main/local_mirror/centos/os/x86_64/Packages/php-pgsql-5.3.3-27.el6_5.x86_64.rpm already exists and appears to be complete
/home/fuel/fuel-main/local_mirror/centos/os/x86_64/Packages/php-gd-5.3.3-27.el6_5.x86_64.rpm already exists and appears to be complete
/home/fuel/fuel-main/local_mirror/centos/os/x86_64/Packages/nfs-utils-lib-1.1.5-6.el6.x86_64.rpm already exists and appears to be complete
/home/fuel/fuel-main/local_mirror/centos/os/x86_64/Packages/libtar-1.2.11-17.el6_4.1.x86_64.rpm already exists and appears to be complete
/home/fuel/fuel-main/local_mirror/centos/os/x86_64/Packages/python-distribute-0.7.3-1.noarch.rpm already exists and appears to be complete
/home/fuel/fuel-main/local_mirror/centos/os/x86_64/Packages/python-singledispatch-3.4.0.2-2.el6.noarch.rpm already exists and appears to be complete
/home/fuel/fuel-main/local_mirror/centos/os/x86_64/Packages/dbus-glib-0.86-6.el6.x86_64.rpm already exists and appears to be complete
/home/fuel/fuel-main/local_mirror/centos/os/x86_64/Packages/gpgme-1.1.8-3.el6.x86_64.rpm already exists and appears to be complete
/home/fuel/fuel-main/local_mirror/centos/os/x86_64/Packages/portreserve-0.0.4-9.el6.x86_64.rpm already exists and appears to be complete
/home/fuel/fuel-main/local_mirror/centos/os/x86_64/Packages/libreport-2.0.9-19.el6.centos.x86_64.rpm already exists and appears to be complete
/home/fuel/fuel-main/local_mirror/centos/os/x86_64/Packages/python-pymemcache-1.2.5-2.el6.noarch.rpm already exists and appears to be complete
/home/fuel/fuel-main/local_mirror/centos/os/x86_64/Packages/system-config-keyboard-base-1.3.1-5.el6.x86_64.rpm already exists and appears to be complete
/home/fuel/fuel-main/local_mirror/centos/os/x86_64/Packages/jline-0.9.94-0.8.el6.noarch.rpm already exists and appears to be complete
/home/fuel/fuel-main/local_mirror/centos/os/x86_64/Packages/ruby21-rubygem-Platform-0.4.0-1.el6.noarch.rpm already exists and appears to be complete
/home/fuel/fuel-main/local_mirror/centos/os/x86_64/Packages/python-retrying-1.2.2-1.mira1.noarch.rpm already exists and appears to be complete
/home/fuel/fuel-main/local_mirror/centos/os/x86_64/Packages/python-webtest-2.0.9-1.el6.noarch.rpm already exists and appears to be complete
/home/fuel/fuel-main/local_mirror/centos/os/x86_64/Packages/libvirt-client-1.2.5-1.mira1.x86_64.rpm already exists and appears to be complete
/home/fuel/fuel-main/local_mirror/centos/os/x86_64/Packages/libffi-3.0.5-3.2.el6.x86_64.rpm already exists and appears to be complete
/home/fuel/fuel-main/local_mirror/centos/os/x86_64/Packages/p11-kit-0.18.5-2.el6_5.2.x86_64.rpm already exists and appears to be complete
/home/fuel/fuel-main/local_mirror/centos/os/x86_64/Packages/python-gevent-0.13.8-3.el6.x86_64.rpm already exists and appears to be complete
/home/fuel/fuel-main/local_mirror/centos/os/x86_64/Packages/elfutils-libs-0.152-1.el6.x86_64.rpm already exists and appears to be complete
/home/fuel/fuel-main/local_mirror/centos/os/x86_64/Packages/netpbm-10.47.05-11.el6.x86_64.rpm already exists and appears to be complete
/home/fuel/fuel-main/local_mirror/centos/os/x86_64/Packages/perl-5.10.1-136.el6.x86_64.rpm already exists and appears to be complete
/home/fuel/fuel-main/local_mirror/centos/os/x86_64/Packages/gd-2.0.35-11.el6.x86_64.rpm already exists and appears to be complete
/home/fuel/fuel-main/local_mirror/centos/os/x86_64/Packages/cyrus-sasl-lib-2.1.23-13.el6_3.1.x86_64.rpm already exists and appears to be complete
/home/fuel/fuel-main/local_mirror/centos/os/x86_64/Packages/fipscheck-1.2.0-7.el6.x86_64.rpm already exists and appears to be complete
/home/fuel/fuel-main/local_mirror/centos/os/x86_64/Packages/fontpackages-filesystem-1.41-1.1.el6.noarch.rpm already exists and appears to be complete
/home/fuel/fuel-main/local_mirror/centos/os/x86_64/Packages/hal-info-20090716-3.1.el6.noarch.rpm already exists and appears to be complete
/home/fuel/fuel-main/local_mirror/centos/os/x86_64/Packages/sysfsutils-2.1.0-7.el6.x86_64.rpm already exists and appears to be complete
/home/fuel/fuel-main/local_mirror/centos/os/x86_64/Packages/ruby21-rubygem-net-ssh-2.8.0-1.el6.noarch.rpm already exists and appears to be complete
/home/fuel/fuel-main/local_mirror/centos/os/x86_64/Packages/python-psycopg2-2.5.1-0.x86_64.rpm already exists and appears to be complete
/home/fuel/fuel-main/local_mirror/centos/os/x86_64/Packages/dracut-004-336.el6_5.2.noarch.rpm already exists and appears to be complete
/home/fuel/fuel-main/local_mirror/centos/os/x86_64/Packages/net-tools-1.60-110.el6_2.x86_64.rpm already exists and appears to be complete
/home/fuel/fuel-main/local_mirror/centos/os/x86_64/Packages/crda-1.1.1_2010.11.22-1.el6.x86_64.rpm already exists and appears to be complete
/home/fuel/fuel-main/local_mirror/centos/os/x86_64/Packages/python-rfc3986-0.2.0-1.mira1.noarch.rpm already exists and appears to be complete
/home/fuel/fuel-main/local_mirror/centos/os/x86_64/Packages/python-glance-store-0.1.7-fuel6.0.mira0.noarch.rpm already exists and appears to be complete
/home/fuel/fuel-main/local_mirror/centos/os/x86_64/Packages/pcre-7.8-6.el6.x86_64.rpm already exists and appears to be complete
/home/fuel/fuel-main/local_mirror/centos/os/x86_64/Packages/btrfs-progs-0.20-0.2.git91d9eec.el6.x86_64.rpm already exists and appears to be complete
/home/fuel/fuel-main/local_mirror/centos/os/x86_64/Packages/libvirt-daemon-driver-network-1.2.5-1.mira1.x86_64.rpm already exists and appears to be complete
/home/fuel/fuel-main/local_mirror/centos/os/x86_64/Packages/ruby21-rubygem-systemu-2.6.4-1.el6.noarch.rpm already exists and appears to be complete
/home/fuel/fuel-main/local_mirror/centos/os/x86_64/Packages/cloog-ppl-0.15.7-1.2.el6.x86_64.rpm already exists and appears to be complete
/home/fuel/fuel-main/local_mirror/centos/os/x86_64/Packages/perl-Config-General-2.52-1.el6.noarch.rpm already exists and appears to be complete
/home/fuel/fuel-main/local_mirror/centos/os/x86_64/Packages/ConsoleKit-libs-0.4.1-3.el6.x86_64.rpm already exists and appears to be complete
/home/fuel/fuel-main/local_mirror/centos/os/x86_64/Packages/perl-CGI-3.51-136.el6.x86_64.rpm already exists and appears to be complete
/home/fuel/fuel-main/local_mirror/centos/os/x86_64/Packages/libevent-1.4.13-4.el6.x86_64.rpm already exists and appears to be complete
/home/fuel/fuel-main/local_mirror/centos/os/x86_64/Packages/python-happybase-0.6-1.el6.noarch.rpm already exists and appears to be complete
/home/fuel/fuel-main/local_mirror/centos/os/x86_64/Packages/python-XStatic-D3-3.1.6.2-1.mira1.noarch.rpm already exists and appears to be complete
/home/fuel/fuel-main/local_mirror/centos/os/x86_64/Packages/oddjob-0.30-5.el6.x86_64.rpm already exists and appears to be complete
/home/fuel/fuel-main/local_mirror/centos/os/x86_64/Packages/libXext-1.3.1-2.el6.x86_64.rpm already exists and appears to be complete
/home/fuel/fuel-main/local_mirror/centos/os/x86_64/Packages/libtool-ltdl-2.2.6-15.5.el6.x86_64.rpm already exists and appears to be complete
/home/fuel/fuel-main/local_mirror/centos/os/x86_64/Packages/perl-Pod-Escapes-1.04-136.el6.x86_64.rpm already exists and appears to be complete
/home/fuel/fuel-main/local_mirror/centos/os/x86_64/Packages/pkgconfig-0.23-9.1.el6.x86_64.rpm already exists and appears to be complete
/home/fuel/fuel-main/local_mirror/centos/os/x86_64/Packages/python-decorator-3.4.0-3.2.mira1.x86_64.rpm already exists and appears to be complete
/home/fuel/fuel-main/local_mirror/centos/os/x86_64/Packages/php-common-5.3.3-27.el6_5.x86_64.rpm already exists and appears to be complete
/home/fuel/fuel-main/local_mirror/centos/os/x86_64/Packages/libXfixes-5.0-3.el6.x86_64.rpm already exists and appears to be complete
/home/fuel/fuel-main/local_mirror/centos/os/x86_64/Packages/libXau-1.0.6-4.el6.x86_64.rpm already exists and appears to be complete
/home/fuel/fuel-main/local_mirror/centos/os/x86_64/Packages/iksemel-1.4-2.mira1.x86_64.rpm already exists and appears to be complete
/home/fuel/fuel-main/local_mirror/centos/os/x86_64/Packages/boost-filesystem-1.41.0-18.el6.x86_64.rpm already exists and appears to be complete
/home/fuel/fuel-main/local_mirror/centos/os/x86_64/Packages/libgcc-4.4.7-4.el6.x86_64.rpm already exists and appears to be complete
/home/fuel/fuel-main/local_mirror/centos/os/x86_64/Packages/lm_sensors-3.1.1-17.el6.x86_64.rpm already exists and appears to be complete
/home/fuel/fuel-main/local_mirror/centos/os/x86_64/Packages/libxslt-1.1.26-2.el6_3.1.x86_64.rpm already exists and appears to be complete
/home/fuel/fuel-main/local_mirror/centos/os/x86_64/Packages/polkit-0.96-5.el6_4.x86_64.rpm already exists and appears to be complete
/home/fuel/fuel-main/local_mirror/centos/os/x86_64/Packages/libvirt-daemon-driver-secret-1.2.5-1.mira1.x86_64.rpm already exists and appears to be complete
/home/fuel/fuel-main/local_mirror/centos/os/x86_64/Packages/python-fabric-1.7.0-1.el6.noarch.rpm already exists and appears to be complete
/home/fuel/fuel-main/local_mirror/centos/os/x86_64/Packages/brlapi-0.5.4-7.el6.x86_64.rpm already exists and appears to be complete
/home/fuel/fuel-main/local_mirror/centos/os/x86_64/Packages/db4-devel-4.7.25-18.el6_4.x86_64.rpm already exists and appears to be complete
/home/fuel/fuel-main/local_mirror/centos/os/x86_64/Packages/python-django-floppyforms-1.1-3.el6.mira1.noarch.rpm already exists and appears to be complete
/home/fuel/fuel-main/local_mirror/centos/os/x86_64/Packages/audit-libs-python-2.2-4.el6_5.x86_64.rpm already exists and appears to be complete
/home/fuel/fuel-main/local_mirror/centos/os/x86_64/Packages/ConsoleKit-0.4.1-3.el6.x86_64.rpm already exists and appears to be complete
/home/fuel/fuel-main/local_mirror/centos/os/x86_64/Packages/gettext-0.17-16.el6.x86_64.rpm already exists and appears to be complete
/home/fuel/fuel-main/local_mirror/centos/os/x86_64/Packages/python-keystonemiddleware-1.1.1-1.mira1.noarch.rpm already exists and appears to be complete
/home/fuel/fuel-main/local_mirror/centos/os/x86_64/Packages/perl-hivex-1.3.3-4.2.mira1.x86_64.rpm already exists and appears to be complete
/home/fuel/fuel-main/local_mirror/centos/os/x86_64/Packages/python-pyasn1-0.0.12a-1.el6.noarch.rpm already exists and appears to be complete
/home/fuel/fuel-main/local_mirror/centos/os/x86_64/Packages/python-itsdangerous-0.22-1.el6.noarch.rpm already exists and appears to be complete
/home/fuel/fuel-main/local_mirror/centos/os/x86_64/Packages/dhcp-common-4.1.1-38.P1.el6.centos.x86_64.rpm already exists and appears to be complete
/home/fuel/fuel-main/local_mirror/centos/os/x86_64/Packages/libvirt-daemon-config-network-1.2.5-1.mira1.x86_64.rpm already exists and appears to be complete
/home/fuel/fuel-main/local_mirror/centos/os/x86_64/Packages/libselinux-2.0.94-5.3.el6_4.1.x86_64.rpm already exists and appears to be complete
/home/fuel/fuel-main/local_mirror/centos/os/x86_64/Packages/sed-4.2.1-10.el6.x86_64.rpm already exists and appears to be complete
/home/fuel/fuel-main/local_mirror/centos/os/x86_64/Packages/perl-ExtUtils-MakeMaker-6.55-136.el6.x86_64.rpm already exists and appears to be complete
/home/fuel/fuel-main/local_mirror/centos/os/x86_64/Packages/perl-Net-Telnet-3.03-11.el6.noarch.rpm already exists and appears to be complete
/home/fuel/fuel-main/local_mirror/centos/os/x86_64/Packages/net-snmp-utils-5.5-49.el6_5.1.x86_64.rpm already exists and appears to be complete
/home/fuel/fuel-main/local_mirror/centos/os/x86_64/Packages/python-XStatic-jquery-ui-1.10.4.1-1.mira1.noarch.rpm already exists and appears to be complete
/home/fuel/fuel-main/local_mirror/centos/os/x86_64/Packages/libcom_err-devel-1.41.12-18.el6.x86_64.rpm already exists and appears to be complete
/home/fuel/fuel-main/local_mirror/centos/os/x86_64/Packages/sgabios-bin-0.20110622svn-3.el6.noarch.rpm already exists and appears to be complete
/home/fuel/fuel-main/local_mirror/centos/os/x86_64/Packages/samba-common-3.6.9-168.el6_5.x86_64.rpm already exists and appears to be complete
/home/fuel/fuel-main/local_mirror/centos/os/x86_64/Packages/php-5.3.3-27.el6_5.x86_64.rpm already exists and appears to be complete
/home/fuel/fuel-main/local_mirror/centos/os/x86_64/Packages/libsemanage-2.0.43-4.2.el6.x86_64.rpm already exists and appears to be complete
/home/fuel/fuel-main/local_mirror/centos/os/x86_64/Packages/numpy-f2py-1.4.1-9.el6.x86_64.rpm already exists and appears to be complete
/home/fuel/fuel-main/local_mirror/centos/os/x86_64/Packages/libX11-1.5.0-4.el6.x86_64.rpm already exists and appears to be complete
/home/fuel/fuel-main/local_mirror/centos/os/x86_64/Packages/ccs-0.16.2-69.el6_5.1.x86_64.rpm already exists and appears to be complete
/home/fuel/fuel-main/local_mirror/centos/os/x86_64/Packages/python-2.6.6-52.el6.x86_64.rpm already exists and appears to be complete
/home/fuel/fuel-main/local_mirror/centos/os/x86_64/Packages/libutempter-1.1.5-4.1.el6.x86_64.rpm already exists and appears to be complete
/home/fuel/fuel-main/local_mirror/centos/os/x86_64/Packages/cairo-1.8.8-3.1.el6.x86_64.rpm already exists and appears to be complete
/home/fuel/fuel-main/local_mirror/centos/os/x86_64/Packages/python-backports-1.0-3.el6.x86_64.rpm already exists and appears to be complete
/home/fuel/fuel-main/local_mirror/centos/os/x86_64/Packages/nmap-ncat-6.40-3.el6.x86_64.rpm already exists and appears to be complete
/home/fuel/fuel-main/local_mirror/centos/os/x86_64/Packages/openais-1.1.4-47.3.x86_64.rpm already exists and appears to be complete
/home/fuel/fuel-main/local_mirror/centos/os/x86_64/Packages/python-futures-2.1.6-1.el6.noarch.rpm already exists and appears to be complete
/home/fuel/fuel-main/local_mirror/centos/os/x86_64/Packages/dracut-kernel-004-336.el6_5.2.noarch.rpm already exists and appears to be complete
/home/fuel/fuel-main/local_mirror/centos/os/x86_64/Packages/zlib-1.2.3-29.el6.x86_64.rpm already exists and appears to be complete
/home/fuel/fuel-main/local_mirror/centos/os/x86_64/Packages/python-oslo-serialization-1.0.0-fuel6.0.mira20.noarch.rpm already exists and appears to be complete
/home/fuel/fuel-main/local_mirror/centos/os/x86_64/Packages/SDL-1.2.14-3.el6.x86_64.rpm already exists and appears to be complete
/home/fuel/fuel-main/local_mirror/centos/os/x86_64/Packages/libfontenc-1.0.5-2.el6.x86_64.rpm already exists and appears to be complete
/home/fuel/fuel-main/local_mirror/centos/os/x86_64/Packages/MAKEDEV-3.24-6.el6.x86_64.rpm already exists and appears to be complete
/home/fuel/fuel-main/local_mirror/centos/os/x86_64/Packages/python-taskflow-0.4.0-1.mira1.noarch.rpm already exists and appears to be complete
/home/fuel/fuel-main/local_mirror/centos/os/x86_64/Packages/python-oslo-messaging-1.4.1-fuel6.0.mira15.noarch.rpm already exists and appears to be complete
/home/fuel/fuel-main/local_mirror/centos/os/x86_64/Packages/python-msgpack-0.4.2-2.el6.x86_64.rpm already exists and appears to be complete
/home/fuel/fuel-main/local_mirror/centos/os/x86_64/Packages/libusb-0.1.12-23.el6.x86_64.rpm already exists and appears to be complete
/home/fuel/fuel-main/local_mirror/centos/os/x86_64/Packages/pixman-0.26.2-5.1.el6_5.x86_64.rpm already exists and appears to be complete
/home/fuel/fuel-main/local_mirror/centos/os/x86_64/Packages/libsemanage-python-2.0.43-4.2.el6.x86_64.rpm already exists and appears to be complete
/home/fuel/fuel-main/local_mirror/centos/os/x86_64/Packages/scrub-2.2-1.el6.x86_64.rpm already exists and appears to be complete
/home/fuel/fuel-main/local_mirror/centos/os/x86_64/Packages/file-libs-5.04-15.el6.x86_64.rpm already exists and appears to be complete
/home/fuel/fuel-main/local_mirror/centos/os/x86_64/Packages/qemu-img-2.0.0-4.mira2.x86_64.rpm already exists and appears to be complete
/home/fuel/fuel-main/local_mirror/centos/os/x86_64/Packages/corosynclib-1.4.6-26.2.mira1.x86_64.rpm already exists and appears to be complete
/home/fuel/fuel-main/local_mirror/centos/os/x86_64/Packages/cyrus-sasl-2.1.23-13.el6_3.1.x86_64.rpm already exists and appears to be complete
/home/fuel/fuel-main/local_mirror/centos/os/x86_64/Packages/qpid-cpp-server-0.14-22.el6_3.x86_64.rpm already exists and appears to be complete
/home/fuel/fuel-main/local_mirror/centos/os/x86_64/Packages/libnl-1.1.4-2.el6.x86_64.rpm already exists and appears to be complete
/home/fuel/fuel-main/local_mirror/centos/os/x86_64/Packages/libconfig-1.3.2-1.1.el6.x86_64.rpm already exists and appears to be complete
/home/fuel/fuel-main/local_mirror/centos/os/x86_64/Packages/chkconfig-1.3.49.3-2.el6_4.1.x86_64.rpm already exists and appears to be complete
/home/fuel/fuel-main/local_mirror/centos/os/x86_64/Packages/libewf-20100226-1.el6.x86_64.rpm already exists and appears to be complete
/home/fuel/fuel-main/local_mirror/centos/os/x86_64/Packages/php-pdo-5.3.3-27.el6_5.x86_64.rpm already exists and appears to be complete
/home/fuel/fuel-main/local_mirror/centos/os/x86_64/Packages/radvd-1.6-1.el6.x86_64.rpm already exists and appears to be complete
/home/fuel/fuel-main/local_mirror/centos/os/x86_64/Packages/ruby21-rubygem-net-ssh-multi-1.2.0-1.el6.noarch.rpm already exists and appears to be complete
/home/fuel/fuel-main/local_mirror/centos/os/x86_64/Packages/genisoimage-1.1.10-1.el6.x86_64.rpm already exists and appears to be complete
/home/fuel/fuel-main/local_mirror/centos/os/x86_64/Packages/php-xml-5.3.3-27.el6_5.x86_64.rpm already exists and appears to be complete
/home/fuel/fuel-main/local_mirror/centos/os/x86_64/Packages/shared-mime-info-0.70-4.el6.x86_64.rpm already exists and appears to be complete
/home/fuel/fuel-main/local_mirror/centos/os/x86_64/Packages/abrt-tui-2.0.8-21.el6.centos.x86_64.rpm already exists and appears to be complete
/home/fuel/fuel-main/local_mirror/centos/os/x86_64/Packages/libselinux-devel-2.0.94-5.3.el6_4.1.x86_64.rpm already exists and appears to be complete
/home/fuel/fuel-main/local_mirror/centos/os/x86_64/Packages/busybox-1.15.1-20.el6.x86_64.rpm already exists and appears to be complete
/home/fuel/fuel-main/local_mirror/centos/os/x86_64/Packages/plymouth-scripts-0.8.3-27.el6.centos.x86_64.rpm already exists and appears to be complete
/home/fuel/fuel-main/local_mirror/centos/os/x86_64/Packages/libxml2-python-2.7.6-14.el6_5.2.x86_64.rpm already exists and appears to be complete
/home/fuel/fuel-main/local_mirror/centos/os/x86_64/Packages/system-config-keyboard-1.3.1-5.el6.x86_64.rpm already exists and appears to be complete
/home/fuel/fuel-main/local_mirror/centos/os/x86_64/Packages/nss-softokn-3.14.3-10.el6_5.x86_64.rpm already exists and appears to be complete
/home/fuel/fuel-main/local_mirror/centos/os/x86_64/Packages/python-boto-2.32.1-1.mira1.noarch.rpm already exists and appears to be complete
/home/fuel/fuel-main/local_mirror/centos/os/x86_64/Packages/bzip2-libs-1.0.5-7.el6_0.x86_64.rpm already exists and appears to be complete
/home/fuel/fuel-main/local_mirror/centos/os/x86_64/Packages/krb5-devel-1.10.3-15.el6_5.1.x86_64.rpm already exists and appears to be complete
/home/fuel/fuel-main/local_mirror/centos/os/x86_64/Packages/dash-0.5.5.1-4.el6.x86_64.rpm already exists and appears to be complete
/home/fuel/fuel-main/local_mirror/centos/os/x86_64/Packages/xz-lzma-compat-4.999.9-0.3.beta.20091007git.el6.x86_64.rpm already exists and appears to be complete
/home/fuel/fuel-main/local_mirror/centos/os/x86_64/Packages/libICE-1.0.6-1.el6.x86_64.rpm already exists and appears to be complete
/home/fuel/fuel-main/local_mirror/centos/os/x86_64/Packages/python-logutils-0.3.3-3.el6.noarch.rpm already exists and appears to be complete
/home/fuel/fuel-main/local_mirror/centos/os/x86_64/Packages/python-testresources-0.2.7-4.el6.noarch.rpm already exists and appears to be complete
/home/fuel/fuel-main/local_mirror/centos/os/x86_64/Packages/libXpm-3.5.10-2.el6.x86_64.rpm already exists and appears to be complete
/home/fuel/fuel-main/local_mirror/centos/os/x86_64/Packages/cryptsetup-luks-libs-1.2.0-7.el6.x86_64.rpm already exists and appears to be complete
/home/fuel/fuel-main/local_mirror/centos/os/x86_64/Packages/python-memcached-1.53-1.el6.noarch.rpm already exists and appears to be complete
/home/fuel/fuel-main/local_mirror/centos/os/x86_64/Packages/libpng-1.2.49-1.el6_2.x86_64.rpm already exists and appears to be complete
/home/fuel/fuel-main/local_mirror/centos/os/x86_64/Packages/gmp-4.3.1-7.el6_2.2.x86_64.rpm already exists and appears to be complete
/home/fuel/fuel-main/local_mirror/centos/os/x86_64/Packages/mesa-dri1-drivers-7.11-8.el6.x86_64.rpm already exists and appears to be complete
/home/fuel/fuel-main/local_mirror/centos/os/x86_64/Packages/device-mapper-persistent-data-0.2.8-4.el6_5.x86_64.rpm already exists and appears to be complete
/home/fuel/fuel-main/local_mirror/centos/os/x86_64/Packages/keyutils-libs-1.4-4.el6.x86_64.rpm already exists and appears to be complete
/home/fuel/fuel-main/local_mirror/centos/os/x86_64/Packages/tk-8.5.7-5.el6.x86_64.rpm already exists and appears to be complete
/home/fuel/fuel-main/local_mirror/centos/os/x86_64/Packages/python-rtslib-fb-2.1.fb39-5.2.mira1.noarch.rpm already exists and appears to be complete
/home/fuel/fuel-main/local_mirror/centos/os/x86_64/Packages/libproxy-0.3.0-4.el6_3.x86_64.rpm already exists and appears to be complete
/home/fuel/fuel-main/local_mirror/centos/os/x86_64/Packages/python-XStatic-JSEncrypt-2.0.0.2-2.mira1.noarch.rpm already exists and appears to be complete
/home/fuel/fuel-main/local_mirror/centos/os/x86_64/Packages/audit-libs-2.2-4.el6_5.x86_64.rpm already exists and appears to be complete
/home/fuel/fuel-main/local_mirror/centos/os/x86_64/Packages/kpartx-0.4.9-72.el6_5.3.x86_64.rpm already exists and appears to be complete
/home/fuel/fuel-main/local_mirror/centos/os/x86_64/Packages/python-XStatic-JQuery-Migrate-1.2.1.1-1.mira1.noarch.rpm already exists and appears to be complete
/home/fuel/fuel-main/local_mirror/centos/os/x86_64/Packages/ncurses-base-5.7-3.20090208.el6.x86_64.rpm already exists and appears to be complete
/home/fuel/fuel-main/local_mirror/centos/os/x86_64/Packages/libasyncns-0.8-1.1.el6.x86_64.rpm already exists and appears to be complete
/home/fuel/fuel-main/local_mirror/centos/os/x86_64/Packages/nss-util-3.15.3-1.el6_5.x86_64.rpm already exists and appears to be complete
/home/fuel/fuel-main/local_mirror/centos/os/x86_64/Packages/fontconfig-2.8.0-3.el6.x86_64.rpm already exists and appears to be complete
/home/fuel/fuel-main/local_mirror/centos/os/x86_64/Packages/libgcrypt-1.4.5-11.el6_4.x86_64.rpm already exists and appears to be complete
/home/fuel/fuel-main/local_mirror/centos/os/x86_64/Packages/rpcbind-0.2.0-11.el6.x86_64.rpm already exists and appears to be complete
/home/fuel/fuel-main/local_mirror/centos/os/x86_64/Packages/newt-0.52.11-3.el6.x86_64.rpm already exists and appears to be complete
/home/fuel/fuel-main/local_mirror/centos/os/x86_64/Packages/facter-1.7.0-1.el6.x86_64.rpm already exists and appears to be complete
/home/fuel/fuel-main/local_mirror/centos/os/x86_64/Packages/atk-1.30.0-1.el6.x86_64.rpm already exists and appears to be complete
/home/fuel/fuel-main/local_mirror/centos/os/x86_64/Packages/pytz-2010h-2.el6.noarch.rpm already exists and appears to be complete
/home/fuel/fuel-main/local_mirror/centos/os/x86_64/Packages/python-XStatic-jQuery-1.10.2.1-1.mira1.noarch.rpm already exists and appears to be complete
/home/fuel/fuel-main/local_mirror/centos/os/x86_64/Packages/ruby-rgen-0.6.5-1.el6.noarch.rpm already exists and appears to be complete
/home/fuel/fuel-main/local_mirror/centos/os/x86_64/Packages/libvirt-daemon-1.2.5-1.mira1.x86_64.rpm already exists and appears to be complete
/home/fuel/fuel-main/local_mirror/centos/os/x86_64/Packages/bind-libs-9.8.2-0.23.rc1.el6_5.1.x86_64.rpm already exists and appears to be complete
/home/fuel/fuel-main/local_mirror/centos/os/x86_64/Packages/libreport-plugin-mailx-2.0.9-19.el6.centos.x86_64.rpm already exists and appears to be complete
/home/fuel/fuel-main/local_mirror/centos/os/x86_64/Packages/cvs-1.11.23-16.el6.x86_64.rpm already exists and appears to be complete
/home/fuel/fuel-main/local_mirror/centos/os/x86_64/Packages/gtk2-2.20.1-4.el6.x86_64.rpm already exists and appears to be complete
/home/fuel/fuel-main/local_mirror/centos/os/x86_64/Packages/libvirt-1.2.5-1.mira1.x86_64.rpm already exists and appears to be complete
/home/fuel/fuel-main/local_mirror/centos/os/x86_64/Packages/python-pymongo-2.5.2-3.el6.x86_64.rpm already exists and appears to be complete
/home/fuel/fuel-main/local_mirror/centos/os/x86_64/Packages/nss-softokn-freebl-3.14.3-10.el6_5.x86_64.rpm already exists and appears to be complete
/home/fuel/fuel-main/local_mirror/centos/os/x86_64/Packages/gdbm-devel-1.8.0-36.el6.x86_64.rpm already exists and appears to be complete
/home/fuel/fuel-main/local_mirror/centos/os/x86_64/Packages/ricci-0.16.2-69.el6_5.1.x86_64.rpm already exists and appears to be complete
/home/fuel/fuel-main/local_mirror/centos/os/x86_64/Packages/tzdata-2014e-1.el6.noarch.rpm already exists and appears to be complete
/home/fuel/fuel-main/local_mirror/centos/os/x86_64/Packages/libvirt-daemon-driver-nodedev-1.2.5-1.mira1.x86_64.rpm already exists and appears to be complete
/home/fuel/fuel-main/local_mirror/centos/os/x86_64/Packages/freetype-2.3.11-14.el6_3.1.x86_64.rpm already exists and appears to be complete
/home/fuel/fuel-main/local_mirror/centos/os/x86_64/Packages/libcgroup-0.40.rc1-5.el6_5.1.x86_64.rpm already exists and appears to be complete
/home/fuel/fuel-main/local_mirror/centos/os/x86_64/Packages/lua-5.1.4-4.1.el6.x86_64.rpm already exists and appears to be complete
/home/fuel/fuel-main/local_mirror/centos/os/x86_64/Packages/libssh2-1.4.2-1.el6.x86_64.rpm already exists and appears to be complete
/home/fuel/fuel-main/local_mirror/centos/os/x86_64/Packages/python-extras-0.0.3-2.el6.noarch.rpm already exists and appears to be complete
/home/fuel/fuel-main/local_mirror/centos/os/x86_64/Packages/samba-client-3.6.9-168.el6_5.x86_64.rpm already exists and appears to be complete
/home/fuel/fuel-main/local_mirror/centos/os/x86_64/Packages/ghostscript-8.70-19.el6.x86_64.rpm already exists and appears to be complete
/home/fuel/fuel-main/local_mirror/centos/os/x86_64/Packages/tunctl-1.5-3.el6.x86_64.rpm already exists and appears to be complete
/home/fuel/fuel-main/local_mirror/centos/os/x86_64/Packages/python-libguestfs-1.20.11-2.mira3.x86_64.rpm already exists and appears to be complete
/home/fuel/fuel-main/local_mirror/centos/os/x86_64/Packages/glibc-devel-2.12-1.132.el6_5.2.x86_64.rpm already exists and appears to be complete
/home/fuel/fuel-main/local_mirror/centos/os/x86_64/Packages/hicolor-icon-theme-0.11-1.1.el6.noarch.rpm already exists and appears to be complete
/home/fuel/fuel-main/local_mirror/centos/os/x86_64/Packages/php-mysql-5.3.3-27.el6_5.x86_64.rpm already exists and appears to be complete
/home/fuel/fuel-main/local_mirror/centos/os/x86_64/Packages/python-XStatic-Spin-1.2.5.2-2.mira1.noarch.rpm already exists and appears to be complete
/home/fuel/fuel-main/local_mirror/centos/os/x86_64/Packages/libXfont-1.4.5-3.el6_5.x86_64.rpm already exists and appears to be complete
/home/fuel/fuel-main/local_mirror/centos/os/x86_64/Packages/nss-tools-3.15.3-6.el6_5.x86_64.rpm already exists and appears to be complete
/home/fuel/fuel-main/local_mirror/centos/os/x86_64/Packages/python-XStatic-JQuery.quicksearch-2.0.3.1-1.mira1.noarch.rpm already exists and appears to be complete
/home/fuel/fuel-main/local_mirror/centos/os/x86_64/Packages/tcl-8.5.7-6.el6.x86_64.rpm already exists and appears to be complete
/home/fuel/fuel-main/local_mirror/centos/os/x86_64/Packages/vim-common-7.2.411-1.8.el6.x86_64.rpm already exists and appears to be complete
/home/fuel/fuel-main/local_mirror/centos/os/x86_64/Packages/python-qpid-0.14-11.el6_3.noarch.rpm already exists and appears to be complete
/home/fuel/fuel-main/local_mirror/centos/os/x86_64/Packages/libreport-python-2.0.9-19.el6.centos.x86_64.rpm already exists and appears to be complete
/home/fuel/fuel-main/local_mirror/centos/os/x86_64/Packages/python-nose-1.3.0-2.el6.noarch.rpm already exists and appears to be complete
/home/fuel/fuel-main/local_mirror/centos/os/x86_64/Packages/python-oslo-rootwrap-1.3.0-fuel6.0.mira19.noarch.rpm already exists and appears to be complete
/home/fuel/fuel-main/local_mirror/centos/os/x86_64/Packages/xz-libs-4.999.9-0.3.beta.20091007git.el6.x86_64.rpm already exists and appears to be complete
/home/fuel/fuel-main/local_mirror/centos/os/x86_64/Packages/python-urlgrabber-3.9.1-9.el6.noarch.rpm already exists and appears to be complete
/home/fuel/fuel-main/local_mirror/centos/os/x86_64/Packages/libevent-headers-1.4.13-4.el6.noarch.rpm already exists and appears to be complete
/home/fuel/fuel-main/local_mirror/centos/os/x86_64/Packages/keyutils-1.4-4.el6.x86_64.rpm already exists and appears to be complete
/home/fuel/fuel-main/local_mirror/centos/os/x86_64/Packages/python-saslwrapper-0.14-1.el6.x86_64.rpm already exists and appears to be complete
/home/fuel/fuel-main/local_mirror/centos/os/x86_64/Packages/libogg-1.1.4-2.1.el6.x86_64.rpm already exists and appears to be complete
/home/fuel/fuel-main/local_mirror/centos/os/x86_64/Packages/libgfortran-4.4.7-4.el6.x86_64.rpm already exists and appears to be complete
/home/fuel/fuel-main/local_mirror/centos/os/x86_64/Packages/groff-1.18.1.4-21.el6.x86_64.rpm already exists and appears to be complete
/home/fuel/fuel-main/local_mirror/centos/os/x86_64/Packages/python-docutils-0.11-1.mira1.noarch.rpm already exists and appears to be complete
/home/fuel/fuel-main/local_mirror/centos/os/x86_64/Packages/python-urllib3-1.7-4.el6.noarch.rpm already exists and appears to be complete
/home/fuel/fuel-main/local_mirror/centos/os/x86_64/Packages/perl-Test-Harness-3.17-136.el6.x86_64.rpm already exists and appears to be complete
/home/fuel/fuel-main/local_mirror/centos/os/x86_64/Packages/ruby21-rubygem-popen4-0.1.2-1.1.noarch.rpm already exists and appears to be complete
/home/fuel/fuel-main/local_mirror/centos/os/x86_64/Packages/coreutils-libs-8.4-31.el6_5.2.x86_64.rpm already exists and appears to be complete
/home/fuel/fuel-main/local_mirror/centos/os/x86_64/Packages/compat-readline5-5.2-17.1.el6.x86_64.rpm already exists and appears to be complete
/home/fuel/fuel-main/local_mirror/centos/os/x86_64/Packages/slang-2.2.1-1.el6.x86_64.rpm already exists and appears to be complete
/home/fuel/fuel-main/local_mirror/centos/os/x86_64/Packages/libguestfs-tools-c-1.20.11-2.mira3.x86_64.rpm already exists and appears to be complete
/home/fuel/fuel-main/local_mirror/centos/os/x86_64/Packages/rhino-1.7-0.7.r2.2.el6.noarch.rpm already exists and appears to be complete
/home/fuel/fuel-main/local_mirror/centos/os/x86_64/Packages/python-XStatic-1.0.1-1.mira1.noarch.rpm already exists and appears to be complete
/home/fuel/fuel-main/local_mirror/centos/os/x86_64/Packages/yum-plugin-fastestmirror-1.1.30-17.el6_5.noarch.rpm already exists and appears to be complete
/home/fuel/fuel-main/local_mirror/centos/os/x86_64/Packages/lvm2-libs-2.02.100-8.el6.x86_64.rpm already exists and appears to be complete
/home/fuel/fuel-main/local_mirror/centos/os/x86_64/Packages/libss-1.41.12-18.el6.x86_64.rpm already exists and appears to be complete
/home/fuel/fuel-main/local_mirror/centos/os/x86_64/Packages/desktop-file-utils-0.15-9.el6.x86_64.rpm already exists and appears to be complete
/home/fuel/fuel-main/local_mirror/centos/os/x86_64/Packages/python-webpy-0.37-2.el6.noarch.rpm already exists and appears to be complete
/home/fuel/fuel-main/local_mirror/centos/os/x86_64/Packages/python-wsme-0.6-2.el6.noarch.rpm already exists and appears to be complete
/home/fuel/fuel-main/local_mirror/centos/os/x86_64/Packages/python-jsonpath-rw-1.2.3-1.el6.noarch.rpm already exists and appears to be complete
/home/fuel/fuel-main/local_mirror/centos/os/x86_64/Packages/libgpg-error-1.7-4.el6.x86_64.rpm already exists and appears to be complete
/home/fuel/fuel-main/local_mirror/centos/os/x86_64/Packages/python-dogpile-cache-0.5.3-3.el6.noarch.rpm already exists and appears to be complete
/home/fuel/fuel-main/local_mirror/centos/os/x86_64/Packages/boost-iostreams-1.41.0-18.el6.x86_64.rpm already exists and appears to be complete
/home/fuel/fuel-main/local_mirror/centos/os/x86_64/Packages/python-fysom-1.0.11-1.el6.noarch.rpm already exists and appears to be complete
/home/fuel/fuel-main/local_mirror/centos/os/x86_64/Packages/libXcursor-1.1.13-6.20130524git8f677eaea.el6.x86_64.rpm already exists and appears to be complete
/home/fuel/fuel-main/local_mirror/centos/os/x86_64/Packages/sg3_utils-1.28-5.el6.x86_64.rpm already exists and appears to be complete
/home/fuel/fuel-main/local_mirror/centos/os/x86_64/Packages/spice-server-0.12.4-6.el6_5.2.x86_64.rpm already exists and appears to be complete
/home/fuel/fuel-main/local_mirror/centos/os/x86_64/Packages/ipxe-roms-qemu-20140303-1.gitff1e7fc7.mira1.noarch.rpm already exists and appears to be complete
/home/fuel/fuel-main/local_mirror/centos/os/x86_64/Packages/module-init-tools-3.9-21.el6_4.x86_64.rpm already exists and appears to be complete
/home/fuel/fuel-main/local_mirror/centos/os/x86_64/Packages/pulseaudio-libs-0.9.21-14.el6_3.x86_64.rpm already exists and appears to be complete
/home/fuel/fuel-main/local_mirror/centos/os/x86_64/Packages/python-imaging-1.1.6-19.el6.x86_64.rpm already exists and appears to be complete
/home/fuel/fuel-main/local_mirror/centos/os/x86_64/Packages/cpp-4.4.7-4.el6.x86_64.rpm already exists and appears to be complete
/home/fuel/fuel-main/local_mirror/centos/os/x86_64/Packages/mpfr-2.4.1-6.el6.x86_64.rpm already exists and appears to be complete
/home/fuel/fuel-main/local_mirror/centos/os/x86_64/Packages/python-mako-0.9.1-5.el6.noarch.rpm already exists and appears to be complete
/home/fuel/fuel-main/local_mirror/centos/os/x86_64/Packages/abrt-2.0.8-21.el6.centos.x86_64.rpm already exists and appears to be complete
/home/fuel/fuel-main/local_mirror/centos/os/x86_64/Packages/python-jinja2-2.7-1.el6.noarch.rpm already exists and appears to be complete
/home/fuel/fuel-main/local_mirror/centos/os/x86_64/Packages/python-oslo-i18n-1.0.0-fuel6.0.mira19.noarch.rpm already exists and appears to be complete
/home/fuel/fuel-main/local_mirror/centos/os/x86_64/Packages/libsndfile-1.0.20-5.el6.x86_64.rpm already exists and appears to be complete
/home/fuel/fuel-main/local_mirror/centos/os/x86_64/Packages/fprintd-0.1-21.git04fd09cfa.el6.x86_64.rpm already exists and appears to be complete
/home/fuel/fuel-main/local_mirror/centos/os/x86_64/Packages/python-iniparse-0.3.1-2.1.el6.noarch.rpm already exists and appears to be complete
/home/fuel/fuel-main/local_mirror/centos/os/x86_64/Packages/checkpolicy-2.0.22-1.el6.x86_64.rpm already exists and appears to be complete
/home/fuel/fuel-main/local_mirror/centos/os/x86_64/Packages/gnutls-utils-2.8.5-14.el6_5.x86_64.rpm already exists and appears to be complete
/home/fuel/fuel-main/local_mirror/centos/os/x86_64/Packages/python-lesscpy-0.9j-3.el6.noarch.rpm already exists and appears to be complete
/home/fuel/fuel-main/local_mirror/centos/os/x86_64/Packages/murano-2014.2.rc1-fuel6.0.mira6.noarch.rpm already exists and appears to be complete
/home/fuel/fuel-main/local_mirror/centos/os/x86_64/Packages/libblkid-2.17.2-12.14.el6_5.x86_64.rpm already exists and appears to be complete
/home/fuel/fuel-main/local_mirror/centos/os/x86_64/Packages/samba-winbind-clients-3.6.9-168.el6_5.x86_64.rpm already exists and appears to be complete
/home/fuel/fuel-main/local_mirror/centos/os/x86_64/Packages/alsa-lib-1.0.22-3.el6.x86_64.rpm already exists and appears to be complete
/home/fuel/fuel-main/local_mirror/centos/os/x86_64/Packages/perl-ExtUtils-ParseXS-2.2003.0-136.el6.x86_64.rpm already exists and appears to be complete
/home/fuel/fuel-main/local_mirror/centos/os/x86_64/Packages/perl-TermReadKey-2.30-13.el6.x86_64.rpm already exists and appears to be complete
/home/fuel/fuel-main/local_mirror/centos/os/x86_64/Packages/giflib-4.1.6-3.1.el6.x86_64.rpm already exists and appears to be complete
/home/fuel/fuel-main/local_mirror/centos/os/x86_64/Packages/python-dns-1.11.1-2.mira1.noarch.rpm already exists and appears to be complete
/home/fuel/fuel-main/local_mirror/centos/os/x86_64/Packages/libreport-plugin-logger-2.0.9-19.el6.centos.x86_64.rpm already exists and appears to be complete
/home/fuel/fuel-main/local_mirror/centos/os/x86_64/Packages/redhat-logos-60.0.14-12.el6.centos.noarch.rpm already exists and appears to be complete
/home/fuel/fuel-main/local_mirror/centos/os/x86_64/Packages/libthai-0.1.12-3.el6.x86_64.rpm already exists and appears to be complete
/home/fuel/fuel-main/local_mirror/centos/os/x86_64/Packages/gawk-3.1.7-10.el6.x86_64.rpm already exists and appears to be complete
/home/fuel/fuel-main/local_mirror/centos/os/x86_64/Packages/libreport-plugin-rhtsupport-2.0.9-19.el6.centos.x86_64.rpm already exists and appears to be complete
/home/fuel/fuel-main/local_mirror/centos/os/x86_64/Packages/libdaemon-0.14-1.el6.x86_64.rpm already exists and appears to be complete
/home/fuel/fuel-main/local_mirror/centos/os/x86_64/Packages/device-mapper-event-libs-1.02.79-8.el6.x86_64.rpm already exists and appears to be complete
/home/fuel/fuel-main/local_mirror/centos/os/x86_64/Packages/libmnl-1.0.2-3.el6.x86_64.rpm already exists and appears to be complete
/home/fuel/fuel-main/local_mirror/centos/os/x86_64/Packages/sgpio-1.2.0.10-5.el6.x86_64.rpm already exists and appears to be complete
/home/fuel/fuel-main/local_mirror/centos/os/x86_64/Packages/lxc-libs-0.9.0-2.mira1.x86_64.rpm already exists and appears to be complete
/home/fuel/fuel-main/local_mirror/centos/os/x86_64/Packages/python-networkx-core-1.8.1-12.el6.noarch.rpm already exists and appears to be complete
/home/fuel/fuel-main/local_mirror/centos/os/x86_64/Packages/pam-1.1.1-17.el6.x86_64.rpm already exists and appears to be complete
/home/fuel/fuel-main/local_mirror/centos/os/x86_64/Packages/libattr-2.4.44-7.el6.x86_64.rpm already exists and appears to be complete
/home/fuel/fuel-main/local_mirror/centos/os/x86_64/Packages/python-XStatic-Rickshaw-1.5.0.0-2.mira1.noarch.rpm already exists and appears to be complete
/home/fuel/fuel-main/local_mirror/centos/os/x86_64/Packages/squashfs-tools-4.0-5.el6.x86_64.rpm already exists and appears to be complete
/home/fuel/fuel-main/local_mirror/centos/os/x86_64/Packages/numactl-2.0.7-8.el6.x86_64.rpm already exists and appears to be complete
/home/fuel/fuel-main/local_mirror/centos/os/x86_64/Packages/libstdc++-4.4.7-4.el6.x86_64.rpm already exists and appears to be complete
/home/fuel/fuel-main/local_mirror/centos/os/x86_64/Packages/python-yaql-0.2.3-1.el6.mira1.noarch.rpm already exists and appears to be complete
/home/fuel/fuel-main/local_mirror/centos/os/x86_64/Packages/python-cherrypy-3.2.2-3.el6.noarch.rpm already exists and appears to be complete
/home/fuel/fuel-main/local_mirror/centos/os/x86_64/Packages/keyutils-libs-devel-1.4-4.el6.x86_64.rpm already exists and appears to be complete
/home/fuel/fuel-main/local_mirror/centos/os/x86_64/Packages/less-436-10.el6.x86_64.rpm already exists and appears to be complete
/home/fuel/fuel-main/local_mirror/centos/os/x86_64/Packages/python-posix_ipc-0.9.8-3.mira2.x86_64.rpm already exists and appears to be complete
/home/fuel/fuel-main/local_mirror/centos/os/x86_64/Packages/libXinerama-1.1.2-2.el6.x86_64.rpm already exists and appears to be complete
/home/fuel/fuel-main/local_mirror/centos/os/x86_64/Packages/rpm-libs-4.8.0-37.el6.x86_64.rpm already exists and appears to be complete
/home/fuel/fuel-main/local_mirror/centos/os/x86_64/Packages/gpm-libs-1.20.6-12.el6.x86_64.rpm already exists and appears to be complete
/home/fuel/fuel-main/local_mirror/centos/os/x86_64/Packages/unixODBC-2.2.14-12.el6_3.x86_64.rpm already exists and appears to be complete
/home/fuel/fuel-main/local_mirror/centos/os/x86_64/Packages/libvirt-daemon-driver-storage-1.2.5-1.mira1.x86_64.rpm already exists and appears to be complete
/home/fuel/fuel-main/local_mirror/centos/os/x86_64/Packages/cifs-utils-4.8.1-19.el6.x86_64.rpm already exists and appears to be complete
/home/fuel/fuel-main/local_mirror/centos/os/x86_64/Packages/gnutls-2.8.5-14.el6_5.x86_64.rpm already exists and appears to be complete
/home/fuel/fuel-main/local_mirror/centos/os/x86_64/Packages/python-XStatic-Font-Awesome-4.1.0.0-1.mira1.noarch.rpm already exists and appears to be complete
/home/fuel/fuel-main/local_mirror/centos/os/x86_64/Packages/binutils-2.20.51.0.2-5.36.el6.x86_64.rpm already exists and appears to be complete
/home/fuel/fuel-main/local_mirror/centos/os/x86_64/Packages/suitesparse-3.4.0-8.el6.x86_64.rpm already exists and appears to be complete
/home/fuel/fuel-main/local_mirror/centos/os/x86_64/Packages/python-backports-ssl_match_hostname-3.4.0.1-1.el6.noarch.rpm already exists and appears to be complete
/home/fuel/fuel-main/local_mirror/centos/os/x86_64/Packages/web-assets-filesystem-5-2.mira1.noarch.rpm already exists and appears to be complete
/home/fuel/fuel-main/local_mirror/centos/os/x86_64/Packages/setools-libs-python-3.3.7-4.el6.x86_64.rpm already exists and appears to be complete
/home/fuel/fuel-main/local_mirror/centos/os/x86_64/Packages/libvirt-daemon-driver-interface-1.2.5-1.mira1.x86_64.rpm already exists and appears to be complete
/home/fuel/fuel-main/local_mirror/centos/os/x86_64/Packages/modcluster-0.16.2-28.el6.x86_64.rpm already exists and appears to be complete
/home/fuel/fuel-main/local_mirror/centos/os/x86_64/Packages/libXft-2.3.1-2.el6.x86_64.rpm already exists and appears to be complete
/home/fuel/fuel-main/local_mirror/centos/os/x86_64/Packages/python-django-1.5-4.el6.noarch.rpm already exists and appears to be complete
/home/fuel/fuel-main/local_mirror/centos/os/x86_64/Packages/libsepol-devel-2.0.41-4.el6.x86_64.rpm already exists and appears to be complete
/home/fuel/fuel-main/local_mirror/centos/os/x86_64/Packages/python-beautifulsoup4-4.2.1-1.el6.noarch.rpm already exists and appears to be complete
/home/fuel/fuel-main/local_mirror/centos/os/x86_64/Packages/ruby21-rubygem-netaddr-1.5.0-2.el6.noarch.rpm already exists and appears to be complete
/home/fuel/fuel-main/local_mirror/centos/os/x86_64/Packages/pykickstart-1.74.14-1.el6.noarch.rpm already exists and appears to be complete
/home/fuel/fuel-main/local_mirror/centos/os/x86_64/Packages/seavgabios-bin-1.7.4-5.mira2.noarch.rpm already exists and appears to be complete
/home/fuel/fuel-main/local_mirror/centos/os/x86_64/Packages/python-reportlab-2.3-3.el6.x86_64.rpm already exists and appears to be complete
/home/fuel/fuel-main/local_mirror/centos/os/x86_64/Packages/openstack-neutron-metaplugin-2014.2.b3-fuel6.0.mira1.noarch.rpm already exists and appears to be complete
/home/fuel/fuel-main/local_mirror/centos/os/x86_64/Packages/openssh-5.3p1-94.el6.x86_64.rpm already exists and appears to be complete
/home/fuel/fuel-main/local_mirror/centos/os/x86_64/Packages/ruby21-rubygem-amq-client-1.0.4-1.mira1.noarch.rpm already exists and appears to be complete
/home/fuel/fuel-main/local_mirror/centos/os/x86_64/Packages/glibc-common-2.12-1.132.el6_5.2.x86_64.rpm already exists and appears to be complete
/home/fuel/fuel-main/local_mirror/centos/os/x86_64/Packages/flac-1.2.1-6.1.el6.x86_64.rpm already exists and appears to be complete
/home/fuel/fuel-main/local_mirror/centos/os/x86_64/Packages/upstart-0.6.5-13.el6_5.3.x86_64.rpm already exists and appears to be complete
/home/fuel/fuel-main/local_mirror/centos/os/x86_64/Packages/python-osprofiler-0.3.0-1.mira1.noarch.rpm already exists and appears to be complete
/home/fuel/fuel-main/local_mirror/centos/os/x86_64/Packages/libvirt-daemon-driver-nwfilter-1.2.5-1.mira1.x86_64.rpm already exists and appears to be complete
/home/fuel/fuel-main/local_mirror/centos/os/x86_64/Packages/dejavu-fonts-common-2.30-2.el6.noarch.rpm already exists and appears to be complete
/home/fuel/fuel-main/local_mirror/centos/os/x86_64/Packages/python-XStatic-Angular-Cookies-1.2.1.1-1.mira1.noarch.rpm already exists and appears to be complete
/home/fuel/fuel-main/local_mirror/centos/os/x86_64/Packages/libreport-plugin-reportuploader-2.0.9-19.el6.centos.x86_64.rpm already exists and appears to be complete
/home/fuel/fuel-main/local_mirror/centos/os/x86_64/Packages/ebtables-2.0.9-6.el6.x86_64.rpm already exists and appears to be complete
/home/fuel/fuel-main/local_mirror/centos/os/x86_64/Packages/ppl-0.10.2-11.el6.x86_64.rpm already exists and appears to be complete
/home/fuel/fuel-main/local_mirror/centos/os/x86_64/Packages/plymouth-core-libs-0.8.3-27.el6.centos.x86_64.rpm already exists and appears to be complete
/home/fuel/fuel-main/local_mirror/centos/os/x86_64/Packages/libiscsi-1.7.0-5.mira1.x86_64.rpm already exists and appears to be complete
/home/fuel/fuel-main/local_mirror/centos/os/x86_64/Packages/python-XStatic-Hogan-2.0.0.2-1.mira1.noarch.rpm already exists and appears to be complete
/home/fuel/fuel-main/local_mirror/centos/os/x86_64/Packages/cracklib-2.8.16-4.el6.x86_64.rpm already exists and appears to be complete
/home/fuel/fuel-main/local_mirror/centos/os/x86_64/Packages/sg3_utils-libs-1.28-5.el6.x86_64.rpm already exists and appears to be complete
/home/fuel/fuel-main/local_mirror/centos/os/x86_64/Packages/brltty-4.1-7.el6.x86_64.rpm already exists and appears to be complete
/home/fuel/fuel-main/local_mirror/centos/os/x86_64/Packages/libdrm-2.4.45-2.el6.x86_64.rpm already exists and appears to be complete
/home/fuel/fuel-main/local_mirror/centos/os/x86_64/Packages/python-pyscss-1.2.1-5.mira1.x86_64.rpm already exists and appears to be complete
/home/fuel/fuel-main/local_mirror/centos/os/x86_64/Packages/eggdbus-0.6-3.el6.x86_64.rpm already exists and appears to be complete
/home/fuel/fuel-main/local_mirror/centos/os/x86_64/Packages/p11-kit-trust-0.18.5-2.el6_5.2.x86_64.rpm already exists and appears to be complete
/home/fuel/fuel-main/local_mirror/centos/os/x86_64/Packages/python-pycurl-7.19.0-8.el6.x86_64.rpm already exists and appears to be complete
/home/fuel/fuel-main/local_mirror/centos/os/x86_64/Packages/pyOpenSSL-0.13.1-1.el6.x86_64.rpm already exists and appears to be complete
/home/fuel/fuel-main/local_mirror/centos/os/x86_64/Packages/fping-2.4b2-16.mira1.x86_64.rpm already exists and appears to be complete
/home/fuel/fuel-main/local_mirror/centos/os/x86_64/Packages/nspr-4.10.2-1.el6_5.x86_64.rpm already exists and appears to be complete
/home/fuel/fuel-main/local_mirror/centos/os/x86_64/Packages/createrepo-0.9.9-18.el6.noarch.rpm already exists and appears to be complete
/home/fuel/fuel-main/local_mirror/centos/os/x86_64/Packages/libusbx-1.0.18-1.mira1.x86_64.rpm already exists and appears to be complete
/home/fuel/fuel-main/local_mirror/centos/os/x86_64/Packages/numad-0.5-9.20130814git.el6.x86_64.rpm already exists and appears to be complete
/home/fuel/fuel-main/local_mirror/centos/os/x86_64/Packages/clusterlib-3.0.12.1-59.el6_5.2.x86_64.rpm already exists and appears to be complete
/home/fuel/fuel-main/local_mirror/centos/os/x86_64/Packages/pexpect-2.3-6.el6.noarch.rpm already exists and appears to be complete
/home/fuel/fuel-main/local_mirror/centos/os/x86_64/Packages/fence-virt-0.2.3-15.el6.x86_64.rpm already exists and appears to be complete
/home/fuel/fuel-main/local_mirror/centos/os/x86_64/Packages/krb5-libs-1.10.3-15.el6_5.1.x86_64.rpm already exists and appears to be complete
/home/fuel/fuel-main/local_mirror/centos/os/x86_64/Packages/device-mapper-libs-1.02.79-8.el6.x86_64.rpm already exists and appears to be complete
/home/fuel/fuel-main/local_mirror/centos/os/x86_64/Packages/dbus-libs-1.2.24-7.el6_3.x86_64.rpm already exists and appears to be complete
/home/fuel/fuel-main/local_mirror/centos/os/x86_64/Packages/php-mbstring-5.3.3-27.el6_5.x86_64.rpm already exists and appears to be complete
/home/fuel/fuel-main/local_mirror/centos/os/x86_64/Packages/python-pecan-0.5.0-3.mira1.noarch.rpm already exists and appears to be complete
/home/fuel/fuel-main/local_mirror/centos/os/x86_64/Packages/libacl-2.2.49-6.el6.x86_64.rpm already exists and appears to be complete
/home/fuel/fuel-main/local_mirror/centos/os/x86_64/Packages/libidn-1.18-2.el6.x86_64.rpm already exists and appears to be complete
/home/fuel/fuel-main/local_mirror/centos/os/x86_64/Packages/popt-1.13-7.el6.x86_64.rpm already exists and appears to be complete
/home/fuel/fuel-main/local_mirror/centos/os/x86_64/Packages/ustr-1.0.4-9.1.el6.x86_64.rpm already exists and appears to be complete
/home/fuel/fuel-main/local_mirror/centos/os/x86_64/Packages/python-XStatic-Jasmine-1.3.1.1-1.mira1.noarch.rpm already exists and appears to be complete
/home/fuel/fuel-main/local_mirror/centos/os/x86_64/Packages/cups-libs-1.4.2-50.el6_4.5.x86_64.rpm already exists and appears to be complete
/home/fuel/fuel-main/local_mirror/centos/os/x86_64/Packages/libXxf86vm-1.1.2-2.el6.x86_64.rpm already exists and appears to be complete
/home/fuel/fuel-main/local_mirror/centos/os/x86_64/Packages/samba-winbind-3.6.9-168.el6_5.x86_64.rpm already exists and appears to be complete
/home/fuel/fuel-main/local_mirror/centos/os/x86_64/Packages/python-XStatic-QUnit-1.14.0.2-2.mira1.noarch.rpm already exists and appears to be complete
/home/fuel/fuel-main/local_mirror/centos/os/x86_64/Packages/python-MarkupSafe-0.18-24.2.x86_64.rpm already exists and appears to be complete
/home/fuel/fuel-main/local_mirror/centos/os/x86_64/Packages/libcap-ng-0.6.4-3.el6_0.1.x86_64.rpm already exists and appears to be complete
/home/fuel/fuel-main/local_mirror/centos/os/x86_64/Packages/expat-2.0.1-11.el6_2.x86_64.rpm already exists and appears to be complete
/home/fuel/fuel-main/local_mirror/centos/os/x86_64/Packages/python-dogpile-core-0.4.1-1.el6.noarch.rpm already exists and appears to be complete
/home/fuel/fuel-main/local_mirror/centos/os/x86_64/Packages/python-lxml-3.2.3-1.el6.x86_64.rpm already exists and appears to be complete
/home/fuel/fuel-main/local_mirror/centos/os/x86_64/Packages/jasper-libs-1.900.1-15.el6_1.1.x86_64.rpm already exists and appears to be complete
/home/fuel/fuel-main/local_mirror/centos/os/x86_64/Packages/atlas-3.8.4-2.el6.x86_64.rpm already exists and appears to be complete
/home/fuel/fuel-main/local_mirror/centos/os/x86_64/Packages/libfprint-0.1.0-19.pre2.el6.x86_64.rpm already exists and appears to be complete
/home/fuel/fuel-main/local_mirror/centos/os/x86_64/Packages/scipy-0.7.2-8.el6.x86_64.rpm already exists and appears to be complete
/home/fuel/fuel-main/local_mirror/centos/os/x86_64/Packages/hal-libs-0.5.14-11.el6.x86_64.rpm already exists and appears to be complete
/home/fuel/fuel-main/local_mirror/centos/os/x86_64/Packages/readline-6.0-4.el6.x86_64.rpm already exists and appears to be complete
/home/fuel/fuel-main/local_mirror/centos/os/x86_64/Packages/net-snmp-5.5-49.el6_5.1.x86_64.rpm already exists and appears to be complete
/home/fuel/fuel-main/local_mirror/centos/os/x86_64/Packages/libproxy-bin-0.3.0-4.el6_3.x86_64.rpm already exists and appears to be complete
/home/fuel/fuel-main/local_mirror/centos/os/x86_64/Packages/python-jsonpointer-1.0-2.el6.noarch.rpm already exists and appears to be complete
/home/fuel/fuel-main/local_mirror/centos/os/x86_64/Packages/m4-1.4.13-5.el6.x86_64.rpm already exists and appears to be complete
/home/fuel/fuel-main/local_mirror/centos/os/x86_64/Packages/libgomp-4.4.7-4.el6.x86_64.rpm already exists and appears to be complete
/home/fuel/fuel-main/local_mirror/centos/os/x86_64/Packages/tcp_wrappers-libs-7.6-57.el6.x86_64.rpm already exists and appears to be complete
/home/fuel/fuel-main/local_mirror/centos/os/x86_64/Packages/openldap-2.4.23-34.el6_5.1.x86_64.rpm already exists and appears to be complete
/home/fuel/fuel-main/local_mirror/centos/os/x86_64/Packages/libreport-compat-2.0.9-19.el6.centos.x86_64.rpm already exists and appears to be complete
/home/fuel/fuel-main/local_mirror/centos/os/x86_64/Packages/ghostscript-fonts-5.50-23.1.el6.noarch.rpm already exists and appears to be complete
/home/fuel/fuel-main/local_mirror/centos/os/x86_64/Packages/libvirt-python-1.2.5-2.mira1.x86_64.rpm already exists and appears to be complete
/home/fuel/fuel-main/local_mirror/centos/os/x86_64/Packages/libxcb-1.8.1-1.el6.x86_64.rpm already exists and appears to be complete
/home/fuel/fuel-main/local_mirror/centos/os/x86_64/Packages/perl-version-0.77-136.el6.x86_64.rpm already exists and appears to be complete
/home/fuel/fuel-main/local_mirror/centos/os/x86_64/Packages/libtasn1-2.3-6.el6_5.x86_64.rpm already exists and appears to be complete
/home/fuel/fuel-main/local_mirror/centos/os/x86_64/Packages/perl-TimeDate-1.16-11.1.el6.noarch.rpm already exists and appears to be complete
/home/fuel/fuel-main/local_mirror/centos/os/x86_64/Packages/python-XStatic-Bootstrap-SCSS-3.2.0.0-1.mira1.noarch.rpm already exists and appears to be complete
/home/fuel/fuel-main/local_mirror/centos/os/x86_64/Packages/python-suds-0.4.1-3.mira1.noarch.rpm already exists and appears to be complete
/home/fuel/fuel-main/local_mirror/centos/os/x86_64/Packages/libXcomposite-0.4.3-4.el6.x86_64.rpm already exists and appears to be complete
/home/fuel/fuel-main/local_mirror/centos/os/x86_64/Packages/lm_sensors-libs-3.1.1-17.el6.x86_64.rpm already exists and appears to be complete
/home/fuel/fuel-main/local_mirror/centos/os/x86_64/Packages/libguestfs-1.20.11-2.mira3.x86_64.rpm already exists and appears to be complete
/home/fuel/fuel-main/local_mirror/centos/os/x86_64/Packages/elfutils-libelf-0.152-1.el6.x86_64.rpm already exists and appears to be complete
/home/fuel/fuel-main/local_mirror/centos/os/x86_64/Packages/sqlite-3.6.20-1.el6.x86_64.rpm already exists and appears to be complete
/home/fuel/fuel-main/local_mirror/centos/os/x86_64/Packages/avahi-libs-0.6.25-12.el6.x86_64.rpm already exists and appears to be complete
/home/fuel/fuel-main/local_mirror/centos/os/x86_64/Packages/tzdata-java-2014e-1.el6.noarch.rpm already exists and appears to be complete
/home/fuel/fuel-main/local_mirror/centos/os/x86_64/Packages/iw-3.10-1.1.el6.x86_64.rpm already exists and appears to be complete
/home/fuel/fuel-main/local_mirror/centos/os/x86_64/Packages/perl-Module-Pluggable-3.90-136.el6.x86_64.rpm already exists and appears to be complete
/home/fuel/fuel-main/local_mirror/centos/os/x86_64/Packages/libvorbis-1.2.3-4.el6_2.1.x86_64.rpm already exists and appears to be complete
/home/fuel/fuel-main/local_mirror/centos/os/x86_64/Packages/python-XStatic-Bootstrap-Datepicker-1.3.1.0-1.mira1.noarch.rpm already exists and appears to be complete
/home/fuel/fuel-main/local_mirror/centos/os/x86_64/Packages/python-oslo-utils-1.0.0-fuel6.0.mira20.noarch.rpm already exists and appears to be complete
/home/fuel/fuel-main/local_mirror/centos/os/x86_64/Packages/pciutils-libs-3.1.10-2.el6.x86_64.rpm already exists and appears to be complete
/home/fuel/fuel-main/local_mirror/centos/os/x86_64/Packages/qpid-cpp-client-ssl-0.14-22.el6_3.x86_64.rpm already exists and appears to be complete
/home/fuel/fuel-main/local_mirror/centos/os/x86_64/Packages/mesa-private-llvm-3.3-0.3.rc3.el6.x86_64.rpm already exists and appears to be complete
/home/fuel/fuel-main/local_mirror/centos/os/x86_64/Packages/python-thrift-0.9.0-1.el6.x86_64.rpm already exists and appears to be complete
/home/fuel/fuel-main/local_mirror/centos/os/x86_64/Packages/libstdc++-devel-4.4.7-4.el6.x86_64.rpm already exists and appears to be complete
/home/fuel/fuel-main/local_mirror/centos/os/x86_64/Packages/python-ply-3.4-4.el6.noarch.rpm already exists and appears to be complete
/home/fuel/fuel-main/local_mirror/centos/os/x86_64/Packages/dejavu-sans-fonts-2.30-2.el6.noarch.rpm already exists and appears to be complete
/home/fuel/fuel-main/local_mirror/centos/os/x86_64/Packages/e2fsprogs-libs-1.41.12-18.el6.x86_64.rpm already exists and appears to be complete
/home/fuel/fuel-main/local_mirror/centos/os/x86_64/Packages/setools-libs-3.3.7-4.el6.x86_64.rpm already exists and appears to be complete
/home/fuel/fuel-main/local_mirror/centos/os/x86_64/Packages/libgssglue-0.1-11.el6.x86_64.rpm already exists and appears to be complete
/home/fuel/fuel-main/local_mirror/centos/os/x86_64/Packages/libXtst-1.2.1-2.el6.x86_64.rpm already exists and appears to be complete
/home/fuel/fuel-main/local_mirror/centos/os/x86_64/Packages/libpciaccess-0.13.1-2.el6.x86_64.rpm already exists and appears to be complete
/home/fuel/fuel-main/local_mirror/centos/os/x86_64/Packages/python-jsonrpclib-0.1.3-1.el6.noarch.rpm already exists and appears to be complete
/home/fuel/fuel-main/local_mirror/centos/os/x86_64/Packages/python-oslo-db-1.0.1-fuel6.0.mira18.noarch.rpm already exists and appears to be complete
/home/fuel/fuel-main/local_mirror/centos/os/x86_64/Packages/libXdamage-1.1.3-4.el6.x86_64.rpm already exists and appears to be complete
/home/fuel/fuel-main/local_mirror/centos/os/x86_64/Packages/python-flask-0.10.1-8.mira5.noarch.rpm already exists and appears to be complete
/home/fuel/fuel-main/local_mirror/centos/os/x86_64/Packages/ipmitool-1.8.11-16.el6.x86_64.rpm already exists and appears to be complete
/home/fuel/fuel-main/local_mirror/centos/os/x86_64/Packages/libjpeg-turbo-1.2.1-3.el6_5.x86_64.rpm already exists and appears to be complete
/home/fuel/fuel-main/local_mirror/centos/os/x86_64/Packages/nss-sysinit-3.15.3-6.el6_5.x86_64.rpm already exists and appears to be complete
/home/fuel/fuel-main/local_mirror/centos/os/x86_64/Packages/cyrus-sasl-md5-2.1.23-13.el6_3.1.x86_64.rpm already exists and appears to be complete
/home/fuel/fuel-main/local_mirror/centos/os/x86_64/Packages/libsepol-2.0.41-4.el6.x86_64.rpm already exists and appears to be complete
/home/fuel/fuel-main/local_mirror/centos/os/x86_64/Packages/perl-DBI-1.609-4.el6.x86_64.rpm already exists and appears to be complete
/home/fuel/fuel-main/local_mirror/centos/os/x86_64/Packages/hwdata-0.233-9.1.el6.noarch.rpm already exists and appears to be complete
/home/fuel/fuel-main/local_mirror/centos/os/x86_64/Packages/saslwrapper-0.14-1.el6.x86_64.rpm already exists and appears to be complete
/home/fuel/fuel-main/local_mirror/centos/os/x86_64/Packages/sysvinit-tools-2.87-5.dsf.el6.x86_64.rpm already exists and appears to be complete
/home/fuel/fuel-main/local_mirror/centos/os/x86_64/Packages/libreport-cli-2.0.9-19.el6.centos.x86_64.rpm already exists and appears to be complete
# Yumdownloader/repotrack workaround number one:
# i686 packages are downloaded by mistake. Remove them
rm -rf /home/fuel/fuel-main/local_mirror/centos/os/x86_64/Packages/*.i686.rpm
# Yumdownloader workaround number two:
# yumdownloader should fail if some packages are missed
test `grep "No Match" /home/fuel/fuel-main/build/mirror/centos/yumdownloader.log | wc -l` = 0
